 BIBDrv

 Timestamp is 5125cd52 (Thu Feb 21 15:31:30 2013)

 Preferred load address is 10000000

 Start         Length     Name                   Class
 0001:00000000 000014dcH .rdata                  CODE
 0001:000014dc 00000023H .rdata$debug            CODE
 0001:00001500 0000131cH .text                   CODE
 0001:0000281c 00000008H .xdata                  CODE
 0001:00002824 00000014H .idata$2                CODE
 0001:00002838 00000014H .idata$3                CODE
 0001:0000284c 00000068H .idata$4                CODE
 0001:000028b4 0000000cH .idata$6                CODE
 0001:000028c0 00000102H .edata                  CODE
 0002:00000000 00000068H .idata$5                DATA
 0002:00000068 00000008H .data                   DATA
 0002:00000080 00000034H .bss                    DATA
 0003:00000000 000000d8H .pdata                  DATA

  Address         Publics by Value              Rva+Base       Lib:Object

 0000:00000000       ___safe_se_handler_table   00000000     <absolute>
 0000:00000000       ___safe_se_handler_count   00000000     <absolute>
 0001:000000e0       ??_C@_1IO@OFDLGKON@?$AAB?$AAI?$AAB?$AAD?$AAR?$AAV?$AA_?$AAP?$AAS?$AA?3?$AAO?$AAp?$AAe?$AAn?$AAD?$AAr?$AAi?$AAv?$AAe?$AAr?$AAK?$AAe?$AAy?$AA?5?$AAR?$AAe?$AAg?$AAO?$AAp?$AAe?$AAn?$AAK@ 100010e0     BIBDrvIF:SYSTEM.obj
 0001:00000170       ??_C@_1HI@LIDHGKML@?$AAB?$AAI?$AAB?$AAD?$AAR?$AAV?$AA_?$AAP?$AAS?$AA?3?$AAO?$AAp?$AAe?$AAn?$AAD?$AAr?$AAi?$AAv?$AAe?$AAr?$AAK?$AAe?$AAy?$AA?5?$AA?9?$AA?5?$AAR?$AAe?$AAg?$AAQ?$AAu?$AAe@ 10001170     BIBDrvIF:SYSTEM.obj
 0001:000001e8       ??_C@_17KACEIPNC@?$AAK?$AAe?$AAy?$AA?$AA@ 100011e8     BIBDrvIF:SYSTEM.obj
 0001:000001f0       ??_C@_1HM@KBJIIJIE@?$AAB?$AAI?$AAB?$AAD?$AAR?$AAV?$AA_?$AAP?$AAS?$AA?3?$AAO?$AAp?$AAe?$AAn?$AAD?$AAr?$AAi?$AAv?$AAe?$AAr?$AAK?$AAe?$AAy?$AA?5?$AAR?$AAe?$AAg?$AAO?$AAp?$AAe?$AAn?$AAK@ 100011f0     BIBDrvIF:SYSTEM.obj
 0001:00000270       ??_C@_1HC@KIGAAKAB@?$AAB?$AAI?$AAB?$AAD?$AAR?$AAV?$AA_?$AAP?$AAS?$AA?3?$AAG?$AAe?$AAt?$AAF?$AAo?$AAl?$AAd?$AAe?$AAr?$AAN?$AAa?$AAm?$AAe?$AA?5?$AA?9?$AA?5?$AAF?$AAo?$AAl?$AAd?$AAe?$AAr@ 10001270     BIBDrvIF:SYSTEM.obj
 0001:000002e8       ??_C@_1IA@HCOKAAOL@?$AAB?$AAI?$AAB?$AAD?$AAR?$AAV?$AA_?$AAP?$AAS?$AA?3?$AAG?$AAe?$AAt?$AAF?$AAo?$AAl?$AAd?$AAe?$AAr?$AAN?$AAa?$AAm?$AAe?$AA?5?$AA?9?$AA?5?$AAR?$AAe?$AAg?$AAQ?$AAu?$AAe@ 100012e8     BIBDrvIF:SYSTEM.obj
 0001:00000368       ??_C@_1O@MLIMHFEH@?$AAF?$AAo?$AAl?$AAd?$AAe?$AAr?$AA?$AA@ 10001368     BIBDrvIF:SYSTEM.obj
 0001:00000378       ??_C@_1IC@BKGANFHH@?$AAB?$AAI?$AAB?$AAD?$AAR?$AAV?$AA_?$AAP?$AAS?$AA?3?$AAG?$AAe?$AAt?$AAF?$AAo?$AAl?$AAd?$AAe?$AAr?$AAN?$AAa?$AAm?$AAe?$AA?5?$AA?9?$AA?5?$AAR?$AAe?$AAg?$AAQ?$AAu?$AAe@ 10001378     BIBDrvIF:SYSTEM.obj
 0001:000003fc       ??_C@_1BA@GHOECOCL@?$AAD?$AAe?$AAf?$AAa?$AAu?$AAl?$AAt?$AA?$AA@ 100013fc     BIBDrvIF:SYSTEM.obj
 0001:00000410       ??_C@_1GO@BDBKFNLG@?$AAB?$AAI?$AAB?$AAD?$AAR?$AAV?$AA_?$AAP?$AAS?$AA?3?$AAG?$AAe?$AAt?$AAP?$AAr?$AAo?$AAf?$AAi?$AAl?$AAe?$AAN?$AAa?$AAm?$AAe?$AA?5?$AA?9?$AA?5?$AAP?$AAr?$AAo?$AAf?$AAi@ 10001410     BIBDrvIF:SYSTEM.obj
 0001:00000480       ??_C@_1BA@OKEJPPOI@?$AAP?$AAr?$AAo?$AAf?$AAi?$AAl?$AAe?$AA?$AA@ 10001480     BIBDrvIF:SYSTEM.obj
 0001:00000490       ??_C@_1IG@JGCGJMPI@?$AA?$FL?$AAB?$AAI?$AAB?$AAD?$AAR?$AAV?$AA?3?$AAE?$AAR?$AAR?$AA?$FN?$AA?5?$AAR?$AAe?$AAq?$AAu?$AAe?$AAs?$AAt?$AAR?$AAe?$AAa?$AAd?$AAS?$AAe?$AAc?$AAT?$AAo?$AAH?$AAA?$AAL@ 10001490     BIBDrvIF:SYSTEM.obj
 0001:00000518       ??_C@_1IA@NKCCDALH@?$AA?$FL?$AAB?$AAI?$AAB?$AAD?$AAR?$AAV?$AA?3?$AAE?$AAR?$AAR?$AA?$FN?$AA?$FL?$AAD?$AAo?$AAD?$AAi?$AAs?$AAk?$AAR?$AAe?$AAa?$AAd?$AA?$FN?$AA?5?$AA?$CF?$AA5?$AAd?$AA?5?$AAb?$AAy?$AAt@ 10001518     BIBDrvIF:SYSTEM.obj
 0001:00000598       ??_C@_1HO@GMJKLJDF@?$AA?$FL?$AAB?$AAI?$AAB?$AAD?$AAR?$AAV?$AA?3?$AAE?$AAR?$AAR?$AA?$FN?$AA?5?$AA?5?$AAR?$AAe?$AAq?$AAu?$AAe?$AAs?$AAt?$AA?5?$AAS?$AAe?$AAc?$AAt?$AAo?$AAr?$AA?5?$AAO?$AAO?$AAB@ 10001598     BIBDrvIF:SYSTEM.obj
 0001:00000618       ??_C@_1GC@LJDPFJFG@?$AA?$FL?$AAB?$AAI?$AAB?$AAD?$AAR?$AAV?$AA?3?$AAE?$AAR?$AAR?$AA?$FN?$AA?5?$AA?5?$AA?9?$AA?5?$AAD?$AAi?$AAs?$AAk?$AA?5?$AAT?$AAo?$AAt?$AAo?$AAl?$AA?5?$AAS?$AAe?$AAc?$AAt?$AAo@ 10001618     BIBDrvIF:SYSTEM.obj
 0001:00000680       ??_C@_1GC@NIFOEGLK@?$AA?$FL?$AAB?$AAI?$AAB?$AAD?$AAR?$AAV?$AA?3?$AAE?$AAR?$AAR?$AA?$FN?$AA?5?$AA?5?$AA?9?$AA?5?$AAR?$AAe?$AAq?$AAu?$AAe?$AAs?$AAt?$AAe?$AAd?$AA?5?$AAp?$AAS?$AAg?$AAr?$AA?9?$AA?$DO@ 10001680     BIBDrvIF:SYSTEM.obj
 0001:000006e8       ??_C@_1GC@FHAKMEIC@?$AA?$FL?$AAB?$AAI?$AAB?$AAD?$AAR?$AAV?$AA?3?$AAE?$AAR?$AAR?$AA?$FN?$AA?5?$AA?5?$AA?9?$AA?5?$AAR?$AAe?$AAq?$AAu?$AAe?$AAs?$AAt?$AAe?$AAd?$AA?5?$AAp?$AAS?$AAg?$AAr?$AA?9?$AA?$DO@ 100016e8     BIBDrvIF:SYSTEM.obj
 0001:00000750       ??_C@_1GC@LMINMNHH@?$AA?$FL?$AAB?$AAI?$AAB?$AAD?$AAR?$AAV?$AA?3?$AAE?$AAR?$AAR?$AA?$FN?$AA?5?$AA?5?$AA?9?$AA?5?$AAR?$AAe?$AAq?$AAu?$AAe?$AAs?$AAt?$AAe?$AAd?$AA?5?$AAl?$AAa?$AAs?$AAt?$AA?5?$AAs@ 10001750     BIBDrvIF:SYSTEM.obj
 0001:000007b8       ??_C@_1JE@FOJEKFJD@?$AA?$FL?$AAB?$AAI?$AAB?$AAD?$AAR?$AAV?$AA?3?$AAE?$AAR?$AAR?$AA?$FN?$AA?5?$AA?5?$AAS?$AAc?$AAa?$AAt?$AAt?$AAe?$AAr?$AA?1?$AAG?$AAa?$AAt?$AAh?$AAe?$AAr?$AA?5?$AAb?$AAu?$AAf@ 100017b8     BIBDrvIF:SYSTEM.obj
 0001:00000850       ??_C@_1FE@CIELIPMP@?$AA?$FL?$AAB?$AAI?$AAB?$AAD?$AAR?$AAV?$AA?3?$AAE?$AAR?$AAR?$AA?$FN?$AA?5?$AA?5?$AAp?$AAD?$AAi?$AAs?$AAk?$AA?5?$AAB?$AAM?$AAL?$AA?5?$AAO?$AAp?$AAe?$AAn?$AA?5?$AAC?$AAh?$AAe@ 10001850     BIBDrvIF:SYSTEM.obj
 0001:000008a8       ??_C@_1GO@ONIAGKDF@?$AA?$FL?$AAB?$AAI?$AAB?$AAD?$AAR?$AAV?$AA?3?$AAI?$AAN?$AAF?$AA?$FN?$AA?5?$AA?5?$AAs?$AAt?$AAN?$AAa?$AAn?$AAd?$AAI?$AAn?$AAf?$AAo?$AA?4?$AAd?$AAw?$AAP?$AAa?$AAg?$AAe?$AAs@ 100018a8     BIBDrvIF:SYSTEM.obj
 0001:00000918       ??_C@_1GO@HKJPJAAF@?$AA?$FL?$AAB?$AAI?$AAB?$AAD?$AAR?$AAV?$AA?3?$AAI?$AAN?$AAF?$AA?$FN?$AA?5?$AA?5?$AAs?$AAt?$AAN?$AAa?$AAn?$AAd?$AAI?$AAn?$AAf?$AAo?$AA?4?$AAd?$AAw?$AAS?$AAe?$AAc?$AAt?$AAo@ 10001918     BIBDrvIF:SYSTEM.obj
 0001:00000988       ??_C@_1GO@HGHFJOGD@?$AA?$FL?$AAB?$AAI?$AAB?$AAD?$AAR?$AAV?$AA?3?$AAI?$AAN?$AAF?$AA?$FN?$AA?5?$AA?5?$AAs?$AAt?$AAN?$AAa?$AAn?$AAd?$AAI?$AAn?$AAf?$AAo?$AA?4?$AAd?$AAw?$AAS?$AAp?$AAe?$AAc?$AAi@ 10001988     BIBDrvIF:SYSTEM.obj
 0001:000009f8       ??_C@_1GO@FPBJFEED@?$AA?$FL?$AAB?$AAI?$AAB?$AAD?$AAR?$AAV?$AA?3?$AAI?$AAN?$AAF?$AA?$FN?$AA?5?$AA?5?$AAs?$AAt?$AAN?$AAa?$AAn?$AAd?$AAI?$AAn?$AAf?$AAo?$AA?4?$AAd?$AAw?$AAS?$AAp?$AAe?$AAc?$AAi@ 100019f8     BIBDrvIF:SYSTEM.obj
 0001:00000a68       ??_C@_1EI@PMPPIALA@?$AA?$FL?$AAB?$AAI?$AAB?$AAD?$AAR?$AAV?$AA?3?$AAE?$AAR?$AAR?$AA?$FN?$AA?5?$AA?5?$AAV?$AAF?$AAL?$AA_?$AAO?$AAp?$AAe?$AAn?$AA?$CI?$AA?$CJ?$AA?5?$AAf?$AAa?$AAi?$AAl?$AAu?$AAr?$AAe@ 10001a68     BIBDrvIF:SYSTEM.obj
 0001:00000ab0       ??_C@_1EI@JGCCMNMH@?$AA?$FL?$AAB?$AAI?$AAB?$AAD?$AAR?$AAV?$AA?3?$AAE?$AAR?$AAR?$AA?$FN?$AA?5?$AA?5?$AAV?$AAF?$AAL?$AA_?$AAI?$AAn?$AAi?$AAt?$AA?$CI?$AA?$CJ?$AA?5?$AAf?$AAa?$AAi?$AAl?$AAu?$AAr?$AAe@ 10001ab0     BIBDrvIF:SYSTEM.obj
 0001:00000af8       ??_C@_1EI@IBOHOHJL@?$AA?$FL?$AAB?$AAI?$AAB?$AAD?$AAR?$AAV?$AA?3?$AAE?$AAR?$AAR?$AA?$FN?$AA?5?$AA?5?$AAF?$AAI?$AAL?$AA_?$AAI?$AAn?$AAi?$AAt?$AA?$CI?$AA?$CJ?$AA?5?$AAf?$AAa?$AAi?$AAl?$AAu?$AAr?$AAe@ 10001af8     BIBDrvIF:SYSTEM.obj
 0001:00000b40       ??_C@_1GO@GPAGIAEM@?$AA?$FL?$AAB?$AAI?$AAB?$AAD?$AAR?$AAV?$AA?3?$AAI?$AAN?$AAF?$AA?$FN?$AA?5?$AA?5?$AAM?$AAB?$AAR?$AA?5?$AAM?$AAA?$AAG?$AAI?$AAC?$AA?5?$AAC?$AAO?$AAD?$AAE?$AA?5?$AA?$CI?$AAF?$AAi@ 10001b40     BIBDrvIF:SYSTEM.obj
 0001:00000bb0       ??_C@_1GE@MLOBJDDB@?$AA?$FL?$AAB?$AAI?$AAB?$AAD?$AAR?$AAV?$AA?3?$AAI?$AAN?$AAF?$AA?$FN?$AA?5?$AA?5?$AAM?$AAB?$AAR?$AA?5?$AAM?$AAA?$AAG?$AAI?$AAC?$AA?5?$AAC?$AAO?$AAD?$AAE?$AA?5?$AA?$CI?$AAL?$AAa@ 10001bb0     BIBDrvIF:SYSTEM.obj
 0001:00000c18       ??_C@_1FC@JIHDABCG@?$AA?$FL?$AAB?$AAI?$AAB?$AAD?$AAR?$AAV?$AA?3?$AAI?$AAN?$AAF?$AA?$FN?$AA?5?$AA?5?$AAP?$AAa?$AAr?$AAt?$AA_?$AAB?$AAo?$AAo?$AAt?$AAI?$AAn?$AAd?$AA?5?$AA?5?$AA?5?$AA?5?$AA?5?$AA?5@ 10001c18     BIBDrvIF:SYSTEM.obj
 0001:00000c70       ??_C@_1FC@KMCNLDFJ@?$AA?$FL?$AAB?$AAI?$AAB?$AAD?$AAR?$AAV?$AA?3?$AAI?$AAN?$AAF?$AA?$FN?$AA?5?$AA?5?$AAP?$AAa?$AAr?$AAt?$AA_?$AAF?$AAi?$AAr?$AAs?$AAt?$AAH?$AAe?$AAa?$AAd?$AA?5?$AA?5?$AA?5?$AA?5@ 10001c70     BIBDrvIF:SYSTEM.obj
 0001:00000cc8       ??_C@_1FC@LBFMLJKP@?$AA?$FL?$AAB?$AAI?$AAB?$AAD?$AAR?$AAV?$AA?3?$AAI?$AAN?$AAF?$AA?$FN?$AA?5?$AA?5?$AAP?$AAa?$AAr?$AAt?$AA_?$AAF?$AAi?$AAr?$AAs?$AAt?$AAS?$AAe?$AAc?$AAt?$AAo?$AAr?$AA?5?$AA?5@ 10001cc8     BIBDrvIF:SYSTEM.obj
 0001:00000d20       ??_C@_1FC@CGJAEJJL@?$AA?$FL?$AAB?$AAI?$AAB?$AAD?$AAR?$AAV?$AA?3?$AAI?$AAN?$AAF?$AA?$FN?$AA?5?$AA?5?$AAP?$AAa?$AAr?$AAt?$AA_?$AAF?$AAi?$AAr?$AAs?$AAt?$AAT?$AAr?$AAa?$AAc?$AAk?$AA?5?$AA?5?$AA?5@ 10001d20     BIBDrvIF:SYSTEM.obj
 0001:00000d78       ??_C@_1FC@OCGPJEJP@?$AA?$FL?$AAB?$AAI?$AAB?$AAD?$AAR?$AAV?$AA?3?$AAI?$AAN?$AAF?$AA?$FN?$AA?5?$AA?5?$AAP?$AAa?$AAr?$AAt?$AA_?$AAF?$AAi?$AAl?$AAe?$AAS?$AAy?$AAs?$AAt?$AAe?$AAm?$AA?5?$AA?5?$AA?5@ 10001d78     BIBDrvIF:SYSTEM.obj
 0001:00000dd0       ??_C@_1FC@KHMNHLGD@?$AA?$FL?$AAB?$AAI?$AAB?$AAD?$AAR?$AAV?$AA?3?$AAI?$AAN?$AAF?$AA?$FN?$AA?5?$AA?5?$AAP?$AAa?$AAr?$AAt?$AA_?$AAL?$AAa?$AAs?$AAt?$AAH?$AAe?$AAa?$AAd?$AA?5?$AA?5?$AA?5?$AA?5?$AA?5@ 10001dd0     BIBDrvIF:SYSTEM.obj
 0001:00000e28       ??_C@_1FC@FPOMJDH@?$AA?$FL?$AAB?$AAI?$AAB?$AAD?$AAR?$AAV?$AA?3?$AAI?$AAN?$AAF?$AA?$FN?$AA?5?$AA?5?$AAP?$AAa?$AAr?$AAt?$AA_?$AAL?$AAa?$AAs?$AAt?$AAS?$AAe?$AAc?$AAt?$AAo?$AAr?$AA?5?$AA?5?$AA?5@ 10001e28     BIBDrvIF:SYSTEM.obj
 0001:00000e80       ??_C@_1FC@DGJFPBA@?$AA?$FL?$AAB?$AAI?$AAB?$AAD?$AAR?$AAV?$AA?3?$AAI?$AAN?$AAF?$AA?$FN?$AA?5?$AA?5?$AAP?$AAa?$AAr?$AAt?$AA_?$AAL?$AAa?$AAs?$AAt?$AAT?$AAr?$AAa?$AAc?$AAk?$AA?5?$AA?5?$AA?5?$AA?5@ 10001e80     BIBDrvIF:SYSTEM.obj
 0001:00000ed8       ??_C@_1EO@JEMAGABC@?$AA?$FL?$AAB?$AAI?$AAB?$AAD?$AAR?$AAV?$AA?3?$AAI?$AAN?$AAF?$AA?$FN?$AA?5?$AA?5?$AAP?$AAa?$AAr?$AAt?$AA_?$AAS?$AAt?$AAa?$AAr?$AAt?$AAS?$AAe?$AAc?$AAt?$AAo?$AAr?$AA?5?$AA?5@ 10001ed8     BIBDrvIF:SYSTEM.obj
 0001:00000f28       ??_C@_1EO@KFHCDFNJ@?$AA?$FL?$AAB?$AAI?$AAB?$AAD?$AAR?$AAV?$AA?3?$AAI?$AAN?$AAF?$AA?$FN?$AA?5?$AA?5?$AAP?$AAa?$AAr?$AAt?$AA_?$AAT?$AAo?$AAt?$AAa?$AAl?$AAS?$AAe?$AAc?$AAt?$AAo?$AAr?$AAs?$AA?5@ 10001f28     BIBDrvIF:SYSTEM.obj
 0001:00000f78       ??_C@_1GC@OHDJOBMP@?$AA?$FL?$AAB?$AAI?$AAB?$AAD?$AAR?$AAV?$AA?3?$AAI?$AAN?$AAF?$AA?$FN?$AA?5?$AA?5?$AAB?$AAI?$AAB?$AAD?$AAR?$AAV?$AA_?$AAP?$AAS?$AA?3?$AAR?$AAe?$AAa?$AAd?$AA?5?$AAS?$AAe?$AAc@ 10001f78     BIBDrvIF:SYSTEM.obj
 0001:00000fe0       ??_C@_1FA@GDCGDDLP@?$AA?$FL?$AAB?$AAI?$AAB?$AAD?$AAR?$AAV?$AA?3?$AAE?$AAR?$AAR?$AA?$FN?$AA?5?$AA?5?$AAN?$AAA?$AAN?$AAD?$AA?5?$AAI?$AAn?$AAi?$AAt?$AAi?$AAa?$AAl?$AAi?$AAz?$AAi?$AAo?$AAn?$AA?5@ 10001fe0     BIBDrvIF:SYSTEM.obj
 0001:00001030       ??_C@_1FI@HLMOIFMF@?$AA?$FL?$AAB?$AAI?$AAB?$AAD?$AAR?$AAV?$AA?3?$AAE?$AAR?$AAR?$AA?$FN?$AA?5?$AA?5?$AAL?$AAo?$AAc?$AAa?$AAl?$AAA?$AAl?$AAl?$AAo?$AAc?$AA?$CI?$AAP?$AAD?$AAI?$AAS?$AAK?$AA?$CJ?$AA?5@ 10002030     BIBDrvIF:SYSTEM.obj
 0001:00001088       ??_C@_1GM@BDCLGIPK@?$AA?$FL?$AAB?$AAI?$AAB?$AAD?$AAR?$AAV?$AA?3?$AAE?$AAR?$AAR?$AA?$FN?$AA?5?$AA?5?$AAD?$AAS?$AAK?$AA_?$AAO?$AAp?$AAe?$AAn?$AA?5?$AA?9?$AA?5?$AAP?$AAa?$AAs?$AAs?$AAe?$AAd?$AA?5@ 10002088     BIBDrvIF:SYSTEM.obj
 0001:000010f8       ??_C@_1EC@COMBAPFO@?$AA?9?$AAD?$AAS?$AAK?$AA_?$AAI?$AAO?$AAC?$AAo?$AAn?$AAt?$AAr?$AAo?$AAl?$AA?5?$AA?$CI?$AAd?$AAe?$AAf?$AAa?$AAu?$AAl?$AAt?$AA?3?$AA0?$AAx?$AA?$CF?$AAx?$AA?$CJ?$AA?5?$AA?$AN?$AA?6@ 100020f8     BIBDrvIF:SYSTEM.obj
 0001:0000113c       ??_C@_1CM@GGNLHLKL@?$AA?9?$AAD?$AAI?$AAS?$AAK?$AA_?$AAI?$AAO?$AAC?$AAT?$AAL?$AA_?$AAG?$AAE?$AAT?$AAN?$AAA?$AAM?$AAE?$AA?$AN?$AA?6?$AA?$AA@ 1000213c     BIBDrvIF:SYSTEM.obj
 0001:00001168       ??_C@_1CM@LGIJOJFJ@?$AA?9?$AAD?$AAI?$AAS?$AAK?$AA_?$AAI?$AAO?$AAC?$AAT?$AAL?$AA_?$AAS?$AAE?$AAT?$AAI?$AAN?$AAF?$AAO?$AA?$AN?$AA?6?$AA?$AA@ 10002168     BIBDrvIF:SYSTEM.obj
 0001:00001198       ??_C@_1GC@EDPABMFN@?$AA?$FL?$AAB?$AAI?$AAB?$AAD?$AAR?$AAV?$AA?3?$AAM?$AAS?$AAG?$AA?$FN?$AA?5?$AA?5?$AAD?$AAS?$AAK?$AA_?$AAI?$AAO?$AAC?$AAo?$AAn?$AAt?$AAr?$AAo?$AAl?$AA?5?$AAu?$AAn?$AAk?$AAo@ 10002198     BIBDrvIF:SYSTEM.obj
 0001:000011fc       ??_C@_1DK@EEOKHHJO@?$AA?$FL?$AAB?$AAI?$AAB?$AAD?$AAR?$AAV?$AA?3?$AAE?$AAR?$AAR?$AA?$FN?$AA?5?$AA?5?$AAI?$AAn?$AAv?$AAa?$AAl?$AAi?$AAd?$AA?5?$AAD?$AAi?$AAs?$AAk?$AA?$AN?$AA?6?$AA?$AA@ 100021fc     BIBDrvIF:SYSTEM.obj
 0001:000012f8       ??_C@_1FM@NPODEHCM@?$AA?$FL?$AAV?$AAF?$AAL?$AAP?$AA?3?$AAE?$AAR?$AAR?$AA?$FN?$AA?5?$AA?5?$AAV?$AAF?$AAL?$AA_?$AAI?$AAn?$AAi?$AAt?$AA?$CI?$AA?$CJ?$AA?5?$AAf?$AAa?$AAi?$AAl?$AAu?$AAr?$AAe?$AA?4?$AA?5@ 100022f8     PseudoVFL:PseudoVFL.obj
 0001:00001358       ??_C@_1FM@KLEHIDFD@?$AA?$FL?$AAV?$AAF?$AAL?$AAP?$AA?3?$AAE?$AAR?$AAR?$AA?$FN?$AA?5?$AA?5?$AAV?$AAF?$AAL?$AA_?$AAO?$AAp?$AAe?$AAn?$AA?$CI?$AA?$CJ?$AA?5?$AAf?$AAa?$AAi?$AAl?$AAu?$AAr?$AAe?$AA?4?$AA?5@ 10002358     PseudoVFL:PseudoVFL.obj
 0001:000013b8       ??_C@_1FM@LCPMAKMM@?$AA?$FL?$AAV?$AAF?$AAL?$AAP?$AA?3?$AAE?$AAR?$AAR?$AA?$FN?$AA?5?$AA?5?$AAV?$AAF?$AAL?$AA_?$AAR?$AAe?$AAa?$AAd?$AA?$CI?$AA?$CJ?$AA?5?$AAf?$AAa?$AAi?$AAl?$AAu?$AAr?$AAe?$AA?4?$AA?5@ 100023b8     PseudoVFL:PseudoVFL.obj
 0001:00001418       ??_C@_1GC@PHJFHCFD@?$AA?$FL?$AAV?$AAF?$AAL?$AAP?$AA?3?$AAE?$AAR?$AAR?$AA?$FN?$AA?5?$AA?5?$AAB?$AAU?$AAF?$AA_?$AAR?$AAe?$AAl?$AAe?$AAa?$AAs?$AAe?$AA?$CI?$AA?$CJ?$AA?5?$AAf?$AAa?$AAi?$AAl?$AAu?$AAr@ 10002418     PseudoVFL:PseudoVFL.obj
 0001:00001480       ??_C@_1FM@HKNFAMJD@?$AA?$FL?$AAF?$AAI?$AAL?$AAP?$AA?3?$AAE?$AAR?$AAR?$AA?$FN?$AA?5?$AA?5?$AAF?$AAI?$AAL?$AA_?$AAI?$AAn?$AAi?$AAt?$AA?$CI?$AA?$CJ?$AA?5?$AAf?$AAa?$AAi?$AAl?$AAu?$AAr?$AAe?$AA?4?$AA?5@ 10002480     PseudoVFL:PseudoVFL.obj
 0001:00001af4       BIBDrv_Entry               10002af4 f   BIBDrvIF:SYSTEM.obj
 0001:00001b1c       ViewMBR                    10002b1c f   BIBDrvIF:SYSTEM.obj
 0001:00001dd4       DSK_Init                   10002dd4 f   BIBDrvIF:SYSTEM.obj
 0001:00001ee8       DSK_Close                  10002ee8 f   BIBDrvIF:SYSTEM.obj
 0001:00001f34       DSK_Deinit                 10002f34 f   BIBDrvIF:SYSTEM.obj
 0001:00001f54       DSK_Open                   10002f54 f   BIBDrvIF:SYSTEM.obj
 0001:00001fa8       DSK_IOControl              10002fa8 f   BIBDrvIF:SYSTEM.obj
 0001:000022bc       DSK_Read                   100032bc f   BIBDrvIF:SYSTEM.obj
 0001:000022c4       DSK_Write                  100032c4 f   BIBDrvIF:SYSTEM.obj
 0001:000022cc       DSK_Seek                   100032cc f   BIBDrvIF:SYSTEM.obj
 0001:000022d4       DSK_PowerUp                100032d4 f   BIBDrvIF:SYSTEM.obj
 0001:000022d8       DSK_PowerDown              100032d8 f   BIBDrvIF:SYSTEM.obj
 0001:000022dc       VFL_Init                   100032dc f   PseudoVFL:PseudoVFL.obj
 0001:00002384       VFL_Open                   10003384 f   PseudoVFL:PseudoVFL.obj
 0001:0000241c       VFL_Read                   1000341c f   PseudoVFL:PseudoVFL.obj
 0001:000024b4       FIL_Init                   100034b4 f   PseudoVFL:PseudoVFL.obj
 0001:0000254c       GetNandInfo                1000354c f   PseudoVFL:PseudoVFL.obj
 0001:000025d4       __GSHandlerCheckCommon     100035d4 f   corelib0:gshandler.obj
 0001:00002610       __GSHandlerCheck           10003610 f   corelib0:gshandler.obj
 0001:00002634       __security_check_cookie    10003634 f   corelib0:armsecgs.obj
 0001:00002648       __gsfailure                10003648 f   corelib0:armsecgs.obj
 0001:0000268c       wcscpy                     1000368c f   corelib1:COREDLL.dll
 0001:0000269c       free                       1000369c f   corelib1:COREDLL.dll
 0001:000026ac       malloc                     100036ac f   corelib1:COREDLL.dll
 0001:000026bc       memcpy                     100036bc f   corelib1:COREDLL.dll
 0001:000026cc       __rt_udiv                  100036cc f   corelib1:COREDLL.dll
 0001:000026dc       memset                     100036dc f   corelib1:COREDLL.dll
 0001:000026ec       wcslen                     100036ec f   corelib1:COREDLL.dll
 0001:000026fc       __report_gsfailure         100036fc f   corelib1:COREDLL.dll
 0001:0000270c       RegCloseKey                1000370c f   coredll:COREDLL.dll
 0001:0000271c       RegQueryValueExW           1000371c f   coredll:COREDLL.dll
 0001:0000272c       NKDbgPrintfW               1000372c f   coredll:COREDLL.dll
 0001:0000273c       RegOpenKeyExW              1000373c f   coredll:COREDLL.dll
 0001:0000274c       LocalFree                  1000374c f   coredll:COREDLL.dll
 0001:0000275c       DeleteCriticalSection      1000375c f   coredll:COREDLL.dll
 0001:0000276c       Sleep                      1000376c f   coredll:COREDLL.dll
 0001:0000277c       LeaveCriticalSection       1000377c f   coredll:COREDLL.dll
 0001:0000278c       EnterCriticalSection       1000378c f   coredll:COREDLL.dll
 0001:0000279c       MapPtrToProcess            1000379c f   coredll:COREDLL.dll
 0001:000027ac       GetCallerProcess           100037ac f   coredll:COREDLL.dll
 0001:000027bc       InitializeCriticalSection  100037bc f   coredll:COREDLL.dll
 0001:000027cc       LocalAlloc                 100037cc f   coredll:COREDLL.dll
 0001:000027dc       GetLastError               100037dc f   coredll:COREDLL.dll
 0001:000027ec       SetKMode                   100037ec f   coredll:COREDLL.dll
 0001:000027fc       SetLastError               100037fc f   coredll:COREDLL.dll
 0001:0000280c       KernelIoControl            1000380c f   coredll:COREDLL.dll
 0001:00002824       __IMPORT_DESCRIPTOR_COREDLL 10003824     corelib1:COREDLL.dll
 0001:00002838       __NULL_IMPORT_DESCRIPTOR   10003838     corelib1:COREDLL.dll
 0002:00000000       __imp_wcscpy               10004000     corelib1:COREDLL.dll
 0002:00000004       __imp_free                 10004004     corelib1:COREDLL.dll
 0002:00000008       __imp_malloc               10004008     corelib1:COREDLL.dll
 0002:0000000c       __imp_memcpy               1000400c     corelib1:COREDLL.dll
 0002:00000010       __imp___rt_udiv            10004010     corelib1:COREDLL.dll
 0002:00000014       __imp_memset               10004014     corelib1:COREDLL.dll
 0002:00000018       __imp_wcslen               10004018     corelib1:COREDLL.dll
 0002:0000001c       __imp___report_gsfailure   1000401c     corelib1:COREDLL.dll
 0002:00000020       __imp_RegCloseKey          10004020     coredll:COREDLL.dll
 0002:00000024       __imp_RegQueryValueExW     10004024     coredll:COREDLL.dll
 0002:00000028       __imp_NKDbgPrintfW         10004028     coredll:COREDLL.dll
 0002:0000002c       __imp_RegOpenKeyExW        1000402c     coredll:COREDLL.dll
 0002:00000030       __imp_LocalFree            10004030     coredll:COREDLL.dll
 0002:00000034       __imp_DeleteCriticalSection 10004034     coredll:COREDLL.dll
 0002:00000038       __imp_Sleep                10004038     coredll:COREDLL.dll
 0002:0000003c       __imp_LeaveCriticalSection 1000403c     coredll:COREDLL.dll
 0002:00000040       __imp_EnterCriticalSection 10004040     coredll:COREDLL.dll
 0002:00000044       __imp_MapPtrToProcess      10004044     coredll:COREDLL.dll
 0002:00000048       __imp_GetCallerProcess     10004048     coredll:COREDLL.dll
 0002:0000004c       __imp_InitializeCriticalSection 1000404c     coredll:COREDLL.dll
 0002:00000050       __imp_LocalAlloc           10004050     coredll:COREDLL.dll
 0002:00000054       __imp_GetLastError         10004054     coredll:COREDLL.dll
 0002:00000058       __imp_SetKMode             10004058     coredll:COREDLL.dll
 0002:0000005c       __imp_SetLastError         1000405c     coredll:COREDLL.dll
 0002:00000060       __imp_KernelIoControl      10004060     coredll:COREDLL.dll
 0002:00000064       \177COREDLL_NULL_THUNK_DATA 10004064     corelib1:COREDLL.dll
 0002:00000068       __security_cookie          10004068     corelib0:seccinit.obj
 0002:0000006c       __security_cookie_complement 1000406c     corelib0:seccinit.obj
 0002:000000a0       stNandInfo                 100040a0     <common>

 entry point at        0001:00001af4

 Static symbols

 0001:00001508       OpenDriverKey              10002508 f   BIBDrvIF:SYSTEM.obj
 0001:00001610       GetDeviceInfo              10002610 f   BIBDrvIF:SYSTEM.obj
 0001:000016d8       CloseDisk                  100026d8 f   BIBDrvIF:SYSTEM.obj
 0001:0000176c       RequestReadSecToHAL        1000276c f   BIBDrvIF:SYSTEM.obj
 0001:000018f4       DoDiskRead                 100028f4 f   BIBDrvIF:SYSTEM.obj
 0001:00001a9c       IsValidDisk                10002a9c f   BIBDrvIF:SYSTEM.obj
 0001:00001cc0       InitDisk                   10002cc0 f   BIBDrvIF:SYSTEM.obj
