 s3c6410_mfc

 Timestamp is 5125b2a0 (Thu Feb 21 13:37:36 2013)

 Preferred load address is 10000000

 Start         Length     Name                   Class
 0001:00000000 000167d6H .rdata                  CODE
 0001:000167d8 00000028H .rdata$debug            CODE
 0001:00016800 000045a8H .text                   CODE
 0001:0001ada8 00000028H .xdata                  CODE
 0001:0001add0 00000028H .idata$2                CODE
 0001:0001adf8 00000014H .idata$3                CODE
 0001:0001ae0c 000000ccH .idata$4                CODE
 0001:0001aed8 00000016H .idata$6                CODE
 0001:0001aef0 000000cdH .edata                  CODE
 0002:00000000 000000ccH .idata$5                DATA
 0002:000000cc 00000024H .data                   DATA
 0002:000000f0 00000638H .bss                    DATA
 0003:00000000 000002b0H .pdata                  DATA
 0004:00000000 00000058H .rsrc$01                DATA
 0004:00000060 000003b4H .rsrc$02                DATA

  Address         Publics by Value              Rva+Base       Lib:Object

 0000:00000000       ___safe_se_handler_table   00000000     <absolute>
 0000:00000000       ___safe_se_handler_count   00000000     <absolute>
 0001:00000020       ??_C@_1GA@INNJJGFM@?$AA?6?$AA?$FL?$AAM?$AAF?$AAC?$AA_?$AAO?$AAp?$AAe?$AAn?$AA?5?$AAE?$AAr?$AAr?$AAo?$AAr?$AA?$FN?$AA?5?$AAM?$AAF?$AAC?$AA?5?$AAI?$AAn?$AAs?$AAt?$AAa?$AAn?$AAc?$AAe?$AA?5?$AAC@ 10001020     MfcDriver.obj
 0001:00000080       ??_C@_1FI@OHMINHDO@?$AA?6?$AA?$FL?$AAM?$AAF?$AAC?$AA_?$AAO?$AAp?$AAe?$AAn?$AA?$FN?$AA?5?$AAP?$AAo?$AAw?$AAe?$AAr?$AA?5?$AAM?$AAa?$AAn?$AAa?$AAg?$AAe?$AAr?$AA?5?$AAH?$AAa?$AAn?$AAd?$AAl?$AAe@ 10001080     MfcDriver.obj
 0001:000000d8       ??_C@_1FG@MIJJDACL@?$AA?6?$AA?$FL?$AAM?$AAF?$AAC?$AA_?$AAO?$AAp?$AAe?$AAn?$AA?5?$AAE?$AAr?$AAr?$AAo?$AAr?$AA?$FN?$AA?5?$AAM?$AAo?$AAm?$AAo?$AAr?$AAy?$AA?5?$AAA?$AAl?$AAl?$AAo?$AAc?$AAa?$AAt@ 100010d8     MfcDriver.obj
 0001:00000130       ??_C@_1FK@IHPBDBJM@?$AA?6?$AA?$FL?$AAM?$AAF?$AAC?$AA_?$AAC?$AAl?$AAo?$AAs?$AAe?$AA?$FN?$AA?5?$AAP?$AAo?$AAw?$AAe?$AAr?$AA?5?$AAM?$AAa?$AAn?$AAa?$AAg?$AAe?$AAr?$AA?5?$AAH?$AAa?$AAn?$AAd?$AAl@ 10001130     MfcDriver.obj
 0001:00000190       ??_C@_1GK@NEODOOOF@?$AA?6?$AA?$FL?$AAM?$AAF?$AAC?$AA_?$AAC?$AAl?$AAo?$AAs?$AAe?$AA?$FN?$AA?5?$AAV?$AAi?$AAr?$AAt?$AAu?$AAa?$AAl?$AAF?$AAr?$AAe?$AAe?$AAE?$AAx?$AA?$CI?$AAF?$AAR?$AAA?$AAM?$AA_@ 10001190     MfcDriver.obj
 0001:00000200       ??_C@_1GK@GOHNJHIK@?$AA?6?$AA?$FL?$AAM?$AAF?$AAC?$AA_?$AAC?$AAl?$AAo?$AAs?$AAe?$AA?$FN?$AA?5?$AAV?$AAi?$AAr?$AAt?$AAu?$AAa?$AAl?$AAF?$AAr?$AAe?$AAe?$AAE?$AAx?$AA?$CI?$AAS?$AAT?$AAR?$AAM?$AA_@ 10001200     MfcDriver.obj
 0001:00000270       ??_C@_1EI@PCOFNEN@?$AA?$FL?$AAM?$AAF?$AAC?$AA?$FN?$AA?5?$AAW?$AAa?$AAk?$AAe?$AAU?$AAP?$AA?$CB?$AA?5?$AA?$CI?$AAN?$AAu?$AAm?$AAO?$AAf?$AAI?$AAn?$AAs?$AAt?$AAa?$AAn?$AAc?$AAe?$AA?$DN?$AA?$CF?$AAd?$AA?$CJ@ 10001270     MfcDriver.obj
 0001:000002b8       ??_C@_0DB@NHKFGGEG@?$FLMFC?5IOCTL_POWER_SET?$FN?5POWER?5UP?0?5@ 100012b8     MfcDriver.obj
 0001:000002ec       ??_C@_0CP@KHCMHLFD@?$FLMFC?5IOCTL_POWER_SET?$FN?5nNumOfInst@ 100012ec     MfcDriver.obj
 0001:0000031c       ??_C@_0O@KFOFPCDM@MFC_IOControl?$AA@ 1000131c     MfcDriver.obj
 0001:00000330       ??_C@_1EG@MMBJCLLP@?$AA?$FL?$AAM?$AAF?$AAC?$AA?$FN?$AA?5?$AAS?$AAl?$AAe?$AAe?$AAp?$AA?$CB?$AA?5?$AA?$CI?$AAN?$AAu?$AAm?$AAO?$AAf?$AAI?$AAn?$AAs?$AAt?$AAa?$AAn?$AAc?$AAe?$AA?$DN?$AA?$CF?$AAd?$AA?$CJ?$AA?5@ 10001330     MfcDriver.obj
 0001:00000378       ??_C@_0DD@PDEMBNGO@?$FLMFC?5IOCTL_POWER_SET?$FN?5POWER?5DOWN@ 10001378     MfcDriver.obj
 0001:000003b0       ??_C@_0EB@LLLLCLL@?$FLMFC?5IOCTL_POWER_SET?$FN?5MFC?5doesn?8@ 100013b0     MfcDriver.obj
 0001:000003f4       ??_C@_0CK@BBLGFNLB@?$FLMFC?5IOCTL_POWER_SET?$FN?5MFC?5State?5@ 100013f4     MfcDriver.obj
 0001:00000420       ??_C@_1KA@BJGEIPNM@?$AAM?$AAF?$AAC?$AA_?$AAI?$AAO?$AAC?$AAo?$AAn?$AAt?$AAr?$AAo?$AAl?$AA?3?$AA?5?$AAC?$AAe?$AAC?$AAl?$AAo?$AAs?$AAe?$AAC?$AAa?$AAl?$AAl?$AAe?$AAr?$AAB?$AAu?$AAf?$AAf@ 10001420     MfcDriver.obj
 0001:000004c0       ??_C@_1JO@NODAGEEB@?$AAM?$AAF?$AAC?$AA_?$AAI?$AAO?$AAC?$AAo?$AAn?$AAt?$AAr?$AAo?$AAl?$AA?3?$AA?5?$AAC?$AAe?$AAO?$AAp?$AAe?$AAn?$AAC?$AAa?$AAl?$AAl?$AAe?$AAr?$AAB?$AAu?$AAf?$AAf?$AAe@ 100014c0     MfcDriver.obj
 0001:00000560       ??_C@_1IK@KKCALEOE@?$AAM?$AAF?$AAC?$AA_?$AAI?$AAO?$AAC?$AAo?$AAn?$AAt?$AAr?$AAo?$AAl?$AA?3?$AA?5?$AAC?$AAe?$AAC?$AAl?$AAo?$AAs?$AAe?$AAC?$AAa?$AAl?$AAl?$AAe?$AAr?$AAB?$AAu?$AAf?$AAf@ 10001560     MfcDriver.obj
 0001:000005f0       ??_C@_1II@LFDAOLGK@?$AAM?$AAF?$AAC?$AA_?$AAI?$AAO?$AAC?$AAo?$AAn?$AAt?$AAr?$AAo?$AAl?$AA?3?$AA?5?$AAC?$AAe?$AAO?$AAp?$AAe?$AAn?$AAC?$AAa?$AAl?$AAl?$AAe?$AAr?$AAB?$AAu?$AAf?$AAf?$AAe@ 100015f0     MfcDriver.obj
 0001:00000678       ??_C@_1IK@LHKIJBEA@?$AAM?$AAF?$AAC?$AA_?$AAI?$AAO?$AAC?$AAo?$AAn?$AAt?$AAr?$AAo?$AAl?$AA?3?$AA?5?$AAC?$AAe?$AAC?$AAl?$AAo?$AAs?$AAe?$AAC?$AAa?$AAl?$AAl?$AAe?$AAr?$AAB?$AAu?$AAf?$AAf@ 10001678     MfcDriver.obj
 0001:00000708       ??_C@_1II@KILIMOMO@?$AAM?$AAF?$AAC?$AA_?$AAI?$AAO?$AAC?$AAo?$AAn?$AAt?$AAr?$AAo?$AAl?$AA?3?$AA?5?$AAC?$AAe?$AAO?$AAp?$AAe?$AAn?$AAC?$AAa?$AAl?$AAl?$AAe?$AAr?$AAB?$AAu?$AAf?$AAf?$AAe@ 10001708     MfcDriver.obj
 0001:00000790       ??_C@_1JM@NECABABE@?$AAM?$AAF?$AAC?$AA_?$AAI?$AAO?$AAC?$AAo?$AAn?$AAt?$AAr?$AAo?$AAl?$AA?3?$AA?5?$AAC?$AAe?$AAC?$AAl?$AAo?$AAs?$AAe?$AAC?$AAa?$AAl?$AAl?$AAe?$AAr?$AAB?$AAu?$AAf?$AAf@ 10001790     MfcDriver.obj
 0001:00000830       ??_C@_1JK@BJDOEJAM@?$AAM?$AAF?$AAC?$AA_?$AAI?$AAO?$AAC?$AAo?$AAn?$AAt?$AAr?$AAo?$AAl?$AA?3?$AA?5?$AAC?$AAe?$AAO?$AAp?$AAe?$AAn?$AAC?$AAa?$AAl?$AAl?$AAe?$AAr?$AAB?$AAu?$AAf?$AAf?$AAe@ 10001830     MfcDriver.obj
 0001:000008d0       ??_C@_1JE@BAGEPGJL@?$AA?$FL?$AAM?$AAF?$AAC?$AA?5?$AAI?$AAO?$AAC?$AAo?$AAn?$AAt?$AAr?$AAo?$AAl?$AA?$FN?$AA?5?$AAR?$AAe?$AAq?$AAu?$AAe?$AAs?$AAt?$AAe?$AAd?$AA?5?$AAi?$AAo?$AAc?$AAt?$AAl?$AA?5@ 100018d0     MfcDriver.obj
 0001:00000968       ??_C@_1JI@MCAPDBJK@?$AAM?$AAF?$AAC?$AA_?$AAI?$AAO?$AAC?$AAo?$AAn?$AAt?$AAr?$AAo?$AAl?$AA?3?$AA?5?$AAC?$AAe?$AAC?$AAl?$AAo?$AAs?$AAe?$AAC?$AAa?$AAl?$AAl?$AAe?$AAr?$AAB?$AAu?$AAf?$AAf@ 10001968     MfcDriver.obj
 0001:00000a00       ??_C@_1IG@HNAJPJLP@?$AA?$FL?$AAM?$AAF?$AAC?$AA?5?$AAE?$AAR?$AAR?$AAO?$AAR?$AA?$FN?$AA?5?$AAI?$AAO?$AAC?$AAT?$AAL?$AA_?$AAM?$AAF?$AAC?$AA_?$AAG?$AAE?$AAT?$AA_?$AAF?$AAR?$AAA?$AAM?$AA_?$AAB@ 10001a00     MfcDriver.obj
 0001:00000a88       ??_C@_1GA@BHMKPEGE@?$AAD?$AAD?$AA?3?$AA?3?$AAM?$AAF?$AAC?$AA?5?$AAV?$AAi?$AAr?$AAt?$AAu?$AAa?$AAl?$AAC?$AAo?$AAp?$AAy?$AAE?$AAx?$AA?$CI?$AAp?$AAF?$AAr?$AAa?$AAm?$AAB?$AAu?$AAf?$AA?$CJ?$AA?5@ 10001a88     MfcDriver.obj
 0001:00000ae8       ??_C@_1GC@BEPOMOHE@?$AAD?$AAD?$AA?3?$AA?3?$AAM?$AAF?$AAC?$AA?5?$AAV?$AAi?$AAr?$AAt?$AAu?$AAa?$AAl?$AAA?$AAl?$AAl?$AAo?$AAc?$AAE?$AAx?$AA?$CI?$AAp?$AAF?$AAr?$AAa?$AAm?$AAB?$AAu?$AAf?$AA?$CJ@ 10001ae8     MfcDriver.obj
 0001:00000b50       ??_C@_1JG@JFALLEEN@?$AAM?$AAF?$AAC?$AA_?$AAI?$AAO?$AAC?$AAo?$AAn?$AAt?$AAr?$AAo?$AAl?$AA?3?$AA?5?$AAC?$AAe?$AAO?$AAp?$AAe?$AAn?$AAC?$AAa?$AAl?$AAl?$AAe?$AAr?$AAB?$AAu?$AAf?$AAf?$AAe@ 10001b50     MfcDriver.obj
 0001:00000be8       ??_C@_1IM@DKMDKFHL@?$AAM?$AAF?$AAC?$AA_?$AAI?$AAO?$AAC?$AAo?$AAn?$AAt?$AAr?$AAo?$AAl?$AA?3?$AA?5?$AAC?$AAe?$AAC?$AAl?$AAo?$AAs?$AAe?$AAC?$AAa?$AAl?$AAl?$AAe?$AAr?$AAB?$AAu?$AAf?$AAf@ 10001be8     MfcDriver.obj
 0001:00000c78       ??_C@_1IK@GEBHEDML@?$AAM?$AAF?$AAC?$AA_?$AAI?$AAO?$AAC?$AAo?$AAn?$AAt?$AAr?$AAo?$AAl?$AA?3?$AA?5?$AAC?$AAe?$AAO?$AAp?$AAe?$AAn?$AAC?$AAa?$AAl?$AAl?$AAe?$AAr?$AAB?$AAu?$AAf?$AAf?$AAe@ 10001c78     MfcDriver.obj
 0001:00000d08       ??_C@_1IO@FEAFOJJC@?$AAM?$AAF?$AAC?$AA_?$AAI?$AAO?$AAC?$AAo?$AAn?$AAt?$AAr?$AAo?$AAl?$AA?3?$AA?5?$AAC?$AAe?$AAC?$AAl?$AAo?$AAs?$AAe?$AAC?$AAa?$AAl?$AAl?$AAe?$AAr?$AAB?$AAu?$AAf?$AAf@ 10001d08     MfcDriver.obj
 0001:00000d98       ??_C@_1IM@PJKJFOLD@?$AAM?$AAF?$AAC?$AA_?$AAI?$AAO?$AAC?$AAo?$AAn?$AAt?$AAr?$AAo?$AAl?$AA?3?$AA?5?$AAC?$AAe?$AAO?$AAp?$AAe?$AAn?$AAC?$AAa?$AAl?$AAl?$AAe?$AAr?$AAB?$AAu?$AAf?$AAf?$AAe@ 10001d98     MfcDriver.obj
 0001:00000e28       ??_C@_1IO@LCAFIEDC@?$AAM?$AAF?$AAC?$AA_?$AAI?$AAO?$AAC?$AAo?$AAn?$AAt?$AAr?$AAo?$AAl?$AA?3?$AA?5?$AAC?$AAe?$AAC?$AAl?$AAo?$AAs?$AAe?$AAC?$AAa?$AAl?$AAl?$AAe?$AAr?$AAB?$AAu?$AAf?$AAf@ 10001e28     MfcDriver.obj
 0001:00000eb8       ??_C@_1IM@BPKJDDBD@?$AAM?$AAF?$AAC?$AA_?$AAI?$AAO?$AAC?$AAo?$AAn?$AAt?$AAr?$AAo?$AAl?$AA?3?$AA?5?$AAC?$AAe?$AAO?$AAp?$AAe?$AAn?$AAC?$AAa?$AAl?$AAl?$AAe?$AAr?$AAB?$AAu?$AAf?$AAf?$AAe@ 10001eb8     MfcDriver.obj
 0001:00000f48       ??_C@_1JI@MDMBBBNE@?$AAM?$AAF?$AAC?$AA_?$AAI?$AAO?$AAC?$AAo?$AAn?$AAt?$AAr?$AAo?$AAl?$AA?3?$AA?5?$AAC?$AAe?$AAC?$AAl?$AAo?$AAs?$AAe?$AAC?$AAa?$AAl?$AAl?$AAe?$AAr?$AAB?$AAu?$AAf?$AAf@ 10001f48     MfcDriver.obj
 0001:00000fe0       ??_C@_1GA@FMCDFEIG@?$AAD?$AAD?$AA?3?$AA?3?$AAM?$AAF?$AAC?$AA?5?$AAV?$AAi?$AAr?$AAt?$AAu?$AAa?$AAl?$AAC?$AAo?$AAp?$AAy?$AAE?$AAx?$AA?$CI?$AAp?$AAS?$AAt?$AAr?$AAm?$AAB?$AAu?$AAf?$AA?$CJ?$AA?5@ 10001fe0     MfcDriver.obj
 0001:00001040       ??_C@_1GC@FPBHGOJG@?$AAD?$AAD?$AA?3?$AA?3?$AAM?$AAF?$AAC?$AA?5?$AAV?$AAi?$AAr?$AAt?$AAu?$AAa?$AAl?$AAA?$AAl?$AAl?$AAo?$AAc?$AAE?$AAx?$AA?$CI?$AAp?$AAS?$AAt?$AAr?$AAm?$AAB?$AAu?$AAf?$AA?$CJ@ 10002040     MfcDriver.obj
 0001:000010a8       ??_C@_1JG@JEMFJEAD@?$AAM?$AAF?$AAC?$AA_?$AAI?$AAO?$AAC?$AAo?$AAn?$AAt?$AAr?$AAo?$AAl?$AA?3?$AA?5?$AAC?$AAe?$AAO?$AAp?$AAe?$AAn?$AAC?$AAa?$AAl?$AAl?$AAe?$AAr?$AAB?$AAu?$AAf?$AAf?$AAe@ 100020a8     MfcDriver.obj
 0001:00001140       ??_C@_1JA@ECNDKPOK@?$AAM?$AAF?$AAC?$AA_?$AAI?$AAO?$AAC?$AAo?$AAn?$AAt?$AAr?$AAo?$AAl?$AA?3?$AA?5?$AAC?$AAe?$AAC?$AAl?$AAo?$AAs?$AAe?$AAC?$AAa?$AAl?$AAl?$AAe?$AAr?$AAB?$AAu?$AAf?$AAf@ 10002140     MfcDriver.obj
 0001:000011d0       ??_C@_1IO@JLEJDBIK@?$AAM?$AAF?$AAC?$AA_?$AAI?$AAO?$AAC?$AAo?$AAn?$AAt?$AAr?$AAo?$AAl?$AA?3?$AA?5?$AAC?$AAe?$AAO?$AAp?$AAe?$AAn?$AAC?$AAa?$AAl?$AAl?$AAe?$AAr?$AAB?$AAu?$AAf?$AAf?$AAe@ 100021d0     MfcDriver.obj
 0001:00001260       ??_C@_1FK@DDDJHGLK@?$AA?$FL?$AAM?$AAF?$AAC?$AA?5?$AAI?$AAO?$AAC?$AAT?$AAL?$AA_?$AAP?$AAO?$AAW?$AAE?$AAR?$AA_?$AAC?$AAA?$AAP?$AAA?$AAB?$AAI?$AAL?$AAI?$AAT?$AAI?$AAE?$AAS?$AA?$FN?$AA?5?$AAe@ 10002260     MfcDriver.obj
 0001:000012c0       ??_C@_1FG@PBMPHDMG@?$AA?$FL?$AAM?$AAF?$AAC?$AA?5?$AAI?$AAO?$AAC?$AAT?$AAL?$AA_?$AAP?$AAO?$AAW?$AAE?$AAR?$AA_?$AAC?$AAA?$AAP?$AAA?$AAB?$AAI?$AAL?$AAI?$AAT?$AAI?$AAE?$AAS?$AA?$FN?$AA?5?$AAl@ 100022c0     MfcDriver.obj
 0001:00001318       ??_C@_1EA@JFLPLLOC@?$AA?$FL?$AAM?$AAF?$AAC?$AA?5?$AAI?$AAO?$AAC?$AAT?$AAL?$AA_?$AAP?$AAO?$AAW?$AAE?$AAR?$AA_?$AAC?$AAA?$AAP?$AAA?$AAB?$AAI?$AAL?$AAI?$AAT?$AAI?$AAE?$AAS?$AA?$FN?$AA?6?$AA?$AA@ 10002318     MfcDriver.obj
 0001:00001358       ??_C@_1EI@OEHIAMFL@?$AA?$FL?$AAM?$AAF?$AAC?$AA?5?$AAI?$AAO?$AAC?$AAT?$AAL?$AA_?$AAP?$AAO?$AAW?$AAE?$AAR?$AA_?$AAS?$AAE?$AAT?$AA?$FN?$AA?5?$AAe?$AAx?$AAc?$AAe?$AAp?$AAt?$AAi?$AAo?$AAn?$AA?4@ 10002358     MfcDriver.obj
 0001:000013a0       ??_C@_1GA@PBJNPB@?$AA?$FL?$AAM?$AAF?$AAC?$AA?5?$AAI?$AAO?$AAC?$AAT?$AAL?$AA_?$AAP?$AAO?$AAW?$AAE?$AAR?$AA_?$AAS?$AAE?$AAT?$AA?$FN?$AA?5?$AAU?$AAs?$AAe?$AAr?$AA?5?$AAm?$AAo?$AAd?$AAe?$AA?5@ 100023a0     MfcDriver.obj
 0001:00001400       ??_C@_0N@ILBDCFHL@others?4?4?4?4?4?6?$AA@ 10002400     MfcDriver.obj
 0001:00001410       ??_C@_0BB@PJIMLBLM@nInBufSize?5?$DN?$DN?50?6?$AA@ 10002410     MfcDriver.obj
 0001:00001424       ??_C@_0BA@DIOODEBO@pInBuf?5?$DN?$DN?5NULL?6?$AA@ 10002424     MfcDriver.obj
 0001:00001434       ??_C@_0BE@FFGJOBJ@OpenHandle?5?$DN?$DN?5NULL?6?$AA@ 10002434     MfcDriver.obj
 0001:00001448       ??_C@_1EK@POEAFNEJ@?$AAM?$AAF?$AAC?$AA?5?$AAI?$AAn?$AAt?$AAe?$AAr?$AAr?$AAu?$AAp?$AAt?$AA?5?$AAh?$AAa?$AAs?$AA?5?$AAb?$AAe?$AAe?$AAn?$AA?5?$AAi?$AAn?$AAi?$AAt?$AAi?$AAa?$AAl?$AAi?$AAz@ 10002448     MfcDriver.obj
 0001:00001498       ??_C@_1EE@PLEPGLA@?$AAU?$AAn?$AAa?$AAb?$AAl?$AAe?$AA?5?$AAt?$AAo?$AA?5?$AAc?$AAr?$AAe?$AAa?$AAt?$AAe?$AA?5?$AAi?$AAn?$AAt?$AAe?$AAr?$AAr?$AAu?$AAp?$AAt?$AA?5?$AAt?$AAh?$AAr?$AAe?$AAa@ 10002498     MfcDriver.obj
 0001:000014e0       ??_C@_1EM@MFKCHDPH@?$AAU?$AAn?$AAa?$AAb?$AAl?$AAe?$AA?5?$AAt?$AAo?$AA?5?$AAi?$AAn?$AAi?$AAt?$AAi?$AAa?$AAl?$AAi?$AAz?$AAe?$AA?5?$AAo?$AAu?$AAt?$AAp?$AAu?$AAt?$AA?5?$AAi?$AAn?$AAt?$AAe@ 100024e0     MfcDriver.obj
 0001:00001530       ??_C@_1GK@GCNIMDMC@?$AAF?$AAa?$AAi?$AAl?$AAe?$AAd?$AA?5?$AAt?$AAo?$AA?5?$AAr?$AAe?$AAq?$AAu?$AAe?$AAs?$AAt?$AA?5?$AAs?$AAy?$AAs?$AAi?$AAn?$AAt?$AAr?$AA?5?$AAv?$AAa?$AAl?$AAu?$AAe?$AA?5@ 10002530     MfcDriver.obj
 0001:000015a0       ??_C@_1FA@IOKABMIL@?$AAU?$AAn?$AAa?$AAb?$AAl?$AAe?$AA?5?$AAt?$AAo?$AA?5?$AAc?$AAr?$AAe?$AAa?$AAt?$AAe?$AA?5?$AAi?$AAn?$AAt?$AAe?$AAr?$AAr?$AAu?$AAp?$AAt?$AA?5?$AAn?$AAo?$AAt?$AAi?$AAf@ 100025a0     MfcDriver.obj
 0001:000015f0       ??_C@_1MA@PCLGIGBK@?$AAC?$AA?3?$AA?2?$AAW?$AAI?$AAN?$AAC?$AAE?$AA6?$AA0?$AA0?$AA?2?$AAP?$AAL?$AAA?$AAT?$AAF?$AAO?$AAR?$AAM?$AA?2?$AAT?$AAe?$AAn?$AAB?$AAy?$AAT?$AAe?$AAn?$AA6?$AA4?$AA1@ 100025f0     MfcDriver.obj
 0001:000016b0       ??_C@_1CI@OHCJFJPM@?$AAE?$AAR?$AAR?$AAO?$AAR?$AA?3?$AA?5?$AA?$CF?$AAs?$AA?5?$AAl?$AAi?$AAn?$AAe?$AA?5?$AA?$CF?$AAd?$AA?3?$AA?5?$AA?$AA@ 100026b0     MfcDriver.obj
 0001:000016d8       ??_C@_1EC@NAAPKPML@?$AAU?$AAn?$AAa?$AAb?$AAl?$AAe?$AA?5?$AAt?$AAo?$AA?5?$AAc?$AAr?$AAe?$AAa?$AAt?$AAe?$AA?5?$AAi?$AAn?$AAt?$AAe?$AAr?$AAr?$AAu?$AAp?$AAt?$AA?5?$AAe?$AAv?$AAe?$AAn?$AAt@ 100026d8     MfcDriver.obj
 0001:00001720       ??_C@_0EI@NMOMIDC@IOCTL_MFC_SET_CONFIG?5with?5MFC_SE@ 10002720     MfcSetConfig.obj
 0001:00001768       ??_C@_0EJ@HAFGAEPA@Please?5check?5if?5MFC_ROTATE_ENABL@ 10002768     MfcSetConfig.obj
 0001:000017b4       ??_C@_0BE@BGPOMBID@MFC_SetConfigParams?$AA@ 100027b4     MfcSetConfig.obj
 0001:000017c8       ??_C@_1GA@FCFDMFAE@?$AA?$FL?$AAM?$AAF?$AAC?$AA?$FN?$AA?5?$AAM?$AAF?$AAC?$AA?5?$AAP?$AAo?$AAw?$AAe?$AAr?$AA?$CI?$AA?$CF?$AAd?$AA?$CJ?$AA?5?$AA?3?$AA?5?$AAM?$AAF?$AAC?$AA?5?$AAP?$AAo?$AAw?$AAe?$AAr?$AA?5@ 100027c8     MfcPwrMgmt.obj
 0001:00001828       ??_C@_1EC@HPBPAIEL@?$AA?$FL?$AAM?$AAF?$AAC?$AA?$FN?$AA?5?$AAP?$AAW?$AAC?$AA0?$AA?5?$AAO?$AAp?$AAe?$AAn?$AA?5?$AAD?$AAe?$AAv?$AAi?$AAc?$AAe?$AA?5?$AAF?$AAa?$AAi?$AAl?$AAe?$AAd?$AA?4?$AA?$AN?$AA?6@ 10002828     MfcPwrMgmt.obj
 0001:0000186c       ??_C@_1M@NPGHCEML@?$AAP?$AAW?$AAC?$AA0?$AA?3?$AA?$AA@ 1000286c     MfcPwrMgmt.obj
 0001:00001878       ??_C@_1IA@OAIPLAIC@?$AA?$FL?$AA?$FL?$AAM?$AAF?$AAC?$AA?5?$AAD?$AAr?$AAi?$AAv?$AAe?$AAr?$AA?$FN?$AA?5?$AAM?$AAF?$AAC?$AA_?$AAI?$AAn?$AAi?$AAt?$AA?$CI?$AA?$CJ?$AA?5?$AA?3?$AA?5?$AAg?$AA_?$AAp?$AAS?$AAy@ 10002878     MfcPwrMgmt.obj
 0001:000018f8       ??_C@_1HO@PIIGLEAJ@?$AA?$FL?$AAM?$AAF?$AAC?$AA?5?$AAD?$AAr?$AAi?$AAv?$AAe?$AAr?$AA?$FN?$AA?5?$AAM?$AAF?$AAC?$AA_?$AAI?$AAn?$AAi?$AAt?$AA?$CI?$AA?$CJ?$AA?5?$AA?3?$AA?5?$AAg?$AA_?$AAp?$AAS?$AAy?$AAs@ 100028f8     MfcSetClk.obj
 0001:00001978       ??_C@_1IK@DGAFBCGF@?$AA?$FL?$AA?$FL?$AAM?$AAF?$AAC?$AA?5?$AAD?$AAr?$AAi?$AAv?$AAe?$AAr?$AA?$FN?$AA?5?$AAM?$AAf?$AAc?$AA_?$AAS?$AAe?$AAt?$AA_?$AAC?$AAl?$AAk?$AAD?$AAi?$AAv?$AA?$CI?$AA?$CJ?$AA?5?$AA?3@ 10002978     MfcSetClk.obj
 0001:00001a04       ??_C@_05MBDEGLCK@ERROR?$AA@ 10002a04     mfcdd_os_dep:LogMsg.obj
 0001:00001a0c       ??_C@_07KCOHIFOP@WARNING?$AA@ 10002a0c     mfcdd_os_dep:LogMsg.obj
 0001:00001a14       ??_C@_05EHILDPJH@TRACE?$AA@ 10002a14     mfcdd_os_dep:LogMsg.obj
 0001:00001a1c       ??_C@_07KLLOFIFH@MFC_DRV?$AA@ 10002a1c     mfcdd_os_dep:LogMsg.obj
 0001:00001a28       ??_C@_0O@FNKOPKNO@?$FL?$CFs?3?5?$CFs?$FN?5?$CFs?3?5?$AA@ 10002a28     mfcdd_os_dep:LogMsg.obj
 0001:00001a38       ??_C@_0BO@DNNPNFDC@ctx?9?$DOpStrmBuf?5address?50x?$CF08X?6?$AA@ 10002a38     mfc_os_indep_layer:MFC_Instance.obj
 0001:00001a58       ??_C@_0CD@LGJEGDIA@ctx?9?$DOphyadrStrmBuf?5address?50x?$CF08@ 10002a58     mfc_os_indep_layer:MFC_Instance.obj
 0001:00001a7c       ??_C@_0BD@FDOHOAHN@Get_MfcStrmBufAddr?$AA@ 10002a7c     mfc_os_indep_layer:MFC_Instance.obj
 0001:00001a90       ??_C@_0BE@JLMODKKA@ctx?9?$DOinst_no?5?3?5?$CFd?$AN?6?$AA@ 10002a90     mfc_os_indep_layer:MFC_Instance.obj
 0001:00001aa4       ??_C@_0BH@IONFCDOK@ctx?9?$DOpFramBuf?5?3?50x?$CFX?$AN?6?$AA@ 10002aa4     mfc_os_indep_layer:MFC_Instance.obj
 0001:00001abc       ??_C@_0BM@PFJDBOMI@ctx?9?$DOphyadrFramBuf?5?3?50x?$CFX?$AN?6?$AA@ 10002abc     mfc_os_indep_layer:MFC_Instance.obj
 0001:00001ad8       ??_C@_0CG@GGENLHOJ@Frame?5buffer?5allocation?5was?5fail@ 10002ad8     mfc_os_indep_layer:MFC_Instance.obj
 0001:00001b00       ??_C@_0BD@ODHAIKDJ@Get_MfcFramBufAddr?$AA@ 10002b00     mfc_os_indep_layer:MFC_Instance.obj
 0001:00001b14       ??_C@_0BL@DJEGAHIG@MFC?5instance?5is?5deleted?4?$AN?6?$AA@ 10002b14     mfc_os_indep_layer:MFC_Instance.obj
 0001:00001b30       ??_C@_0BD@DOKOMHAG@MFCInst_GetRingBuf?$AA@ 10002b30     mfc_os_indep_layer:MFC_Instance.obj
 0001:00001b44       ??_C@_0DD@BJOAPONH@MFC?5Frame?5buffer?5is?5not?5internal@ 10002b44     mfc_os_indep_layer:MFC_Instance.obj
 0001:00001b78       ??_C@_0CD@PLLBBGNE@MFC?5instance?5is?5not?5initialized?4@ 10002b78     mfc_os_indep_layer:MFC_Instance.obj
 0001:00001b9c       ??_C@_0BD@BIGAJKJH@MFCInst_GetFramBuf?$AA@ 10002b9c     mfc_os_indep_layer:MFC_Instance.obj
 0001:00001bb0       ??_C@_0M@BLCEPOIE@state?5?3?5?$CFd?6?$AA@ 10002bb0     mfc_os_indep_layer:MFC_Instance.obj
 0001:00001bbc       ??_C@_0N@CMDKEMEI@s3c_mfc_open?$AA@ 10002bbc     mfc_os_indep_layer:MFC_Instance.obj
 0001:00001bcc       ??_C@_0CD@PCJAJDEG@MFC?5instance?5is?5already?5deleted?4@ 10002bcc     mfc_os_indep_layer:MFC_Instance.obj
 0001:00001bf0       ??_C@_0P@MHIPMEKM@MFCInst_Delete?$AA@ 10002bf0     mfc_os_indep_layer:MFC_Instance.obj
 0001:00001c00       ??_C@_0BH@HHOFOIBP@SEQ_INIT?5failed?4?5?$FL?$CFd?$FN?6?$AA@ 10002c00     mfc_os_indep_layer:MFC_Instance.obj
 0001:00001c18       ??_C@_0BH@KMCPMIJM@After?5init?5state?5?3?5?$CFd?6?$AA@ 10002c18     mfc_os_indep_layer:MFC_Instance.obj
 0001:00001c30       ??_C@_0DK@FPBHPCBJ@Address?5of?5YUV?5?$CIRef?4Num?$DN?$CFd?$CJ?5?$CIY?$DN0@ 10002c30     mfc_os_indep_layer:MFC_Instance.obj
 0001:00001c6c       ??_C@_0DO@FBAOBMGD@MFC?5Instance?5init?5failed?$CB?5?$CIrequi@ 10002c6c     mfc_os_indep_layer:MFC_Instance.obj
 0001:00001cac       ??_C@_0DD@OKMOOLAN@SEQ_SRC_SIZE?0?5?$CIwidth?$DN?$CFd?$CJ?5?$CIheight@ 10002cac     mfc_os_indep_layer:MFC_Instance.obj
 0001:00001ce0       ??_C@_0BE@FDIOGPNM@nFramBufSize?5?$DN?5?$CFd?$AN?6?$AA@ 10002ce0     mfc_os_indep_layer:MFC_Instance.obj
 0001:00001cf4       ??_C@_0CB@DELILBBH@nFramBufSize?5for?54K?5align?5?$DN?5?$CFd?$AN?6@ 10002cf4     mfc_os_indep_layer:MFC_Instance.obj
 0001:00001d18       ??_C@_0CE@OKIHHNKP@?7RET_DEC_SEQ_SRC_SIZE?5?5?5?5?5?5?5?5?5?$DN?5@ 10002d18     mfc_os_indep_layer:MFC_Instance.obj
 0001:00001d3c       ??_C@_0CE@BINLANHH@?7RET_DEC_SEQ_SRC_FRAME_RATE?5?5?5?$DN?5@ 10002d3c     mfc_os_indep_layer:MFC_Instance.obj
 0001:00001d60       ??_C@_0CE@DNHJAHCL@?7RET_DEC_SEQ_FRAME_NEED_COUNT?5?$DN?5@ 10002d60     mfc_os_indep_layer:MFC_Instance.obj
 0001:00001d84       ??_C@_0CE@GNFKCJCL@?7RET_DEC_SEQ_FRAME_DELAY?5?5?5?5?5?5?$DN?5@ 10002d84     mfc_os_indep_layer:MFC_Instance.obj
 0001:00001da8       ??_C@_0BC@OHKAGCC@SEQ_INIT?5failed?4?6?$AA@ 10002da8     mfc_os_indep_layer:MFC_Instance.obj
 0001:00001dbc       ??_C@_0BA@MPDENKEN@strm_leng?5?3?5?$CFd?6?$AA@ 10002dbc     mfc_os_indep_layer:MFC_Instance.obj
 0001:00001dcc       ??_C@_0BP@GKPJFOHN@?5?5ctx?9?$DOphyadrStrmBuf?5?5?5?$DN?50x?$CFX?6?$AA@ 10002dcc     mfc_os_indep_layer:MFC_Instance.obj
 0001:00001dec       ??_C@_0BP@JCBJKFIK@?5?5ctx?9?$DOphyadrStrmBuf?5?$CL?5?$DN?50x?$CFX?6?$AA@ 10002dec     mfc_os_indep_layer:MFC_Instance.obj
 0001:00001e0c       ??_C@_0BJ@DAGEFMAF@?5?5ctx?9?$DOinst_no?5?5?5?5?5?$DN?5?$CFd?6?$AA@ 10002e0c     mfc_os_indep_layer:MFC_Instance.obj
 0001:00001e28       ??_C@_0BJ@LCBDKDJC@?5?5ctx?9?$DOcodec_mode?5?5?$DN?5?$CFd?6?$AA@ 10002e28     mfc_os_indep_layer:MFC_Instance.obj
 0001:00001e44       ??_C@_0BO@EEAGMDPJ@?5?5SEQ_BIT_BUF_SIZE?5?$DN?5?$CFd?5?$CIKB?$CJ?6?$AA@ 10002e44     mfc_os_indep_layer:MFC_Instance.obj
 0001:00001e64       ??_C@_0DL@EHGEHDKD@Input?5buffer?5size?5is?5too?5small?5t@ 10002e64     mfc_os_indep_layer:MFC_Instance.obj
 0001:00001ea0       ??_C@_0DC@LFDEGKGF@Init?5function?5was?5called?5at?5an?5i@ 10002ea0     mfc_os_indep_layer:MFC_Instance.obj
 0001:00001ed4       ??_C@_0N@CJLPHNDG@MFCInst_Init?$AA@ 10002ed4     mfc_os_indep_layer:MFC_Instance.obj
 0001:00001ee8       ??_C@_0FD@PDNHGKFA@Source?5picture?5width?5and?5height?5@ 10002ee8     mfc_os_indep_layer:MFC_Instance.obj
 0001:00001f3c       ??_C@_0CO@FKBGAIDC@MFC?5encoder?5supports?5MPEG4?0?5H?426@ 10002f3c     mfc_os_indep_layer:MFC_Instance.obj
 0001:00001f6c       ??_C@_0BD@LLCMOGHD@ENC?5SEQ?5INIT?5Fail?6?$AA@ 10002f6c     mfc_os_indep_layer:MFC_Instance.obj
 0001:00001f80       ??_C@_0CJ@GJMJPEJP@Initialization?5of?5MFC?5Instance?5f@ 10002f80     mfc_os_indep_layer:MFC_Instance.obj
 0001:00001fac       ??_C@_0BG@GLIKGIIB@ENC?5SEQ?5INIT?5success?6?$AA@ 10002fac     mfc_os_indep_layer:MFC_Instance.obj
 0001:00001fc4       ??_C@_0BG@JHMCPGLG@ENC_SEQ_INTRA_QP?$DN?5?$CFd?6?$AA@ 10002fc4     mfc_os_indep_layer:MFC_Instance.obj
 0001:00001fdc       ??_C@_0BH@GOLKIIHN@ENC_SEQ_RC_OPTION?$DN?5?$CFd?6?$AA@ 10002fdc     mfc_os_indep_layer:MFC_Instance.obj
 0001:00001ff4       ??_C@_0BG@DPNMIECH@ENC_SEQ_RC_GAMMA?$DN?5?$CFd?6?$AA@ 10002ff4     mfc_os_indep_layer:MFC_Instance.obj
 0001:0000200c       ??_C@_0BL@JFHCKEIP@?5?5ctx?9?$DOframeRateDiv?5?$DN?5?$CFd?$AN?6?$AA@ 1000300c     mfc_os_indep_layer:MFC_Instance.obj
 0001:00002028       ??_C@_0BL@IDJKAPMG@?5?5ctx?9?$DOframeRateRes?5?$DN?5?$CFd?$AN?6?$AA@ 10003028     mfc_os_indep_layer:MFC_Instance.obj
 0001:00002044       ??_C@_0BF@OFBCGJG@?5?5ctx?9?$DOinst_no?5?$DN?5?$CFd?6?$AA@ 10003044     mfc_os_indep_layer:MFC_Instance.obj
 0001:0000205c       ??_C@_0BI@NELNEADN@?5?5ctx?9?$DOcodec_mode?5?$DN?5?$CFd?6?$AA@ 1000305c     mfc_os_indep_layer:MFC_Instance.obj
 0001:00002074       ??_C@_0BN@GMKNOPCE@?5?5ctx?9?$DOphyadrStrmBuf?5?$DN?50x?$CFX?6?$AA@ 10003074     mfc_os_indep_layer:MFC_Instance.obj
 0001:00002094       ??_C@_0CM@HNOIJFPO@Maximum?5GOP?5number?5is?560?4?5?5GOP?5n@ 10003094     mfc_os_indep_layer:MFC_Instance.obj
 0001:000020c0       ??_C@_0BB@FOGNJJP@MFCInst_Enc_Init?$AA@ 100030c0     mfc_os_indep_layer:MFC_Instance.obj
 0001:000020d4       ??_C@_1DC@GAHDDEPD@?$AAR?$AAe?$AAp?$AAo?$AAr?$AAt?$AA?5?$AAM?$AAB?$AA?5?$AAE?$AAr?$AAr?$AAo?$AAr?$AA?5?$AAn?$AAu?$AAm?$AA?$DN?$AA?$CF?$AAd?$AA?$AN?$AA?6?$AA?$AA@ 100030d4     mfc_os_indep_layer:MFC_Instance.obj
 0001:00002108       ??_C@_0BK@BNBDALJP@Decoding?5Fail?0?5ret?5?$DN?5?$CFd?$AN?6?$AA@ 10003108     mfc_os_indep_layer:MFC_Instance.obj
 0001:00002124       ??_C@_0BO@GGCGNCFM@No?5picture?5to?5be?5displayed?4?$AN?6?$AA@ 10003124     mfc_os_indep_layer:MFC_Instance.obj
 0001:00002144       ??_C@_0BB@DDCKHLPA@End?5of?5Stream?4?$AN?6?$AA@ 10003144     mfc_os_indep_layer:MFC_Instance.obj
 0001:00002158       ??_C@_0DF@GKCHMPJL@RET_DEC_PIC_SUCCESS?5is?5not?5value@ 10003158     mfc_os_indep_layer:MFC_Instance.obj
 0001:00002190       ??_C@_06GAGNPJNE@Decode?$AA@ 10003190     mfc_os_indep_layer:MFC_Instance.obj
 0001:00002198       ??_C@_0CG@JMOANEMP@MFC?5instance?5is?5in?5Power?9Off?5sta@ 10003198     mfc_os_indep_layer:MFC_Instance.obj
 0001:000021c0       ??_C@_0P@DGEEBAGJ@MFCInst_Decode?$AA@ 100031c0     mfc_os_indep_layer:MFC_Instance.obj
 0001:000021d0       ??_C@_0EI@EDHLJNLP@MFC?5Encoder?5instance?5is?5not?5init@ 100031d0     mfc_os_indep_layer:MFC_Instance.obj
 0001:00002218       ??_C@_0BC@MCHFJCDO@MFCInst_EncHeader?$AA@ 10003218     mfc_os_indep_layer:MFC_Instance.obj
 0001:0000222c       ??_C@_0DB@HDHFDKIP@MFC?5Encoder?5Parameter?5change?5val@ 1000322c     mfc_os_indep_layer:MFC_Instance.obj
 0001:00002260       ??_C@_0BH@INICADHF@MFCInst_EncParamChange?$AA@ 10003260     mfc_os_indep_layer:MFC_Instance.obj
 0001:00002278       ??_C@_0CG@FMIPPMGA@MPEG4?5Header?5Size?5?3?5SPS?$DN?$CFd?0?5PPS?$DN@ 10003278     mfc_os_indep_layer:MFC_Instance.obj
 0001:000022a0       ??_C@_0CN@PBEJANLH@MPEG4?5Header?5Size?5?3?5VOS?$DN?$CFd?0?5VO?$DN?$CF@ 100032a0     mfc_os_indep_layer:MFC_Instance.obj
 0001:000022d0       ??_C@_06KMNNACKD@Encode?$AA@ 100032d0     mfc_os_indep_layer:MFC_Instance.obj
 0001:000022d8       ??_C@_0P@PKPEOLBO@MFCInst_Encode?$AA@ 100032d8     mfc_os_indep_layer:MFC_Instance.obj
 0001:000022e8       ??_C@_0CD@JGCJFGGE@Data?5buffer?5Memory?5mapping?5fail?$CB@ 100032e8     mfc_os_indep_layer:MFC_HW_Init.obj
 0001:0000230c       ??_C@_0CL@GGODIPMF@Bitprocessor?5buffer?5Memory?5mappi@ 1000330c     mfc_os_indep_layer:MFC_HW_Init.obj
 0001:00002338       ??_C@_0BP@LFDHIGDA@MFC?5SFR?5Memory?5mapping?5fail?$CB?$AN?6?$AA@ 10003338     mfc_os_indep_layer:MFC_HW_Init.obj
 0001:00002358       ??_C@_0P@CEGGKPEA@MfcMemorySetup?$AA@ 10003358     mfc_os_indep_layer:MFC_HW_Init.obj
 0001:00002368       ??_C@_0CJ@DMCHNGBE@Download?5?5FirmwareIntoBitProcess@ 10003368     mfc_os_indep_layer:MFC_HW_Init.obj
 0001:00002394       ??_C@_0M@KPOACMDA@MFC_HW_Init?$AA@ 10003394     mfc_os_indep_layer:MFC_HW_Init.obj
 0001:000023a0       ??_C@_0DG@BNFGAKND@Timeout?5in?5waiting?5for?5the?5Bit?5P@ 100033a0     mfc_os_indep_layer:MfcSfr.obj
 0001:000023d8       ??_C@_0N@BOCHEMBA@WaitForReady?$AA@ 100033d8     mfc_os_indep_layer:MfcSfr.obj
 0001:000023e8       ??_C@_0DN@DHMCDMDM@MFC_Sleep?0?5BitProcessor?5is?5busy?5@ 100033e8     mfc_os_indep_layer:MfcSfr.obj
 0001:00002428       ??_C@_09OABENLKN@LOG_ERROR?$AA@ 10003428     mfc_os_indep_layer:MfcSfr.obj
 0001:00002434       ??_C@_0N@KCJINAHP@ENC_PARA_SET?$AA@ 10003434     mfc_os_indep_layer:MfcSfr.obj
 0001:00002444       ??_C@_0N@OJMKNPE@DEC_PARA_SET?$AA@ 10003444     mfc_os_indep_layer:MfcSfr.obj
 0001:00002454       ??_C@_0L@CMIJHPBO@GET_FW_VER?$AA@ 10003454     mfc_os_indep_layer:MfcSfr.obj
 0001:00002460       ??_C@_09JDMKDBON@UNDEF?5CMD?$AA@ 10003460     mfc_os_indep_layer:MfcSfr.obj
 0001:0000246c       ??_C@_0L@HPEFHMKK@ENC_HEADER?$AA@ 1000346c     mfc_os_indep_layer:MfcSfr.obj
 0001:00002478       ??_C@_08MEJKDJGD@SEQ_INIT?$AA@ 10003478     mfc_os_indep_layer:MfcSfr.obj
 0001:00002484       ??_C@_07GIANIPOB@SEQ_END?$AA@ 10003484     mfc_os_indep_layer:MfcSfr.obj
 0001:0000248c       ??_C@_07EIGOIKNL@PIC_RUN?$AA@ 1000348c     mfc_os_indep_layer:MfcSfr.obj
 0001:00002494       ??_C@_0O@BGMDJNCB@SET_FRAME_BUF?$AA@ 10003494     mfc_os_indep_layer:MfcSfr.obj
 0001:000024a4       ??_C@_0CB@OIHPLODG@GET_FW_VER?5command?5was?5issued?4?$AN?6@ 100034a4     mfc_os_indep_layer:MfcSfr.obj
 0001:000024c8       ??_C@_0BE@JCLNJFMH@GetFirmwareVersion?5?$AA@ 100034c8     mfc_os_indep_layer:MfcSfr.obj
 0001:000024dc       ??_C@_0BK@EIKNEPIO@GET_FW_VER?5?$DN?$DO?50x?$CFX?0?50x?$CFX?6?$AA@ 100034dc     mfc_os_indep_layer:MfcSfr.obj
 0001:000024f8       ??_C@_0BD@FEHFHMAE@GetFirmwareVersion?$AA@ 100034f8     mfc_os_indep_layer:MfcSfr.obj
 0001:0000250c       ??_C@_0BB@BAAABGNO@BUSY_FLAG?5?$DN?$DO?5?$CFd?6?$AA@ 1000350c     mfc_os_indep_layer:MfcSfr.obj
 0001:00002520       ??_C@_09OGNCNCBH@BUSY_FLAG?$AA@ 10003520     mfc_os_indep_layer:MfcSfr.obj
 0001:00002530       ??_C@_0EI@HIEKEKLB@MfcIssueCmd?5CMD?5?$DN?5?$CFs?0?5BitProcess@ 10003530     mfc_os_indep_layer:MfcSfr.obj
 0001:00002578       ??_C@_0DK@FDNPCGBN@MfcIssueCmd?5CMD?5?$DN?5?$CFs?0?5BUFFER?5EMP@ 10003578     mfc_os_indep_layer:MfcSfr.obj
 0001:000025b8       ??_C@_0EC@EKDHHJDP@MfcIssueCmd?5CMD?5?$DN?5?$CFs?0?5WaitInterr@ 100035b8     mfc_os_indep_layer:MfcSfr.obj
 0001:000025fc       ??_C@_0CH@DBHBNKFB@For?5MFC_SFR?3?5Address?5Mapping?5fai@ 100035fc     mfc_os_indep_layer:MfcSfr.obj
 0001:00002624       ??_C@_0O@IJFPEAAI@MfcSfrMapping?$AA@ 10003624     mfc_os_indep_layer:MfcSfr.obj
 0001:00002634       ??_C@_0CF@OKPONLPL@For?5DATA_BUF?3?5VirtualAlloc?5faile@ 10003634     mfc_os_indep_layer:DataBuf.obj
 0001:0000265c       ??_C@_0BC@HPDKNIAC@MfcDataBufMapping?$AA@ 1000365c     mfc_os_indep_layer:DataBuf.obj
 0001:00002670       ??_C@_0CI@NDMNFGNI@For?5BITPROC_BUF?3?5VirtualAlloc?5fa@ 10003670     mfc_os_indep_layer:BitProcBuf.obj
 0001:00002698       ??_C@_0BF@CGPDFFBA@MfcBitProcBufMapping?$AA@ 10003698     mfc_os_indep_layer:BitProcBuf.obj
 0001:000026b0       bit_code                   100036b0     mfc_os_indep_layer:Prism_S_V13E.obj
 0001:00016740       ??_C@_0BE@BPADLGGB@Phy2Vir_AddrMapping?$AA@ 10017740     mfcdd_os_dep:MfcMemory.obj
 0001:00016758       ??_C@_1FI@INDLJHKJ@?$AA?$FL?$AAM?$AAF?$AAC?$AA?3?$AAE?$AAR?$AAR?$AA?$FN?$AA?5?$AA?$CF?$AAs?$AA?5?$AA?3?$AA?5?$AAM?$AAa?$AAp?$AAp?$AAi?$AAn?$AAg?$AA?5?$AAF?$AAa?$AAi?$AAl?$AAe?$AAd?$AA?5?$AA?$FL?$AAP@ 10017758     mfcdd_os_dep:MfcMemory.obj
 0001:000167b0       ??_C@_0BM@EJHAMPDM@memory?5allocation?5failed?$CB?$AN?6?$AA@ 100177b0     mfcdd_os_dep:MfcMemory.obj
 0001:000167cc       ??_C@_09BLNLEMAB@Mem_Alloc?$AA@ 100177cc     mfcdd_os_dep:MfcMemory.obj
 0001:00016800       ?DllEntry@@YAHPAXK0@Z      10017800 f   MfcDriver.obj
 0001:00016818       ?MFC_Deinit@@YAHK@Z        10017818 f   MfcDriver.obj
 0001:00016858       ?MFC_Open@@YAKKKK@Z        10017858 f   MfcDriver.obj
 0001:00016954       ?MFC_Close@@YAHK@Z         10017954 f   MfcDriver.obj
 0001:00016a30       ?process_MFC_PowerUp@@YA?AW4_CEDEVICE_POWER_STATE@@KPAW41@@Z 10017a30 f   MfcDriver.obj
 0001:00016aec       ?process_MFC_PowerDown@@YA?AW4_CEDEVICE_POWER_STATE@@KPAW41@@Z 10017aec f   MfcDriver.obj
 0001:00016bec       ?MFC_IOControl@@YAHKKPAEK0KPAK@Z 10017bec f   MfcDriver.obj
 0001:00017884       ?MFC_PowerUp@@YAHK@Z       10018884 f   MfcDriver.obj
 0001:0001788c       ?MFC_PowerDown@@YAHK@Z     1001888c f   MfcDriver.obj
 0001:00017a90       ?MFC_Init@@YAKK@Z          10018a90 f   MfcDriver.obj
 0001:00017afc       ?MFC_GetConfigParams@@YAHPAUMFCInstCtx@@PATMFC_ARGS@@@Z 10018afc f   MfcSetConfig.obj
 0001:00017c38       ?MFC_SetConfigParams@@YAHPAUMFCInstCtx@@PATMFC_ARGS@@@Z 10018c38 f   MfcSetConfig.obj
 0001:00018060       ?Mfc_Pwr_On@@YAHXZ         10019060 f   MfcPwrMgmt.obj
 0001:00018084       ?Mfc_Pwr_Off@@YAHXZ        10019084 f   MfcPwrMgmt.obj
 0001:000180a8       ?Mfc_Clk_On@@YAHXZ         100190a8 f   MfcPwrMgmt.obj
 0001:000180bc       ?Mfc_Clk_Off@@YAHXZ        100190bc f   MfcPwrMgmt.obj
 0001:00018140       ?Mfc_Set_ClkDiv@@YAHH@Z    10019140 f   MfcSetClk.obj
 0001:000181cc       MFC_Mutex_Create           100191cc f   mfcdd_os_dep:MfcMutex.obj
 0001:000181e8       MFC_Mutex_Delete           100191e8 f   mfcdd_os_dep:MfcMutex.obj
 0001:00018200       MFC_Mutex_Lock             10019200 f   mfcdd_os_dep:MfcMutex.obj
 0001:0001821c       MFC_Mutex_Release          1001921c f   mfcdd_os_dep:MfcMutex.obj
 0001:00018238       CreateInterruptNotification 10019238 f   mfcdd_os_dep:MfcIntrNotification.obj
 0001:00018284       DeleteInterruptNotification 10019284 f   mfcdd_os_dep:MfcIntrNotification.obj
 0001:000182ac       SendInterruptNotification  100192ac f   mfcdd_os_dep:MfcIntrNotification.obj
 0001:000182e8       WaitInterruptNotification  100192e8 f   mfcdd_os_dep:MfcIntrNotification.obj
 0001:00018338       LOG_MSG                    10019338 f   mfcdd_os_dep:LogMsg.obj
 0001:0001844c       MFCInst_GetCtx             1001944c f   mfc_os_indep_layer:MFC_Instance.obj
 0001:00018538       MFCInst_GetLineBuf         10019538 f   mfc_os_indep_layer:MFC_Instance.obj
 0001:0001858c       MFCInst_GetFramBuf         1001958c f   mfc_os_indep_layer:MFC_Instance.obj
 0001:00018688       MFCInst_GetFramBufPhysical 10019688 f   mfc_os_indep_layer:MFC_Instance.obj
 0001:0001875c       MFCInst_Create             1001975c f   mfc_os_indep_layer:MFC_Instance.obj
 0001:0001882c       MFCInst_Delete             1001982c f   mfc_os_indep_layer:MFC_Instance.obj
 0001:00018880       MFCInst_PowerOffState      10019880 f   mfc_os_indep_layer:MFC_Instance.obj
 0001:00018890       MFCInst_PowerOnState       10019890 f   mfc_os_indep_layer:MFC_Instance.obj
 0001:000188a0       MFCInst_Dec_Init           100198a0 f   mfc_os_indep_layer:MFC_Instance.obj
 0001:00018df8       MFCInst_Enc_Init           10019df8 f   mfc_os_indep_layer:MFC_Instance.obj
 0001:00019430       MFCInst_Decode             1001a430 f   mfc_os_indep_layer:MFC_Instance.obj
 0001:000196ec       MFCInst_EncHeader          1001a6ec f   mfc_os_indep_layer:MFC_Instance.obj
 0001:000197f0       MFCInst_EncParamChange     1001a7f0 f   mfc_os_indep_layer:MFC_Instance.obj
 0001:00019974       MFCInst_Encode             1001a974 f   mfc_os_indep_layer:MFC_Instance.obj
 0001:00019e18       MFC_MemorySetup            1001ae18 f   mfc_os_indep_layer:MFC_HW_Init.obj
 0001:00019e94       MFC_HW_Init                1001ae94 f   mfc_os_indep_layer:MFC_HW_Init.obj
 0001:00019f3c       MFC_Sleep                  1001af3c f   mfc_os_indep_layer:MfcSfr.obj
 0001:0001a068       GetFirmwareVersion         1001b068 f   mfc_os_indep_layer:MfcSfr.obj
 0001:0001a110       MfcIssueCmd                1001b110 f   mfc_os_indep_layer:MfcSfr.obj
 0001:0001a1ec       MfcSfrMemMapping           1001b1ec f   mfc_os_indep_layer:MfcSfr.obj
 0001:0001a264       GetMfcSfrVirAddr           1001b264 f   mfc_os_indep_layer:MfcSfr.obj
 0001:0001a274       MfcGetCmdParamRegion       1001b274 f   mfc_os_indep_layer:MfcSfr.obj
 0001:0001a288       MfcReset                   1001b288 f   mfc_os_indep_layer:MfcSfr.obj
 0001:0001a2c8       MfcClearIntr               1001b2c8 f   mfc_os_indep_layer:MfcSfr.obj
 0001:0001a2e8       MfcIntrReason              1001b2e8 f   mfc_os_indep_layer:MfcSfr.obj
 0001:0001a2fc       MfcSetEos                  1001b2fc f   mfc_os_indep_layer:MfcSfr.obj
 0001:0001a320       MfcFirmwareIntoCodeDownReg 1001b320 f   mfc_os_indep_layer:MfcSfr.obj
 0001:0001a354       MfcStartBitProcessor       1001b354 f   mfc_os_indep_layer:MfcSfr.obj
 0001:0001a36c       MfcConfigSFR_BITPROC_BUF   1001b36c f   mfc_os_indep_layer:MfcSfr.obj
 0001:0001a3a0       MfcConfigSFR_CTRL_OPTS     1001b3a0 f   mfc_os_indep_layer:MfcSfr.obj
 0001:0001a3cc       MFC_Wakeup                 1001b3cc f   mfc_os_indep_layer:MfcSfr.obj
 0001:0001a430       CleanInvalidateCacheRange  1001b430 f   mfc_os_indep_layer:CacheOpr.obj
 0001:0001a440       CleanCacheRange            1001b440 f   mfc_os_indep_layer:CacheOpr.obj
 0001:0001a450       InvalidateCacheRange       1001b450 f   mfc_os_indep_layer:CacheOpr.obj
 0001:0001a460       MfcDataBufMemMapping       1001b460 f   mfc_os_indep_layer:DataBuf.obj
 0001:0001a4c8       GetDataBufVirAddr          1001b4c8 f   mfc_os_indep_layer:DataBuf.obj
 0001:0001a4d8       GetDataBufPhyAddr          1001b4d8 f   mfc_os_indep_layer:DataBuf.obj
 0001:0001a4e8       FramBufMgrFinal            1001b4e8 f   mfc_os_indep_layer:FramBufMgr.obj
 0001:0001a544       FramBufMgrCommit           1001b544 f   mfc_os_indep_layer:FramBufMgr.obj
 0001:0001a654       FramBufMgrFree             1001b654 f   mfc_os_indep_layer:FramBufMgr.obj
 0001:0001a6d0       FramBufMgrInit             1001b6d0 f   mfc_os_indep_layer:FramBufMgr.obj
 0001:0001a7b0       MfcInstPool_Occupy         1001b7b0 f   mfc_os_indep_layer:MFC_Inst_Pool.obj
 0001:0001a834       MfcInstPool_Release        1001b834 f   mfc_os_indep_layer:MFC_Inst_Pool.obj
 0001:0001a874       MfcBitProcBufMemMapping    1001b874 f   mfc_os_indep_layer:BitProcBuf.obj
 0001:0001a8dc       GetParamBufVirAddr         1001b8dc f   mfc_os_indep_layer:BitProcBuf.obj
 0001:0001a8f0       MfcFirmwareIntoCodeBuf     1001b8f0 f   mfc_os_indep_layer:BitProcBuf.obj
 0001:0001a930       __GetUserKData             1001b930 f   coredll:COREDLL.dll
 0001:0001a940       DisableThreadLibraryCalls  1001b940 f   coredll:COREDLL.dll
 0001:0001a950       CloseHandle                1001b950 f   coredll:COREDLL.dll
 0001:0001a960       InterruptDisable           1001b960 f   coredll:COREDLL.dll
 0001:0001a970       InterlockedDecrement       1001b970 f   coredll:COREDLL.dll
 0001:0001a980       InterlockedIncrement       1001b980 f   coredll:COREDLL.dll
 0001:0001a990       NKDbgPrintfW               1001b990 f   coredll:COREDLL.dll
 0001:0001a9a0       VirtualFreeEx              1001b9a0 f   coredll:COREDLL.dll
 0001:0001a9b0       VirtualCopyEx              1001b9b0 f   coredll:COREDLL.dll
 0001:0001a9c0       VirtualAllocEx             1001b9c0 f   coredll:COREDLL.dll
 0001:0001a9d0       CeCloseCallerBuffer        1001b9d0 f   coredll:COREDLL.dll
 0001:0001a9e0       SetLastError               1001b9e0 f   coredll:COREDLL.dll
 0001:0001a9f0       GetDirectCallerProcessId   1001b9f0 f   coredll:COREDLL.dll
 0001:0001aa00       CeOpenCallerBuffer         1001ba00 f   coredll:COREDLL.dll
 0001:0001aa10       InterruptDone              1001ba10 f   coredll:COREDLL.dll
 0001:0001aa20       WaitForSingleObject        1001ba20 f   coredll:COREDLL.dll
 0001:0001aa30       CeSetThreadPriority        1001ba30 f   coredll:COREDLL.dll
 0001:0001aa40       CreateThread               1001ba40 f   coredll:COREDLL.dll
 0001:0001aa50       InterruptInitialize        1001ba50 f   coredll:COREDLL.dll
 0001:0001aa60       KernelIoControl            1001ba60 f   coredll:COREDLL.dll
 0001:0001aa70       CreateEventW               1001ba70 f   coredll:COREDLL.dll
 0001:0001aa80       DeviceIoControl            1001ba80 f   coredll:COREDLL.dll
 0001:0001aa90       CreateFileW                1001ba90 f   coredll:COREDLL.dll
 0001:0001aaa0       InitializeCriticalSection  1001baa0 f   coredll:COREDLL.dll
 0001:0001aab0       DeleteCriticalSection      1001bab0 f   coredll:COREDLL.dll
 0001:0001aac0       EnterCriticalSection       1001bac0 f   coredll:COREDLL.dll
 0001:0001aad0       LeaveCriticalSection       1001bad0 f   coredll:COREDLL.dll
 0001:0001aae0       EventModify                1001bae0 f   coredll:COREDLL.dll
 0001:0001aaf0       MultiByteToWideChar        1001baf0 f   coredll:COREDLL.dll
 0001:0001ab00       Sleep                      1001bb00 f   coredll:COREDLL.dll
 0001:0001ab10       MmMapIoSpace               1001bb10 f   ceddk:CEDDK.dll
 0001:0001ab20       MmUnmapIoSpace             1001bb20 f   ceddk:CEDDK.dll
 0001:0001ab30       __GSHandlerCheckCommon     1001bb30 f   corelib0:gshandler.obj
 0001:0001ab6c       __GSHandlerCheck           1001bb6c f   corelib0:gshandler.obj
 0001:0001ab90       __security_check_cookie    1001bb90 f   corelib0:armsecgs.obj
 0001:0001aba4       __gsfailure                1001bba4 f   corelib0:armsecgs.obj
 0001:0001abe8       free                       1001bbe8 f   corelib1:COREDLL.dll
 0001:0001abf8       malloc                     1001bbf8 f   corelib1:COREDLL.dll
 0001:0001ac08       memset                     1001bc08 f   corelib1:COREDLL.dll
 0001:0001ac18       __C_specific_handler       1001bc18 f   corelib1:COREDLL.dll
 0001:0001ac28       calloc                     1001bc28 f   corelib1:COREDLL.dll
 0001:0001ac38       vsprintf                   1001bc38 f   corelib1:COREDLL.dll
 0001:0001ac48       sprintf                    1001bc48 f   corelib1:COREDLL.dll
 0001:0001ac58       strlen                     1001bc58 f   corelib1:COREDLL.dll
 0001:0001ac68       __rt_sdiv                  1001bc68 f   corelib1:COREDLL.dll
 0001:0001ac78       __lts                      1001bc78 f   corelib1:COREDLL.dll
 0001:0001ac88       __gts                      1001bc88 f   corelib1:COREDLL.dll
 0001:0001ac98       __muls                     1001bc98 f   corelib1:COREDLL.dll
 0001:0001aca8       __stod                     1001bca8 f   corelib1:COREDLL.dll
 0001:0001acb8       __rt_udiv                  1001bcb8 f   corelib1:COREDLL.dll
 0001:0001acc8       memmove                    1001bcc8 f   corelib1:COREDLL.dll
 0001:0001acd8       __report_gsfailure         1001bcd8 f   corelib1:COREDLL.dll
 0001:0001ace8       Phy2Vir_AddrMapping        1001bce8 f   mfcdd_os_dep:MfcMemory.obj
 0001:0001ad2c       Mem_Alloc                  1001bd2c f   mfcdd_os_dep:MfcMemory.obj
 0001:0001ad60       Mem_Free                   1001bd60 f   mfcdd_os_dep:MfcMemory.obj
 0001:0001ad70       Mem_Cpy                    1001bd70 f   mfcdd_os_dep:MfcMemory.obj
 0001:0001ad80       Mem_Set                    1001bd80 f   mfcdd_os_dep:MfcMemory.obj
 0001:0001ad98       memcpy                     1001bd98 f   corelib1:COREDLL.dll
 0001:0001add0       __IMPORT_DESCRIPTOR_COREDLL 1001bdd0     coredll:COREDLL.dll
 0001:0001ade4       __IMPORT_DESCRIPTOR_CEDDK  1001bde4     ceddk:CEDDK.dll
 0001:0001adf8       __NULL_IMPORT_DESCRIPTOR   1001bdf8     coredll:COREDLL.dll
 0002:00000000       __imp_MmMapIoSpace         1001c000     ceddk:CEDDK.dll
 0002:00000004       __imp_MmUnmapIoSpace       1001c004     ceddk:CEDDK.dll
 0002:00000008       \177CEDDK_NULL_THUNK_DATA  1001c008     ceddk:CEDDK.dll
 0002:0000000c       __imp_InterruptDisable     1001c00c     coredll:COREDLL.dll
 0002:00000010       __imp_InterlockedDecrement 1001c010     coredll:COREDLL.dll
 0002:00000014       __imp_InterlockedIncrement 1001c014     coredll:COREDLL.dll
 0002:00000018       __imp_NKDbgPrintfW         1001c018     coredll:COREDLL.dll
 0002:0000001c       __imp_VirtualFreeEx        1001c01c     coredll:COREDLL.dll
 0002:00000020       __imp_VirtualCopyEx        1001c020     coredll:COREDLL.dll
 0002:00000024       __imp_VirtualAllocEx       1001c024     coredll:COREDLL.dll
 0002:00000028       __imp_CeCloseCallerBuffer  1001c028     coredll:COREDLL.dll
 0002:0000002c       __imp_SetLastError         1001c02c     coredll:COREDLL.dll
 0002:00000030       __imp_GetDirectCallerProcessId 1001c030     coredll:COREDLL.dll
 0002:00000034       __imp_CeOpenCallerBuffer   1001c034     coredll:COREDLL.dll
 0002:00000038       __imp_InterruptDone        1001c038     coredll:COREDLL.dll
 0002:0000003c       __imp_WaitForSingleObject  1001c03c     coredll:COREDLL.dll
 0002:00000040       __imp_CloseHandle          1001c040     coredll:COREDLL.dll
 0002:00000044       __imp_CreateThread         1001c044     coredll:COREDLL.dll
 0002:00000048       __imp_InterruptInitialize  1001c048     coredll:COREDLL.dll
 0002:0000004c       __imp_KernelIoControl      1001c04c     coredll:COREDLL.dll
 0002:00000050       __imp_CreateEventW         1001c050     coredll:COREDLL.dll
 0002:00000054       __imp_DeviceIoControl      1001c054     coredll:COREDLL.dll
 0002:00000058       __imp_CreateFileW          1001c058     coredll:COREDLL.dll
 0002:0000005c       __imp_InitializeCriticalSection 1001c05c     coredll:COREDLL.dll
 0002:00000060       __imp_DeleteCriticalSection 1001c060     coredll:COREDLL.dll
 0002:00000064       __imp_EnterCriticalSection 1001c064     coredll:COREDLL.dll
 0002:00000068       __imp_LeaveCriticalSection 1001c068     coredll:COREDLL.dll
 0002:0000006c       __imp_EventModify          1001c06c     coredll:COREDLL.dll
 0002:00000070       __imp_MultiByteToWideChar  1001c070     coredll:COREDLL.dll
 0002:00000074       __imp_Sleep                1001c074     coredll:COREDLL.dll
 0002:00000078       __imp_DisableThreadLibraryCalls 1001c078     coredll:COREDLL.dll
 0002:0000007c       __imp_CeSetThreadPriority  1001c07c     coredll:COREDLL.dll
 0002:00000080       __imp___GetUserKData       1001c080     coredll:COREDLL.dll
 0002:00000084       __imp_free                 1001c084     corelib1:COREDLL.dll
 0002:00000088       __imp_malloc               1001c088     corelib1:COREDLL.dll
 0002:0000008c       __imp_memset               1001c08c     corelib1:COREDLL.dll
 0002:00000090       __imp___C_specific_handler 1001c090     corelib1:COREDLL.dll
 0002:00000094       __imp_calloc               1001c094     corelib1:COREDLL.dll
 0002:00000098       __imp_vsprintf             1001c098     corelib1:COREDLL.dll
 0002:0000009c       __imp_sprintf              1001c09c     corelib1:COREDLL.dll
 0002:000000a0       __imp_strlen               1001c0a0     corelib1:COREDLL.dll
 0002:000000a4       __imp___rt_sdiv            1001c0a4     corelib1:COREDLL.dll
 0002:000000a8       __imp___lts                1001c0a8     corelib1:COREDLL.dll
 0002:000000ac       __imp___gts                1001c0ac     corelib1:COREDLL.dll
 0002:000000b0       __imp___muls               1001c0b0     corelib1:COREDLL.dll
 0002:000000b4       __imp___stod               1001c0b4     corelib1:COREDLL.dll
 0002:000000b8       __imp___rt_udiv            1001c0b8     corelib1:COREDLL.dll
 0002:000000bc       __imp_memmove              1001c0bc     corelib1:COREDLL.dll
 0002:000000c0       __imp___report_gsfailure   1001c0c0     corelib1:COREDLL.dll
 0002:000000c4       __imp_memcpy               1001c0c4     corelib1:COREDLL.dll
 0002:000000c8       \177COREDLL_NULL_THUNK_DATA 1001c0c8     coredll:COREDLL.dll
 0002:000000cc       ?g_MfcIrq@@3IA             1001c0cc     MfcDriver.obj
 0002:000000d0       ?g_MfcSysIntr@@3IA         1001c0d0     MfcDriver.obj
 0002:000000e8       __security_cookie          1001c0e8     corelib0:seccinit.obj
 0002:000000ec       __security_cookie_complement 1001c0ec     corelib0:seccinit.obj

 entry point at        0000:00000000

 Static symbols

 0001:00017894       MFC_IntrThread             10018894 f   MfcDriver.obj
 0001:000178d8       ?InitializeIST@@YAHXZ      100188d8 f   MfcDriver.obj
 0001:00017ef0       ?mfc_power_on_off@@YAHH@Z  10018ef0 f   MfcPwrMgmt.obj
 0001:00017fb4       ?mfc_clock_on_off@@YAHH@Z  10018fb4 f   MfcPwrMgmt.obj
 0001:00018484       Get_MfcFramBufAddr         10019484 f   mfc_os_indep_layer:MFC_Instance.obj
 0001:00019ed8       WaitForReady               1001aed8 f   mfc_os_indep_layer:MfcSfr.obj
 0001:00019fb8       GetCmdString               1001afb8 f   mfc_os_indep_layer:MfcSfr.obj
