 s3c6410_PwrCon

 Timestamp is 512b0abe (Mon Feb 25 14:54:54 2013)

 Preferred load address is 10000000

 Start         Length     Name                   Class
 0001:00000000 00000004H .CRT$XCA                CODE
 0001:00000004 00000004H .CRT$XCZ                CODE
 0001:00000008 00000004H .CRT$XIA                CODE
 0001:0000000c 00000004H .CRT$XIZ                CODE
 0001:00000010 00000004H .CRT$XPA                CODE
 0001:00000014 00000004H .CRT$XPZ                CODE
 0001:00000018 00000004H .CRT$XTA                CODE
 0001:0000001c 00000004H .CRT$XTZ                CODE
 0001:00000020 00001758H .rdata                  CODE
 0001:00001778 0000002bH .rdata$debug            CODE
 0001:000017a4 000017d0H .text                   CODE
 0001:00002f74 00000028H .xdata                  CODE
 0001:00002f9c 00000028H .idata$2                CODE
 0001:00002fc4 00000014H .idata$3                CODE
 0001:00002fd8 00000080H .idata$4                CODE
 0001:00003058 00000016H .idata$6                CODE
 0001:00003070 000000ffH .edata                  CODE
 0002:00000000 00000080H .idata$5                DATA
 0002:00000080 0000044cH .data                   DATA
 0002:000004cc 00000074H .bss                    DATA
 0003:00000000 000000d0H .pdata                  DATA

  Address         Publics by Value              Rva+Base       Lib:Object

 0000:00000000       ___safe_se_handler_table   00000000     <absolute>
 0000:00000000       ___safe_se_handler_count   00000000     <absolute>
 0001:00000000       __xc_a                     10001000     corelib0:crt0init.obj
 0001:00000004       __xc_z                     10001004     corelib0:crt0init.obj
 0001:00000008       __xi_a                     10001008     corelib0:crt0init.obj
 0001:0000000c       __xi_z                     1000100c     corelib0:crt0init.obj
 0001:00000010       __xp_a                     10001010     corelib0:crt0init.obj
 0001:00000014       __xp_z                     10001014     corelib0:crt0init.obj
 0001:00000018       __xt_a                     10001018     corelib0:crt0init.obj
 0001:0000001c       __xt_z                     1000101c     corelib0:crt0init.obj
 0001:0000003c       ??_C@_1CA@HKBNJFBN@?$AA?$FL?$AAP?$AAW?$AAR?$AAC?$AAO?$AAN?$AA?$FN?$AA?9?$AA?9?$AA?$CF?$AAs?$AA?$CI?$AA?$CJ?$AA?6?$AA?$AA@ 1000103c     s3c6410_power_control.obj
 0001:00000060       ??_C@_1EO@HJBECCAE@?$AA?$FL?$AAP?$AAW?$AAR?$AAC?$AAO?$AAN?$AA?3?$AAI?$AAN?$AAF?$AA?$FN?$AA?5?$AAg?$AA_?$AAp?$AAS?$AAy?$AAs?$AAC?$AAo?$AAn?$AAR?$AAe?$AAg?$AA?5?$AA?5?$AA?5?$AA?5?$AA?$DN?$AA?5?$AA0@ 10001060     s3c6410_power_control.obj
 0001:000000b0       ??_C@_1JI@DPECHCFB@?$AA?$FL?$AAP?$AAW?$AAR?$AAC?$AAO?$AAN?$AA?3?$AAE?$AAR?$AAR?$AA?$FN?$AA?5?$AAP?$AAw?$AAr?$AAC?$AAo?$AAn?$AA_?$AAi?$AAn?$AAi?$AAt?$AAi?$AAa?$AAl?$AAi?$AAz?$AAe?$AA_?$AAr@ 100010b0     s3c6410_power_control.obj
 0001:00000148       ??_C@_1EG@CGIGBLHB@?$AAP?$AAw?$AAr?$AAC?$AAo?$AAn?$AA_?$AAi?$AAn?$AAi?$AAt?$AAi?$AAa?$AAl?$AAi?$AAz?$AAe?$AA_?$AAr?$AAe?$AAg?$AAi?$AAs?$AAt?$AAe?$AAr?$AA_?$AAa?$AAd?$AAd?$AAr?$AAe@ 10001148     s3c6410_power_control.obj
 0001:00000190       ??_C@_1CM@CPEPCPKF@?$AA?$FL?$AAP?$AAW?$AAR?$AAC?$AAO?$AAN?$AA?$FN?$AA?$CL?$AA?$CL?$AA?$CF?$AAs?$AA?$CI?$AA0?$AAx?$AA?$CF?$AA0?$AA8?$AAx?$AA?$CJ?$AA?6?$AA?$AA@ 10001190     s3c6410_power_control.obj
 0001:000001c0       ??_C@_1FI@GANKEAEC@?$AA?$FL?$AAP?$AAW?$AAR?$AAC?$AAO?$AAN?$AA?3?$AAE?$AAR?$AAR?$AA?$FN?$AA?5?$AA?$CF?$AAs?$AA?$CI?$AA?$CJ?$AA?5?$AA?3?$AA?5?$AAT?$AAi?$AAm?$AAe?$AA?5?$AAO?$AAU?$AAT?$AA?$CB?$AA?$CB?$AA?5?$AAD@ 100011c0     s3c6410_power_control.obj
 0001:00000218       ??_C@_1FC@GDCPACOA@?$AA?$FL?$AAP?$AAW?$AAR?$AAC?$AAO?$AAN?$AA?3?$AAE?$AAR?$AAR?$AA?$FN?$AA?5?$AA?$CF?$AAs?$AA?$CI?$AA?$CJ?$AA?5?$AA?3?$AA?5?$AAU?$AAn?$AAk?$AAn?$AAo?$AAw?$AAn?$AA?5?$AAD?$AAo?$AAm?$AAa@ 10001218     s3c6410_power_control.obj
 0001:0000026c       ??_C@_1DE@EAFBHGE@?$AAP?$AAw?$AAr?$AAC?$AAo?$AAn?$AA_?$AAs?$AAe?$AAt?$AA_?$AAb?$AAl?$AAo?$AAc?$AAk?$AA_?$AAp?$AAo?$AAw?$AAe?$AAr?$AA_?$AAo?$AAn?$AA?$AA@ 1000126c     s3c6410_power_control.obj
 0001:000002a0       ??_C@_1CE@MALMGKK@?$AA?$FL?$AAP?$AAW?$AAR?$AAC?$AAO?$AAN?$AA?$FN?$AA?$CL?$AA?$CL?$AA?$CF?$AAs?$AA?$CI?$AA?$CF?$AAd?$AA?$CJ?$AA?6?$AA?$AA@ 100012a0     s3c6410_power_control.obj
 0001:000002c4       ??_C@_1DG@HAFMAFND@?$AAP?$AAw?$AAr?$AAC?$AAo?$AAn?$AA_?$AAs?$AAe?$AAt?$AA_?$AAb?$AAl?$AAo?$AAc?$AAk?$AA_?$AAp?$AAo?$AAw?$AAe?$AAr?$AA_?$AAo?$AAf?$AAf?$AA?$AA@ 100012c4     s3c6410_power_control.obj
 0001:000002fc       ??_C@_1CG@NOMHCBLH@?$AA?$FL?$AAP?$AAW?$AAR?$AAC?$AAO?$AAN?$AA?3?$AAI?$AAN?$AAF?$AA?$FN?$AA?5?$AA?9?$AA?9?$AA?$CF?$AAs?$AA?6?$AA?$AA@ 100012fc     power_control.obj
 0001:00000328       ??_C@_1GM@DIIANKGH@?$AA?$FL?$AAP?$AAW?$AAR?$AAC?$AAO?$AAN?$AA?3?$AAI?$AAN?$AAF?$AA?$FN?$AA?5?$AAN?$AAo?$AAt?$AAi?$AAf?$AAi?$AAe?$AAd?$AA?5?$AA?$FL?$AAP?$AAB?$AAT?$AA_?$AAT?$AAR?$AAA?$AAN?$AAS@ 10001328     power_control.obj
 0001:00000398       ??_C@_1GI@KMLAINBJ@?$AA?$FL?$AAP?$AAW?$AAR?$AAC?$AAO?$AAN?$AA?3?$AAE?$AAR?$AAR?$AA?$FN?$AA?5?$AAS?$AAy?$AAs?$AAt?$AAe?$AAm?$AA?5?$AAi?$AAs?$AA?5?$AAS?$AAt?$AAi?$AAl?$AAl?$AA?5?$AAi?$AAn?$AA?5@ 10001398     power_control.obj
 0001:00000400       ??_C@_1FO@DBHNPGJO@?$AA?$FL?$AAP?$AAW?$AAR?$AAC?$AAO?$AAN?$AA?3?$AAE?$AAR?$AAR?$AA?$FN?$AA?5?$AAI?$AAO?$AAC?$AAT?$AAL?$AA_?$AAH?$AAA?$AAL?$AA_?$AAG?$AAE?$AAT?$AA_?$AAW?$AAA?$AAK?$AAE?$AA_@ 10001400     power_control.obj
 0001:00000460       ??_C@_1EG@HHOHGHGJ@?$AAP?$AAW?$AAR?$AAC?$AAO?$AAN?$AA?3?$AA?5?$AAE?$AAr?$AAr?$AAo?$AAr?$AA?5?$AAg?$AAe?$AAt?$AAt?$AAi?$AAn?$AAg?$AA?5?$AAw?$AAa?$AAk?$AAe?$AA?5?$AAs?$AAo?$AAu?$AAr?$AAc@ 10001460     power_control.obj
 0001:000004a8       ??_C@_1EO@FFBOLPNF@?$AA?$FL?$AAP?$AAW?$AAR?$AAC?$AAO?$AAN?$AA?3?$AAI?$AAN?$AAF?$AA?$FN?$AA?5?$AAW?$AAa?$AAk?$AAe?$AA?5?$AAU?$AAp?$AA?5?$AAb?$AAy?$AA?5?$AAB?$AAa?$AAt?$AAt?$AAe?$AAr?$AAy?$AA?5@ 100014a8     power_control.obj
 0001:000004f8       ??_C@_1EI@HEBGEEGL@?$AA?$FL?$AAP?$AAW?$AAR?$AAC?$AAO?$AAN?$AA?3?$AAI?$AAN?$AAF?$AA?$FN?$AA?5?$AAW?$AAa?$AAk?$AAe?$AA?5?$AAU?$AAp?$AA?5?$AAb?$AAy?$AA?5?$AAW?$AAa?$AAr?$AAm?$AA?5?$AAR?$AAe?$AAs@ 100014f8     power_control.obj
 0001:00000540       ??_C@_1EC@IDMHHLOC@?$AA?$FL?$AAP?$AAW?$AAR?$AAC?$AAO?$AAN?$AA?3?$AAI?$AAN?$AAF?$AA?$FN?$AA?5?$AAW?$AAa?$AAk?$AAe?$AA?5?$AAU?$AAp?$AA?5?$AAb?$AAy?$AA?5?$AAH?$AAS?$AAI?$AA?5?$AAI?$AA?1?$AAF?$AA?6@ 10001540     power_control.obj
 0001:00000588       ??_C@_1EK@NAAMOCNL@?$AA?$FL?$AAP?$AAW?$AAR?$AAC?$AAO?$AAN?$AA?3?$AAE?$AAR?$AAR?$AA?$FN?$AA?5?$AAW?$AAa?$AAk?$AAe?$AAU?$AAp?$AA?5?$AAS?$AAo?$AAu?$AAr?$AAc?$AAe?$AA?5?$AA?$DN?$AA?5?$AA0?$AAx?$AA?$CF@ 10001588     power_control.obj
 0001:000005d8       ??_C@_1EC@HOJBJFBO@?$AA?$FL?$AAP?$AAW?$AAR?$AAC?$AAO?$AAN?$AA?3?$AAI?$AAN?$AAF?$AA?$FN?$AA?5?$AAW?$AAa?$AAk?$AAe?$AA?5?$AAU?$AAp?$AA?5?$AAb?$AAy?$AA?5?$AAM?$AAS?$AAM?$AA?5?$AAI?$AA?1?$AAF?$AA?6@ 100015d8     power_control.obj
 0001:00000620       ??_C@_1EM@HMGHEAAC@?$AA?$FL?$AAP?$AAW?$AAR?$AAC?$AAO?$AAN?$AA?3?$AAI?$AAN?$AAF?$AA?$FN?$AA?5?$AAW?$AAa?$AAk?$AAe?$AA?5?$AAU?$AAp?$AA?5?$AAb?$AAy?$AA?5?$AAP?$AAo?$AAw?$AAe?$AAr?$AA?5?$AAB?$AAu@ 10001620     power_control.obj
 0001:00000670       ??_C@_1EG@GELKEOJG@?$AA?$FL?$AAP?$AAW?$AAR?$AAC?$AAO?$AAN?$AA?3?$AAI?$AAN?$AAF?$AA?$FN?$AA?5?$AAW?$AAa?$AAk?$AAe?$AA?5?$AAU?$AAp?$AA?5?$AAb?$AAy?$AA?5?$AAR?$AAT?$AAC?$AA?5?$AAA?$AAl?$AAa?$AAr@ 10001670     power_control.obj
 0001:000006b8       ??_C@_1EE@BFEBMKBC@?$AA?$FL?$AAP?$AAW?$AAR?$AAC?$AAO?$AAN?$AA?3?$AAI?$AAN?$AAF?$AA?$FN?$AA?5?$AAW?$AAa?$AAk?$AAe?$AA?5?$AAU?$AAp?$AA?5?$AAb?$AAy?$AA?5?$AAR?$AAT?$AAC?$AA?5?$AAT?$AAi?$AAc?$AAk@ 100016b8     power_control.obj
 0001:00000700       ??_C@_1GE@DDIAIDFJ@?$AA?$FL?$AAP?$AAW?$AAR?$AAC?$AAO?$AAN?$AA?3?$AAI?$AAN?$AAF?$AA?$FN?$AA?5?$AAS?$AAe?$AAt?$AAS?$AAy?$AAs?$AAt?$AAe?$AAm?$AAP?$AAo?$AAw?$AAe?$AAr?$AAS?$AAt?$AAa?$AAt?$AAe@ 10001700     power_control.obj
 0001:00000768       ??_C@_1EA@EMLJNPOD@?$AA?$FL?$AAP?$AAW?$AAR?$AAC?$AAO?$AAN?$AA?3?$AAI?$AAN?$AAF?$AA?$FN?$AA?5?$AAW?$AAa?$AAk?$AAe?$AA?5?$AAU?$AAp?$AA?5?$AAb?$AAy?$AA?5?$AAK?$AAe?$AAy?$AAp?$AAa?$AAd?$AA?6?$AA?$AA@ 10001768     power_control.obj
 0001:000007a8       ??_C@_1EI@MHCDIOFE@?$AA?$FL?$AAP?$AAW?$AAR?$AAC?$AAO?$AAN?$AA?3?$AAI?$AAN?$AAF?$AA?$FN?$AA?5?$AAN?$AAo?$AAt?$AAi?$AAf?$AAi?$AAe?$AAd?$AA?5?$AA?$FL?$AAP?$AAB?$AAT?$AA_?$AAR?$AAE?$AAS?$AAU?$AAM@ 100017a8     power_control.obj
 0001:000007f0       ??_C@_1FO@GBODHPKM@?$AA?$FL?$AAP?$AAW?$AAR?$AAC?$AAO?$AAN?$AA?3?$AAI?$AAN?$AAF?$AA?$FN?$AA?5?$AAN?$AAo?$AAt?$AAi?$AAf?$AAi?$AAe?$AAd?$AA?5?$AA?$FL?$AAP?$AAB?$AAT?$AA_?$AAP?$AAO?$AAW?$AAE?$AAR@ 100017f0     power_control.obj
 0001:00000850       ??_C@_1EK@LLHAAAAM@?$AA?$FL?$AAP?$AAW?$AAR?$AAC?$AAO?$AAN?$AA?3?$AAI?$AAN?$AAF?$AA?$FN?$AA?5?$AA?5?$AA?5?$AA?5?$AA?5?$AAL?$AAe?$AAv?$AAe?$AAl?$AA?5?$AA?5?$AA?5?$AA?5?$AA?5?$AA?5?$AA?5?$AA?5?$AA?5?$AA?3@ 10001850     power_control.obj
 0001:000008a0       ??_C@_1EK@CAKDBMBK@?$AA?$FL?$AAP?$AAW?$AAR?$AAC?$AAO?$AAN?$AA?3?$AAI?$AAN?$AAF?$AA?$FN?$AA?5?$AA?5?$AA?5?$AA?5?$AA?5?$AAB?$AAa?$AAc?$AAk?$AAu?$AAp?$AA?5?$AAF?$AAl?$AAa?$AAg?$AA?5?$AA?5?$AA?5?$AA?3@ 100018a0     power_control.obj
 0001:000008f0       ??_C@_1EK@LNBGFJK@?$AA?$FL?$AAP?$AAW?$AAR?$AAC?$AAO?$AAN?$AA?3?$AAI?$AAN?$AAF?$AA?$FN?$AA?5?$AA?5?$AA?5?$AA?5?$AA?5?$AAB?$AAa?$AAt?$AAt?$AAe?$AAr?$AAy?$AA?5?$AAF?$AAl?$AAa?$AAg?$AA?5?$AA?5?$AA?3@ 100018f0     power_control.obj
 0001:00000940       ??_C@_1EK@JIEGLNCC@?$AA?$FL?$AAP?$AAW?$AAR?$AAC?$AAO?$AAN?$AA?3?$AAI?$AAN?$AAF?$AA?$FN?$AA?5?$AA?5?$AA?5?$AA?5?$AA?5?$AAA?$AAC?$AAL?$AAi?$AAn?$AAe?$AA?5?$AAS?$AAt?$AAa?$AAt?$AAu?$AAs?$AA?5?$AA?3@ 10001940     power_control.obj
 0001:00000990       ??_C@_1FK@OFPLFLKC@?$AA?$FL?$AAP?$AAW?$AAR?$AAC?$AAO?$AAN?$AA?3?$AAI?$AAN?$AAF?$AA?$FN?$AA?5?$AAN?$AAo?$AAt?$AAi?$AAf?$AAi?$AAe?$AAd?$AA?5?$AA?$FL?$AAP?$AAB?$AAT?$AA_?$AAP?$AAO?$AAW?$AAE?$AAR@ 10001990     power_control.obj
 0001:000009f0       ??_C@_1GA@EPOLOMAB@?$AA?$FL?$AAP?$AAW?$AAR?$AAC?$AAO?$AAN?$AA?3?$AAE?$AAR?$AAR?$AA?$FN?$AA?5?$AAN?$AAo?$AAt?$AAi?$AAf?$AAi?$AAe?$AAd?$AA?5?$AAU?$AAn?$AAk?$AAn?$AAo?$AAw?$AAn?$AA?5?$AAM?$AAe@ 100019f0     power_control.obj
 0001:00000a50       ??_C@_1JC@IAMGIIJB@?$AA?$FL?$AAP?$AAW?$AAR?$AAC?$AAO?$AAN?$AA?3?$AAE?$AAR?$AAR?$AA?$FN?$AA?5?$AA?$CF?$AAs?$AA?9?$AA?$DO?$AAR?$AAe?$AAc?$AAe?$AAi?$AAv?$AAe?$AA?5?$AAI?$AAn?$AAs?$AAu?$AAf?$AAf?$AAi@ 10001a50     power_control.obj
 0001:00000ae8       ??_C@_1GC@JCHHJCGA@?$AA?$FL?$AAP?$AAW?$AAR?$AAC?$AAO?$AAN?$AA?3?$AAE?$AAR?$AAR?$AA?$FN?$AA?5?$AA?$CF?$AAs?$AA?9?$AA?$DO?$AAR?$AAe?$AAa?$AAd?$AAM?$AAs?$AAg?$AAQ?$AAu?$AAe?$AAu?$AAe?$AA?$CI?$AA?$CJ?$AA?5@ 10001ae8     power_control.obj
 0001:00000b50       ??_C@_1HG@LADKODOH@?$AA?$FL?$AAP?$AAW?$AAR?$AA?3?$AAI?$AAN?$AAF?$AA?$FN?$AA?5?$AAP?$AAo?$AAw?$AAe?$AAr?$AAM?$AAo?$AAn?$AAi?$AAt?$AAo?$AAr?$AAT?$AAh?$AAr?$AAe?$AAa?$AAd?$AA?$CI?$AA?$CJ?$AA?5?$AA?3@ 10001b50     power_control.obj
 0001:00000bc8       ??_C@_1HM@KNAEJPHF@?$AA?$FL?$AAP?$AAW?$AAR?$AAC?$AAO?$AAN?$AA?3?$AAE?$AAR?$AAR?$AA?$FN?$AA?5?$AA?$CF?$AAs?$AA?9?$AA?$DO?$AAR?$AAe?$AAq?$AAu?$AAe?$AAs?$AAt?$AAP?$AAo?$AAw?$AAe?$AAr?$AAN?$AAo?$AAt@ 10001bc8     power_control.obj
 0001:00000c48       ??_C@_1GG@KPEDJLNP@?$AA?$FL?$AAP?$AAW?$AAR?$AAC?$AAO?$AAN?$AA?3?$AAE?$AAR?$AAR?$AA?$FN?$AA?5?$AA?$CF?$AAs?$AA?9?$AA?$DO?$AAC?$AAr?$AAe?$AAa?$AAt?$AAe?$AAM?$AAs?$AAg?$AAQ?$AAu?$AAe?$AAu?$AAe?$AA?$CI@ 10001c48     power_control.obj
 0001:00000cb0       ??_C@_1CG@GEPOJOPG@?$AAP?$AAo?$AAw?$AAe?$AAr?$AAM?$AAo?$AAn?$AAi?$AAt?$AAo?$AAr?$AAT?$AAh?$AAr?$AAe?$AAa?$AAd?$AA?$AA@ 10001cb0     power_control.obj
 0001:00000cd8       ??_C@_1CG@DMOEPEBA@?$AA?$FL?$AAP?$AAW?$AAR?$AAC?$AAO?$AAN?$AA?3?$AAI?$AAN?$AAF?$AA?$FN?$AA?5?$AA?$CL?$AA?$CL?$AA?$CF?$AAs?$AA?6?$AA?$AA@ 10001cd8     power_control.obj
 0001:00000d00       ??_C@_1BO@POECCOHL@?$AAA?$AAl?$AAl?$AAo?$AAc?$AAR?$AAe?$AAs?$AAo?$AAu?$AAr?$AAc?$AAe?$AAs?$AA?$AA@ 10001d00     power_control.obj
 0001:00000d20       ??_C@_1GM@EPOBLCFN@?$AA?$FL?$AAP?$AAW?$AAR?$AAC?$AAO?$AAN?$AA?3?$AAE?$AAR?$AAR?$AA?$FN?$AA?5?$AA?$CF?$AAs?$AA?9?$AA?$DO?$AAg?$AA_?$AAp?$AAS?$AAy?$AAs?$AAC?$AAo?$AAn?$AAR?$AAe?$AAg?$AA?5?$AAM?$AAm@ 10001d20     power_control.obj
 0001:00000d8c       ??_C@_1DI@IEBJMMBK@?$AA?$FL?$AAP?$AAW?$AAR?$AAC?$AAO?$AAN?$AA?3?$AAE?$AAR?$AAR?$AA?$FN?$AA?5?$AA?9?$AA?9?$AA?$CF?$AAs?$AA?5?$AA?3?$AA?5?$AAF?$AAa?$AAi?$AAl?$AAe?$AAd?$AA?6?$AA?$AA@ 10001d8c     power_control.obj
 0001:00000dc8       ??_C@_1GO@JCJPJDHJ@?$AA?$FL?$AAP?$AAW?$AAR?$AAC?$AAO?$AAN?$AA?3?$AAE?$AAR?$AAR?$AA?$FN?$AA?5?$AA?$CF?$AAs?$AA?9?$AA?$DO?$AAC?$AAr?$AAe?$AAa?$AAt?$AAe?$AAT?$AAh?$AAr?$AAe?$AAa?$AAd?$AA?$CI?$AA?$CJ?$AA?5@ 10001dc8     power_control.obj
 0001:00000e38       ??_C@_1BC@CGDFMMDG@?$AAP?$AAW?$AAC?$AA_?$AAI?$AAn?$AAi?$AAt?$AA?$AA@ 10001e38     power_control.obj
 0001:00000e50       ??_C@_1FG@NMHLKAIP@?$AA?$FL?$AAP?$AAW?$AAR?$AAC?$AAO?$AAN?$AA?3?$AAE?$AAR?$AAR?$AA?$FN?$AA?5?$AA?$CF?$AAs?$AA?9?$AA?$DO?$AAA?$AAl?$AAl?$AAo?$AAc?$AAR?$AAe?$AAs?$AAo?$AAu?$AAr?$AAc?$AAe?$AAs?$AA?$CI@ 10001e50     power_control.obj
 0001:00000ea8       ??_C@_1II@EBINEDBP@?$AA?$FL?$AAP?$AAW?$AAR?$AAC?$AAO?$AAN?$AA?3?$AAE?$AAR?$AAR?$AA?$FN?$AA?5?$AA?$CF?$AAs?$AA?$CI?$AAI?$AAO?$AAC?$AAT?$AAL?$AA_?$AAP?$AAW?$AAR?$AAC?$AAO?$AAN?$AA_?$AAS?$AAE?$AAT@ 10001ea8     power_control.obj
 0001:00000f30       ??_C@_1EO@MPCPLJBC@?$AA?$FL?$AAP?$AAW?$AAR?$AAC?$AAO?$AAN?$AA?3?$AAI?$AAN?$AAF?$AA?$FN?$AA?5?$AA?$CF?$AAs?$AA?$CI?$AAS?$AAE?$AAT?$AA_?$AAP?$AAO?$AAW?$AAE?$AAR?$AA_?$AAO?$AAN?$AA?0?$AA?5?$AA?$CF?$AAd@ 10001f30     power_control.obj
 0001:00000f80       ??_C@_1EO@DNKPAJFM@?$AA?$FL?$AAP?$AAW?$AAR?$AAC?$AAO?$AAN?$AA?3?$AAI?$AAN?$AAF?$AA?$FN?$AA?5?$AA?$CF?$AAs?$AA?$CI?$AAS?$AAE?$AAT?$AA_?$AAP?$AAO?$AAW?$AAE?$AAR?$AA_?$AAO?$AAN?$AA?0?$AA?5?$AA?$CF?$AAd@ 10001f80     power_control.obj
 0001:00000fd0       ??_C@_1EO@BJHGFKAP@?$AA?$FL?$AAP?$AAW?$AAR?$AAC?$AAO?$AAN?$AA?3?$AAI?$AAN?$AAF?$AA?$FN?$AA?5?$AA?$CF?$AAs?$AA?$CI?$AAS?$AAE?$AAT?$AA_?$AAP?$AAO?$AAW?$AAE?$AAR?$AA_?$AAO?$AAN?$AA?0?$AA?5?$AA?$CF?$AAd@ 10001fd0     power_control.obj
 0001:00001020       ??_C@_1EO@MMPJLLIJ@?$AA?$FL?$AAP?$AAW?$AAR?$AAC?$AAO?$AAN?$AA?3?$AAI?$AAN?$AAF?$AA?$FN?$AA?5?$AA?$CF?$AAs?$AA?$CI?$AAS?$AAE?$AAT?$AA_?$AAP?$AAO?$AAW?$AAE?$AAR?$AA_?$AAO?$AAN?$AA?0?$AA?5?$AA?$CF?$AAd@ 10002020     power_control.obj
 0001:00001070       ??_C@_1EO@JPOCCIKB@?$AA?$FL?$AAP?$AAW?$AAR?$AAC?$AAO?$AAN?$AA?3?$AAI?$AAN?$AAF?$AA?$FN?$AA?5?$AA?$CF?$AAs?$AA?$CI?$AAS?$AAE?$AAT?$AA_?$AAP?$AAO?$AAW?$AAE?$AAR?$AA_?$AAO?$AAN?$AA?0?$AA?5?$AA?$CF?$AAd@ 10002070     power_control.obj
 0001:000010c0       ??_C@_1FC@HJBGJPAO@?$AA?$FL?$AAP?$AAW?$AAR?$AAC?$AAO?$AAN?$AA?3?$AAI?$AAN?$AAF?$AA?$FN?$AA?5?$AA?$CF?$AAs?$AA?$CI?$AAS?$AAE?$AAT?$AA_?$AAP?$AAO?$AAW?$AAE?$AAR?$AA_?$AAO?$AAN?$AA?0?$AA?5?$AA?$CF?$AAd@ 100020c0     power_control.obj
 0001:00001118       ??_C@_1FE@MJOCDKEG@?$AA?$FL?$AAP?$AAW?$AAR?$AAC?$AAO?$AAN?$AA?3?$AAI?$AAN?$AAF?$AA?$FN?$AA?5?$AA?$CF?$AAs?$AA?$CI?$AAS?$AAE?$AAT?$AA_?$AAP?$AAO?$AAW?$AAE?$AAR?$AA_?$AAO?$AAN?$AA?0?$AA?5?$AA?$CF?$AAd@ 10002118     power_control.obj
 0001:00001170       ??_C@_1HA@ICENDDEC@?$AA?$FL?$AAP?$AAW?$AAR?$AAC?$AAO?$AAN?$AA?3?$AAE?$AAR?$AAR?$AA?$FN?$AA?5?$AA?$CF?$AAs?$AA?$CI?$AAI?$AAO?$AAC?$AAT?$AAL?$AA_?$AAP?$AAW?$AAR?$AAC?$AAO?$AAN?$AA_?$AAS?$AAE?$AAT@ 10002170     power_control.obj
 0001:000011e0       ??_C@_1IA@PIGFPGGF@?$AA?$FL?$AAP?$AAW?$AAR?$AAC?$AAO?$AAN?$AA?3?$AAE?$AAR?$AAR?$AA?$FN?$AA?5?$AA?$CF?$AAs?$AA?$CI?$AAI?$AAO?$AAC?$AAT?$AAL?$AA_?$AAP?$AAW?$AAR?$AAC?$AAO?$AAN?$AA_?$AAS?$AAE?$AAT@ 100021e0     power_control.obj
 0001:00001260       ??_C@_1HA@FAOHMFEP@?$AA?$FL?$AAP?$AAW?$AAR?$AAC?$AAO?$AAN?$AA?3?$AAE?$AAR?$AAR?$AA?$FN?$AA?5?$AA?$CF?$AAs?$AA?$CI?$AAS?$AAE?$AAT?$AA_?$AAP?$AAO?$AAW?$AAE?$AAR?$AA_?$AAO?$AAF?$AAF?$AA?0?$AA?5?$AA?$CF@ 10002260     power_control.obj
 0001:000012d0       ??_C@_1FA@PGOECBCI@?$AA?$FL?$AAP?$AAW?$AAR?$AAC?$AAO?$AAN?$AA?3?$AAI?$AAN?$AAF?$AA?$FN?$AA?5?$AA?$CF?$AAs?$AA?$CI?$AAS?$AAE?$AAT?$AA_?$AAP?$AAO?$AAW?$AAE?$AAR?$AA_?$AAO?$AAF?$AAF?$AA?0?$AA?5?$AA?$CF@ 100022d0     power_control.obj
 0001:00001320       ??_C@_1FA@EGEJBGG@?$AA?$FL?$AAP?$AAW?$AAR?$AAC?$AAO?$AAN?$AA?3?$AAI?$AAN?$AAF?$AA?$FN?$AA?5?$AA?$CF?$AAs?$AA?$CI?$AAS?$AAE?$AAT?$AA_?$AAP?$AAO?$AAW?$AAE?$AAR?$AA_?$AAO?$AAF?$AAF?$AA?0?$AA?5?$AA?$CF@ 10002320     power_control.obj
 0001:00001370       ??_C@_1FA@CALNMCDF@?$AA?$FL?$AAP?$AAW?$AAR?$AAC?$AAO?$AAN?$AA?3?$AAI?$AAN?$AAF?$AA?$FN?$AA?5?$AA?$CF?$AAs?$AA?$CI?$AAS?$AAE?$AAT?$AA_?$AAP?$AAO?$AAW?$AAE?$AAR?$AA_?$AAO?$AAF?$AAF?$AA?0?$AA?5?$AA?$CF@ 10002370     power_control.obj
 0001:000013c0       ??_C@_1FA@PFDCCDLD@?$AA?$FL?$AAP?$AAW?$AAR?$AAC?$AAO?$AAN?$AA?3?$AAI?$AAN?$AAF?$AA?$FN?$AA?5?$AA?$CF?$AAs?$AA?$CI?$AAS?$AAE?$AAT?$AA_?$AAP?$AAO?$AAW?$AAE?$AAR?$AA_?$AAO?$AAF?$AAF?$AA?0?$AA?5?$AA?$CF@ 100023c0     power_control.obj
 0001:00001410       ??_C@_1FA@KGCJLAJL@?$AA?$FL?$AAP?$AAW?$AAR?$AAC?$AAO?$AAN?$AA?3?$AAI?$AAN?$AAF?$AA?$FN?$AA?5?$AA?$CF?$AAs?$AA?$CI?$AAS?$AAE?$AAT?$AA_?$AAP?$AAO?$AAW?$AAE?$AAR?$AA_?$AAO?$AAF?$AAF?$AA?0?$AA?5?$AA?$CF@ 10002410     power_control.obj
 0001:00001460       ??_C@_1FE@GCILOIAO@?$AA?$FL?$AAP?$AAW?$AAR?$AAC?$AAO?$AAN?$AA?3?$AAI?$AAN?$AAF?$AA?$FN?$AA?5?$AA?$CF?$AAs?$AA?$CI?$AAS?$AAE?$AAT?$AA_?$AAP?$AAO?$AAW?$AAE?$AAR?$AA_?$AAO?$AAF?$AAF?$AA?0?$AA?5?$AA?$CF@ 10002460     power_control.obj
 0001:000014b8       ??_C@_1FG@HIDMFEE@?$AA?$FL?$AAP?$AAW?$AAR?$AAC?$AAO?$AAN?$AA?3?$AAI?$AAN?$AAF?$AA?$FN?$AA?5?$AA?$CF?$AAs?$AA?$CI?$AAS?$AAE?$AAT?$AA_?$AAP?$AAO?$AAW?$AAE?$AAR?$AA_?$AAO?$AAF?$AAF?$AA?0?$AA?5?$AA?$CF@ 100024b8     power_control.obj
 0001:00001510       ??_C@_1HC@HIFMCFGH@?$AA?$FL?$AAP?$AAW?$AAR?$AAC?$AAO?$AAN?$AA?3?$AAE?$AAR?$AAR?$AA?$FN?$AA?5?$AA?$CF?$AAs?$AA?$CI?$AAI?$AAO?$AAC?$AAT?$AAL?$AA_?$AAP?$AAW?$AAR?$AAC?$AAO?$AAN?$AA_?$AAS?$AAE?$AAT@ 10002510     power_control.obj
 0001:00001588       ??_C@_1IC@CIOHPJBM@?$AA?$FL?$AAP?$AAW?$AAR?$AAC?$AAO?$AAN?$AA?3?$AAE?$AAR?$AAR?$AA?$FN?$AA?5?$AA?$CF?$AAs?$AA?$CI?$AAI?$AAO?$AAC?$AAT?$AAL?$AA_?$AAP?$AAW?$AAR?$AAC?$AAO?$AAN?$AA_?$AAS?$AAE?$AAT@ 10002588     power_control.obj
 0001:0000160c       ??_C@_1CE@EKDIICED@?$AAS?$AAe?$AAt?$AA?5?$AAS?$AAy?$AAs?$AAt?$AAe?$AAm?$AA?5?$AAL?$AAe?$AAv?$AAe?$AAl?$AA?6?$AA?$AA@ 1000260c     power_control.obj
 0001:00001630       ??_C@_1EE@EDPAMBGA@?$AAC?$AAa?$AAl?$AAl?$AA?5?$AAH?$AAA?$AAL?$AA?5?$AAP?$AAr?$AAo?$AAf?$AAi?$AAl?$AAe?$AAr?$AA?5?$AAD?$AAV?$AAS?$AA?5?$AAI?$AAo?$AA?5?$AAC?$AAo?$AAn?$AAt?$AAr?$AAo?$AAl@ 10002630     power_control.obj
 0001:00001674       ??_C@_1BM@HKKKGCLA@?$AAP?$AAW?$AAC?$AA_?$AAI?$AAO?$AAC?$AAo?$AAn?$AAt?$AAr?$AAo?$AAl?$AA?$AA@ 10002674     power_control.obj
 0001:00001690       ??_C@_1FE@NHJFEGHO@?$AA?$FL?$AAP?$AAW?$AAR?$AAC?$AAO?$AAN?$AA?3?$AAE?$AAR?$AAR?$AA?$FN?$AA?5?$AA?$CF?$AAs?$AA?5?$AA?3?$AA?5?$AAU?$AAn?$AAk?$AAn?$AAo?$AAw?$AAn?$AA?5?$AAI?$AAO?$AAC?$AAT?$AAL?$AA?5@ 10002690     power_control.obj
 0001:000017a4       PwrCon_initialize_register_address 100027a4 f   s3c6410_power_control.obj
 0001:00001848       PwrCon_set_block_power_on  10002848 f   s3c6410_power_control.obj
 0001:00001aec       PwrCon_set_block_power_off 10002aec f   s3c6410_power_control.obj
 0001:00001c5c       PowerMonitorThread         10002c5c f   power_control.obj
 0001:000021b4       DllEntry                   100031b4 f   power_control.obj
 0001:000021cc       PWC_Deinit                 100031cc f   power_control.obj
 0001:00002254       PWC_Init                   10003254 f   power_control.obj
 0001:00002360       PWC_Open                   10003360 f   power_control.obj
 0001:00002368       PWC_Close                  10003368 f   power_control.obj
 0001:00002370       PWC_Read                   10003370 f   power_control.obj
 0001:00002378       PWC_Write                  10003378 f   power_control.obj
 0001:00002380       PWC_Seek                   10003380 f   power_control.obj
 0001:00002388       PWC_PowerUp                10003388 f   power_control.obj
 0001:00002390       PWC_PowerDown              10003390 f   power_control.obj
 0001:000023a0       PWC_IOControl              100033a0 f   power_control.obj
 0001:00002ab8       NKDbgPrintfW               10003ab8 f   coredll:COREDLL.dll
 0001:00002ac8       CloseMsgQueue              10003ac8 f   coredll:COREDLL.dll
 0001:00002ad8       StopPowerNotifications     10003ad8 f   coredll:COREDLL.dll
 0001:00002ae8       SetSystemPowerState        10003ae8 f   coredll:COREDLL.dll
 0001:00002af8       KernelIoControl            10003af8 f   coredll:COREDLL.dll
 0001:00002b08       ReadMsgQueue               10003b08 f   coredll:COREDLL.dll
 0001:00002b18       RequestPowerNotifications  10003b18 f   coredll:COREDLL.dll
 0001:00002b28       GetLastError               10003b28 f   coredll:COREDLL.dll
 0001:00002b38       CreateMsgQueue             10003b38 f   coredll:COREDLL.dll
 0001:00002b48       CeSetThreadPriority        10003b48 f   coredll:COREDLL.dll
 0001:00002b58       InitializeCriticalSection  10003b58 f   coredll:COREDLL.dll
 0001:00002b68       DeleteCriticalSection      10003b68 f   coredll:COREDLL.dll
 0001:00002b78       DisableThreadLibraryCalls  10003b78 f   coredll:COREDLL.dll
 0001:00002b88       CloseHandle                10003b88 f   coredll:COREDLL.dll
 0001:00002b98       WaitForSingleObject        10003b98 f   coredll:COREDLL.dll
 0001:00002ba8       CreateThread               10003ba8 f   coredll:COREDLL.dll
 0001:00002bb8       __GetUserKData             10003bb8 f   coredll:COREDLL.dll
 0001:00002bc8       LeaveCriticalSection       10003bc8 f   coredll:COREDLL.dll
 0001:00002bd8       EnterCriticalSection       10003bd8 f   coredll:COREDLL.dll
 0001:00002be8       SetLastError               10003be8 f   coredll:COREDLL.dll
 0001:00002bf8       GetDirectCallerProcessId   10003bf8 f   coredll:COREDLL.dll
 0001:00002c08       MmMapIoSpace               10003c08 f   ceddk:CEDDK.dll
 0001:00002c18       MmUnmapIoSpace             10003c18 f   ceddk:CEDDK.dll
 0001:00002c28       _DllEntryCRTStartup        10003c28 f   corelib0:pegdentry.obj
 0001:00002c70       __GSHandlerCheckCommon     10003c70 f   corelib0:gshandler.obj
 0001:00002cac       __GSHandlerCheck           10003cac f   corelib0:gshandler.obj
 0001:00002cd0       __security_init_cookie     10003cd0 f   corelib0:seccinit.obj
 0001:00002d2c       __security_check_cookie    10003d2c f   corelib0:armsecgs.obj
 0001:00002d40       __gsfailure                10003d40 f   corelib0:armsecgs.obj
 0001:00002e80       _cexit                     10003e80 f   corelib0:cexit.obj
 0001:00002e9c       _initterm                  10003e9c f   corelib0:crt0dat.obj
 0001:00002ed0       _cinit                     10003ed0 f   corelib0:crt0dat.obj
 0001:00002f04       memset                     10003f04 f   corelib1:COREDLL.dll
 0001:00002f14       __C_specific_handler       10003f14 f   corelib1:COREDLL.dll
 0001:00002f24       __security_gen_cookie2     10003f24 f   corelib1:COREDLL.dll
 0001:00002f34       __report_gsfailure         10003f34 f   corelib1:COREDLL.dll
 0001:00002f44       free                       10003f44 f   corelib1:COREDLL.dll
 0001:00002f54       InterlockedExchange        10003f54 f   coredll:COREDLL.dll
 0001:00002f64       TerminateProcess           10003f64 f   coredll:COREDLL.dll
 0001:00002f9c       __IMPORT_DESCRIPTOR_COREDLL 10003f9c     coredll:COREDLL.dll
 0001:00002fb0       __IMPORT_DESCRIPTOR_CEDDK  10003fb0     ceddk:CEDDK.dll
 0001:00002fc4       __NULL_IMPORT_DESCRIPTOR   10003fc4     coredll:COREDLL.dll
 0002:00000000       __imp_MmMapIoSpace         10005000     ceddk:CEDDK.dll
 0002:00000004       __imp_MmUnmapIoSpace       10005004     ceddk:CEDDK.dll
 0002:00000008       \177CEDDK_NULL_THUNK_DATA  10005008     ceddk:CEDDK.dll
 0002:0000000c       __imp_SetSystemPowerState  1000500c     coredll:COREDLL.dll
 0002:00000010       __imp_KernelIoControl      10005010     coredll:COREDLL.dll
 0002:00000014       __imp_ReadMsgQueue         10005014     coredll:COREDLL.dll
 0002:00000018       __imp_RequestPowerNotifications 10005018     coredll:COREDLL.dll
 0002:0000001c       __imp_GetLastError         1000501c     coredll:COREDLL.dll
 0002:00000020       __imp_CreateMsgQueue       10005020     coredll:COREDLL.dll
 0002:00000024       __imp_CeSetThreadPriority  10005024     coredll:COREDLL.dll
 0002:00000028       __imp_InitializeCriticalSection 10005028     coredll:COREDLL.dll
 0002:0000002c       __imp_DeleteCriticalSection 1000502c     coredll:COREDLL.dll
 0002:00000030       __imp_StopPowerNotifications 10005030     coredll:COREDLL.dll
 0002:00000034       __imp_CloseHandle          10005034     coredll:COREDLL.dll
 0002:00000038       __imp_WaitForSingleObject  10005038     coredll:COREDLL.dll
 0002:0000003c       __imp_CreateThread         1000503c     coredll:COREDLL.dll
 0002:00000040       __imp___GetUserKData       10005040     coredll:COREDLL.dll
 0002:00000044       __imp_LeaveCriticalSection 10005044     coredll:COREDLL.dll
 0002:00000048       __imp_EnterCriticalSection 10005048     coredll:COREDLL.dll
 0002:0000004c       __imp_SetLastError         1000504c     coredll:COREDLL.dll
 0002:00000050       __imp_GetDirectCallerProcessId 10005050     coredll:COREDLL.dll
 0002:00000054       __imp_CloseMsgQueue        10005054     coredll:COREDLL.dll
 0002:00000058       __imp_DisableThreadLibraryCalls 10005058     coredll:COREDLL.dll
 0002:0000005c       __imp_NKDbgPrintfW         1000505c     coredll:COREDLL.dll
 0002:00000060       __imp_memset               10005060     corelib1:COREDLL.dll
 0002:00000064       __imp___C_specific_handler 10005064     corelib1:COREDLL.dll
 0002:00000068       __imp___security_gen_cookie2 10005068     corelib1:COREDLL.dll
 0002:0000006c       __imp___report_gsfailure   1000506c     corelib1:COREDLL.dll
 0002:00000070       __imp_free                 10005070     corelib1:COREDLL.dll
 0002:00000074       __imp_InterlockedExchange  10005074     coredll:COREDLL.dll
 0002:00000078       __imp_TerminateProcess     10005078     coredll:COREDLL.dll
 0002:0000007c       \177COREDLL_NULL_THUNK_DATA 1000507c     coredll:COREDLL.dll
 0002:00000080       dpCurSettings              10005080     power_control.obj
 0002:000004c4       __security_cookie          100054c4     corelib0:seccinit.obj
 0002:000004c8       __security_cookie_complement 100054c8     corelib0:seccinit.obj
 0002:0000052c       _exitflag                  1000552c     corelib0:cexit.obj
 0002:00000530       __@@_PchSym_@00@UdrmxvGAAUkozgulinUgvmybgvmGEBAPnoxUhixUwirevihUkldvixlmgiloUlyqUzineErUivgzroUkivxlnkOlyq@s3c6410_PwrCon 10005530     <common>
 0002:00000534       __onexitend                10005534     <common>
 0002:00000538       __onexitbegin              10005538     <common>
 0002:0000053c       g_pcsExit                  1000553c     <common>

 entry point at        0001:00002c28

 Static symbols

 0001:00002d84       doexit                     10003d84 f   corelib0:cexit.obj
