 s3c6410_touch

 Timestamp is 5125b29e (Thu Feb 21 13:37:34 2013)

 Preferred load address is 10000000

 Start         Length     Name                   Class
 0001:00000000 00000004H .CRT$XCA                CODE
 0001:00000004 00000004H .CRT$XCZ                CODE
 0001:00000008 00000004H .CRT$XIA                CODE
 0001:0000000c 00000004H .CRT$XIZ                CODE
 0001:00000010 00000004H .CRT$XPA                CODE
 0001:00000014 00000004H .CRT$XPZ                CODE
 0001:00000018 00000004H .CRT$XTA                CODE
 0001:0000001c 00000004H .CRT$XTZ                CODE
 0001:00000020 0000091cH .rdata                  CODE
 0001:0000093c 0000002aH .rdata$debug            CODE
 0001:00000968 00002f0cH .text                   CODE
 0001:00003874 00000024H .xdata                  CODE
 0001:00003898 00000028H .idata$2                CODE
 0001:000038c0 00000014H .idata$3                CODE
 0001:000038d4 00000098H .idata$4                CODE
 0001:0000396c 00000016H .idata$6                CODE
 0001:00003990 00000161H .edata                  CODE
 0002:00000000 00000098H .idata$5                DATA
 0002:00000098 000004d4H .data                   DATA
 0002:00000580 00000138H .bss                    DATA
 0003:00000000 000001b0H .pdata                  DATA

  Address         Publics by Value              Rva+Base       Lib:Object

 0000:00000000       ___safe_se_handler_table   00000000     <absolute>
 0000:00000000       ___safe_se_handler_count   00000000     <absolute>
 0001:00000000       __xc_a                     10001000     corelib0:crt0init.obj
 0001:00000004       __xc_z                     10001004     corelib0:crt0init.obj
 0001:00000008       __xi_a                     10001008     corelib0:crt0init.obj
 0001:0000000c       __xi_z                     1000100c     corelib0:crt0init.obj
 0001:00000010       __xp_a                     10001010     corelib0:crt0init.obj
 0001:00000014       __xp_z                     10001014     corelib0:crt0init.obj
 0001:00000018       __xt_a                     10001018     corelib0:crt0init.obj
 0001:0000001c       __xt_z                     1000101c     corelib0:crt0init.obj
 0001:0000003c       ??_C@_1DI@KAFCCODB@?$AAM?$AA?5?$AA?$CF?$AAl?$AAd?$AA?0?$AA?$CF?$AAl?$AAd?$AA?5?$AA?5?$AA?$CF?$AAl?$AAd?$AA?0?$AA?$CF?$AAl?$AAd?$AA?5?$AA?5?$AA?$CF?$AAl?$AAd?$AA?0?$AA?$CF?$AAl?$AAd?$AA?$AA@ 1000103c     tchmain.obj
 0001:00000078       ??_C@_1FA@JCKIIMMD@?$AAT?$AAO?$AAU?$AAC?$AAH?$AA?3?$AAT?$AAh?$AAr?$AAd?$AAP?$AAr?$AAi?$AAo?$AA?5?$AA?$DN?$AA?5?$AA?$CF?$AAd?$AA?0?$AA?5?$AAT?$AAh?$AAr?$AAd?$AAH?$AAi?$AAg?$AAh?$AAP?$AAr?$AAi@ 10001078     tchmain.obj
 0001:000000c8       ??_C@_1CA@IHOLOKEO@?$AAH?$AAi?$AAg?$AAh?$AAP?$AAr?$AAi?$AAo?$AAr?$AAi?$AAt?$AAy?$AA2?$AA5?$AA6?$AA?$AA@ 100010c8     tchmain.obj
 0001:000000e8       ??_C@_1BI@BHLBGEOK@?$AAP?$AAr?$AAi?$AAo?$AAr?$AAi?$AAt?$AAy?$AA2?$AA5?$AA6?$AA?$AA@ 100010e8     tchmain.obj
 0001:00000100       ??_C@_1CO@HCHNLANK@?$AA?2?$AAD?$AAr?$AAi?$AAv?$AAe?$AAr?$AAs?$AA?2?$AAB?$AAu?$AAi?$AAl?$AAt?$AAI?$AAn?$AA?2?$AAT?$AAo?$AAu?$AAc?$AAh?$AA?$AA@ 10001100     tchmain.obj
 0001:00000130       ??_C@_1BM@IOLIHJIC@?$AAA?$AAc?$AAt?$AAi?$AAv?$AAi?$AAt?$AAy?$AAE?$AAv?$AAe?$AAn?$AAt?$AA?$AA@ 10001130     tchmain.obj
 0001:0000014c       ??_C@_1BG@JBGCDLHB@?$AAS?$AAy?$AAs?$AAt?$AAe?$AAm?$AA?2?$AAG?$AAW?$AAE?$AA?$AA@ 1000114c     tchmain.obj
 0001:00000168       ??_C@_1GI@MGLMFFFE@?$AAM?$AAa?$AAx?$AAi?$AAm?$AAu?$AAm?$AA?5?$AAe?$AAr?$AAr?$AAo?$AAr?$AA?5?$AA?$CF?$AAu?$AA?5?$AAe?$AAx?$AAc?$AAe?$AAe?$AAd?$AAs?$AA?5?$AAc?$AAa?$AAl?$AAi?$AAb?$AAr?$AAa@ 10001168     calibrat.obj
 0001:000001d0       ??_C@_1DI@HBBBNELP@?$AAM?$AAa?$AAx?$AAi?$AAm?$AAu?$AAm?$AA?5?$AAA?$AAl?$AAl?$AAo?$AAw?$AAe?$AAd?$AA?5?$AAE?$AAr?$AAr?$AAo?$AAr?$AA?5?$AA?$CF?$AAd?$AA?3?$AA?$AN?$AA?6?$AA?$AA@ 100011d0     calibrat.obj
 0001:00000208       ??_C@_1BI@KKLLCJMC@?$AAM?$AAa?$AAx?$AAC?$AAa?$AAl?$AAE?$AAr?$AAr?$AAo?$AAr?$AA?$AA@ 10001208     calibrat.obj
 0001:00000220       ??_C@_1DC@PPKDPGKC@?$AAH?$AAA?$AAR?$AAD?$AAW?$AAA?$AAR?$AAE?$AA?2?$AAD?$AAE?$AAV?$AAI?$AAC?$AAE?$AAM?$AAA?$AAP?$AA?2?$AAT?$AAO?$AAU?$AAC?$AAH?$AA?$AA@ 10001220     calibrat.obj
 0001:00000258       ??_C@_1FO@JLBFGOAH@?$AAT?$AAo?$AAu?$AAc?$AAh?$AAP?$AAa?$AAn?$AAe?$AAl?$AAS?$AAe?$AAt?$AAC?$AAa?$AAl?$AAi?$AAb?$AAr?$AAa?$AAt?$AAi?$AAo?$AAn?$AA?3?$AA?5?$AAd?$AAe?$AAl?$AAt?$AAa?$AA?5@ 10001258     calibrat.obj
 0001:000002b8       ??_C@_1CO@IBMILJAB@?$AA?7?$AAC?$AAa?$AAl?$AAi?$AAb?$AAr?$AAa?$AAt?$AAi?$AAo?$AAn?$AA?5?$AAf?$AAa?$AAi?$AAl?$AAe?$AAd?$AA?4?$AA?$AN?$AA?6?$AA?$AA@ 100012b8     calibrat.obj
 0001:000002e8       MIN_CAL_COUNT              100012e8     s3c6410_touch.obj
 0001:000002f0       ??_C@_1IA@CJKFJGFC@?$AA?$FL?$AAT?$AAS?$AAP?$AA?3?$AAE?$AAR?$AAR?$AA?$FN?$AA?5?$AAT?$AAS?$AAP?$AA_?$AAC?$AAa?$AAl?$AAi?$AAb?$AAr?$AAa?$AAt?$AAi?$AAo?$AAn?$AAP?$AAo?$AAi?$AAn?$AAt?$AAG?$AAe@ 100012f0     s3c6410_touch.obj
 0001:00000370       ??_C@_1EA@KHOOFBID@?$AAT?$AAS?$AAP?$AA_?$AAC?$AAa?$AAl?$AAi?$AAb?$AAr?$AAa?$AAt?$AAi?$AAo?$AAn?$AAP?$AAo?$AAi?$AAn?$AAt?$AAG?$AAe?$AAt?$AA?3?$AA?$CF?$AAd?$AA?0?$AA?$CF?$AAd?$AA?$AN?$AA?6?$AA?$AA@ 10001370     s3c6410_touch.obj
 0001:000003b0       ??_C@_1II@LPGLCKOO@?$AA?$FL?$AAT?$AAS?$AAP?$AA?3?$AAE?$AAR?$AAR?$AA?$FN?$AA?5?$AAD?$AAd?$AAs?$AAi?$AAT?$AAo?$AAu?$AAc?$AAh?$AAP?$AAa?$AAn?$AAe?$AAl?$AAG?$AAe?$AAt?$AAD?$AAe?$AAv?$AAi?$AAc@ 100013b0     s3c6410_touch.obj
 0001:00000438       ??_C@_1HM@NIINAGFL@?$AA?$FL?$AAT?$AAS?$AAP?$AA?3?$AAE?$AAR?$AAR?$AA?$FN?$AA?5?$AAD?$AAd?$AAs?$AAi?$AAT?$AAo?$AAu?$AAc?$AAh?$AAP?$AAa?$AAn?$AAe?$AAl?$AAS?$AAe?$AAt?$AAM?$AAo?$AAd?$AAe?$AA?$CI@ 10001438     s3c6410_touch.obj
 0001:000004b4       ??_C@_1CM@DKJPPKPA@?$AAS?$AAY?$AAS?$AAT?$AAE?$AAM?$AA?1?$AAG?$AAw?$AAe?$AAA?$AAp?$AAi?$AAS?$AAe?$AAt?$AAR?$AAe?$AAa?$AAd?$AAy?$AA?$AA@ 100014b4     s3c6410_touch.obj
 0001:000004e0       ??_C@_1FE@CBHDNHHK@?$AA?$FL?$AAT?$AAO?$AAU?$AAC?$AAH?$AA?5?$AA?5?$AA?5?$AA?5?$AA?5?$AA?5?$AA?5?$AA?$FN?$AA?5?$AAE?$AAx?$AAi?$AAs?$AAt?$AA?5?$AAC?$AAa?$AAl?$AAi?$AAb?$AAr?$AAa?$AAt?$AAi?$AAo?$AAn@ 100014e0     s3c6410_touch.obj
 0001:00000534       ??_C@_1CA@BNLIHNAH@?$AAC?$AAa?$AAl?$AAi?$AAb?$AAr?$AAa?$AAt?$AAi?$AAo?$AAn?$AAD?$AAa?$AAt?$AAa?$AA?$AA@ 10001534     s3c6410_touch.obj
 0001:00000558       ??_C@_1FA@JOPFGOAC@?$AA?$FL?$AAT?$AAS?$AAP?$AA?3?$AAE?$AAR?$AAR?$AA?$FN?$AA?5?$AAT?$AAS?$AAP?$AA_?$AAV?$AAi?$AAr?$AAt?$AAu?$AAa?$AAl?$AAA?$AAl?$AAl?$AAo?$AAc?$AA?$CI?$AA?$CJ?$AA?5?$AA?3?$AA?5?$AAF@ 10001558     s3c6410_touch.obj
 0001:000005a8       ??_C@_1HG@MGEOON@?$AA?$FL?$AAT?$AAS?$AAP?$AA?3?$AAE?$AAR?$AAR?$AA?$FN?$AA?5?$AAT?$AAS?$AAP?$AA_?$AAV?$AAi?$AAr?$AAt?$AAu?$AAa?$AAl?$AAA?$AAl?$AAl?$AAo?$AAc?$AA?$CI?$AA?$CJ?$AA?5?$AA?3?$AA?5?$AAg@ 100015a8     s3c6410_touch.obj
 0001:00000620       ??_C@_1HI@IEGEBONG@?$AA?$FL?$AAT?$AAS?$AAP?$AA?3?$AAE?$AAR?$AAR?$AA?$FN?$AA?5?$AAT?$AAS?$AAP?$AA_?$AAV?$AAi?$AAr?$AAt?$AAu?$AAa?$AAl?$AAA?$AAl?$AAl?$AAo?$AAc?$AA?$CI?$AA?$CJ?$AA?5?$AA?3?$AA?5?$AAg@ 10001620     s3c6410_touch.obj
 0001:00000698       ??_C@_1HI@PLKNIFEF@?$AA?$FL?$AAT?$AAS?$AAP?$AA?3?$AAE?$AAR?$AAR?$AA?$FN?$AA?5?$AAT?$AAS?$AAP?$AA_?$AAV?$AAi?$AAr?$AAt?$AAu?$AAa?$AAl?$AAA?$AAl?$AAl?$AAo?$AAc?$AA?$CI?$AA?$CJ?$AA?5?$AA?3?$AA?5?$AAg@ 10001698     s3c6410_touch.obj
 0001:00000710       ??_C@_1HG@BCJPJOFG@?$AA?$FL?$AAT?$AAS?$AAP?$AA?3?$AAE?$AAR?$AAR?$AA?$FN?$AA?5?$AAT?$AAS?$AAP?$AA_?$AAV?$AAi?$AAr?$AAt?$AAu?$AAa?$AAl?$AAA?$AAl?$AAl?$AAo?$AAc?$AA?$CI?$AA?$CJ?$AA?5?$AA?3?$AA?5?$AAg@ 10001710     s3c6410_touch.obj
 0001:00000788       ??_C@_1HI@JOEBGMK@?$AA?$FL?$AAT?$AAS?$AAP?$AA?3?$AAE?$AAR?$AAR?$AA?$FN?$AA?5?$AAT?$AAS?$AAP?$AA_?$AAV?$AAi?$AAr?$AAt?$AAu?$AAa?$AAl?$AAA?$AAl?$AAl?$AAo?$AAc?$AA?$CI?$AA?$CJ?$AA?5?$AA?3?$AA?5?$AAg@ 10001788     s3c6410_touch.obj
 0001:00000800       ??_C@_1IM@OILNCOOK@?$AA?$FL?$AAT?$AAS?$AAP?$AA?3?$AAE?$AAR?$AAR?$AA?$FN?$AA?5?$AAD?$AAd?$AAs?$AAi?$AAT?$AAo?$AAu?$AAc?$AAh?$AAP?$AAa?$AAn?$AAe?$AAl?$AAE?$AAn?$AAa?$AAb?$AAl?$AAe?$AA?$CI?$AA?$CJ@ 10001800     s3c6410_touch.obj
 0001:00000890       ??_C@_1HO@MMODGKFJ@?$AA?$FL?$AAT?$AAS?$AAP?$AA?3?$AAE?$AAR?$AAR?$AA?$FN?$AA?5?$AAD?$AAd?$AAs?$AAi?$AAT?$AAo?$AAu?$AAc?$AAh?$AAP?$AAa?$AAn?$AAe?$AAl?$AAE?$AAn?$AAa?$AAb?$AAl?$AAe?$AA?$CI?$AA?$CJ@ 10001890     s3c6410_touch.obj
 0001:00000910       ??_C@_1CM@JEEBPCOG@?$AA?$FL?$AAT?$AAS?$AAP?$AA?$FN?$AA?5?$AAU?$AAn?$AAk?$AAn?$AAo?$AAw?$AAn?$AA?5?$AAS?$AAt?$AAa?$AAt?$AAe?$AA?$AN?$AA?6?$AA?$AA@ 10001910     s3c6410_touch.obj
 0001:00000dd0       TouchPanelGetDeviceCaps    10001dd0 f   tchmain.obj
 0001:00000e3c       TouchPanelSetMode          10001e3c f   tchmain.obj
 0001:00000ec8       TouchPanelPowerHandler     10001ec8 f   tchmain.obj
 0001:00000ed8       TouchPanelEnable           10001ed8 f   tchmain.obj
 0001:00001104       TouchPanelDisable          10002104 f   tchmain.obj
 0001:00001224       TouchPanelReadCalibrationPoint 10002224 f   tchmain.obj
 0001:000013ec       TouchPanelReadCalibrationAbort 100023ec f   tchmain.obj
 0001:0000143c       TouchPanelDllEntry         1000243c f   tchbasic.obj
 0001:00001480       DllMain                    10002480 f   tchbasic.obj
 0001:00001498       ComputeMatrix33            10002498 f   calibrat.obj
 0001:000015dc       TouchPanelCalibrateAPoint  100025dc f   calibrat.obj
 0001:0000167c       ErrorAnalysis              1000267c f   calibrat.obj
 0001:000017cc       TouchPanelSetCalibration   100027cc f   calibrat.obj
 0001:00001db4       LargeNumSet                10002db4 f   largenum.obj
 0001:00001df4       IsLargeNumNotZero          10002df4 f   largenum.obj
 0001:00001e24       IsLargeNumNegative         10002e24 f   largenum.obj
 0001:00001e38       IsLargeNumMagGreaterThan   10002e38 f   largenum.obj
 0001:00001e84       LargeNumMagInc             10002e84 f   largenum.obj
 0001:00001eb8       LargeNumMagAdd             10002eb8 f   largenum.obj
 0001:00001f24       LargeNumMagSub             10002f24 f   largenum.obj
 0001:00001f94       LargeNumAdd                10002f94 f   largenum.obj
 0001:00002040       LargeNumSub                10003040 f   largenum.obj
 0001:000020ec       LargeNumMulUint32          100030ec f   largenum.obj
 0001:00002154       LargeNumMult               10003154 f   largenum.obj
 0001:000022b0       LargeNumSignedFormat       100032b0 f   largenum.obj
 0001:000022f4       LargeNumRAShift            100032f4 f   largenum.obj
 0001:000023e0       LargeNumDivInt32           100033e0 f   largenum.obj
 0001:000024f4       LargeNumBits               100034f4 f   largenum.obj
 0001:000027dc       DdsiTouchPanelGetDeviceCaps 100037dc f   s3c6410_touch.obj
 0001:00002880       DdsiTouchPanelSetMode      10003880 f   s3c6410_touch.obj
 0001:00002904       DdsiTouchPanelAttach       10003904 f   s3c6410_touch.obj
 0001:0000290c       DdsiTouchPanelDetach       1000390c f   s3c6410_touch.obj
 0001:000029e4       ?StartCalibrationThread@@YAXXZ 100039e4 f   s3c6410_touch.obj
 0001:00002c38       DdsiTouchPanelEnable       10003c38 f   s3c6410_touch.obj
 0001:00002de4       DdsiTouchPanelDisable      10003de4 f   s3c6410_touch.obj
 0001:00002e58       DdsiTouchPanelGetPoint     10003e58 f   s3c6410_touch.obj
 0001:00003170       DdsiTouchPanelPowerHandler 10004170 f   s3c6410_touch.obj
 0001:0000326c       EventModify                1000426c f   coredll:COREDLL.dll
 0001:0000327c       InitializeCriticalSection  1000427c f   coredll:COREDLL.dll
 0001:0000328c       CreateEventW               1000428c f   coredll:COREDLL.dll
 0001:0000329c       ExitThread                 1000429c f   coredll:COREDLL.dll
 0001:000032ac       NKDbgPrintfW               100042ac f   coredll:COREDLL.dll
 0001:000032bc       GetTickCount               100042bc f   coredll:COREDLL.dll
 0001:000032cc       LeaveCriticalSection       100042cc f   coredll:COREDLL.dll
 0001:000032dc       EnterCriticalSection       100042dc f   coredll:COREDLL.dll
 0001:000032ec       WaitForSingleObject        100042ec f   coredll:COREDLL.dll
 0001:000032fc       RegCloseKey                100042fc f   coredll:COREDLL.dll
 0001:0000330c       RegQueryValueExW           1000430c f   coredll:COREDLL.dll
 0001:0000331c       RegOpenKeyExW              1000431c f   coredll:COREDLL.dll
 0001:0000332c       CeSetThreadPriority        1000432c f   coredll:COREDLL.dll
 0001:0000333c       CreateThread               1000433c f   coredll:COREDLL.dll
 0001:0000334c       InterruptInitialize        1000434c f   coredll:COREDLL.dll
 0001:0000335c       InterruptDisable           1000435c f   coredll:COREDLL.dll
 0001:0000336c       InterruptDone              1000436c f   coredll:COREDLL.dll
 0001:0000337c       DeleteCriticalSection      1000437c f   coredll:COREDLL.dll
 0001:0000338c       CloseHandle                1000438c f   coredll:COREDLL.dll
 0001:0000339c       SetLastError               1000439c f   coredll:COREDLL.dll
 0001:000033ac       OpenEventW                 100043ac f   coredll:COREDLL.dll
 0001:000033bc       DisableThreadLibraryCalls  100043bc f   coredll:COREDLL.dll
 0001:000033cc       TouchCalibrate             100043cc f   coredll:COREDLL.dll
 0001:000033dc       KernelIoControl            100043dc f   coredll:COREDLL.dll
 0001:000033ec       SetInterruptEvent          100043ec f   coredll:COREDLL.dll
 0001:000033fc       MmUnmapIoSpace             100043fc f   ceddk:CEDDK.dll
 0001:0000340c       MmMapIoSpace               1000440c f   ceddk:CEDDK.dll
 0001:00003520       _DllMainCRTStartup         10004520 f   corelib0:pegdmain.obj
 0001:00003550       __GSHandlerCheckCommon     10004550 f   corelib0:gshandler.obj
 0001:0000358c       __GSHandlerCheck           1000458c f   corelib0:gshandler.obj
 0001:000035b0       __security_init_cookie     100045b0 f   corelib0:seccinit.obj
 0001:0000360c       __security_check_cookie    1000460c f   corelib0:armsecgs.obj
 0001:00003620       __gsfailure                10004620 f   corelib0:armsecgs.obj
 0001:00003760       _cexit                     10004760 f   corelib0:cexit.obj
 0001:0000377c       _initterm                  1000477c f   corelib0:crt0dat.obj
 0001:000037b0       _cinit                     100047b0 f   corelib0:crt0dat.obj
 0001:000037e4       __rt_sdiv                  100047e4 f   corelib1:COREDLL.dll
 0001:000037f4       __rt_udiv                  100047f4 f   corelib1:COREDLL.dll
 0001:00003804       _XcptFilter                10004804 f   corelib1:COREDLL.dll
 0001:00003814       __C_specific_handler       10004814 f   corelib1:COREDLL.dll
 0001:00003824       __security_gen_cookie2     10004824 f   corelib1:COREDLL.dll
 0001:00003834       __report_gsfailure         10004834 f   corelib1:COREDLL.dll
 0001:00003844       free                       10004844 f   corelib1:COREDLL.dll
 0001:00003854       InterlockedExchange        10004854 f   coredll:COREDLL.dll
 0001:00003864       TerminateProcess           10004864 f   coredll:COREDLL.dll
 0001:00003898       __IMPORT_DESCRIPTOR_COREDLL 10004898     coredll:COREDLL.dll
 0001:000038ac       __IMPORT_DESCRIPTOR_CEDDK  100048ac     ceddk:CEDDK.dll
 0001:000038c0       __NULL_IMPORT_DESCRIPTOR   100048c0     coredll:COREDLL.dll
 0002:00000000       __imp_MmUnmapIoSpace       10005000     ceddk:CEDDK.dll
 0002:00000004       __imp_MmMapIoSpace         10005004     ceddk:CEDDK.dll
 0002:00000008       \177CEDDK_NULL_THUNK_DATA  10005008     ceddk:CEDDK.dll
 0002:0000000c       __imp_ExitThread           1000500c     coredll:COREDLL.dll
 0002:00000010       __imp_NKDbgPrintfW         10005010     coredll:COREDLL.dll
 0002:00000014       __imp_GetTickCount         10005014     coredll:COREDLL.dll
 0002:00000018       __imp_LeaveCriticalSection 10005018     coredll:COREDLL.dll
 0002:0000001c       __imp_EnterCriticalSection 1000501c     coredll:COREDLL.dll
 0002:00000020       __imp_WaitForSingleObject  10005020     coredll:COREDLL.dll
 0002:00000024       __imp_RegCloseKey          10005024     coredll:COREDLL.dll
 0002:00000028       __imp_RegQueryValueExW     10005028     coredll:COREDLL.dll
 0002:0000002c       __imp_RegOpenKeyExW        1000502c     coredll:COREDLL.dll
 0002:00000030       __imp_CeSetThreadPriority  10005030     coredll:COREDLL.dll
 0002:00000034       __imp_CreateThread         10005034     coredll:COREDLL.dll
 0002:00000038       __imp_CreateEventW         10005038     coredll:COREDLL.dll
 0002:0000003c       __imp_InterruptDisable     1000503c     coredll:COREDLL.dll
 0002:00000040       __imp_InterruptDone        10005040     coredll:COREDLL.dll
 0002:00000044       __imp_DeleteCriticalSection 10005044     coredll:COREDLL.dll
 0002:00000048       __imp_CloseHandle          10005048     coredll:COREDLL.dll
 0002:0000004c       __imp_SetLastError         1000504c     coredll:COREDLL.dll
 0002:00000050       __imp_OpenEventW           10005050     coredll:COREDLL.dll
 0002:00000054       __imp_DisableThreadLibraryCalls 10005054     coredll:COREDLL.dll
 0002:00000058       __imp_TouchCalibrate       10005058     coredll:COREDLL.dll
 0002:0000005c       __imp_KernelIoControl      1000505c     coredll:COREDLL.dll
 0002:00000060       __imp_SetInterruptEvent    10005060     coredll:COREDLL.dll
 0002:00000064       __imp_InitializeCriticalSection 10005064     coredll:COREDLL.dll
 0002:00000068       __imp_InterruptInitialize  10005068     coredll:COREDLL.dll
 0002:0000006c       __imp_EventModify          1000506c     coredll:COREDLL.dll
 0002:00000070       __imp___rt_sdiv            10005070     corelib1:COREDLL.dll
 0002:00000074       __imp___rt_udiv            10005074     corelib1:COREDLL.dll
 0002:00000078       __imp__XcptFilter          10005078     corelib1:COREDLL.dll
 0002:0000007c       __imp___C_specific_handler 1000507c     corelib1:COREDLL.dll
 0002:00000080       __imp___security_gen_cookie2 10005080     corelib1:COREDLL.dll
 0002:00000084       __imp___report_gsfailure   10005084     corelib1:COREDLL.dll
 0002:00000088       __imp_free                 10005088     corelib1:COREDLL.dll
 0002:0000008c       __imp_InterlockedExchange  1000508c     coredll:COREDLL.dll
 0002:00000090       __imp_TerminateProcess     10005090     coredll:COREDLL.dll
 0002:00000094       \177COREDLL_NULL_THUNK_DATA 10005094     coredll:COREDLL.dll
 0002:00000098       gdwTouchIstTimeout         10005098     tchmain.obj
 0002:00000120       dpCurSettings              10005120     s3c6410_touch.obj
 0002:00000564       __security_cookie          10005564     corelib0:seccinit.obj
 0002:00000568       __security_cookie_complement 10005568     corelib0:seccinit.obj
 0002:000005a8       _bTchThreadHighPriority    100055a8     tchmain.obj
 0002:000005ac       hThread                    100055ac     tchmain.obj
 0002:000005b4       v_pfnCgrCallback           100055b4     tchbasic.obj
 0002:0000060c       ?TouchType@@3KA            1000560c     s3c6410_touch.obj
 0002:00000618       gIntrTouch                 10005618     s3c6410_touch.obj
 0002:0000061c       gIntrTouchChanged          1000561c     s3c6410_touch.obj
 0002:00000654       _exitflag                  10005654     corelib0:cexit.obj
 0002:00000658       v_pfnCgrPointCallback      10005658     <common>
 0002:0000065c       v_pfnPointCallback         1000565c     <common>
 0002:00000660       CalibrationState           10005660     <common>
 0002:00000664       ghevCalibrationActivity    10005664     <common>
 0002:00000668       culReferenceCount          10005668     <common>
 0002:0000066c       DisplayHeight              1000566c     <common>
 0002:00000680       csMutex                    10005680     <common>
 0002:00000694       hTouchPanelEvent           10005694     <common>
 0002:00000698       hCalibrationSampleAvailable 10005698     <common>
 0002:0000069c       DisplayWidth               1000569c     <common>
 0002:000006a0       lCalibrationYCoord         100056a0     <common>
 0002:000006a4       lCalibrationXCoord         100056a4     <common>
 0002:000006a8       __onexitend                100056a8     <common>
 0002:000006ac       __onexitbegin              100056ac     <common>
 0002:000006b0       g_pcsExit                  100056b0     <common>
 0002:000006b4       _pRawDllMain               100056b4     <common>

 entry point at        0001:00003520

 Static symbols

 0001:00000968       TouchPanelpISR             10001968 f   tchmain.obj
 0001:00000cf8       TouchPanelpGetPriority     10001cf8 f   tchmain.obj
 0001:0000255c       ?TSP_CalibrationPointGet@@YAHPAUTPDC_CALIBRATION_POINT@@@Z 1000355c f   s3c6410_touch.obj
 0001:00002670       ?TSP_GetXY@@YAHPAH0@Z      10003670 f   s3c6410_touch.obj
 0001:00002914       ?CalibrationThread@@YAKXZ  10003914 f   s3c6410_touch.obj
 0001:00002a20       ?TSP_VirtualAlloc@@YAHXZ   10003a20 f   s3c6410_touch.obj
 0001:00003424       _DllMainCRTStartupHelper   10004424 f   corelib0:pegdmain.obj
 0001:00003664       doexit                     10004664 f   corelib0:cexit.obj
