 s3c6410_disp

 Timestamp is 5125b29b (Thu Feb 21 13:37:31 2013)

 Preferred load address is 10000000

 Start         Length     Name                   Class
 0001:00000000 00000004H .CRT$XCA                CODE
 0001:00000004 00000014H .CRT$XCU                CODE
 0001:00000018 00000004H .CRT$XCZ                CODE
 0001:0000001c 00000004H .CRT$XIA                CODE
 0001:00000020 00000004H .CRT$XIZ                CODE
 0001:00000024 00000004H .CRT$XPA                CODE
 0001:00000028 00000004H .CRT$XPZ                CODE
 0001:0000002c 00000004H .CRT$XTA                CODE
 0001:00000030 00000004H .CRT$XTZ                CODE
 0001:00000040 0000aa7aH .rdata                  CODE
 0001:0000aabc 00000029H .rdata$debug            CODE
 0001:0000ab00 0003e828H .text                   CODE
 0001:00049328 00000088H .text$yc                CODE
 0001:000493b0 00000110H .xdata                  CODE
 0001:000494c0 00000028H .idata$2                CODE
 0001:000494e8 00000014H .idata$3                CODE
 0001:000494fc 00000144H .idata$4                CODE
 0001:00049640 00000016H .idata$6                CODE
 0001:00049660 0000005cH .edata                  CODE
 0002:00000000 00003a14H fastmem                 CODE
 0003:00000000 00000144H .idata$5                DATA
 0003:00000148 0000c518H .data                   DATA
 0003:0000c660 00003ef4H .bss                    DATA
 0004:00000000 000011e0H .pdata                  DATA

  Address         Publics by Value              Rva+Base       Lib:Object

 0000:00000000       ___safe_se_handler_table   00000000     <absolute>
 0000:00000000       ___safe_se_handler_count   00000000     <absolute>
 0001:00000000       __xc_a                     10001000     corelib0:crt0init.obj
 0001:00000018       __xc_z                     10001018     corelib0:crt0init.obj
 0001:0000001c       __xi_a                     1000101c     corelib0:crt0init.obj
 0001:00000020       __xi_z                     10001020     corelib0:crt0init.obj
 0001:00000024       __xp_a                     10001024     corelib0:crt0init.obj
 0001:00000028       __xp_z                     10001028     corelib0:crt0init.obj
 0001:0000002c       __xt_a                     1000102c     corelib0:crt0init.obj
 0001:00000030       __xt_z                     10001030     corelib0:crt0init.obj
 0001:00000060       ??_C@_1PK@PMPPGEAM@?$AAL?$AAV?$AA?3?$AA?$CF?$AAd?$AA?0?$AA?5?$AAH?$AAW?$AA?3?$AA?$CF?$AAd?$AA?0?$AA?5?$AAB?$AAi?$AAt?$AAB?$AAl?$AAt?$AA?3?$AA?$CF?$AAd?$AA?0?$AA?5?$AAL?$AAi?$AAn?$AAe?$AA?3?$AA?$CF?$AAd@ 10001060     display_main.obj
 0001:00000160       ??_C@_1EI@JFBAPJAO@?$AAS?$AA3?$AAC?$AA6?$AA4?$AA1?$AA0?$AAD?$AAi?$AAs?$AAp?$AA?3?$AA?3?$AAG?$AAe?$AAt?$AAP?$AAh?$AAy?$AAs?$AAi?$AAc?$AAa?$AAl?$AAV?$AAi?$AAd?$AAe?$AAo?$AAM?$AAe?$AAm@ 10001160     display_main.obj
 0001:000001a8       ??_C@_1CC@ENIONJME@?$AA?$FL?$AAD?$AAI?$AAS?$AAP?$AAD?$AAR?$AAV?$AA?$FN?$AA?5?$AA?$CF?$AAs?$AA?$CI?$AA?$CJ?$AA?6?$AA?$AN?$AA?$AA@ 100011a8     display_main.obj
 0001:000001d0       ??_C@_1EG@JACNMOHF@?$AAS?$AA3?$AAC?$AA6?$AA4?$AA1?$AA0?$AAD?$AAi?$AAs?$AAp?$AA?3?$AA?3?$AAG?$AAe?$AAt?$AAV?$AAi?$AAr?$AAt?$AAu?$AAa?$AAl?$AAV?$AAi?$AAd?$AAe?$AAo?$AAM?$AAe?$AAm?$AAo@ 100011d0     display_main.obj
 0001:00000218       ??_C@_1DA@JNLHECFL@?$AA?$FL?$AAD?$AAI?$AAS?$AAP?$AAD?$AAR?$AAV?$AA?$FN?$AA?5?$AA?9?$AA?9?$AA?$CF?$AAs?$AA?$CI?$AA?$CJ?$AA?5?$AA?$DN?$AA?5?$AA?$CF?$AAd?$AA?6?$AA?$AN?$AA?$AA@ 10001218     display_main.obj
 0001:00000248       ??_C@_1HK@KJGGMHOM@?$AA?$FL?$AAD?$AAI?$AAS?$AAP?$AAD?$AAR?$AAV?$AA?3?$AAE?$AAR?$AAR?$AA?$FN?$AA?5?$AAG?$AAe?$AAt?$AAR?$AAo?$AAt?$AAa?$AAt?$AAe?$AAM?$AAo?$AAd?$AAe?$AAF?$AAr?$AAo?$AAm?$AAR@ 10001248     display_main.obj
 0001:000002c4       ??_C@_1M@FIJHFMPA@?$AAA?$AAN?$AAG?$AAL?$AAE?$AA?$AA@ 100012c4     display_main.obj
 0001:000002d0       ??_C@_1CI@PNCEGBJC@?$AAS?$AAY?$AAS?$AAT?$AAE?$AAM?$AA?2?$AAG?$AAD?$AAI?$AA?2?$AAR?$AAO?$AAT?$AAA?$AAT?$AAI?$AAO?$AAN?$AA?$AA@ 100012d0     display_main.obj
 0001:000002f8       ??_C@_1EE@PIILDFOE@?$AAS?$AA3?$AAC?$AA6?$AA4?$AA1?$AA0?$AAD?$AAi?$AAs?$AAp?$AA?3?$AA?3?$AAG?$AAe?$AAt?$AAR?$AAo?$AAt?$AAa?$AAt?$AAe?$AAM?$AAo?$AAd?$AAe?$AAF?$AAr?$AAo?$AAm?$AAR?$AAe@ 100012f8     display_main.obj
 0001:0000033c       ??_C@_1CG@HAKODMGI@?$AA?$FL?$AAD?$AAI?$AAS?$AAP?$AAD?$AAR?$AAV?$AA?$FN?$AA?5?$AA?$CL?$AA?$CL?$AA?$CF?$AAs?$AA?$CI?$AA?$CJ?$AA?6?$AA?$AN?$AA?$AA@ 1000133c     display_main.obj
 0001:00000364       ??_C@_1DK@MPMHFKIB@?$AAS?$AA3?$AAC?$AA6?$AA4?$AA1?$AA0?$AAD?$AAi?$AAs?$AAp?$AA?3?$AA?3?$AAS?$AAe?$AAt?$AAR?$AAo?$AAt?$AAa?$AAt?$AAe?$AAP?$AAa?$AAr?$AAa?$AAm?$AAs?$AA?$AA@ 10001364     display_main.obj
 0001:000003a0       ??_C@_1EE@FCNHKLOC@?$AA?$FL?$AAD?$AAI?$AAS?$AAP?$AAD?$AAR?$AAV?$AA?3?$AAI?$AAN?$AAF?$AA?$FN?$AA?5?$AA?$CF?$AAs?$AA?$CI?$AA?$CJ?$AA?5?$AA?3?$AA?5?$AAA?$AAn?$AAg?$AAl?$AAe?$AA?5?$AA?$DN?$AA?5?$AA?$CF?$AAd?$AA?6@ 100013a0     display_main.obj
 0001:000003e4       ??_C@_1CG@CNEDOJAJ@?$AA?$FL?$AAD?$AAI?$AAS?$AAP?$AAD?$AAR?$AAV?$AA?$FN?$AA?5?$AA?9?$AA?9?$AA?$CF?$AAs?$AA?$CI?$AA?$CJ?$AA?6?$AA?$AN?$AA?$AA@ 100013e4     display_main.obj
 0001:00000410       ??_C@_1IA@CMKPOEIC@?$AA?$FL?$AAD?$AAI?$AAS?$AAP?$AAD?$AAR?$AAV?$AA?3?$AAE?$AAR?$AAR?$AA?$FN?$AA?5?$AAD?$AAy?$AAn?$AAR?$AAo?$AAt?$AAa?$AAt?$AAe?$AA?$CI?$AA?$CJ?$AA?5?$AA?3?$AA?5?$AAC?$AAa?$AAn?$AA?5@ 10001410     display_main.obj
 0001:00000490       ??_C@_1CO@FNCNPANJ@?$AAS?$AA3?$AAC?$AA6?$AA4?$AA1?$AA0?$AAD?$AAi?$AAs?$AAp?$AA?3?$AA?3?$AAD?$AAy?$AAn?$AAR?$AAo?$AAt?$AAa?$AAt?$AAe?$AA?$AA@ 10001490     display_main.obj
 0001:000004c0       ??_C@_1CK@FHILMNBG@?$AA?$FL?$AAD?$AAI?$AAS?$AAP?$AAD?$AAR?$AAV?$AA?$FN?$AA?5?$AA?$CL?$AA?$CL?$AA?$CF?$AAs?$AA?$CI?$AA?$CF?$AAd?$AA?$CJ?$AA?6?$AA?$AN?$AA?$AA@ 100014c0     display_main.obj
 0001:000004ec       ??_C@_1CC@JKIFCKFO@?$AA?$FL?$AAD?$AAI?$AAS?$AAP?$AAD?$AAR?$AAV?$AA?$FN?$AA?5?$AA?9?$AA?9?$AA?$CF?$AAs?$AA?6?$AA?$AN?$AA?$AA@ 100014ec     display_main.obj
 0001:00000510       ??_C@_1GC@JGNDMKHI@?$AA?$FL?$AAD?$AAI?$AAS?$AAP?$AAD?$AAR?$AAV?$AA?3?$AAE?$AAR?$AAR?$AA?$FN?$AA?5?$AA?$CF?$AAs?$AA?5?$AA?3?$AA?5?$AAS?$AAu?$AAr?$AAf?$AAa?$AAc?$AAe?$AAH?$AAe?$AAa?$AAp?$AA?$CI?$AA?$CJ@ 10001510     display_main.obj
 0001:00000578       ??_C@_1FG@OPIBDNPN@?$AA?$FL?$AAD?$AAI?$AAS?$AAP?$AAD?$AAR?$AAV?$AA?3?$AAI?$AAN?$AAF?$AA?$FN?$AA?5?$AAm?$AA_?$AAV?$AAi?$AAd?$AAe?$AAo?$AAM?$AAe?$AAm?$AAo?$AAr?$AAy?$AAS?$AAi?$AAz?$AAe?$AA?5@ 10001578     display_main.obj
 0001:000005d0       ??_C@_1GE@OIFNLHFI@?$AA?$FL?$AAD?$AAI?$AAS?$AAP?$AAD?$AAR?$AAV?$AA?3?$AAI?$AAN?$AAF?$AA?$FN?$AA?5?$AAm?$AA_?$AAV?$AAi?$AAd?$AAe?$AAo?$AAM?$AAe?$AAm?$AAo?$AAr?$AAy?$AAV?$AAi?$AAr?$AAt?$AAu@ 100015d0     display_main.obj
 0001:00000638       ??_C@_1GG@NJAHIKKM@?$AA?$FL?$AAD?$AAI?$AAS?$AAP?$AAD?$AAR?$AAV?$AA?3?$AAI?$AAN?$AAF?$AA?$FN?$AA?5?$AAm?$AA_?$AAV?$AAi?$AAd?$AAe?$AAo?$AAM?$AAe?$AAm?$AAo?$AAr?$AAy?$AAP?$AAh?$AAy?$AAs?$AAi@ 10001638     display_main.obj
 0001:000006a0       ??_C@_1LO@CNFIMKAK@?$AA?$FL?$AAD?$AAI?$AAS?$AAP?$AAD?$AAR?$AAV?$AA?3?$AAE?$AAR?$AAR?$AA?$FN?$AA?5?$AAA?$AAl?$AAl?$AAo?$AAc?$AAR?$AAe?$AAs?$AAo?$AAu?$AAr?$AAc?$AAe?$AA?$CI?$AA?$CJ?$AA?5?$AA?3?$AA?5@ 100016a0     display_main.obj
 0001:00000760       ??_C@_1KK@GFILAPFF@?$AA?$FL?$AAD?$AAI?$AAS?$AAP?$AAD?$AAR?$AAV?$AA?3?$AAE?$AAR?$AAR?$AA?$FN?$AA?5?$AAA?$AAl?$AAl?$AAo?$AAc?$AAR?$AAe?$AAs?$AAo?$AAu?$AAr?$AAc?$AAe?$AA?$CI?$AA?$CJ?$AA?5?$AA?3?$AA?5@ 10001760     display_main.obj
 0001:00000810       ??_C@_1JC@PIFLPEDN@?$AA?$FL?$AAD?$AAI?$AAS?$AAP?$AAD?$AAR?$AAV?$AA?3?$AAE?$AAR?$AAR?$AA?$FN?$AA?5?$AAD?$AAe?$AAv?$AAI?$AAn?$AAi?$AAt?$AAi?$AAa?$AAl?$AAi?$AAz?$AAe?$AA?$CI?$AA?$CJ?$AA?5?$AA?3?$AA?5@ 10001810     display_main.obj
 0001:000008a8       ??_C@_1JM@HMJEKIDE@?$AA?$FL?$AAD?$AAI?$AAS?$AAP?$AAD?$AAR?$AAV?$AA?3?$AAE?$AAR?$AAR?$AA?$FN?$AA?5?$AAD?$AAe?$AAv?$AAI?$AAn?$AAi?$AAt?$AAi?$AAa?$AAl?$AAi?$AAz?$AAe?$AA?$CI?$AA?$CJ?$AA?5?$AA?3?$AA?5@ 100018a8     display_main.obj
 0001:00000948       ??_C@_1HE@MANDPLIL@?$AA?$FL?$AAD?$AAI?$AAS?$AAP?$AAD?$AAR?$AAV?$AA?3?$AAE?$AAR?$AAR?$AA?$FN?$AA?5?$AAA?$AAl?$AAl?$AAo?$AAc?$AAR?$AAe?$AAs?$AAo?$AAu?$AAr?$AAc?$AAe?$AA?$CI?$AA?$CJ?$AA?5?$AA?3?$AA?5@ 10001948     display_main.obj
 0001:000009bc       ??_C@_1M@DKKMLCEH@?$AAV?$AAD?$AAE?$AA0?$AA?3?$AA?$AA@ 100019bc     display_main.obj
 0001:000009c8       ??_C@_1HC@PDEAOEJC@?$AA?$FL?$AAD?$AAI?$AAS?$AAP?$AAD?$AAR?$AAV?$AA?3?$AAE?$AAR?$AAR?$AA?$FN?$AA?5?$AA?9?$AA?9?$AA?$CF?$AAs?$AA?5?$AA?3?$AA?5?$AAF?$AAa?$AAi?$AAl?$AAe?$AAd?$AA?0?$AA?5?$AAi?$AAo?$AAP@ 100019c8     display_main.obj
 0001:00000a3c       ??_C@_1DG@MLPHHIOF@?$AAS?$AA3?$AAC?$AA6?$AA4?$AA1?$AA0?$AAD?$AAi?$AAs?$AAp?$AA?3?$AA?3?$AAA?$AAl?$AAl?$AAo?$AAc?$AAR?$AAe?$AAs?$AAo?$AAu?$AAr?$AAc?$AAe?$AA?$AA@ 10001a3c     display_main.obj
 0001:00000a74       ??_C@_1CC@INHKMEAI@?$AA?$FL?$AAD?$AAI?$AAS?$AAP?$AAD?$AAR?$AAV?$AA?$FN?$AA?5?$AA?$CL?$AA?$CL?$AA?$CF?$AAs?$AA?6?$AA?$AN?$AA?$AA@ 10001a74     display_main.obj
 0001:00000a98       ??_C@_1KO@NGMNOOPD@?$AA?$FL?$AAD?$AAI?$AAS?$AAP?$AAD?$AAR?$AAV?$AA?3?$AAE?$AAR?$AAR?$AA?$FN?$AA?5?$AAT?$AAV?$AAO?$AAu?$AAt?$AAA?$AAl?$AAl?$AAo?$AAc?$AAR?$AAe?$AAs?$AAo?$AAu?$AAr?$AAc?$AAe@ 10001a98     display_main.obj
 0001:00000b48       ??_C@_1EA@HLGCNGCL@?$AAS?$AA3?$AAC?$AA6?$AA4?$AA1?$AA0?$AAD?$AAi?$AAs?$AAp?$AA?3?$AA?3?$AAT?$AAV?$AAO?$AAu?$AAt?$AAA?$AAl?$AAl?$AAo?$AAc?$AAR?$AAe?$AAs?$AAo?$AAu?$AAr?$AAc?$AAe?$AA?$AA@ 10001b48     display_main.obj
 0001:00000b88       ??_C@_1LC@LGJGIAFD@?$AA?$FL?$AAD?$AAI?$AAS?$AAP?$AAD?$AAR?$AAV?$AA?3?$AAE?$AAR?$AAR?$AA?$FN?$AA?5?$AAT?$AAV?$AAO?$AAu?$AAt?$AAR?$AAe?$AAl?$AAe?$AAa?$AAs?$AAe?$AAR?$AAe?$AAs?$AAo?$AAu?$AAr@ 10001b88     display_main.obj
 0001:00000c40       ??_C@_1EE@EKBAKHKN@?$AAS?$AA3?$AAC?$AA6?$AA4?$AA1?$AA0?$AAD?$AAi?$AAs?$AAp?$AA?3?$AA?3?$AAT?$AAV?$AAO?$AAu?$AAt?$AAR?$AAe?$AAl?$AAe?$AAa?$AAs?$AAe?$AAR?$AAe?$AAs?$AAo?$AAu?$AAr?$AAc@ 10001c40     display_main.obj
 0001:00000c84       ??_C@_1M@BAKKPHMH@?$AAB?$AAK?$AAL?$AA1?$AA?3?$AA?$AA@ 10001c84     display_main.obj
 0001:00000c90       ??_C@_1IA@CIGMKDFO@?$AA?$FL?$AAD?$AAI?$AAS?$AAP?$AAD?$AAR?$AAV?$AA?3?$AAE?$AAR?$AAR?$AA?$FN?$AA?5?$AAD?$AAe?$AAv?$AAP?$AAo?$AAw?$AAe?$AAr?$AAO?$AAn?$AA?$CI?$AA?$CJ?$AA?5?$AA?3?$AA?5?$AAI?$AAO?$AAC@ 10001c90     display_main.obj
 0001:00000d10       ??_C@_1DA@KFDBENLD@?$AAS?$AA3?$AAC?$AA6?$AA4?$AA1?$AA0?$AAD?$AAi?$AAs?$AAp?$AA?3?$AA?3?$AAD?$AAe?$AAv?$AAP?$AAo?$AAw?$AAe?$AAr?$AAO?$AAn?$AA?$AA@ 10001d10     display_main.obj
 0001:00000d40       ??_C@_1KK@PHEPLBJO@?$AA?$FL?$AAD?$AAI?$AAS?$AAP?$AAD?$AAR?$AAV?$AA?3?$AAE?$AAR?$AAR?$AA?$FN?$AA?5?$AAD?$AAe?$AAv?$AAP?$AAo?$AAw?$AAe?$AAr?$AAO?$AAf?$AAf?$AA?$CI?$AA?$CJ?$AA?5?$AA?3?$AA?5?$AAI?$AAO@ 10001d40     display_main.obj
 0001:00000dec       ??_C@_1DC@DFJLEPNF@?$AAS?$AA3?$AAC?$AA6?$AA4?$AA1?$AA0?$AAD?$AAi?$AAs?$AAp?$AA?3?$AA?3?$AAD?$AAe?$AAv?$AAP?$AAo?$AAw?$AAe?$AAr?$AAO?$AAf?$AAf?$AA?$AA@ 10001dec     display_main.obj
 0001:00000e20       ??_C@_1KA@JEGMICB@?$AA?$FL?$AAD?$AAI?$AAS?$AAP?$AAD?$AAR?$AAV?$AA?3?$AAE?$AAR?$AAR?$AA?$FN?$AA?5?$AAD?$AAe?$AAv?$AAO?$AAu?$AAt?$AAp?$AAu?$AAt?$AAE?$AAn?$AAa?$AAb?$AAl?$AAe?$AAR?$AAG?$AAB@ 10001e20     display_main.obj
 0001:00000ec0       ??_C@_1KC@INKIEGPL@?$AA?$FL?$AAD?$AAI?$AAS?$AAP?$AAD?$AAR?$AAV?$AA?3?$AAE?$AAR?$AAR?$AA?$FN?$AA?5?$AAD?$AAe?$AAv?$AAO?$AAu?$AAt?$AAp?$AAu?$AAt?$AAE?$AAn?$AAa?$AAb?$AAl?$AAe?$AAR?$AAG?$AAB@ 10001ec0     display_main.obj
 0001:00000f68       ??_C@_1KM@ONMNDOMM@?$AA?$FL?$AAD?$AAI?$AAS?$AAP?$AAD?$AAR?$AAV?$AA?3?$AAE?$AAR?$AAR?$AA?$FN?$AA?5?$AAD?$AAe?$AAv?$AAO?$AAu?$AAt?$AAp?$AAu?$AAt?$AAE?$AAn?$AAa?$AAb?$AAl?$AAe?$AAR?$AAG?$AAB@ 10001f68     display_main.obj
 0001:00001018       ??_C@_1JO@NNFLLPIF@?$AA?$FL?$AAD?$AAI?$AAS?$AAP?$AAD?$AAR?$AAV?$AA?3?$AAE?$AAR?$AAR?$AA?$FN?$AA?5?$AAD?$AAe?$AAv?$AAO?$AAu?$AAt?$AAp?$AAu?$AAt?$AAE?$AAn?$AAa?$AAb?$AAl?$AAe?$AAR?$AAG?$AAB@ 10002018     display_main.obj
 0001:000010b8       ??_C@_1IC@MDLNEBDD@?$AA?$FL?$AAD?$AAI?$AAS?$AAP?$AAD?$AAR?$AAV?$AA?3?$AAE?$AAR?$AAR?$AA?$FN?$AA?5?$AAD?$AAe?$AAv?$AAO?$AAu?$AAt?$AAp?$AAu?$AAt?$AAE?$AAn?$AAa?$AAb?$AAl?$AAe?$AAR?$AAG?$AAB@ 100020b8     display_main.obj
 0001:00001140       ??_C@_1KA@LPDDOBAJ@?$AA?$FL?$AAD?$AAI?$AAS?$AAP?$AAD?$AAR?$AAV?$AA?3?$AAE?$AAR?$AAR?$AA?$FN?$AA?5?$AAD?$AAe?$AAv?$AAO?$AAu?$AAt?$AAp?$AAu?$AAt?$AAE?$AAn?$AAa?$AAb?$AAl?$AAe?$AAR?$AAG?$AAB@ 10002140     display_main.obj
 0001:000011e0       ??_C@_1EE@IGGGLKJC@?$AAS?$AA3?$AAC?$AA6?$AA4?$AA1?$AA0?$AAD?$AAi?$AAs?$AAp?$AA?3?$AA?3?$AAD?$AAe?$AAv?$AAO?$AAu?$AAt?$AAp?$AAu?$AAt?$AAE?$AAn?$AAa?$AAb?$AAl?$AAe?$AAR?$AAG?$AAB?$AAI@ 100021e0     display_main.obj
 0001:00001228       ??_C@_1GG@EBLIPLPG@?$AA?$FL?$AAD?$AAI?$AAS?$AAP?$AAD?$AAR?$AAV?$AA?$FN?$AA?5?$AA?9?$AA?9?$AAS?$AA3?$AAC?$AA6?$AA4?$AA1?$AA0?$AAD?$AAi?$AAs?$AAp?$AA?3?$AA?3?$AAD?$AAe?$AAv?$AAO?$AAu?$AAt?$AAp@ 10002228     display_main.obj
 0001:00001290       ??_C@_1KG@MHPBICGN@?$AA?$FL?$AAD?$AAI?$AAS?$AAP?$AAD?$AAR?$AAV?$AA?3?$AAE?$AAR?$AAR?$AA?$FN?$AA?5?$AAD?$AAe?$AAv?$AAO?$AAu?$AAt?$AAp?$AAu?$AAt?$AAD?$AAi?$AAs?$AAa?$AAb?$AAl?$AAe?$AAR?$AAG@ 10002290     display_main.obj
 0001:00001338       ??_C@_1EG@PMFEGBGO@?$AAS?$AA3?$AAC?$AA6?$AA4?$AA1?$AA0?$AAD?$AAi?$AAs?$AAp?$AA?3?$AA?3?$AAD?$AAe?$AAv?$AAO?$AAu?$AAt?$AAp?$AAu?$AAt?$AAD?$AAi?$AAs?$AAa?$AAb?$AAl?$AAe?$AAR?$AAG?$AAB@ 10002338     display_main.obj
 0001:00001380       ??_C@_1KI@IDNFAACP@?$AA?$FL?$AAD?$AAI?$AAS?$AAP?$AAD?$AAR?$AAV?$AA?3?$AAE?$AAR?$AAR?$AA?$FN?$AA?5?$AAD?$AAe?$AAv?$AAG?$AAe?$AAt?$AAV?$AAe?$AAr?$AAt?$AAi?$AAc?$AAa?$AAl?$AAS?$AAt?$AAa?$AAt@ 10002380     display_main.obj
 0001:00001428       ??_C@_1KC@COAGCJFP@?$AA?$FL?$AAD?$AAI?$AAS?$AAP?$AAD?$AAR?$AAV?$AA?3?$AAE?$AAR?$AAR?$AA?$FN?$AA?5?$AAD?$AAe?$AAv?$AAG?$AAe?$AAt?$AAV?$AAe?$AAr?$AAt?$AAi?$AAc?$AAa?$AAl?$AAS?$AAt?$AAa?$AAt@ 10002428     display_main.obj
 0001:000014d0       ??_C@_1JG@NOAHHNHC@?$AA?$FL?$AAD?$AAI?$AAS?$AAP?$AAD?$AAR?$AAV?$AA?3?$AAE?$AAR?$AAR?$AA?$FN?$AA?5?$AAD?$AAe?$AAv?$AAG?$AAe?$AAt?$AAS?$AAc?$AAa?$AAn?$AAL?$AAi?$AAn?$AAe?$AA?$CI?$AA?$CJ?$AA?5?$AA?3@ 100024d0     display_main.obj
 0001:00001568       ??_C@_1GI@LBPPMOKF@?$AA?$HL?$AA?$CF?$AA0?$AA8?$AAl?$AAX?$AA?9?$AA?$CF?$AA0?$AA4?$AAX?$AA?9?$AA?$CF?$AA0?$AA4?$AAX?$AA?9?$AA?$CF?$AA0?$AA2?$AAX?$AA?$CF?$AA0?$AA2?$AAX?$AA?9?$AA?$CF?$AA0?$AA2?$AAX?$AA?$CF?$AA0@ 10002568     display_main.obj
 0001:000015d0       ??_C@_1FK@OFEMGGKK@?$AA?$FL?$AAD?$AAI?$AAS?$AAP?$AAD?$AAR?$AAV?$AA?$FN?$AA?5?$AA?9?$AA?9?$AAA?$AAd?$AAv?$AAe?$AAr?$AAt?$AAi?$AAs?$AAe?$AAP?$AAo?$AAw?$AAe?$AAr?$AAI?$AAn?$AAt?$AAe?$AAr?$AAf@ 100025d0     display_main.obj
 0001:0000162c       ??_C@_1CE@LGAKADBG@?$AAD?$AAi?$AAs?$AAp?$AAl?$AAa?$AAy?$AAP?$AAo?$AAw?$AAe?$AAr?$AAC?$AAl?$AAa?$AAs?$AAs?$AA?$AA@ 1000262c     display_main.obj
 0001:00001650       ??_C@_1EO@BHDHHEGO@?$AA?$HL?$AAE?$AAB?$AA9?$AA1?$AAC?$AA7?$AAC?$AA9?$AA?9?$AA8?$AAB?$AAF?$AA6?$AA?9?$AA4?$AAa?$AA2?$AAd?$AA?9?$AA9?$AAA?$AAB?$AA8?$AA?9?$AA6?$AA9?$AA7?$AA2?$AA4?$AAE?$AAE@ 10002650     display_main.obj
 0001:000016a0       ??_C@_1CG@BEPCNIEH@?$AAS?$AAy?$AAs?$AAt?$AAe?$AAm?$AA?2?$AAG?$AAD?$AAI?$AA?2?$AAD?$AAr?$AAi?$AAv?$AAe?$AAr?$AAs?$AA?$AA@ 100026a0     display_main.obj
 0001:000016c8       ??_C@_1FA@IMFEDEIJ@?$AA?$FL?$AAD?$AAI?$AAS?$AAP?$AAD?$AAR?$AAV?$AA?$FN?$AA?5?$AA?$CL?$AA?$CL?$AAA?$AAd?$AAv?$AAe?$AAr?$AAt?$AAi?$AAs?$AAe?$AAP?$AAo?$AAw?$AAe?$AAr?$AAI?$AAn?$AAt?$AAe?$AAr?$AAf@ 100026c8     display_main.obj
 0001:00001718       ??_C@_1FC@HKPIDAJM@?$AA?$FL?$AAD?$AAI?$AAS?$AAP?$AAD?$AAR?$AAV?$AA?$FN?$AA?5?$AA?9?$AA?9?$AAP?$AAm?$AAT?$AAo?$AAV?$AAi?$AAd?$AAe?$AAo?$AAP?$AAo?$AAw?$AAe?$AAr?$AAS?$AAt?$AAa?$AAt?$AAe?$AA?$CI@ 10002718     display_main.obj
 0001:00001770       ??_C@_1HI@OLBOPJCH@?$AA?$FL?$AAD?$AAI?$AAS?$AAP?$AAD?$AAR?$AAV?$AA?3?$AAE?$AAR?$AAR?$AA?$FN?$AA?5?$AAP?$AAm?$AAT?$AAo?$AAV?$AAi?$AAd?$AAe?$AAo?$AAP?$AAo?$AAw?$AAe?$AAr?$AAS?$AAt?$AAa?$AAt@ 10002770     display_main.obj
 0001:000017e8       ??_C@_1EM@OPJBMBHD@?$AA?$FL?$AAD?$AAI?$AAS?$AAP?$AAD?$AAR?$AAV?$AA?$FN?$AA?5?$AA?$CL?$AA?$CL?$AAP?$AAm?$AAT?$AAo?$AAV?$AAi?$AAd?$AAe?$AAo?$AAP?$AAo?$AAw?$AAe?$AAr?$AAS?$AAt?$AAa?$AAt?$AAe?$AA?$CI@ 100027e8     display_main.obj
 0001:00001838       ??_C@_1FC@HCOFLBNE@?$AA?$FL?$AAD?$AAI?$AAS?$AAP?$AAD?$AAR?$AAV?$AA?$FN?$AA?5?$AA?9?$AA?9?$AAV?$AAi?$AAd?$AAe?$AAo?$AAT?$AAo?$AAP?$AAm?$AAP?$AAo?$AAw?$AAe?$AAr?$AAS?$AAt?$AAa?$AAt?$AAe?$AA?$CI@ 10002838     display_main.obj
 0001:00001890       ??_C@_1HO@MBNFAPKO@?$AA?$FL?$AAD?$AAI?$AAS?$AAP?$AAD?$AAR?$AAV?$AA?3?$AAE?$AAR?$AAR?$AA?$FN?$AA?5?$AAV?$AAi?$AAd?$AAe?$AAo?$AAT?$AAo?$AAP?$AAm?$AAP?$AAo?$AAw?$AAe?$AAr?$AAS?$AAt?$AAa?$AAt@ 10002890     display_main.obj
 0001:00001910       ??_C@_1EM@BADBPHGF@?$AA?$FL?$AAD?$AAI?$AAS?$AAP?$AAD?$AAR?$AAV?$AA?$FN?$AA?5?$AA?$CL?$AA?$CL?$AAV?$AAi?$AAd?$AAe?$AAo?$AAT?$AAo?$AAP?$AAm?$AAP?$AAo?$AAw?$AAe?$AAr?$AAS?$AAt?$AAa?$AAt?$AAe?$AA?$CI@ 10002910     display_main.obj
 0001:00001960       ??_C@_1GG@LOLPCEEE@?$AA?$FL?$AAD?$AAI?$AAS?$AAP?$AAD?$AAR?$AAV?$AA?3?$AAE?$AAR?$AAR?$AA?$FN?$AA?5?$AAG?$AAe?$AAt?$AAG?$AAa?$AAm?$AAe?$AAX?$AAI?$AAn?$AAf?$AAo?$AA?$CI?$AA?$CJ?$AA?5?$AA?3?$AA?5?$AAI@ 10002960     display_main.obj
 0001:000019c8       ??_C@_1DE@IDKIFIAL@?$AAS?$AA3?$AAC?$AA6?$AA4?$AA1?$AA0?$AAD?$AAi?$AAs?$AAp?$AA?3?$AA?3?$AAG?$AAe?$AAt?$AAG?$AAa?$AAm?$AAe?$AAX?$AAI?$AAn?$AAf?$AAo?$AA?$AA@ 100029c8     display_main.obj
 0001:00001a00       ??_C@_1HA@KIGNJOOC@?$AA?$FL?$AAD?$AAI?$AAS?$AAP?$AAD?$AAR?$AAV?$AA?3?$AAE?$AAR?$AAR?$AA?$FN?$AA?5?$AAG?$AAe?$AAt?$AAR?$AAa?$AAw?$AAF?$AAr?$AAa?$AAm?$AAe?$AAB?$AAu?$AAf?$AAf?$AAe?$AAr?$AA?$CI@ 10002a00     display_main.obj
 0001:00001a70       ??_C@_1LG@PKBCKBDN@?$AA?$FL?$AAD?$AAI?$AAS?$AAP?$AAD?$AAR?$AAV?$AA?3?$AAI?$AAN?$AAF?$AA?$FN?$AA?5?$AAG?$AAe?$AAt?$AAR?$AAa?$AAw?$AAF?$AAr?$AAa?$AAm?$AAe?$AAB?$AAu?$AAf?$AAf?$AAe?$AAr?$AA?$CI@ 10002a70     display_main.obj
 0001:00001b28       ??_C@_1DO@MOCKGKOE@?$AAS?$AA3?$AAC?$AA6?$AA4?$AA1?$AA0?$AAD?$AAi?$AAs?$AAp?$AA?3?$AA?3?$AAG?$AAe?$AAt?$AAR?$AAa?$AAw?$AAF?$AAr?$AAa?$AAm?$AAe?$AAB?$AAu?$AAf?$AAf?$AAe?$AAr?$AA?$AA@ 10002b28     display_main.obj
 0001:00001b68       ??_C@_1KA@NFHHIBIG@?$AA?$FL?$AAD?$AAI?$AAS?$AAP?$AAD?$AAR?$AAV?$AA?3?$AAE?$AAR?$AAR?$AA?$FN?$AA?5?$AAR?$AAe?$AAl?$AAe?$AAa?$AAs?$AAe?$AAR?$AAe?$AAs?$AAo?$AAu?$AAr?$AAc?$AAe?$AA?$CI?$AA?$CJ?$AA?5@ 10002b68     display_main.obj
 0001:00001c08       ??_C@_1JG@MCLLKBLG@?$AA?$FL?$AAD?$AAI?$AAS?$AAP?$AAD?$AAR?$AAV?$AA?3?$AAE?$AAR?$AAR?$AA?$FN?$AA?5?$AAR?$AAe?$AAl?$AAe?$AAa?$AAs?$AAe?$AAR?$AAe?$AAs?$AAo?$AAu?$AAr?$AAc?$AAe?$AA?$CI?$AA?$CJ?$AA?5@ 10002c08     display_main.obj
 0001:00001ca0       ??_C@_1DK@MIDDIDCB@?$AAS?$AA3?$AAC?$AA6?$AA4?$AA1?$AA0?$AAD?$AAi?$AAs?$AAp?$AA?3?$AA?3?$AAR?$AAe?$AAl?$AAe?$AAa?$AAs?$AAe?$AAR?$AAe?$AAs?$AAo?$AAu?$AAr?$AAc?$AAe?$AA?$AA@ 10002ca0     display_main.obj
 0001:00001ce0       ??_C@_1GG@LFDIJNMN@?$AA?$FL?$AAD?$AAI?$AAS?$AAP?$AAD?$AAR?$AAV?$AA?$FN?$AA?5?$AAS?$AAe?$AAt?$AAD?$AAi?$AAs?$AAp?$AAl?$AAa?$AAy?$AAP?$AAo?$AAw?$AAe?$AAr?$AAS?$AAt?$AAa?$AAt?$AAe?$AA?$CI?$AA?$CJ@ 10002ce0     display_main.obj
 0001:00001d48       ??_C@_1GE@GOICBMCH@?$AA?$FL?$AAD?$AAI?$AAS?$AAP?$AAD?$AAR?$AAV?$AA?$FN?$AA?5?$AAS?$AAe?$AAt?$AAD?$AAi?$AAs?$AAp?$AAl?$AAa?$AAy?$AAP?$AAo?$AAw?$AAe?$AAr?$AAS?$AAt?$AAa?$AAt?$AAe?$AA?$CI?$AA?$CJ@ 10002d48     display_main.obj
 0001:00001db0       ??_C@_1IA@HOIECCLN@?$AA?$FL?$AAD?$AAI?$AAS?$AAP?$AAD?$AAR?$AAV?$AA?$FN?$AA?5?$AAS?$AAe?$AAt?$AAD?$AAi?$AAs?$AAp?$AAl?$AAa?$AAy?$AAP?$AAo?$AAw?$AAe?$AAr?$AAS?$AAt?$AAa?$AAt?$AAe?$AA?$CI?$AA?$CJ@ 10002db0     display_main.obj
 0001:00001e30       ??_C@_1EE@KINLHEKG@?$AAS?$AA3?$AAC?$AA6?$AA4?$AA1?$AA0?$AAD?$AAi?$AAs?$AAp?$AA?3?$AA?3?$AAS?$AAe?$AAt?$AAD?$AAi?$AAs?$AAp?$AAl?$AAa?$AAy?$AAP?$AAo?$AAw?$AAe?$AAr?$AAS?$AAt?$AAa?$AAt@ 10002e30     display_main.obj
 0001:00001e78       ??_C@_1KE@DDPGKNHD@?$AA?$FL?$AAD?$AAI?$AAS?$AAP?$AAD?$AAR?$AAV?$AA_?$AAI?$AAN?$AAI?$AAT?$AA?$FN?$AA?5?$AAE?$AAr?$AAr?$AAo?$AAr?$AA?5?$AAg?$AAe?$AAt?$AAt?$AAi?$AAn?$AAg?$AA?5?$AAD?$AAi?$AAs@ 10002e78     display_main.obj
 0001:00001f20       ??_C@_1FI@EMJOKBIG@?$AA?$FL?$AAD?$AAI?$AAS?$AAP?$AAD?$AAR?$AAV?$AA_?$AAI?$AAN?$AAI?$AAT?$AA?$FN?$AA?5?$AAd?$AAi?$AAs?$AAp?$AAl?$AAa?$AAy?$AA?5?$AAd?$AAr?$AAi?$AAv?$AAe?$AAr?$AA?5?$AAd?$AAi@ 10002f20     display_main.obj
 0001:00001f78       ??_C@_1DG@DLJGCGJ@?$AAS?$AA3?$AAC?$AA6?$AA4?$AA1?$AA0?$AAD?$AAi?$AAs?$AAp?$AA?3?$AA?3?$AAD?$AAe?$AAv?$AAI?$AAn?$AAi?$AAt?$AAi?$AAa?$AAl?$AAi?$AAz?$AAe?$AA?$AA@ 10002f78     display_main.obj
 0001:00001fb0       ??_C@_1DA@DIEJJLNO@?$AA?$FL?$AAD?$AAI?$AAS?$AAP?$AAD?$AAR?$AAV?$AA_?$AAi?$AAn?$AAi?$AAt?$AA?$FN?$AA?5?$AA?$CL?$AA?$CL?$AA?$CF?$AAs?$AA?$CI?$AA?$CJ?$AA?6?$AA?$AN?$AA?$AA@ 10002fb0     display_main.obj
 0001:00001fe0       ??_C@_1GA@CMPDNIBA@?$AA?$FL?$AAD?$AAI?$AAS?$AAP?$AAD?$AAR?$AAV?$AA?3?$AAI?$AAN?$AAF?$AA?$FN?$AA?5?$AAE?$AAn?$AAa?$AAb?$AAl?$AAe?$AA?5?$AAN?$AAe?$AAw?$AA?5?$AAO?$AAu?$AAt?$AAp?$AAu?$AAt?$AA?5@ 10002fe0     display_main.obj
 0001:00002040       ??_C@_1JG@GBIMLFIC@?$AA?$FL?$AAD?$AAI?$AAS?$AAP?$AAD?$AAR?$AAV?$AA?3?$AAI?$AAN?$AAF?$AA?$FN?$AA?5?$AAD?$AAe?$AAv?$AAC?$AAh?$AAa?$AAn?$AAg?$AAe?$AAO?$AAu?$AAt?$AAp?$AAu?$AAt?$AAI?$AAn?$AAt@ 10003040     display_main.obj
 0001:000020d8       ??_C@_1JG@ECNJPHLG@?$AA?$FL?$AAD?$AAI?$AAS?$AAP?$AAD?$AAR?$AAV?$AA?3?$AAI?$AAN?$AAF?$AA?$FN?$AA?5?$AAD?$AAe?$AAv?$AAC?$AAh?$AAa?$AAn?$AAg?$AAe?$AAO?$AAu?$AAt?$AAp?$AAu?$AAt?$AAI?$AAn?$AAt@ 100030d8     display_main.obj
 0001:00002170       ??_C@_1NA@MHLHNCPH@?$AA?$FL?$AAD?$AAI?$AAS?$AAP?$AAD?$AAR?$AAV?$AA?3?$AAE?$AAR?$AAR?$AA?$FN?$AA?5?$AAD?$AAe?$AAv?$AAC?$AAh?$AAa?$AAn?$AAg?$AAe?$AAO?$AAu?$AAt?$AAp?$AAu?$AAt?$AAI?$AAn?$AAt@ 10003170     display_main.obj
 0001:00002240       ??_C@_1JI@CBEHEPBM@?$AA?$FL?$AAD?$AAI?$AAS?$AAP?$AAD?$AAR?$AAV?$AA?3?$AAI?$AAN?$AAF?$AA?$FN?$AA?5?$AAD?$AAe?$AAv?$AAC?$AAh?$AAa?$AAn?$AAg?$AAe?$AAO?$AAu?$AAt?$AAp?$AAu?$AAt?$AAI?$AAn?$AAt@ 10003240     display_main.obj
 0001:000022d8       ??_C@_1EM@PLKLLIHM@?$AAS?$AA3?$AAC?$AA6?$AA4?$AA1?$AA0?$AAD?$AAi?$AAs?$AAp?$AA?3?$AA?3?$AAD?$AAe?$AAv?$AAC?$AAh?$AAa?$AAn?$AAg?$AAe?$AAO?$AAu?$AAt?$AAp?$AAu?$AAt?$AAI?$AAn?$AAt?$AAe@ 100032d8     display_main.obj
 0001:00002328       ??_C@_1KK@JJAHCJIP@?$AAm?$AA_?$AAn?$AAS?$AAc?$AAr?$AAe?$AAe?$AAn?$AAW?$AAi?$AAd?$AAt?$AAh?$AA?3?$AA?$CF?$AAd?$AA?0?$AA?5?$AAm?$AA_?$AAn?$AAS?$AAc?$AAr?$AAe?$AAe?$AAn?$AAH?$AAe?$AAi?$AAg@ 10003328     display_main.obj
 0001:000023d8       ??_C@_1HA@IKINNJPN@?$AAP?$AAr?$AAi?$AAm?$AAa?$AAr?$AAy?$AA?5?$AAS?$AAc?$AAr?$AAe?$AAe?$AAn?$AAW?$AAi?$AAd?$AAt?$AAh?$AA?3?$AA?$CF?$AAd?$AA?0?$AA?5?$AAS?$AAc?$AAr?$AAe?$AAe?$AAn?$AAH?$AAe@ 100033d8     display_main.obj
 0001:00002448       ??_C@_1HK@DGKBNPLB@?$AA?$FL?$AAD?$AAI?$AAS?$AAP?$AAD?$AAR?$AAV?$AA?3?$AAE?$AAR?$AAR?$AA?$FN?$AA?5?$AA?$CF?$AAs?$AA?$CI?$AA?$CJ?$AA?5?$AA?3?$AA?5?$AAm?$AA_?$AAp?$AAP?$AAr?$AAi?$AAm?$AAa?$AAr?$AAy?$AAS@ 10003448     display_main.obj
 0001:000024c8       ??_C@_1FO@CNCHBHN@?$AA?$FL?$AAD?$AAI?$AAS?$AAP?$AAD?$AAR?$AAV?$AA?3?$AAE?$AAR?$AAR?$AA?$FN?$AA?5?$AA?$CF?$AAs?$AA?$CI?$AA?$CJ?$AA?5?$AA?3?$AA?5?$AAI?$AAn?$AAi?$AAt?$AAi?$AAa?$AAl?$AAi?$AAz?$AAe?$AAD@ 100034c8     display_main.obj
 0001:00002528       ??_C@_1IE@HEDMDFPH@?$AA?$FL?$AAD?$AAI?$AAS?$AAP?$AAD?$AAR?$AAV?$AA?3?$AAE?$AAR?$AAR?$AA?$FN?$AA?5?$AAI?$AAn?$AAi?$AAt?$AAi?$AAa?$AAl?$AAi?$AAz?$AAe?$AAI?$AAn?$AAt?$AAe?$AAr?$AAr?$AAu?$AAp@ 10003528     display_main.obj
 0001:000025b0       ??_C@_1HG@JJJCNGAN@?$AA?$FL?$AAD?$AAI?$AAS?$AAP?$AAD?$AAR?$AAV?$AA?3?$AAE?$AAR?$AAR?$AA?$FN?$AA?5?$AAI?$AAn?$AAi?$AAt?$AAi?$AAa?$AAl?$AAi?$AAz?$AAe?$AAI?$AAn?$AAt?$AAe?$AAr?$AAr?$AAu?$AAp@ 100035b0     display_main.obj
 0001:00002628       ??_C@_1HE@IEEFDHBK@?$AA?$FL?$AAD?$AAI?$AAS?$AAP?$AAD?$AAR?$AAV?$AA?3?$AAE?$AAR?$AAR?$AA?$FN?$AA?5?$AA?$CF?$AAs?$AA?$CI?$AA?$CJ?$AA?5?$AA?3?$AA?5?$AA2?$AAD?$AA?5?$AAA?$AAc?$AAc?$AAe?$AAl?$AAe?$AAr?$AAa@ 10003628     display_main.obj
 0001:000026a0       ??_C@_1FI@MJLHMGLJ@?$AA?$FL?$AAD?$AAI?$AAS?$AAP?$AAD?$AAR?$AAV?$AA?3?$AAE?$AAR?$AAR?$AA?$FN?$AA?5?$AA?$CF?$AAs?$AA?$CI?$AA?$CJ?$AA?5?$AA?3?$AA?5?$AAA?$AAl?$AAl?$AAo?$AAc?$AAR?$AAe?$AAs?$AAo?$AAu?$AAr@ 100036a0     display_main.obj
 0001:000026f8       ??_C@_1DC@KBBLBLDK@?$AAS?$AA3?$AAC?$AA6?$AA4?$AA1?$AA0?$AAD?$AAi?$AAs?$AAp?$AA?3?$AA?3?$AAS?$AA3?$AAC?$AA6?$AA4?$AA1?$AA0?$AAD?$AAi?$AAs?$AAp?$AA?$AA@ 100036f8     display_main.obj
 0001:0000272c       ??_C@_1CI@PCCJEDJ@?$AA?$FL?$AAD?$AAI?$AAS?$AAP?$AAD?$AAR?$AAV?$AA1?$AA?$FN?$AA?5?$AA?$CL?$AA?$CL?$AA?$CF?$AAs?$AA?$CI?$AA?$CJ?$AA?6?$AA?$AN?$AA?$AA@ 1000372c     display_main.obj
 0001:00002758       ??_C@_1JM@MPFAJAOO@?$AA?$FL?$AAD?$AAI?$AAS?$AAP?$AAD?$AAR?$AAV?$AA1?$AA?$FN?$AA?5?$AAE?$AAr?$AAr?$AAo?$AAr?$AA?5?$AAg?$AAe?$AAt?$AAt?$AAi?$AAn?$AAg?$AA?5?$AAD?$AAi?$AAs?$AAp?$AAl?$AAa?$AAy@ 10003758     display_main.obj
 0001:000027f8       ??_C@_1FA@OJFPBCMB@?$AA?$FL?$AAD?$AAI?$AAS?$AAP?$AAD?$AAR?$AAV?$AA1?$AA?$FN?$AA?5?$AAd?$AAi?$AAs?$AAp?$AAl?$AAa?$AAy?$AA?5?$AAd?$AAr?$AAi?$AAv?$AAe?$AAr?$AA?5?$AAd?$AAi?$AAs?$AAp?$AAl?$AAa@ 100037f8     display_main.obj
 0001:00002848       ??_7S3C6410Disp@@6B@       10003848     display_main.obj
 0001:00002988       ??_C@_1HM@DDPJMAPH@?$AA?$FL?$AAD?$AAI?$AAS?$AAP?$AAD?$AAR?$AAV?$AA?3?$AAE?$AAR?$AAR?$AA?$FN?$AA?5?$AAD?$AAe?$AAi?$AAn?$AAi?$AAt?$AAI?$AAn?$AAt?$AAe?$AAr?$AAr?$AAu?$AAp?$AAt?$AA?$CI?$AA?$CJ?$AA?5@ 10003988     display_main.obj
 0001:00002a04       ??_C@_1DE@BAGAPFLO@?$AAS?$AA3?$AAC?$AA6?$AA4?$AA1?$AA0?$AAD?$AAi?$AAs?$AAp?$AA?3?$AA?3?$AA?$HO?$AAS?$AA3?$AAC?$AA6?$AA4?$AA1?$AA0?$AAD?$AAi?$AAs?$AAp?$AA?$AA@ 10003a04     display_main.obj
 0001:00002a38       ??_C@_1II@JBKOFEOC@?$AA?$FL?$AAD?$AAI?$AAS?$AAP?$AAD?$AAR?$AAV?$AA?3?$AAE?$AAR?$AAR?$AA?$FN?$AA?5?$AAD?$AAr?$AAv?$AAE?$AAs?$AAc?$AAa?$AAp?$AAe?$AA?$CI?$AA?$CJ?$AA?5?$AA?3?$AA?5?$AAD?$AAR?$AAV?$AAE@ 10003a38     display_main.obj
 0001:00002ac0       ??_C@_1FG@ENKEKPDJ@?$AA?$FL?$AAD?$AAI?$AAS?$AAP?$AAD?$AAR?$AAV?$AA?$FN?$AA?5?$AAD?$AAr?$AAv?$AAE?$AAs?$AAc?$AAa?$AAp?$AAe?$AA?$CI?$AA?$CJ?$AA?5?$AA?3?$AA?5?$AAD?$AAR?$AAV?$AAE?$AAS?$AAC?$AA_?$AAG@ 10003ac0     display_main.obj
 0001:00002b18       ??_C@_1HO@GBECNCAK@?$AA?$FL?$AAD?$AAI?$AAS?$AAP?$AAD?$AAR?$AAV?$AA?3?$AAE?$AAR?$AAR?$AA?$FN?$AA?5?$AAD?$AAr?$AAv?$AAE?$AAs?$AAc?$AAa?$AAp?$AAe?$AA?$CI?$AA?$CJ?$AA?5?$AA?3?$AA?5?$AAI?$AAO?$AAC?$AAT@ 10003b18     display_main.obj
 0001:00002b98       ??_C@_1FE@FPHLFKMK@?$AA?$FL?$AAD?$AAI?$AAS?$AAP?$AAD?$AAR?$AAV?$AA?$FN?$AA?5?$AAD?$AAr?$AAv?$AAE?$AAs?$AAc?$AAa?$AAp?$AAe?$AA?$CI?$AA?$CJ?$AA?5?$AA?3?$AA?5?$AAI?$AAO?$AAC?$AAT?$AAL?$AA_?$AAP?$AAO@ 10003b98     display_main.obj
 0001:00002bf0       ??_C@_1HO@NEEIBKDD@?$AA?$FL?$AAD?$AAI?$AAS?$AAP?$AAD?$AAR?$AAV?$AA?3?$AAE?$AAR?$AAR?$AA?$FN?$AA?5?$AAD?$AAr?$AAv?$AAE?$AAs?$AAc?$AAa?$AAp?$AAe?$AA?$CI?$AA?$CJ?$AA?5?$AA?3?$AA?5?$AAI?$AAO?$AAC?$AAT@ 10003bf0     display_main.obj
 0001:00002c70       ??_C@_1GG@MKGGBJFL@?$AA?$FL?$AAD?$AAI?$AAS?$AAP?$AAD?$AAR?$AAV?$AA?3?$AAE?$AAR?$AAR?$AA?$FN?$AA?5?$AAD?$AAr?$AAv?$AAE?$AAs?$AAc?$AAa?$AAp?$AAe?$AA?$CI?$AA?$CJ?$AA?5?$AA?3?$AA?5?$AAI?$AAO?$AAC?$AAT@ 10003c70     display_main.obj
 0001:00002cd8       ??_C@_1FO@MLDGEENC@?$AA?$FL?$AAD?$AAI?$AAS?$AAP?$AAD?$AAR?$AAV?$AA?$FN?$AA?5?$AAD?$AAr?$AAv?$AAE?$AAs?$AAc?$AAa?$AAp?$AAe?$AA?$CI?$AA?$CJ?$AA?5?$AA?3?$AA?5?$AAI?$AAO?$AAC?$AAT?$AAL?$AA_?$AAP?$AAO@ 10003cd8     display_main.obj
 0001:00002d38       ??_C@_1FE@FAGFIMEJ@?$AA?$FL?$AAD?$AAI?$AAS?$AAP?$AAD?$AAR?$AAV?$AA?$FN?$AA?5?$AAD?$AAr?$AAv?$AAE?$AAs?$AAc?$AAa?$AAp?$AAe?$AA?$CI?$AA?$CJ?$AA?5?$AA?3?$AA?5?$AAI?$AAO?$AAC?$AAT?$AAL?$AA_?$AAP?$AAO@ 10003d38     display_main.obj
 0001:00002d90       ??_C@_1IC@HCHKHHNJ@?$AA?$FL?$AAD?$AAI?$AAS?$AAP?$AAD?$AAR?$AAV?$AA?3?$AAE?$AAR?$AAR?$AA?$FN?$AA?5?$AAD?$AAr?$AAv?$AAE?$AAs?$AAc?$AAa?$AAp?$AAe?$AA?$CI?$AA?$CJ?$AA?5?$AA?3?$AA?5?$AAI?$AAO?$AAC?$AAT@ 10003d90     display_main.obj
 0001:00002e18       ??_C@_1GK@LOOKHGIC@?$AA?$FL?$AAD?$AAI?$AAS?$AAP?$AAD?$AAR?$AAV?$AA?3?$AAE?$AAR?$AAR?$AA?$FN?$AA?5?$AAD?$AAr?$AAv?$AAE?$AAs?$AAc?$AAa?$AAp?$AAe?$AA?$CI?$AA?$CJ?$AA?5?$AA?3?$AA?5?$AAI?$AAO?$AAC?$AAT@ 10003e18     display_main.obj
 0001:00002e88       ??_C@_1FI@CDCDEDOC@?$AA?$FL?$AAD?$AAI?$AAS?$AAP?$AAD?$AAR?$AAV?$AA?$FN?$AA?5?$AAD?$AAr?$AAv?$AAE?$AAs?$AAc?$AAa?$AAp?$AAe?$AA?$CI?$AA?$CJ?$AA?5?$AA?3?$AA?5?$AAI?$AAO?$AAC?$AAT?$AAL?$AA_?$AAP?$AAO@ 10003e88     display_main.obj
 0001:00002ee0       ??_C@_1JA@PAGCOII@?$AA?$FL?$AAD?$AAI?$AAS?$AAP?$AAD?$AAR?$AAV?$AA?3?$AAE?$AAR?$AAR?$AA?$FN?$AA?5?$AAD?$AAr?$AAv?$AAE?$AAs?$AAc?$AAa?$AAp?$AAe?$AA?$CI?$AA?$CJ?$AA?5?$AA?3?$AA?5?$AAI?$AAO?$AAC?$AAT@ 10003ee0     display_main.obj
 0001:00002f70       ??_C@_1GG@LNLMMDKK@?$AA?$FL?$AAD?$AAI?$AAS?$AAP?$AAD?$AAR?$AAV?$AA?$FN?$AA?5?$AAD?$AAr?$AAv?$AAE?$AAs?$AAc?$AAa?$AAp?$AAe?$AA?$CI?$AA?$CJ?$AA?5?$AA?3?$AA?5?$AAI?$AAO?$AAC?$AAT?$AAL?$AA_?$AAP?$AAO@ 10003f70     display_main.obj
 0001:00002fd8       ??_C@_1GM@BBKEENCA@?$AA?$FL?$AAD?$AAI?$AAS?$AAP?$AAD?$AAR?$AAV?$AA?3?$AAE?$AAR?$AAR?$AA?$FN?$AA?5?$AAD?$AAr?$AAv?$AAE?$AAs?$AAc?$AAa?$AAp?$AAe?$AA?$CI?$AA?$CJ?$AA?5?$AA?3?$AA?5?$AAG?$AAE?$AAT?$AAP@ 10003fd8     display_main.obj
 0001:00003048       ??_C@_1FK@GNMDDKBE@?$AA?$FL?$AAD?$AAI?$AAS?$AAP?$AAD?$AAR?$AAV?$AA?$FN?$AA?5?$AAD?$AAr?$AAv?$AAE?$AAs?$AAc?$AAa?$AAp?$AAe?$AA?$CI?$AA?$CJ?$AA?5?$AA?3?$AA?5?$AAG?$AAE?$AAT?$AAP?$AAO?$AAW?$AAE?$AAR@ 10004048     display_main.obj
 0001:000030a8       ??_C@_1GM@EHJMGEMA@?$AA?$FL?$AAD?$AAI?$AAS?$AAP?$AAD?$AAR?$AAV?$AA?3?$AAE?$AAR?$AAR?$AA?$FN?$AA?5?$AAD?$AAr?$AAv?$AAE?$AAs?$AAc?$AAa?$AAp?$AAe?$AA?$CI?$AA?$CJ?$AA?5?$AA?3?$AA?5?$AAS?$AAE?$AAT?$AAP@ 100040a8     display_main.obj
 0001:00003118       ??_C@_1IE@FIPINIIN@?$AA?$FL?$AAD?$AAI?$AAS?$AAP?$AAD?$AAR?$AAV?$AA?3?$AAE?$AAR?$AAR?$AA?$FN?$AA?5?$AAD?$AAr?$AAv?$AAE?$AAs?$AAc?$AAa?$AAp?$AAe?$AA?$CI?$AA?$CJ?$AA?5?$AA?3?$AA?5?$AAS?$AAE?$AAT?$AAP@ 10004118     display_main.obj
 0001:000031a0       ??_C@_1FK@JHIAEKAB@?$AA?$FL?$AAD?$AAI?$AAS?$AAP?$AAD?$AAR?$AAV?$AA?$FN?$AA?5?$AAD?$AAr?$AAv?$AAE?$AAs?$AAc?$AAa?$AAp?$AAe?$AA?$CI?$AA?$CJ?$AA?5?$AA?3?$AA?5?$AAS?$AAE?$AAT?$AAP?$AAO?$AAW?$AAE?$AAR@ 100041a0     display_main.obj
 0001:00003200       ??_C@_1FI@OBAMDLHG@?$AA?$FL?$AAD?$AAI?$AAS?$AAP?$AAD?$AAR?$AAV?$AA?$FN?$AA?5?$AAD?$AAr?$AAv?$AAE?$AAs?$AAc?$AAa?$AAp?$AAe?$AA?$CI?$AA?$CJ?$AA?5?$AA?3?$AA?5?$AAG?$AAE?$AAT?$AAR?$AAA?$AAW?$AAF?$AAR@ 10004200     display_main.obj
 0001:00003258       ??_C@_1EI@GPHNHJED@?$AA?$FL?$AAD?$AAI?$AAS?$AAP?$AAD?$AAR?$AAV?$AA?$FN?$AA?5?$AAD?$AAr?$AAv?$AAE?$AAs?$AAc?$AAa?$AAp?$AAe?$AA?$CI?$AA?$CJ?$AA?5?$AA?3?$AA?5?$AAG?$AAE?$AAT?$AAG?$AAX?$AAI?$AAN?$AAF@ 10004258     display_main.obj
 0001:000032a0       ??_C@_1GG@BCPAMEHB@?$AA?$FL?$AAD?$AAI?$AAS?$AAP?$AAD?$AAR?$AAV?$AA?$FN?$AA?5?$AAD?$AAr?$AAv?$AAE?$AAs?$AAc?$AAa?$AAp?$AAe?$AA?$CI?$AA?$CJ?$AA?5?$AA?3?$AA?5?$AAD?$AAR?$AAV?$AAE?$AAS?$AAC?$AA_?$AAS@ 100042a0     display_main.obj
 0001:00003308       ??_C@_1GG@DGJGIEFA@?$AA?$FL?$AAD?$AAI?$AAS?$AAP?$AAD?$AAR?$AAV?$AA?$FN?$AA?5?$AAD?$AAr?$AAv?$AAE?$AAs?$AAc?$AAa?$AAp?$AAe?$AA?$CI?$AA?$CJ?$AA?5?$AA?3?$AA?5?$AAD?$AAR?$AAV?$AAE?$AAS?$AAC?$AA_?$AAG@ 10004308     display_main.obj
 0001:00003370       ??_C@_1HO@HLAIJEJC@?$AA?$FL?$AAD?$AAI?$AAS?$AAP?$AAD?$AAR?$AAV?$AA?3?$AAE?$AAR?$AAR?$AA?$FN?$AA?5?$AAD?$AAr?$AAv?$AAE?$AAs?$AAc?$AAa?$AAp?$AAe?$AA?$CI?$AA?$CJ?$AA?5?$AA?3?$AA?5?$AAQ?$AAU?$AAE?$AAR@ 10004370     display_main.obj
 0001:000033f0       ??_C@_1CO@GBEAMMDA@?$AAS?$AA3?$AAC?$AA6?$AA4?$AA1?$AA0?$AAD?$AAi?$AAs?$AAp?$AA?3?$AA?3?$AAD?$AAr?$AAv?$AAE?$AAs?$AAc?$AAa?$AAp?$AAe?$AA?$AA@ 100043f0     display_main.obj
 0001:00003420       ??_C@_1DC@JOKNGACI@?$AA?$FL?$AAD?$AAI?$AAS?$AAP?$AAD?$AAR?$AAV?$AA?$FN?$AA?5?$AA?9?$AA?9?$AA?$CF?$AAs?$AA?$CI?$AA0?$AAx?$AA?$CF?$AA0?$AA8?$AAx?$AA?$CJ?$AA?6?$AA?$AN?$AA?$AA@ 10004420     display_main.obj
 0001:00003458       ??_C@_1HC@CCINEAJB@?$AA?$FL?$AAD?$AAI?$AAS?$AAP?$AAD?$AAR?$AAV?$AA?3?$AAE?$AAR?$AAR?$AA?$FN?$AA?5?$AA?$CF?$AAs?$AA?$CI?$AA?$CJ?$AA?5?$AA?3?$AA?5?$AAI?$AAO?$AAC?$AAT?$AAL?$AA_?$AAS?$AAV?$AAE?$AA_?$AAR@ 10004458     ddoverlay.obj
 0001:000034d0       ??_C@_1HM@LLCLFNPG@?$AA?$FL?$AAD?$AAI?$AAS?$AAP?$AAD?$AAR?$AAV?$AA?3?$AAE?$AAR?$AAR?$AA?$FN?$AA?5?$AA?$CF?$AAs?$AA?$CI?$AA?$CJ?$AA?5?$AA?3?$AA?5?$AAI?$AAO?$AAC?$AAT?$AAL?$AA_?$AAS?$AAV?$AAE?$AA_?$AAR@ 100044d0     ddoverlay.obj
 0001:00003550       ??_C@_1EI@CPFFNGDA@?$AAS?$AA3?$AAC?$AA6?$AA4?$AA1?$AA0?$AAD?$AAi?$AAs?$AAp?$AA?3?$AA?3?$AAO?$AAv?$AAe?$AAr?$AAl?$AAa?$AAy?$AAR?$AAe?$AAl?$AAe?$AAa?$AAs?$AAe?$AAR?$AAe?$AAs?$AAo?$AAu@ 10004550     ddoverlay.obj
 0001:00003598       ??_C@_1FA@DIIDMFBB@?$AA?$FL?$AAD?$AAI?$AAS?$AAP?$AAD?$AAR?$AAV?$AA?$FN?$AA?5?$AA?9?$AA?9?$AAI?$AAn?$AAi?$AAt?$AAa?$AAl?$AAi?$AAz?$AAe?$AAO?$AAv?$AAe?$AAr?$AAl?$AAa?$AAy?$AAC?$AAo?$AAn?$AAt@ 10004598     ddoverlay.obj
 0001:000035e8       ??_C@_1FA@IOBKMPNL@?$AA?$FL?$AAD?$AAI?$AAS?$AAP?$AAD?$AAR?$AAV?$AA?$FN?$AA?5?$AA?$CL?$AA?$CL?$AAI?$AAn?$AAi?$AAt?$AAa?$AAl?$AAi?$AAz?$AAe?$AAO?$AAv?$AAe?$AAr?$AAl?$AAa?$AAy?$AAC?$AAo?$AAn?$AAt@ 100045e8     ddoverlay.obj
 0001:00003638       ??_C@_1EM@PMGIEPHF@?$AA?$FL?$AAD?$AAI?$AAS?$AAP?$AAD?$AAR?$AAV?$AA?$FN?$AA?5?$AA?9?$AA?9?$AAD?$AAe?$AAv?$AAO?$AAv?$AAe?$AAr?$AAl?$AAa?$AAy?$AAS?$AAe?$AAt?$AAP?$AAo?$AAs?$AAi?$AAt?$AAi?$AAo@ 10004638     ddoverlay.obj
 0001:00003688       ??_C@_1KI@DIJGALLP@?$AA?$FL?$AAD?$AAI?$AAS?$AAP?$AAD?$AAR?$AAV?$AA?3?$AAE?$AAR?$AAR?$AA?$FN?$AA?5?$AAD?$AAe?$AAv?$AAO?$AAv?$AAe?$AAr?$AAl?$AAa?$AAy?$AAS?$AAe?$AAt?$AAP?$AAo?$AAs?$AAi?$AAt@ 10004688     ddoverlay.obj
 0001:00003730       ??_C@_1EM@LEMLNCDD@?$AA?$FL?$AAD?$AAI?$AAS?$AAP?$AAD?$AAR?$AAV?$AA?$FN?$AA?5?$AA?$CL?$AA?$CL?$AAD?$AAe?$AAv?$AAO?$AAv?$AAe?$AAr?$AAl?$AAa?$AAy?$AAS?$AAe?$AAt?$AAP?$AAo?$AAs?$AAi?$AAt?$AAi?$AAo@ 10004730     ddoverlay.obj
 0001:00003780       ??_C@_1HO@OAEKJNLO@?$AA?$FL?$AAD?$AAI?$AAS?$AAP?$AAD?$AAR?$AAV?$AA?3?$AAE?$AAR?$AAR?$AA?$FN?$AA?5?$AA?$CF?$AAs?$AA?$CI?$AA?$CJ?$AA?5?$AA?3?$AA?5?$AAI?$AAO?$AAC?$AAT?$AAL?$AA_?$AAS?$AAV?$AAE?$AA_?$AAF@ 10004780     ddoverlay.obj
 0001:00003800       ??_C@_1KI@CBHILIJF@?$AA?$FL?$AAD?$AAI?$AAS?$AAP?$AAD?$AAR?$AAV?$AA?3?$AAE?$AAR?$AAR?$AA?$FN?$AA?5?$AAD?$AAe?$AAv?$AAO?$AAv?$AAe?$AAr?$AAl?$AAa?$AAy?$AAS?$AAe?$AAt?$AAP?$AAo?$AAs?$AAi?$AAt@ 10004800     ddoverlay.obj
 0001:000038a8       ??_C@_1DM@CKJIIGFA@?$AAS?$AA3?$AAC?$AA6?$AA4?$AA1?$AA0?$AAD?$AAi?$AAs?$AAp?$AA?3?$AA?3?$AAD?$AAe?$AAv?$AAO?$AAv?$AAe?$AAr?$AAl?$AAa?$AAy?$AAE?$AAn?$AAa?$AAb?$AAl?$AAe?$AA?$AA@ 100048a8     ddoverlay.obj
 0001:000038e8       ??_C@_1EE@EKEOCMKM@?$AA?$FL?$AAD?$AAI?$AAS?$AAP?$AAD?$AAR?$AAV?$AA?$FN?$AA?5?$AA?9?$AA?9?$AAD?$AAe?$AAv?$AAO?$AAv?$AAe?$AAr?$AAl?$AAa?$AAy?$AAD?$AAi?$AAs?$AAa?$AAb?$AAl?$AAe?$AA?$CI?$AA?$CJ?$AA?6@ 100048e8     ddoverlay.obj
 0001:00003930       ??_C@_1JO@FDINBEBD@?$AA?$FL?$AAD?$AAI?$AAS?$AAP?$AAD?$AAR?$AAV?$AA?3?$AAE?$AAR?$AAR?$AA?$FN?$AA?5?$AAD?$AAe?$AAv?$AAO?$AAv?$AAe?$AAr?$AAl?$AAa?$AAy?$AAD?$AAi?$AAs?$AAa?$AAb?$AAl?$AAe?$AA?$CI@ 10004930     ddoverlay.obj
 0001:000039d0       ??_C@_1KG@PKLCLMK@?$AA?$FL?$AAD?$AAI?$AAS?$AAP?$AAD?$AAR?$AAV?$AA?3?$AAE?$AAR?$AAR?$AA?$FN?$AA?5?$AAD?$AAe?$AAv?$AAO?$AAv?$AAe?$AAr?$AAl?$AAa?$AAy?$AAS?$AAe?$AAt?$AAP?$AAo?$AAs?$AAi?$AAt@ 100049d0     ddoverlay.obj
 0001:00003a78       ??_C@_1DO@EAKMOGCD@?$AAS?$AA3?$AAC?$AA6?$AA4?$AA1?$AA0?$AAD?$AAi?$AAs?$AAp?$AA?3?$AA?3?$AAD?$AAe?$AAv?$AAO?$AAv?$AAe?$AAr?$AAl?$AAa?$AAy?$AAD?$AAi?$AAs?$AAa?$AAb?$AAl?$AAe?$AA?$AA@ 10004a78     ddoverlay.obj
 0001:00003ab8       ??_C@_1LA@OMFAEENN@?$AA?$FL?$AAD?$AAI?$AAS?$AAP?$AAD?$AAR?$AAV?$AA?3?$AAE?$AAR?$AAR?$AA?$FN?$AA?5?$AAD?$AAe?$AAv?$AAO?$AAv?$AAe?$AAr?$AAl?$AAa?$AAy?$AAB?$AAl?$AAe?$AAn?$AAd?$AAD?$AAi?$AAs@ 10004ab8     ddoverlay.obj
 0001:00003b68       ??_C@_1LG@BIFDCABM@?$AA?$FL?$AAD?$AAI?$AAS?$AAP?$AAD?$AAR?$AAV?$AA?3?$AAE?$AAR?$AAR?$AA?$FN?$AA?5?$AAD?$AAe?$AAv?$AAO?$AAv?$AAe?$AAr?$AAl?$AAa?$AAy?$AAB?$AAl?$AAe?$AAn?$AAd?$AAD?$AAi?$AAs@ 10004b68     ddoverlay.obj
 0001:00003c20       ??_C@_1EK@KGLHJ@?$AA?$FL?$AAD?$AAI?$AAS?$AAP?$AAD?$AAR?$AAV?$AA?$FN?$AA?5?$AAD?$AAe?$AAv?$AAO?$AAv?$AAe?$AAr?$AAl?$AAa?$AAy?$AAB?$AAl?$AAe?$AAn?$AAd?$AAD?$AAi?$AAs?$AAa?$AAb?$AAl?$AAe@ 10004c20     ddoverlay.obj
 0001:00003c70       ??_C@_1LE@CEANIILF@?$AA?$FL?$AAD?$AAI?$AAS?$AAP?$AAD?$AAR?$AAV?$AA?3?$AAE?$AAR?$AAR?$AA?$FN?$AA?5?$AAD?$AAe?$AAv?$AAO?$AAv?$AAe?$AAr?$AAl?$AAa?$AAy?$AAS?$AAe?$AAt?$AAC?$AAo?$AAl?$AAo?$AAr@ 10004c70     ddoverlay.obj
 0001:00003d28       ??_C@_1EI@ECDGHGLD@?$AA?$FL?$AAD?$AAI?$AAS?$AAP?$AAD?$AAR?$AAV?$AA?$FN?$AA?5?$AAD?$AAe?$AAv?$AAO?$AAv?$AAe?$AAr?$AAl?$AAa?$AAy?$AAS?$AAe?$AAt?$AAC?$AAo?$AAl?$AAo?$AAr?$AAK?$AAe?$AAy?$AA?$CI@ 10004d28     ddoverlay.obj
 0001:00003d70       ??_C@_1KI@FFMMPENL@?$AA?$FL?$AAD?$AAI?$AAS?$AAP?$AAD?$AAR?$AAV?$AA?3?$AAE?$AAR?$AAR?$AA?$FN?$AA?5?$AAD?$AAe?$AAv?$AAO?$AAv?$AAe?$AAr?$AAl?$AAa?$AAy?$AAS?$AAe?$AAt?$AAA?$AAl?$AAp?$AAh?$AAa@ 10004d70     ddoverlay.obj
 0001:00003e18       ??_C@_1EC@NKAHOCJA@?$AA?$FL?$AAD?$AAI?$AAS?$AAP?$AAD?$AAR?$AAV?$AA?$FN?$AA?5?$AAD?$AAe?$AAv?$AAO?$AAv?$AAe?$AAr?$AAl?$AAa?$AAy?$AAS?$AAe?$AAt?$AAA?$AAl?$AAp?$AAh?$AAa?$AA?$CI?$AA?$CJ?$AA?6?$AA?$AN@ 10004e18     ddoverlay.obj
 0001:00003e60       ??_C@_1EA@LOBEOIMN@?$AA?$FL?$AAD?$AAI?$AAS?$AAP?$AAD?$AAR?$AAV?$AA?3?$AAE?$AAR?$AAR?$AA?$FN?$AA?5?$AA?9?$AA?9?$AA?$CF?$AAs?$AA?$CI?$AA?$CJ?$AA?5?$AA?3?$AA?5?$AAF?$AAa?$AAi?$AAl?$AAe?$AAd?$AA?6?$AA?$AN?$AA?$AA@ 10004e60     ddoverlay.obj
 0001:00003ea0       ??_C@_1HC@LCLNNDLB@?$AA?$FL?$AAD?$AAI?$AAS?$AAP?$AAD?$AAR?$AAV?$AA?3?$AAE?$AAR?$AAR?$AA?$FN?$AA?5?$AA?$CF?$AAs?$AA?$CI?$AA?$CJ?$AA?5?$AA?3?$AA?5?$AAI?$AAO?$AAC?$AAT?$AAL?$AA_?$AAS?$AAV?$AAE?$AA_?$AAR@ 10004ea0     ddoverlay.obj
 0001:00003f18       ??_C@_1HM@GNGLAFJM@?$AA?$FL?$AAD?$AAI?$AAS?$AAP?$AAD?$AAR?$AAV?$AA?3?$AAE?$AAR?$AAR?$AA?$FN?$AA?5?$AA?$CF?$AAs?$AA?$CI?$AA?$CJ?$AA?5?$AA?3?$AA?5?$AAI?$AAO?$AAC?$AAT?$AAL?$AA_?$AAS?$AAV?$AAE?$AA_?$AAR@ 10004f18     ddoverlay.obj
 0001:00003f98       ??_C@_1EE@DAPKFLPG@?$AAS?$AA3?$AAC?$AA6?$AA4?$AA1?$AA0?$AAD?$AAi?$AAs?$AAp?$AA?3?$AA?3?$AAO?$AAv?$AAe?$AAr?$AAl?$AAa?$AAy?$AAA?$AAl?$AAl?$AAo?$AAc?$AAR?$AAe?$AAs?$AAo?$AAu?$AAr?$AAc@ 10004f98     ddoverlay.obj
 0001:00003fdc       ??_C@_1DI@EFGJDFCC@?$AAO?$AAv?$AAe?$AAr?$AAl?$AAa?$AAy?$AAS?$AAe?$AAt?$AAP?$AAo?$AAs?$AAi?$AAt?$AAi?$AAo?$AAn?$AA?$CI?$AA?$CF?$AAd?$AA?0?$AA?$CF?$AAd?$AA?$CJ?$AA?6?$AA?$AN?$AA?$AA@ 10004fdc     ddoverlay.obj
 0001:00004014       ??_C@_1DG@OOCACEMM@?$AAS?$AA3?$AAC?$AA6?$AA4?$AA1?$AA0?$AAD?$AAi?$AAs?$AAp?$AA?3?$AA?3?$AAO?$AAv?$AAe?$AAr?$AAl?$AAa?$AAy?$AAE?$AAn?$AAa?$AAb?$AAl?$AAe?$AA?$AA@ 10005014     ddoverlay.obj
 0001:0000404c       ??_C@_1DI@KFIACFEJ@?$AAS?$AA3?$AAC?$AA6?$AA4?$AA1?$AA0?$AAD?$AAi?$AAs?$AAp?$AA?3?$AA?3?$AAO?$AAv?$AAe?$AAr?$AAl?$AAa?$AAy?$AAD?$AAi?$AAs?$AAa?$AAb?$AAl?$AAe?$AA?$AA@ 1000504c     ddoverlay.obj
 0001:00004088       ??_C@_1KM@GILCILCH@?$AA?$FL?$AAD?$AAI?$AAS?$AAP?$AAD?$AAR?$AAV?$AA?3?$AAE?$AAR?$AAR?$AA?$FN?$AA?5?$AAD?$AAe?$AAv?$AAS?$AAe?$AAt?$AAV?$AAi?$AAs?$AAi?$AAb?$AAl?$AAe?$AAS?$AAu?$AAr?$AAf?$AAa@ 10005088     ddoverlay.obj
 0001:00004138       ??_C@_1II@CIJICCPF@?$AA?$FL?$AAD?$AAI?$AAS?$AAP?$AAD?$AAR?$AAV?$AA?3?$AAE?$AAR?$AAR?$AA?$FN?$AA?5?$AA?$CF?$AAs?$AA?$CI?$AA?$CJ?$AA?5?$AA?3?$AA?5?$AAI?$AAO?$AAC?$AAT?$AAL?$AA_?$AAS?$AAV?$AAE?$AA_?$AAF@ 10005138     ddoverlay.obj
 0001:000041c0       ??_C@_1KM@OILFHLFE@?$AA?$FL?$AAD?$AAI?$AAS?$AAP?$AAD?$AAR?$AAV?$AA?3?$AAE?$AAR?$AAR?$AA?$FN?$AA?5?$AAD?$AAe?$AAv?$AAO?$AAv?$AAe?$AAr?$AAl?$AAa?$AAy?$AAI?$AAn?$AAi?$AAt?$AAi?$AAa?$AAl?$AAi@ 100051c0     ddoverlay.obj
 0001:00004270       ??_C@_1EE@JPPIKHEO@?$AAS?$AA3?$AAC?$AA6?$AA4?$AA1?$AA0?$AAD?$AAi?$AAs?$AAp?$AA?3?$AA?3?$AAD?$AAe?$AAv?$AAS?$AAe?$AAt?$AAV?$AAi?$AAs?$AAi?$AAb?$AAl?$AAe?$AAS?$AAu?$AAr?$AAf?$AAa?$AAc@ 10005270     ddoverlay.obj
 0001:000042b8       ??_C@_1EK@HFANKOCL@?$AA?$FL?$AAD?$AAI?$AAS?$AAP?$AAD?$AAR?$AAV?$AA?3?$AAE?$AAR?$AAR?$AA?$FN?$AA?5?$AA?$CF?$AAs?$AA?$CI?$AA?$CJ?$AA?5?$AA?3?$AA?5?$AAp?$AAS?$AAu?$AAr?$AAf?$AA?5?$AAi?$AAs?$AA?5?$AAN?$AAU@ 100052b8     ddoverlay.obj
 0001:00004308       ??_C@_1EK@LDKDKKBK@?$AA?$FL?$AAD?$AAI?$AAS?$AAP?$AAD?$AAR?$AAV?$AA?$FN?$AA?5?$AA?9?$AA?9?$AAD?$AAe?$AAv?$AAO?$AAv?$AAe?$AAr?$AAl?$AAa?$AAy?$AAI?$AAn?$AAi?$AAt?$AAi?$AAa?$AAl?$AAi?$AAz?$AAe@ 10005308     ddoverlay.obj
 0001:00004358       ??_C@_1KM@CPHKCDAI@?$AA?$FL?$AAD?$AAI?$AAS?$AAP?$AAD?$AAR?$AAV?$AA?3?$AAE?$AAR?$AAR?$AA?$FN?$AA?5?$AAD?$AAe?$AAv?$AAO?$AAv?$AAe?$AAr?$AAl?$AAa?$AAy?$AAI?$AAn?$AAi?$AAt?$AAi?$AAa?$AAl?$AAi@ 10005358     ddoverlay.obj
 0001:00004408       ??_C@_1KC@NLLKMPLM@?$AA?$FL?$AAD?$AAI?$AAS?$AAP?$AAD?$AAR?$AAV?$AA?3?$AAE?$AAR?$AAR?$AA?$FN?$AA?5?$AAD?$AAe?$AAv?$AAO?$AAv?$AAe?$AAr?$AAl?$AAa?$AAy?$AAI?$AAn?$AAi?$AAt?$AAi?$AAa?$AAl?$AAi@ 10005408     ddoverlay.obj
 0001:000044b0       ??_C@_1KI@FCHLHFCG@?$AA?$FL?$AAD?$AAI?$AAS?$AAP?$AAD?$AAR?$AAV?$AA?3?$AAE?$AAR?$AAR?$AA?$FN?$AA?5?$AAD?$AAe?$AAv?$AAO?$AAv?$AAe?$AAr?$AAl?$AAa?$AAy?$AAI?$AAn?$AAi?$AAt?$AAi?$AAa?$AAl?$AAi@ 100054b0     ddoverlay.obj
 0001:00004558       ??_C@_1JO@JALDLKOF@?$AA?$FL?$AAD?$AAI?$AAS?$AAP?$AAD?$AAR?$AAV?$AA?3?$AAE?$AAR?$AAR?$AA?$FN?$AA?5?$AAD?$AAe?$AAv?$AAO?$AAv?$AAe?$AAr?$AAl?$AAa?$AAy?$AAI?$AAn?$AAi?$AAt?$AAi?$AAa?$AAl?$AAi@ 10005558     ddoverlay.obj
 0001:000045f8       ??_C@_1GE@FMIAFIFH@?$AA?$FL?$AAD?$AAD?$AAH?$AAA?$AAL?$AA?$FN?$AA?5?$AAD?$AAe?$AAv?$AAO?$AAv?$AAe?$AAr?$AAl?$AAa?$AAy?$AAI?$AAn?$AAi?$AAt?$AAi?$AAa?$AAl?$AAi?$AAz?$AAe?$AA?$CI?$AA?$CJ?$AA?5?$AA?3@ 100055f8     ddoverlay.obj
 0001:00004660       ??_C@_1GG@BJPCAIAH@?$AA?$FL?$AAD?$AAD?$AAH?$AAA?$AAL?$AA?$FN?$AA?5?$AAD?$AAe?$AAv?$AAO?$AAv?$AAe?$AAr?$AAl?$AAa?$AAy?$AAI?$AAn?$AAi?$AAt?$AAi?$AAa?$AAl?$AAi?$AAz?$AAe?$AA?$CI?$AA?$CJ?$AA?5?$AA?3@ 10005660     ddoverlay.obj
 0001:000046c8       ??_C@_1EK@BJKFFBMB@?$AA?$FL?$AAD?$AAI?$AAS?$AAP?$AAD?$AAR?$AAV?$AA?$FN?$AA?5?$AA?$CL?$AA?$CL?$AAD?$AAe?$AAv?$AAO?$AAv?$AAe?$AAr?$AAl?$AAa?$AAy?$AAI?$AAn?$AAi?$AAt?$AAi?$AAa?$AAl?$AAi?$AAz?$AAe@ 100056c8     ddoverlay.obj
 0001:00004718       ??_C@_1EE@OODCBJGG@?$AA?$FL?$AAD?$AAI?$AAS?$AAP?$AAD?$AAR?$AAV?$AA?$FN?$AA?5?$AA?9?$AA?9?$AAD?$AAe?$AAv?$AAR?$AAe?$AAc?$AAo?$AAv?$AAe?$AAr?$AAO?$AAv?$AAe?$AAr?$AAl?$AAa?$AAy?$AA?$CI?$AA?$CJ?$AA?6@ 10005718     ddoverlay.obj
 0001:00004760       ??_C@_1EE@LIFCCMIF@?$AA?$FL?$AAD?$AAI?$AAS?$AAP?$AAD?$AAR?$AAV?$AA?$FN?$AA?5?$AA?$CL?$AA?$CL?$AAD?$AAe?$AAv?$AAR?$AAe?$AAc?$AAo?$AAv?$AAe?$AAr?$AAO?$AAv?$AAe?$AAr?$AAl?$AAa?$AAy?$AA?$CI?$AA?$CJ?$AA?6@ 10005760     ddoverlay.obj
 0001:000047a8       ??_C@_1II@FKIGMEED@?$AA?$FL?$AAD?$AAI?$AAS?$AAP?$AAD?$AAR?$AAV?$AA?3?$AAE?$AAR?$AAR?$AA?$FN?$AA?5?$AAO?$AAv?$AAe?$AAr?$AAl?$AAa?$AAy?$AAI?$AAn?$AAi?$AAt?$AAi?$AAa?$AAl?$AAi?$AAz?$AAe?$AA?$CI@ 100057a8     ddoverlay.obj
 0001:00004830       ??_C@_1IM@HIGGBDBI@?$AA?$FL?$AAD?$AAD?$AAH?$AAA?$AAL?$AA?3?$AAI?$AAN?$AAF?$AA?$FN?$AA?5?$AAO?$AAv?$AAe?$AAr?$AAl?$AAa?$AAy?$AAI?$AAn?$AAi?$AAt?$AAi?$AAa?$AAl?$AAi?$AAz?$AAe?$AA?$CI?$AA?$CJ?$AA?5@ 10005830     ddoverlay.obj
 0001:000048c0       ??_C@_1KC@IGIGMJGB@?$AA?$FL?$AAD?$AAr?$AAv?$AAG?$AAe?$AAt?$AAM?$AAa?$AAs?$AAk?$AAs?$AA?$FN?$AA?5?$AAE?$AAr?$AAr?$AAo?$AAr?$AA?5?$AAg?$AAe?$AAt?$AAt?$AAi?$AAn?$AAg?$AA?5?$AAD?$AAi?$AAs?$AAp@ 100058c0     dispmode.obj
 0001:00004968       ??_C@_1FG@PDDHMHJM@?$AA?9?$AA?9?$AA?9?$AA?9?$AA?9?$AA?9?$AA?9?$AA?9?$AA?9?$AA?9?$AA?9?$AA?9?$AA?9?$AA?9?$AAd?$AAi?$AAs?$AAp?$AAl?$AAa?$AAy?$AA?5?$AAd?$AAr?$AAi?$AAv?$AAe?$AAr?$AA?5?$AAd?$AAi?$AAs@ 10005968     dispmode.obj
 0001:000049c0       ??_C@_1HO@KIPEEMFO@?$AA?$FL?$AAD?$AAI?$AAS?$AAP?$AAD?$AAR?$AAV?$AA?3?$AAE?$AAR?$AAR?$AA?$FN?$AA?5?$AA?$CF?$AAs?$AA?$CI?$AA?$CJ?$AA?5?$AA?3?$AA?5?$AAm?$AAo?$AAd?$AAe?$AAI?$AAd?$AA?5?$AA?$DN?$AA?5?$AA?$CF?$AAd@ 100059c0     dispmode.obj
 0001:00004a40       ??_C@_1CK@JFIAMBAP@?$AAS?$AA3?$AAC?$AA6?$AA4?$AA1?$AA0?$AAD?$AAi?$AAs?$AAp?$AA?3?$AA?3?$AAS?$AAe?$AAt?$AAM?$AAo?$AAd?$AAe?$AA?$AA@ 10005a40     dispmode.obj
 0001:00004a70       ??_C@_1JA@CIAKDMFD@?$AA?$FL?$AAD?$AAI?$AAS?$AAP?$AAD?$AAR?$AAV?$AA?3?$AAE?$AAR?$AAR?$AA?$FN?$AA?5?$AAG?$AAe?$AAt?$AAM?$AAo?$AAd?$AAe?$AAI?$AAn?$AAf?$AAo?$AA?$CI?$AA?$CJ?$AA?5?$AA?3?$AA?5?$AAm?$AAo@ 10005a70     dispmode.obj
 0001:00004b00       ??_C@_1JE@JDAEDNKE@?$AA?$FL?$AAD?$AAI?$AAS?$AAP?$AAD?$AAR?$AAV?$AA?3?$AAE?$AAR?$AAR?$AA?$FN?$AA?5?$AAG?$AAe?$AAt?$AAM?$AAo?$AAd?$AAe?$AAI?$AAn?$AAf?$AAo?$AAE?$AAx?$AA?$CI?$AA?$CJ?$AA?5?$AA?3?$AA?5@ 10005b00     dispmode.obj
 0001:00004b98       ??_C@_1JO@HACHOHLA@?$AA?$FL?$AAD?$AAS?$AAP?$AAL?$AA_?$AAM?$AAO?$AAD?$AAE?$AA?$FN?$AA?5?$AAE?$AAr?$AAr?$AAo?$AAr?$AA?5?$AAg?$AAe?$AAt?$AAt?$AAi?$AAn?$AAg?$AA?5?$AAD?$AAi?$AAs?$AAp?$AAl?$AAa@ 10005b98     dispmode.obj
 0001:00004c38       ??_C@_1FC@ENLFEKAI@?$AA?$FL?$AAD?$AAS?$AAP?$AAL?$AA_?$AAM?$AAO?$AAD?$AAE?$AA?$FN?$AA?5?$AAd?$AAi?$AAs?$AAp?$AAl?$AAa?$AAy?$AA?5?$AAd?$AAr?$AAi?$AAv?$AAe?$AAr?$AA?5?$AAd?$AAi?$AAs?$AAp?$AAl@ 10005c38     dispmode.obj
 0001:00004c90       ??_C@_1HK@EOFHCEII@?$AA?$FL?$AAD?$AAI?$AAS?$AAP?$AAD?$AAR?$AAV?$AA?3?$AAE?$AAR?$AAR?$AA?$FN?$AA?5?$AAW?$AAr?$AAa?$AAp?$AAp?$AAe?$AAd?$AAE?$AAm?$AAu?$AAl?$AAa?$AAt?$AAe?$AAd?$AAL?$AAi?$AAn@ 10005c90     line.obj
 0001:00004d10       ??_C@_1GE@GKEBNBEE@?$AAA?$AAL?$AAi?$AAn?$AAe?$AA?3?$AA?$CI?$AA?$CF?$AAd?$AA?0?$AA?$CF?$AAd?$AA?$CJ?$AA?5?$AA?$CL?$AA?5?$AAm?$AA?$CI?$AA?$CF?$AAd?$AA?$CJ?$AA?0?$AA?5?$AAn?$AA?$CI?$AA?$CF?$AAd?$AA?$CJ?$AA?0?$AA?5?$AAc?$AAP@ 10005d10     line.obj
 0001:00004d78       ??_C@_1EO@FCCHDLB@?$AAd?$AAw?$AAB?$AAa?$AAs?$AAe?$AA?3?$AA0?$AAx?$AA?$CF?$AAx?$AA?0?$AA?5?$AAm?$AA_?$AAi?$AAR?$AAo?$AAt?$AAa?$AAt?$AAe?$AA?3?$AA?$CF?$AAd?$AA?0?$AA?5?$AAD?$AAs?$AAt?$AAR?$AAo@ 10005d78     line.obj
 0001:00004dc8       ??_C@_1DK@PLAODEBE@?$AAC?$AAl?$AAi?$AAp?$AAF?$AAo?$AAr?$AAL?$AAi?$AAn?$AAe?$AA?3?$AA?$CI?$AA?$CF?$AAd?$AA?0?$AA?$CF?$AAd?$AA?$CJ?$AA?$HO?$AA?$CI?$AA?$CF?$AAd?$AA?0?$AA?$CF?$AAd?$AA?$CJ?$AA?6?$AA?$AA@ 10005dc8     line.obj
 0001:00004e08       ??_C@_1EC@CMKLBFED@?$AAx?$AAP?$AAo?$AAs?$AAi?$AAt?$AAi?$AAv?$AAe?$AA?5?$AA?3?$AA?5?$AA?$CF?$AAd?$AA?0?$AA?5?$AAy?$AAP?$AAo?$AAs?$AAi?$AAt?$AAi?$AAv?$AAe?$AA?5?$AA?3?$AA?5?$AA?$CF?$AAd?$AA?$AN?$AA?6@ 10005e08     hwblt.obj
 0001:00004e50       ??_C@_1JG@NKIDEDLP@?$AAB?$AAl?$AAe?$AAn?$AAd?$AAF?$AAu?$AAn?$AAc?$AAt?$AAi?$AAo?$AAn?$AA?5?$AA?3?$AA?5?$AAO?$AAp?$AA?$CI?$AA?$CF?$AAd?$AA?$CJ?$AA?0?$AA?5?$AAF?$AAl?$AAa?$AAg?$AA?$CI?$AA?$CF?$AAd?$AA?$CJ@ 10005e50     hwblt.obj
 0001:00004ee8       ??_C@_1DA@IFPNHGKA@?$AAR?$AAO?$AAP?$AA?5?$AA?3?$AA?5?$AA0?$AAx?$AA?$CF?$AA0?$AAx?$AA?0?$AA?5?$AAi?$AAM?$AAo?$AAd?$AAe?$AA?3?$AA?$CF?$AAd?$AA?$AN?$AA?6?$AA?$AA@ 10005ee8     hwblt.obj
 0001:00004f18       ??_C@_1DK@KPKOLIIA@?$AAC?$AAl?$AAi?$AAp?$AAR?$AAe?$AAg?$AAi?$AAo?$AAn?$AA?5?$AA?$CI?$AA?$CF?$AAd?$AA?0?$AA?$CF?$AAd?$AA?$CJ?$AA?$HO?$AA?$CI?$AA?$CF?$AAd?$AA?0?$AA?$CF?$AAd?$AA?$CJ?$AA?$AN?$AA?6?$AA?$AA@ 10005f18     hwblt.obj
 0001:00004f58       ??_C@_1NA@LMFNLLNP@?$AAD?$AAs?$AAt?$AA?3?$AA0?$AAx?$AA?$CF?$AAx?$AA?5?$AAD?$AAs?$AAt?$AAB?$AA?5?$AA0?$AAx?$AA?$CF?$AAx?$AA?0?$AA?5?$AA?5?$AAS?$AAu?$AAr?$AAf?$AA?$CI?$AAW?$AA?3?$AA?$CF?$AAd?$AA?0?$AAH@ 10005f58     hwblt.obj
 0001:00005028       ??_C@_1MO@FIFENGHN@?$AAS?$AAr?$AAc?$AA?3?$AA0?$AAx?$AA?$CF?$AAx?$AA?5?$AAS?$AAr?$AAc?$AAB?$AA?5?$AA0?$AAx?$AA?$CF?$AAx?$AA?0?$AA?5?$AAS?$AAu?$AAr?$AAf?$AA?$CI?$AAW?$AA?3?$AA?$CF?$AAd?$AA?0?$AAH?$AA?3@ 10006028     hwblt.obj
 0001:000050f8       ??_C@_1BM@EKFHMNLE@?$AAS?$AAi?$AAm?$AAp?$AAl?$AAe?$AAB?$AAi?$AAt?$AAB?$AAl?$AAt?$AA?6?$AA?$AA@ 100060f8     hwblt.obj
 0001:00005114       ??_C@_1DI@ILGMOPHM@?$AAB?$AA?5?$AAL?$AAR?$AAS?$AAW?$AAA?$AAP?$AA?3?$AA?$CF?$AAd?$AA?0?$AA?$CF?$AAd?$AA?0?$AA?$CF?$AAd?$AA?0?$AA?$CF?$AAd?$AA?0?$AA?$CF?$AAd?$AA?0?$AA?$CF?$AAd?$AA?6?$AA?$AA@ 10006114     hwblt.obj
 0001:0000514c       ??_C@_1DI@HHLPGOFO@?$AAB?$AA?5?$AAT?$AAB?$AAS?$AAW?$AAA?$AAP?$AA?3?$AA?$CF?$AAd?$AA?0?$AA?$CF?$AAd?$AA?0?$AA?$CF?$AAd?$AA?0?$AA?$CF?$AAd?$AA?0?$AA?$CF?$AAd?$AA?0?$AA?$CF?$AAd?$AA?6?$AA?$AA@ 1000614c     hwblt.obj
 0001:00005188       ??_C@_1EA@GONFHPPP@?$AAR?$AA?3?$AA?$CF?$AAd?$AA?0?$AA?5?$AAD?$AAR?$AA?3?$AA?$CF?$AAd?$AA?0?$AA?5?$AAD?$AAS?$AAT?$AA?$CI?$AA?$CF?$AAd?$AA?0?$AA?$CF?$AAd?$AA?0?$AA?$CF?$AAd?$AA?0?$AA?$CF?$AAd?$AA?$CJ?$AA?$AN?$AA?6?$AA?$AA@ 10006188     hwblt.obj
 0001:000051c8       ??_C@_1CO@CLINCEGJ@?$AA?$CI?$AA?$CF?$AAd?$AA?0?$AA?$CF?$AAd?$AA?$CJ?$AA?$HO?$AA?$CI?$AA?$CF?$AAd?$AA?0?$AA?$CF?$AAd?$AA?$CJ?$AA?5?$AA?$CF?$AAd?$AA?0?$AA?$CF?$AAd?$AA?6?$AA?$AA@ 100061c8     hwblt.obj
 0001:000051f8       ??_C@_1DE@PFJFGIAI@?$AAB?$AAX?$AA?5?$AAT?$AAA?$AAS?$AAW?$AAA?$AAP?$AA?3?$AA?$CF?$AAd?$AA?0?$AA?$CF?$AAd?$AA?0?$AA?$CF?$AAd?$AA?0?$AA?$CF?$AAd?$AA?0?$AA?$CF?$AAd?$AA?6?$AA?$AA@ 100061f8     hwblt.obj
 0001:0000522c       ??_C@_1DE@ILONCAKO@?$AAB?$AAX?$AA?5?$AAT?$AAB?$AAS?$AAW?$AAA?$AAP?$AA?3?$AA?$CF?$AAd?$AA?0?$AA?$CF?$AAd?$AA?0?$AA?$CF?$AAd?$AA?0?$AA?$CF?$AAd?$AA?0?$AA?$CF?$AAd?$AA?6?$AA?$AA@ 1000622c     hwblt.obj
 0001:00005260       ??_C@_1DG@CPILIMLG@?$AAB?$AAi?$AAt?$AAB?$AAl?$AAt?$AA?5?$AAX?$AA?9?$AAa?$AAx?$AAi?$AAs?$AA?5?$AAf?$AAl?$AAi?$AAp?$AA?3?$AA?5?$AAR?$AA?3?$AA?$CF?$AAd?$AA?$AN?$AA?6?$AA?$AA@ 10006260     hwblt.obj
 0001:00005298       ??_C@_1DE@HBKEHBPJ@?$AAB?$AAY?$AA?5?$AAT?$AAA?$AAS?$AAW?$AAA?$AAP?$AA?3?$AA?$CF?$AAd?$AA?0?$AA?$CF?$AAd?$AA?0?$AA?$CF?$AAd?$AA?0?$AA?$CF?$AAd?$AA?0?$AA?$CF?$AAd?$AA?6?$AA?$AA@ 10006298     hwblt.obj
 0001:000052cc       ??_C@_1DE@PNMDJFP@?$AAB?$AAY?$AA?5?$AAT?$AAB?$AAS?$AAW?$AAA?$AAP?$AA?3?$AA?$CF?$AAd?$AA?0?$AA?$CF?$AAd?$AA?0?$AA?$CF?$AAd?$AA?0?$AA?$CF?$AAd?$AA?0?$AA?$CF?$AAd?$AA?6?$AA?$AA@ 100062cc     hwblt.obj
 0001:00005300       ??_C@_1DG@IAMPBOPB@?$AAB?$AAi?$AAt?$AAB?$AAl?$AAt?$AA?5?$AAY?$AA?9?$AAa?$AAx?$AAi?$AAs?$AA?5?$AAf?$AAl?$AAi?$AAp?$AA?3?$AA?5?$AAR?$AA?3?$AA?$CF?$AAd?$AA?$AN?$AA?6?$AA?$AA@ 10006300     hwblt.obj
 0001:00005338       ??_C@_1FK@CLFKDMBF@?$AAt?$AA_?$AAr?$AAe?$AAc?$AAt?$AA?0?$AAj?$AAu?$AAs?$AAt?$AAb?$AAi?$AAt?$AAb?$AAl?$AAt?$AAf?$AAl?$AAi?$AAp?$AA?$CI?$AA?$CF?$AAd?$AA?0?$AA?$CF?$AAd?$AA?$CJ?$AA?$HO?$AA?$CI?$AA?$CF?$AAd@ 10006338     hwblt.obj
 0001:00005394       ??_C@_1BM@INPCAHNB@?$AAX?$AAY?$AA?5?$AAF?$AAl?$AAi?$AAp?$AA?5?$AAR?$AA?3?$AA?$CF?$AAd?$AA?6?$AA?$AA@ 10006394     hwblt.obj
 0001:000053b0       ??_C@_1DC@ELNKMMKJ@?$AA?6?$AAS?$AAt?$AAr?$AAe?$AAt?$AAc?$AAh?$AA?5?$AAn?$AAo?$AA?5?$AAf?$AAl?$AAi?$AAp?$AA?3?$AA?5?$AAR?$AA?3?$AA?$CF?$AAd?$AA?$AN?$AA?6?$AA?$AA@ 100063b0     hwblt.obj
 0001:000053e4       ??_C@_1DK@EBAKDPLM@?$AAS?$AA?5?$AAN?$AAO?$AAN?$AAS?$AAW?$AAA?$AAP?$AA?3?$AA?$CF?$AAd?$AA?0?$AA?$CF?$AAd?$AA?0?$AA?$CF?$AAd?$AA?0?$AA?$CF?$AAd?$AA?0?$AA?$CF?$AAd?$AA?0?$AA?$CF?$AAd?$AA?6?$AA?$AA@ 100063e4     hwblt.obj
 0001:00005420       ??_C@_1DO@HHCPDAPC@?$AAS?$AA?5?$AAB?$AAZ?$AAN?$AAO?$AAN?$AAS?$AAW?$AAA?$AAP?$AA?3?$AA?$CF?$AAd?$AA?0?$AA?$CF?$AAd?$AA?0?$AA?$CF?$AAd?$AA?0?$AA?$CF?$AAd?$AA?0?$AA?$CF?$AAd?$AA?0?$AA?$CF?$AAd?$AA?6?$AA?$AA@ 10006420     hwblt.obj
 0001:00005460       ??_C@_1DO@JLIHKOEK@?$AAS?$AA?5?$AAB?$AAR?$AAN?$AAO?$AAN?$AAS?$AAW?$AAA?$AAP?$AA?3?$AA?$CF?$AAd?$AA?0?$AA?$CF?$AAd?$AA?0?$AA?$CF?$AAd?$AA?0?$AA?$CF?$AAd?$AA?0?$AA?$CF?$AAd?$AA?0?$AA?$CF?$AAd?$AA?6?$AA?$AA@ 10006460     hwblt.obj
 0001:000054a0       ??_C@_1DI@JENJMHJK@?$AAS?$AA?5?$AAL?$AAR?$AAS?$AAW?$AAA?$AAP?$AA?3?$AA?$CF?$AAd?$AA?0?$AA?$CF?$AAd?$AA?0?$AA?$CF?$AAd?$AA?0?$AA?$CF?$AAd?$AA?0?$AA?$CF?$AAd?$AA?0?$AA?$CF?$AAd?$AA?6?$AA?$AA@ 100064a0     hwblt.obj
 0001:000054d8       ??_C@_1IK@JGIENLCN@?$AAS?$AAc?$AAr?$AAa?$AAt?$AAc?$AAh?$AAB?$AAa?$AAs?$AAe?$AAA?$AAd?$AAd?$AAr?$AA?5?$AA?3?$AA?5?$AA0?$AAx?$AA?$CF?$AAx?$AA?0?$AA?5?$AAO?$AAf?$AAf?$AAs?$AAe?$AAt?$AA?3?$AA?$CF@ 100064d8     hwblt.obj
 0001:00005564       ??_C@_1DI@DPCIGKOK@?$AAS?$AA?5?$AAT?$AAA?$AAS?$AAW?$AAA?$AAP?$AA?3?$AA?$CF?$AAd?$AA?0?$AA?$CF?$AAd?$AA?0?$AA?$CF?$AAd?$AA?0?$AA?$CF?$AAd?$AA?0?$AA?$CF?$AAd?$AA?0?$AA?$CF?$AAd?$AA?6?$AA?$AA@ 10006564     hwblt.obj
 0001:0000559c       ??_C@_1DI@GIAKEGLI@?$AAS?$AA?5?$AAT?$AAB?$AAS?$AAW?$AAA?$AAP?$AA?3?$AA?$CF?$AAd?$AA?0?$AA?$CF?$AAd?$AA?0?$AA?$CF?$AAd?$AA?0?$AA?$CF?$AAd?$AA?0?$AA?$CF?$AAd?$AA?0?$AA?$CF?$AAd?$AA?6?$AA?$AA@ 1000659c     hwblt.obj
 0001:000055d4       ??_C@_1DA@MPNBCBCF@?$AAS?$AAc?$AAr?$AAa?$AAt?$AAc?$AAh?$AAB?$AAa?$AAs?$AAe?$AAA?$AAd?$AAd?$AAr?$AA?5?$AA?3?$AA?5?$AA0?$AAx?$AA?$CF?$AAx?$AA?6?$AA?$AA@ 100065d4     hwblt.obj
 0001:00005604       ??_C@_1DI@DGPIPGMI@?$AAS?$AAt?$AAr?$AAe?$AAt?$AAc?$AAh?$AA?5?$AAX?$AA?9?$AAa?$AAx?$AAi?$AAs?$AA?5?$AAf?$AAl?$AAi?$AAp?$AA?3?$AA?5?$AAR?$AA?3?$AA?$CF?$AAd?$AA?$AN?$AA?6?$AA?$AA@ 10006604     hwblt.obj
 0001:0000563c       ??_C@_1DI@JJLMGEIP@?$AAS?$AAt?$AAr?$AAe?$AAt?$AAc?$AAh?$AA?5?$AAY?$AA?9?$AAa?$AAx?$AAi?$AAs?$AA?5?$AAf?$AAl?$AAi?$AAp?$AA?3?$AA?5?$AAR?$AA?3?$AA?$CF?$AAd?$AA?$AN?$AA?6?$AA?$AA@ 1000663c     hwblt.obj
 0001:00005674       ??_C@_1DK@DJGIEDHO@?$AAS?$AA?5?$AA0?$AA?0?$AA1?$AA8?$AA0?$AA?5?$AAA?$AAS?$AAW?$AAA?$AAP?$AA?5?$AA?3?$AA?5?$AA?$CF?$AAd?$AA?0?$AA?$CF?$AAd?$AA?0?$AA?$CF?$AAd?$AA?0?$AA?$CF?$AAd?$AA?6?$AA?$AA@ 10006674     hwblt.obj
 0001:000056b0       ??_C@_1DK@BFDMIAN@?$AAS?$AA?5?$AA0?$AA?0?$AA1?$AA8?$AA0?$AA?5?$AAB?$AAS?$AAW?$AAA?$AAP?$AA?5?$AA?3?$AA?5?$AA?$CF?$AAd?$AA?0?$AA?$CF?$AAd?$AA?0?$AA?$CF?$AAd?$AA?0?$AA?$CF?$AAd?$AA?6?$AA?$AA@ 100066b0     hwblt.obj
 0001:000056f0       ??_C@_1FA@PLMJAGLG@?$AAt?$AAr?$AAy?$AA?5?$AAt?$AAo?$AA?5?$AAr?$AAe?$AAd?$AAi?$AAr?$AAe?$AAc?$AAt?$AA?5?$AAt?$AAo?$AA?5?$AAS?$AAW?$AA?5?$AAE?$AAm?$AAu?$AAl?$AAa?$AAt?$AAe?$AAd?$AA?5?$AAB@ 100066f0     hwblt.obj
 0001:00005740       ??_C@_1JC@IOJNHHJJ@?$AAM?$AAa?$AAy?$AAb?$AAe?$AA?5?$AAT?$AAh?$AAe?$AAr?$AAe?$AA?8?$AAs?$AA?5?$AAn?$AAo?$AA?5?$AAs?$AAu?$AAf?$AAf?$AAi?$AAc?$AAi?$AAe?$AAn?$AAt?$AA?5?$AAv?$AAi?$AAd?$AAe@ 10006740     hwblt.obj
 0001:000057d8       ??_C@_1FE@LKEJAIMD@?$AAS?$AAc?$AAr?$AAa?$AAt?$AAc?$AAh?$AA?5?$AAS?$AAu?$AAr?$AAf?$AAa?$AAc?$AAe?$AA?5?$AAA?$AAl?$AAl?$AAo?$AAc?$AAa?$AAt?$AAi?$AAo?$AAn?$AA?5?$AAi?$AAs?$AA?5?$AAf?$AAa@ 100067d8     hwblt.obj
 0001:00005830       ??_C@_1FI@JOCKKJJL@?$AAt?$AA_?$AAr?$AAe?$AAc?$AAt?$AA?0?$AAr?$AAe?$AAa?$AAl?$AAs?$AAt?$AAr?$AAe?$AAt?$AAc?$AAh?$AA?3?$AA?5?$AA?$CI?$AA?$CF?$AAd?$AA?0?$AA?$CF?$AAd?$AA?$CJ?$AA?$HO?$AA?$CI?$AA?$CF?$AAd?$AA?0@ 10006830     hwblt.obj
 0001:00005888       ??_C@_1JE@KHOFOBHD@?$AAH?$AAW?$AAB?$AAi?$AAt?$AAB?$AAl?$AAt?$AA?5?$AAS?$AAr?$AAc?$AA?$CI?$AA?$CF?$AAd?$AA?0?$AA?$CF?$AAd?$AA?$CJ?$AA?$HO?$AA?$CI?$AA?$CF?$AAd?$AA?0?$AA?$CF?$AAd?$AA?$CJ?$AA?3?$AA?$CF?$AAd?$AA?0?$AA?5@ 10006888     hwblt.obj
 0001:0000591c       ??_C@_1CE@DLFHODHF@?$AAI?$AAl?$AAl?$AAe?$AAg?$AAa?$AAl?$AA?5?$AAS?$AAu?$AAr?$AAf?$AAa?$AAc?$AAe?$AA?6?$AA?$AN?$AA?$AA@ 1000691c     blt.obj
 0001:00005940       ??_C@_1BI@OPKCEEB@?$AAS?$AAR?$AAC?$AAI?$AAN?$AAV?$AAE?$AAR?$AAT?$AA?$AN?$AA?6?$AA?$AA@ 10006940     blt.obj
 0001:00005958       ??_C@_1BC@MBCMANKE@?$AAS?$AAR?$AAC?$AAA?$AAN?$AAD?$AA?$AN?$AA?6?$AA?$AA@ 10006958     blt.obj
 0001:0000596c       ??_C@_1BE@EDIAEAMM@?$AAS?$AAR?$AAC?$AAC?$AAO?$AAP?$AAY?$AA?$AN?$AA?6?$AA?$AA@ 1000696c     blt.obj
 0001:00005980       ??_C@_1BG@HJPFDAHD@?$AAS?$AAR?$AAC?$AAP?$AAA?$AAI?$AAN?$AAT?$AA?$AN?$AA?6?$AA?$AA@ 10006980     blt.obj
 0001:00005998       ??_C@_1LM@BOJKBMP@?$AAS?$AAr?$AAc?$AAF?$AAo?$AAr?$AAm?$AAa?$AAt?$AA?3?$AA?$CF?$AAd?$AA?0?$AA?5?$AAB?$AAl?$AAe?$AAn?$AAd?$AAF?$AAu?$AAn?$AAc?$AAt?$AAi?$AAo?$AAn?$AA?5?$AA?3?$AA?5?$AA0?$AAx@ 10006998     blt.obj
 0001:00005a58       ??_C@_1GC@NFBKBBIJ@?$AAA?$AAl?$AAp?$AAh?$AAa?$AAB?$AAl?$AAe?$AAn?$AAd?$AA?5?$AAB?$AAi?$AAt?$AAB?$AAl?$AAt?$AA?5?$AAw?$AAi?$AAt?$AAh?$AA?5?$AAH?$AAW?$AA?5?$AAr?$AAe?$AAq?$AAu?$AAe?$AAs@ 10006a58     blt.obj
 0001:00005ac0       ??_C@_1FG@JFEIMLGE@?$AA2?$AAD?$AA?5?$AAH?$AAW?$AA?5?$AAd?$AAo?$AAe?$AAs?$AA?5?$AAn?$AAo?$AAt?$AA?5?$AAs?$AAu?$AAp?$AAp?$AAo?$AAr?$AAt?$AA?5?$AAt?$AAh?$AAi?$AAs?$AA?5?$AAc?$AAo?$AAl?$AAo@ 10006ac0     blt.obj
 0001:00005b18       ??_C@_1CM@BGJECLIA@?$AAC?$AAh?$AAe?$AAc?$AAk?$AA?5?$AAH?$AAW?$AA?5?$AAS?$AAu?$AAc?$AAc?$AAe?$AAs?$AAs?$AA?3?$AA?$CF?$AAd?$AA?$AN?$AA?6?$AA?$AA@ 10006b18     blt_alpha.obj
 0001:00005b44       ??_C@_1CA@LOCFEICE@?$AAR?$AAe?$AAr?$AAo?$AAt?$AAa?$AAt?$AAe?$AA?5?$AAR?$AAe?$AAc?$AAt?$AA?$AN?$AA?6?$AA?$AA@ 10006b44     blt_alpha.obj
 0001:00005b64       ??_C@_1BO@MAFFNHAO@?$AAR?$AAe?$AAc?$AAo?$AAv?$AAe?$AAr?$AA?5?$AAR?$AAe?$AAc?$AAt?$AA?$AN?$AA?6?$AA?$AA@ 10006b64     blt_alpha.obj
 0001:00005b88       ??_C@_1IK@DGJIDBPG@?$AAD?$AAs?$AAt?$AAS?$AAc?$AAr?$AAa?$AAt?$AAc?$AAh?$AA?3?$AA0?$AAx?$AA?$CF?$AAx?$AA?0?$AA?5?$AAO?$AAr?$AAi?$AAD?$AAs?$AAt?$AAB?$AAu?$AAf?$AAf?$AAe?$AAr?$AA?3?$AA0?$AAx@ 10006b88     blt_alpha.obj
 0001:00005c18       ??_C@_1EM@KAEMJDEM@?$AAR?$AAe?$AAl?$AAe?$AAa?$AAs?$AAe?$AA?5?$AAD?$AAe?$AAs?$AAt?$AAi?$AAn?$AAa?$AAt?$AAi?$AAo?$AAn?$AA?5?$AAS?$AAc?$AAr?$AAa?$AAt?$AAc?$AAh?$AA?5?$AAS?$AAu?$AAr?$AAf@ 10006c18     blt_alpha.obj
 0001:00005c68       ??_C@_1EM@MMOMNEGL@?$AAS?$AAo?$AAu?$AAr?$AAc?$AAe?$AA?5?$AAS?$AAc?$AAr?$AAa?$AAt?$AAc?$AAh?$AA?5?$AAS?$AAu?$AAr?$AAf?$AAa?$AAc?$AAe?$AA?5?$AAi?$AAs?$AA?5?$AAd?$AAe?$AAs?$AAt?$AAr?$AAo@ 10006c68     blt_alpha.obj
 0001:00005cb8       ??_C@_1EA@PMGEDFLI@?$AAD?$AAe?$AAl?$AAe?$AAt?$AAe?$AA?5?$AAS?$AAo?$AAu?$AAr?$AAc?$AAe?$AA?5?$AAS?$AAc?$AAr?$AAa?$AAt?$AAc?$AAh?$AA?5?$AAS?$AAu?$AAr?$AAf?$AAa?$AAc?$AAe?$AA?$AN?$AA?6?$AA?$AA@ 10006cb8     blt_alpha.obj
 0001:00005cf8       ??_C@_1EC@GKAOIMPJ@?$AAR?$AAe?$AAl?$AAe?$AAa?$AAs?$AAe?$AA?5?$AAS?$AAo?$AAu?$AAr?$AAc?$AAe?$AA?5?$AAS?$AAc?$AAr?$AAa?$AAt?$AAc?$AAh?$AA?5?$AAS?$AAu?$AAr?$AAf?$AAa?$AAc?$AAe?$AA?$AN?$AA?6@ 10006cf8     blt_alpha.obj
 0001:00005d3c       ??_C@_1CE@OPKFBEBK@?$AAH?$AAW?$AAB?$AAi?$AAt?$AAB?$AAl?$AAt?$AA?5?$AAF?$AAa?$AAi?$AAl?$AAe?$AAd?$AA?$AN?$AA?6?$AA?$AA@ 10006d3c     blt_alpha.obj
 0001:00005d60       ??_C@_1BO@HKIEKAIP@?$AAP?$AAe?$AAr?$AAP?$AAi?$AAx?$AAe?$AAl?$AAM?$AAo?$AAd?$AAe?$AA?$AN?$AA?6?$AA?$AA@ 10006d60     blt_alpha.obj
 0001:00005d80       ??_C@_1BG@ILBANJLM@?$AAC?$AAo?$AAn?$AAs?$AAt?$AAa?$AAn?$AAt?$AA?$AN?$AA?6?$AA?$AA@ 10006d80     blt_alpha.obj
 0001:00005d98       ??_C@_1BK@DOAPIHMN@?$AAF?$AAa?$AAd?$AAi?$AAn?$AAg?$AAM?$AAo?$AAd?$AAe?$AA?$AN?$AA?6?$AA?$AA@ 10006d98     blt_alpha.obj
 0001:00005db8       ??_C@_1EO@BAPDDCDO@?$AAD?$AAT?$AAB?$AAa?$AAs?$AAe?$AA?3?$AA0?$AAx?$AA?$CF?$AAx?$AA?0?$AA?5?$AAV?$AAe?$AAr?$AAt?$AA?3?$AA?$CF?$AAd?$AA?0?$AA?5?$AAH?$AAo?$AAr?$AAi?$AA?3?$AA?$CF?$AAd?$AA?0?$AA?5?$AAC@ 10006db8     blt_alpha.obj
 0001:00005e08       ??_C@_1FA@NHNLDEAG@?$AAD?$AAT?$AAV?$AAB?$AAa?$AAs?$AAe?$AA?3?$AA0?$AAx?$AA?$CF?$AAx?$AA?0?$AA?5?$AAV?$AAe?$AAr?$AAt?$AA?3?$AA?$CF?$AAd?$AA?0?$AA?5?$AAH?$AAo?$AAr?$AAi?$AA?3?$AA?$CF?$AAd?$AA?0?$AA?5@ 10006e08     blt_alpha.obj
 0001:00005e58       ??_C@_1HA@MLLCLOKD@?$AAO?$AAf?$AAf?$AAs?$AAc?$AAr?$AAe?$AAe?$AAn?$AA?5?$AAB?$AAi?$AAt?$AAB?$AAl?$AAt?$AA?5?$AAD?$AAs?$AAt?$AA?5?$AAi?$AAn?$AA?5?$AAV?$AAi?$AAd?$AAe?$AAo?$AAM?$AAe?$AAm@ 10006e58     blt_alpha.obj
 0001:00005ec8       ??_C@_1EO@ENLKJILE@?$AAS?$AAB?$AAB?$AAa?$AAs?$AAe?$AA?3?$AA0?$AAx?$AA?$CF?$AAx?$AA?0?$AA?5?$AAV?$AAe?$AAr?$AAt?$AA?3?$AA?$CF?$AAd?$AA?0?$AA?5?$AAH?$AAo?$AAr?$AAi?$AA?3?$AA?$CF?$AAd?$AA?0?$AA?5?$AAC@ 10006ec8     blt_alpha.obj
 0001:00005f18       ??_C@_1FA@JKCFHLHM@?$AAS?$AAT?$AAV?$AAB?$AAa?$AAs?$AAe?$AA?3?$AA0?$AAx?$AA?$CF?$AAx?$AA?0?$AA?5?$AAV?$AAe?$AAr?$AAt?$AA?3?$AA?$CF?$AAd?$AA?0?$AA?5?$AAH?$AAo?$AAr?$AAi?$AA?3?$AA?$CF?$AAd?$AA?0?$AA?5@ 10006f18     blt_alpha.obj
 0001:00005f68       ??_C@_1HA@HEMILKEG@?$AAO?$AAf?$AAf?$AAs?$AAc?$AAr?$AAe?$AAe?$AAn?$AA?5?$AAB?$AAi?$AAt?$AAB?$AAl?$AAt?$AA?5?$AAS?$AAr?$AAc?$AA?5?$AAi?$AAn?$AA?5?$AAV?$AAi?$AAd?$AAe?$AAo?$AAM?$AAe?$AAm@ 10006f68     blt_alpha.obj
 0001:00005fd8       ??_C@_1FK@LHFLHHFH@?$AAO?$AAn?$AAs?$AAc?$AAr?$AAe?$AAe?$AAn?$AA?5?$AAC?$AAa?$AAc?$AAh?$AAe?$AAd?$AAB?$AAi?$AAt?$AAB?$AAl?$AAt?$AA?3?$AAA?$AAd?$AAd?$AAr?$AA?3?$AA0?$AAx?$AA?$CF?$AAx?$AA?0@ 10006fd8     blt_alpha.obj
 0001:00006038       ??_C@_1HA@LJGHEKMM@?$AAS?$AAc?$AAr?$AAa?$AAt?$AAc?$AAh?$AA?5?$AAS?$AAu?$AAr?$AAf?$AAa?$AAc?$AAe?$AA?5?$AAA?$AAl?$AAl?$AAo?$AAc?$AAa?$AAt?$AAi?$AAo?$AAn?$AA?5?$AAi?$AAs?$AA?5?$AAf?$AAa@ 10007038     blt_alpha.obj
 0001:000060a8       ??_C@_1II@OHEIAJLB@?$AA?$FL?$AAD?$AAI?$AAS?$AAP?$AAD?$AAR?$AAV?$AA?$FN?$AA?5?$AA?$CF?$AAs?$AA?$CI?$AA?$CJ?$AA?5?$AA?3?$AA?5?$AAo?$AAf?$AAf?$AAs?$AAe?$AAt?$AA?5?$AAi?$AAn?$AA?5?$AAv?$AAi?$AAd?$AAe?$AAo@ 100070a8     surf.obj
 0001:00006130       ??_C@_1DC@MAKJOAO@?$AAS?$AA3?$AAC?$AA6?$AA4?$AA1?$AA0?$AAS?$AAu?$AAr?$AAf?$AA?3?$AA?3?$AAS?$AA3?$AAC?$AA6?$AA4?$AA1?$AA0?$AAS?$AAu?$AAr?$AAf?$AA?$AA@ 10007130     surf.obj
 0001:00006168       ??_C@_1GE@OBJFDKAO@?$AA?$FL?$AAD?$AAI?$AAS?$AAP?$AAD?$AAR?$AAV?$AA?$FN?$AA?5?$AA?$CF?$AAs?$AA?$CI?$AA?5?$AA?$CF?$AAd?$AAx?$AA?$CF?$AAd?$AA?5?$AAs?$AAt?$AAr?$AAi?$AAd?$AAe?$AA?3?$AA?$CF?$AAd?$AA?5?$AAF?$AAM@ 10007168     surf.obj
 0001:000061d0       ??_7S3C6410Surf@@6B@       100071d0     surf.obj
 0001:00006218       ??_C@_1CE@MIKJJLKP@?$AAP?$AAA?$AAC?$AAS?$AAu?$AAr?$AAf?$AA?3?$AA?3?$AA?$HO?$AAP?$AAA?$AAC?$AAS?$AAu?$AAr?$AAf?$AA?$AA@ 10007218     surf.obj
 0001:00006240       ??_C@_1FE@IGIDFGLM@?$AA?6?$AA?$CF?$AAs?$AA?$CI?$AA?$CJ?$AA?3?$AA?5?$AAs?$AAi?$AAz?$AAe?$AA?3?$AA?5?$AA?$CF?$AAd?$AA?0?$AA?5?$AAV?$AAA?$AA?3?$AA?5?$AA0?$AAx?$AA?$CF?$AA0?$AA8?$AAx?$AA?0?$AA?5?$AAP?$AAA?$AA?3@ 10007240     surf.obj
 0001:00006298       ??_C@_1EK@MJJOONFD@?$AA?6?$AAP?$AAA?$AAC?$AAS?$AAu?$AAr?$AAf?$AAa?$AAc?$AAe?$AA?5?$AAd?$AAe?$AAa?$AAl?$AAl?$AAo?$AAc?$AAa?$AAt?$AAi?$AAo?$AAn?$AA?5?$AAi?$AAs?$AA?5?$AAf?$AAa?$AAi?$AAl@ 10007298     surf.obj
 0001:000062e8       ??_C@_1FO@BEANACBN@?$AA?6?$AAP?$AAA?$AAC?$AAS?$AAu?$AAr?$AAf?$AAa?$AAc?$AAe?$AA?5?$AAu?$AAn?$AAm?$AAa?$AAp?$AA?5?$AAf?$AAr?$AAo?$AAm?$AA?5?$AAc?$AAa?$AAl?$AAl?$AAe?$AAr?$AA?5?$AAp?$AAr@ 100072e8     surf.obj
 0001:00006348       ??_7PACSurf@@6B@           10007348     surf.obj
 0001:00006390       ??_C@_1GE@LPNFDAJO@?$AA?$FL?$AAD?$AAI?$AAS?$AAP?$AAD?$AAR?$AAV?$AA?3?$AAE?$AAR?$AAR?$AA?$FN?$AA?5?$AA?$CF?$AAs?$AA?$CI?$AA?$CJ?$AA?5?$AA?3?$AA?5?$AAS?$AAu?$AAr?$AAf?$AAa?$AAc?$AAe?$AAH?$AAe?$AAa?$AAp@ 10007390     surf.obj
 0001:000063f8       ??_C@_1GG@PBAIDKAC@?$AA?$FL?$AAD?$AAI?$AAS?$AAP?$AAD?$AAR?$AAV?$AA?3?$AAE?$AAR?$AAR?$AA?$FN?$AA?5?$AA?$CF?$AAs?$AA?$CI?$AA?$CJ?$AA?5?$AA?3?$AA?5?$AAC?$AAr?$AAe?$AAa?$AAt?$AAe?$AA?5?$AAS?$AA3?$AAC?$AA6@ 100073f8     surf.obj
 0001:00006460       ??_C@_1FC@DPIHAPMF@?$AA?$FL?$AAD?$AAI?$AAS?$AAP?$AAD?$AAR?$AAV?$AA?$FN?$AA?5?$AA?$CF?$AAs?$AA?$CI?$AA?$CJ?$AA?5?$AA?3?$AA?5?$AAA?$AAl?$AAl?$AAo?$AAc?$AAa?$AAt?$AAe?$AAd?$AA?5?$AAP?$AAA?$AA?5?$AA?$DN?$AA?5@ 10007460     surf.obj
 0001:000064b4       ??_C@_1DO@EBBJGGKI@?$AAS?$AA3?$AAC?$AA6?$AA4?$AA1?$AA0?$AAD?$AAi?$AAs?$AAp?$AA?3?$AA?3?$AAA?$AAl?$AAl?$AAo?$AAc?$AAS?$AAu?$AAr?$AAf?$AAa?$AAc?$AAe?$AAV?$AAi?$AAd?$AAe?$AAo?$AA?$AA@ 100074b4     surf.obj
 0001:000064f8       ??_C@_1EG@FJCCDEEG@?$AAE?$AAR?$AAR?$AAO?$AAR?$AA?0?$AA?5?$AAI?$AAn?$AAv?$AAa?$AAl?$AAi?$AAd?$AA?5?$AAS?$AAu?$AAr?$AAf?$AAa?$AAc?$AAe?$AAH?$AAe?$AAa?$AAp?$AA?5?$AAA?$AAd?$AAd?$AAr?$AAe@ 100074f8     surf.obj
 0001:00006540       ??_C@_1DE@DKOHDNOJ@?$AAS?$AA3?$AAC?$AA6?$AA4?$AA1?$AA0?$AAS?$AAu?$AAr?$AAf?$AA?3?$AA?3?$AA?$HO?$AAS?$AA3?$AAC?$AA6?$AA4?$AA1?$AA0?$AAS?$AAu?$AAr?$AAf?$AA?$AA@ 10007540     surf.obj
 0001:00006578       ??_C@_1HM@LNIHOHI@?$AA?$AN?$AA?6?$AA?$FL?$AAD?$AAI?$AAS?$AAP?$AAD?$AAR?$AAV?$AA?$FN?$AA?5?$AA?$CF?$AAs?$AA?$CI?$AA?$CJ?$AA?5?$AA?3?$AA?5?$AAH?$AAe?$AAa?$AAp?$AA?5?$AA0?$AAx?$AA?$CF?$AA0?$AA8?$AAx?$AA?5?$AAA@ 10007578     surf.obj
 0001:000065f8       ??_C@_1MC@DKFHDBNJ@?$AA?$FL?$AAD?$AAI?$AAS?$AAP?$AAD?$AAR?$AAV?$AA?3?$AAE?$AAR?$AAR?$AA?$FN?$AA?5?$AAP?$AAA?$AAC?$AA?5?$AAS?$AAu?$AAr?$AAf?$AA?3?$AA?5?$AAA?$AAl?$AAl?$AAo?$AAc?$AAP?$AAh?$AAy@ 100075f8     surf.obj
 0001:000066c0       ??_C@_1KM@NBLHANDJ@?$AA?6?$AA?$CF?$AAs?$AA?$CI?$AA?$CJ?$AA?3?$AA?5?$AAs?$AAi?$AAz?$AAe?$AA?5?$AA?3?$AA?5?$AA?$CF?$AAd?$AA?0?$AA?5?$AAP?$AAA?$AAC?$AA?5?$AAS?$AAu?$AAr?$AAf?$AA?5?$AAP?$AAA?$AA?5?$AAB?$AAa@ 100076c0     surf.obj
 0001:00006770       ??_C@_1IA@FNBOEGGP@?$AA?$FL?$AAD?$AAI?$AAS?$AAP?$AAD?$AAR?$AAV?$AA?3?$AAE?$AAR?$AAR?$AA?$FN?$AA?5?$AAM?$AAa?$AAp?$AAp?$AAi?$AAn?$AAg?$AA?5?$AAP?$AAA?$AAC?$AA?5?$AAS?$AAu?$AAr?$AAf?$AA?5?$AAt@ 10007770     surf.obj
 0001:000067f0       ??_C@_1CC@LCAGJHDG@?$AAP?$AAA?$AAC?$AAS?$AAu?$AAr?$AAf?$AA?3?$AA?3?$AAP?$AAA?$AAC?$AAS?$AAu?$AAr?$AAf?$AA?$AA@ 100077f0     surf.obj
 0001:00006818       ??_C@_1FM@GOLCDHLD@?$AA?$FL?$AAD?$AAI?$AAS?$AAP?$AAD?$AAR?$AAV?$AA?$FN?$AA?5?$AA?5?$AA?$CF?$AAs?$AA?$CI?$AA?$CF?$AAd?$AAx?$AA?$CF?$AAd?$AA?0?$AA?5?$AA?$CF?$AAd?$AA?0?$AA?5?$AAF?$AAM?$AAT?$AA?3?$AA?$CF?$AAd?$AA?0@ 10007818     surf.obj
 0001:00006878       ??_C@_1MC@BJHAGKBJ@?$AA?$FL?$AAD?$AAI?$AAS?$AAP?$AAD?$AAR?$AAV?$AA?3?$AAE?$AAR?$AAR?$AA?$FN?$AA?5?$AAA?$AAl?$AAl?$AAo?$AAc?$AAS?$AAu?$AAr?$AAf?$AAa?$AAc?$AAe?$AA?$CI?$AA?$CJ?$AA?5?$AA?3?$AA?5?$AAP@ 10007878     surf.obj
 0001:00006940       ??_C@_1ME@ONIGLNMH@?$AA?$FL?$AAD?$AAI?$AAS?$AAP?$AAD?$AAR?$AAV?$AA?3?$AAE?$AAR?$AAR?$AA?$FN?$AA?5?$AAA?$AAl?$AAl?$AAo?$AAc?$AAS?$AAu?$AAr?$AAf?$AAa?$AAc?$AAe?$AA?$CI?$AA?$CJ?$AA?5?$AA?3?$AA?5?$AAP@ 10007940     surf.obj
 0001:00006a04       ??_C@_1DM@KBNJCDCP@?$AAS?$AA3?$AAC?$AA6?$AA4?$AA1?$AA0?$AAD?$AAi?$AAs?$AAp?$AA?3?$AA?3?$AAA?$AAl?$AAl?$AAo?$AAc?$AAS?$AAu?$AAr?$AAf?$AAa?$AAc?$AAe?$AAP?$AAA?$AAC?$AAS?$AA?$AA@ 10007a04     surf.obj
 0001:00006a40       ??_C@_1GE@BBMBJFFH@?$AA?$FL?$AAD?$AAI?$AAS?$AAP?$AAD?$AAR?$AAV?$AA?$FN?$AA?5?$AA?$CF?$AAs?$AA?$CI?$AA?5?$AA?$CF?$AAd?$AAx?$AA?$CF?$AAd?$AA?5?$AAF?$AAM?$AAT?$AA?3?$AA?$CF?$AAd?$AA?5?$AAs?$AAt?$AAr?$AAi?$AAd@ 10007a40     surf.obj
 0001:00006aa8       ??_C@_1HC@DFFBHLCE@?$AA?$FL?$AAD?$AAI?$AAS?$AAP?$AAD?$AAR?$AAV?$AA?3?$AAE?$AAR?$AAR?$AA?$FN?$AA?5?$AAA?$AAl?$AAl?$AAo?$AAc?$AAS?$AAu?$AAr?$AAf?$AAa?$AAc?$AAe?$AA?$CI?$AA?$CJ?$AA?5?$AA?3?$AA?5?$AAS@ 10007aa8     surf.obj
 0001:00006b20       ??_C@_1EK@CCNFFBIP@?$AA?$FL?$AAD?$AAI?$AAS?$AAP?$AAD?$AAR?$AAV?$AA?3?$AAE?$AAR?$AAR?$AA?$FN?$AA?5?$AA?$CF?$AAs?$AA?$CI?$AA?$CJ?$AA?5?$AA?3?$AA?5?$AAO?$AAU?$AAT?$AA?5?$AAO?$AAF?$AA?5?$AAM?$AAE?$AAM?$AAO@ 10007b20     surf.obj
 0001:00006b70       ??_C@_1MI@DNACDEBH@?$AA?$FL?$AAD?$AAI?$AAS?$AAP?$AAD?$AAR?$AAV?$AA?3?$AAE?$AAR?$AAR?$AA?$FN?$AA?5?$AAA?$AAl?$AAl?$AAo?$AAc?$AAS?$AAu?$AAr?$AAf?$AAa?$AAc?$AAe?$AA?$CI?$AA?$CJ?$AA?5?$AA?3?$AA?5?$AAC@ 10007b70     surf.obj
 0001:00006c38       ??_C@_1DE@GADBNKMD@?$AAS?$AA3?$AAC?$AA6?$AA4?$AA1?$AA0?$AAD?$AAi?$AAs?$AAp?$AA?3?$AA?3?$AAA?$AAl?$AAl?$AAo?$AAc?$AAS?$AAu?$AAr?$AAf?$AAa?$AAc?$AAe?$AA?$AA@ 10007c38     surf.obj
 0001:00006c70       ??_C@_1FE@HFFOIDLB@?$AA?$FL?$AAD?$AAI?$AAS?$AAP?$AAD?$AAR?$AAV?$AA?$FN?$AA?5?$AA?$CF?$AAs?$AA?$CI?$AA?5?$AA?$CF?$AAd?$AAx?$AA?$CF?$AAd?$AA?5?$AAF?$AAM?$AAT?$AA?3?$AA?$CF?$AAd?$AA?5?$AAf?$AAl?$AAa?$AAg?$AAs@ 10007c70     surf.obj
 0001:00006cc8       ??_C@_1HM@KJLCGIKF@?$AA?$FL?$AAD?$AAI?$AAS?$AAP?$AAD?$AAR?$AAV?$AA?$FN?$AA?5?$AA?$CF?$AAs?$AA?$CI?$AA?$CJ?$AA?5?$AA?3?$AA?5?$AAH?$AAW?$AA?5?$AAa?$AAc?$AAc?$AAe?$AAl?$AAe?$AAr?$AAa?$AAt?$AAi?$AAo?$AAn@ 10007cc8     surf.obj
 0001:00006d48       ??_C@_1IK@FGMECLDH@?$AA?$FL?$AAD?$AAI?$AAS?$AAP?$AAD?$AAR?$AAV?$AA?$FN?$AA?5?$AA?$CF?$AAs?$AA?$CI?$AA?$CJ?$AA?5?$AA?3?$AA?5?$AAA?$AAl?$AAl?$AAo?$AAc?$AAa?$AAt?$AAe?$AAd?$AA?5?$AAS?$AAY?$AAS?$AAT?$AAE@ 10007d48     surf.obj
 0001:00006dd8       ??_C@_1ME@MPFKNGAL@?$AA?$FL?$AAD?$AAI?$AAS?$AAP?$AAD?$AAR?$AAV?$AA?3?$AAW?$AAA?$AAR?$AAN?$AA?$FN?$AA?5?$AA?$CF?$AAs?$AA?$CI?$AA?$CJ?$AA?5?$AA?3?$AA?5?$AAs?$AAu?$AAr?$AAf?$AAa?$AAc?$AAe?$AA?5?$AAs?$AAi@ 10007dd8     surf.obj
 0001:00006ea0       ??_C@_1GE@JNBOHJNK@?$AA?$FL?$AAD?$AAI?$AAS?$AAP?$AAD?$AAR?$AAV?$AA?3?$AAE?$AAR?$AAR?$AA?$FN?$AA?5?$AA?$CF?$AAs?$AA?$CI?$AA?$CJ?$AA?5?$AA?3?$AA?5?$AAA?$AAl?$AAl?$AAo?$AAc?$AAS?$AAu?$AAr?$AAf?$AAa?$AAc@ 10007ea0     surf.obj
 0001:00006f08       ??_C@_1GI@BIIJAMPC@?$AA?$FL?$AAD?$AAI?$AAS?$AAP?$AAD?$AAR?$AAV?$AA?$FN?$AA?5?$AA?$CF?$AAs?$AA?$CI?$AA?5?$AA?$CF?$AAd?$AAx?$AA?$CF?$AAd?$AA?5?$AAF?$AAM?$AAT?$AA?3?$AA?$CF?$AAd?$AA?5?$AAP?$AAF?$AAM?$AAT?$AA?3@ 10007f08     surf.obj
 0001:00006f70       ??_C@_1DK@OLOPGEIJ@?$AA?$FL?$AAD?$AAD?$AAH?$AAA?$AAL?$AA?$FN?$AA?5?$AA?9?$AA?9?$AAb?$AAu?$AAi?$AAl?$AAd?$AAD?$AAD?$AAH?$AAA?$AAL?$AAI?$AAn?$AAf?$AAo?$AA?$CI?$AA?$CJ?$AA?$AN?$AA?6?$AA?$AA@ 10007f70     halcaps.obj
 0001:00006fb0       ??_C@_1HG@EGNPBDEF@?$AA?$FL?$AAD?$AAD?$AAH?$AAA?$AAL?$AA?3?$AAI?$AAN?$AAF?$AA?$FN?$AA?5?$AAb?$AAu?$AAi?$AAl?$AAd?$AAD?$AAD?$AAH?$AAA?$AAL?$AAI?$AAn?$AAf?$AAo?$AA?$CI?$AA?$CJ?$AA?5?$AA?3?$AA?5?$AA?5@ 10007fb0     halcaps.obj
 0001:00007028       ??_C@_1GO@KHAKDAEG@?$AA?$FL?$AAD?$AAD?$AAH?$AAA?$AAL?$AA?3?$AAI?$AAN?$AAF?$AA?$FN?$AA?5?$AAb?$AAu?$AAi?$AAl?$AAd?$AAD?$AAD?$AAH?$AAA?$AAL?$AAI?$AAn?$AAf?$AAo?$AA?$CI?$AA?$CJ?$AA?5?$AA?3?$AA?5?$AA?5@ 10008028     halcaps.obj
 0001:00007098       ??_C@_1DK@MOOBBDHP@?$AA?$FL?$AAD?$AAD?$AAH?$AAA?$AAL?$AA?$FN?$AA?5?$AA?$CL?$AA?$CL?$AAb?$AAu?$AAi?$AAl?$AAd?$AAD?$AAD?$AAH?$AAA?$AAL?$AAI?$AAn?$AAf?$AAo?$AA?$CI?$AA?$CJ?$AA?$AN?$AA?6?$AA?$AA@ 10008098     halcaps.obj
 0001:000070d4       ??_C@_1CC@GECOFPBP@?$AA?$FL?$AAD?$AAD?$AAH?$AAA?$AAL?$AA?$FN?$AA?5?$AA?9?$AA?9?$AA?$CF?$AAs?$AA?$CI?$AA?$CJ?$AA?6?$AA?$AN?$AA?$AA@ 100080d4     haldd.obj
 0001:000070f8       ??_C@_1BO@OFIMELOL@?$AAH?$AAa?$AAl?$AAG?$AAe?$AAt?$AAS?$AAc?$AAa?$AAn?$AAL?$AAi?$AAn?$AAe?$AA?$AA@ 100080f8     haldd.obj
 0001:00007118       ??_C@_1CC@DJMDIKHO@?$AA?$FL?$AAD?$AAD?$AAH?$AAA?$AAL?$AA?$FN?$AA?5?$AA?$CL?$AA?$CL?$AA?$CF?$AAs?$AA?$CI?$AA?$CJ?$AA?6?$AA?$AN?$AA?$AA@ 10008118     haldd.obj
 0001:0000713c       ??_C@_1DO@ILEPFLKC@?$AA?$FL?$AAD?$AAD?$AAH?$AAA?$AAL?$AA?$FN?$AA?5?$AA?9?$AA?9?$AAH?$AAa?$AAl?$AAG?$AAe?$AAt?$AAD?$AAr?$AAi?$AAv?$AAe?$AAr?$AAI?$AAn?$AAf?$AAo?$AA?$CI?$AA?$CJ?$AA?6?$AA?$AN?$AA?$AA@ 1000813c     haldd.obj
 0001:0000717c       ??_C@_1DG@HEBEDJNF@?$AA?$FL?$AAD?$AAD?$AAH?$AAA?$AAL?$AA?3?$AAE?$AAR?$AAR?$AA?$FN?$AA?5?$AAU?$AAn?$AAk?$AAn?$AAo?$AAw?$AAn?$AA?5?$AAG?$AAU?$AAI?$AAD?$AA?6?$AA?$AN?$AA?$AA@ 1000817c     haldd.obj
 0001:000071b4       ??_C@_1DO@KMHLJFMF@?$AA?$FL?$AAD?$AAD?$AAH?$AAA?$AAL?$AA?$FN?$AA?5?$AA?$CL?$AA?$CL?$AAH?$AAa?$AAl?$AAG?$AAe?$AAt?$AAD?$AAr?$AAi?$AAv?$AAe?$AAr?$AAI?$AAn?$AAf?$AAo?$AA?$CI?$AA?$CJ?$AA?6?$AA?$AN?$AA?$AA@ 100081b4     haldd.obj
 0001:000071f8       ??_C@_1GM@CDFINMO@?$AA?$FL?$AAD?$AAD?$AAH?$AAA?$AAL?$AA?3?$AAE?$AAR?$AAR?$AA?$FN?$AA?5?$AAH?$AAa?$AAl?$AAC?$AAr?$AAe?$AAa?$AAt?$AAe?$AAS?$AAu?$AAr?$AAf?$AAa?$AAc?$AAe?$AA?$CI?$AA?$CJ?$AA?5?$AA?3@ 100081f8     halsurf.obj
 0001:00007268       ??_C@_1EG@JAOPLKBG@?$AA?$FL?$AAD?$AAD?$AAH?$AAA?$AAL?$AA?$FN?$AA?5?$AAH?$AAa?$AAl?$AAC?$AAa?$AAn?$AAC?$AAr?$AAe?$AAa?$AAt?$AAe?$AAS?$AAu?$AAr?$AAf?$AAa?$AAc?$AAe?$AA?$CI?$AA?$CJ?$AA?5?$AAO?$AAK@ 10008268     halsurf.obj
 0001:000072b0       ??_C@_1HE@FEIFLK@?$AA?$FL?$AAD?$AAD?$AAH?$AAA?$AAL?$AA?3?$AAE?$AAR?$AAR?$AA?$FN?$AA?5?$AAH?$AAa?$AAl?$AAC?$AAa?$AAn?$AAC?$AAr?$AAe?$AAa?$AAt?$AAe?$AAS?$AAu?$AAr?$AAf?$AAa?$AAc?$AAe?$AA?$CI@ 100082b0     halsurf.obj
 0001:00007324       ??_C@_1BM@MEDBDOHO@?$AAD?$AAi?$AAf?$AAf?$AAP?$AAi?$AAx?$AAe?$AAl?$AA?3?$AA?$CF?$AAd?$AA?6?$AA?$AA@ 10008324     halsurf.obj
 0001:00007340       ??_C@_1KM@KJKJFFEG@?$AA?$FL?$AAD?$AAD?$AAH?$AAA?$AAL?$AA?3?$AAE?$AAR?$AAR?$AA?$FN?$AA?5?$AAH?$AAa?$AAl?$AAC?$AAa?$AAn?$AAC?$AAr?$AAe?$AAa?$AAt?$AAe?$AAS?$AAu?$AAr?$AAf?$AAa?$AAc?$AAe?$AA?$CI@ 10008340     halsurf.obj
 0001:000073f0       ??_C@_1KM@FGDCGPLA@?$AA?$FL?$AAD?$AAD?$AAH?$AAA?$AAL?$AA?3?$AAE?$AAR?$AAR?$AA?$FN?$AA?5?$AAH?$AAa?$AAl?$AAC?$AAa?$AAn?$AAC?$AAr?$AAe?$AAa?$AAt?$AAe?$AAS?$AAu?$AAr?$AAf?$AAa?$AAc?$AAe?$AA?$CI@ 100083f0     halsurf.obj
 0001:000074a0       ??_C@_1HK@CFOBJHMN@?$AAH?$AAa?$AAl?$AAC?$AAa?$AAn?$AAC?$AAr?$AAe?$AAa?$AAt?$AAe?$AAS?$AAu?$AAr?$AAf?$AAa?$AAc?$AAe?$AA?4?$AA?5?$AAd?$AAw?$AAC?$AAa?$AAp?$AAs?$AA?5?$AA?3?$AA?5?$AA0?$AAx@ 100084a0     halsurf.obj
 0001:00007520       ??_C@_1HG@BNIANEMH@?$AA?$FL?$AAD?$AAD?$AAH?$AAA?$AAL?$AA?3?$AAE?$AAR?$AAR?$AA?$FN?$AA?5?$AAH?$AAa?$AAl?$AAF?$AAl?$AAi?$AAp?$AA?$CI?$AA?$CJ?$AA?5?$AA?3?$AA?5?$AAD?$AAD?$AAF?$AAL?$AAI?$AAP?$AA_?$AAI@ 10008520     halsurf.obj
 0001:00007598       ??_C@_1HA@OLKHNMMN@?$AA?$FL?$AAD?$AAD?$AAH?$AAA?$AAL?$AA?3?$AAE?$AAR?$AAR?$AA?$FN?$AA?5?$AAH?$AAa?$AAl?$AAS?$AAe?$AAt?$AAC?$AAo?$AAl?$AAo?$AAr?$AAK?$AAe?$AAy?$AA?$CI?$AA?$CJ?$AA?5?$AA?3?$AA?5?$AAS@ 10008598     halsurf.obj
 0001:00007608       ??_C@_1JO@CDKCOKME@?$AA?$FL?$AAD?$AAD?$AAH?$AAA?$AAL?$AA?3?$AAE?$AAR?$AAR?$AA?$FN?$AA?5?$AAH?$AAa?$AAl?$AAS?$AAe?$AAt?$AAC?$AAo?$AAl?$AAo?$AAr?$AAK?$AAe?$AAy?$AA?$CI?$AA?$CJ?$AA?5?$AA?3?$AA?5?$AAC@ 10008608     halsurf.obj
 0001:000076a8       ??_C@_1HE@GEOCENAN@?$AA?$FL?$AAD?$AAD?$AAH?$AAA?$AAL?$AA?3?$AAE?$AAR?$AAR?$AA?$FN?$AA?5?$AAH?$AAa?$AAl?$AAS?$AAe?$AAt?$AAC?$AAo?$AAl?$AAo?$AAr?$AAK?$AAe?$AAy?$AA?$CI?$AA?$CJ?$AA?5?$AA?3?$AA?5?$AAI@ 100086a8     halsurf.obj
 0001:00007720       ??_C@_1IG@NNFEDINK@?$AA?$FL?$AAD?$AAD?$AAH?$AAA?$AAL?$AA?3?$AAE?$AAR?$AAR?$AA?$FN?$AA?5?$AAH?$AAa?$AAl?$AAS?$AAe?$AAt?$AAC?$AAo?$AAl?$AAo?$AAr?$AAK?$AAe?$AAy?$AA?$CI?$AA?$CJ?$AA?5?$AA?3?$AA?5?$AAC@ 10008720     halsurf.obj
 0001:000077a8       ??_C@_1NG@CDOFBNCN@?$AA?$FL?$AAD?$AAD?$AAH?$AAA?$AAL?$AA?3?$AAE?$AAR?$AAR?$AA?$FN?$AA?5?$AAH?$AAa?$AAl?$AAU?$AAp?$AAd?$AAa?$AAt?$AAe?$AAO?$AAv?$AAe?$AAr?$AAl?$AAa?$AAy?$AA?$CI?$AA?$CJ?$AA?5?$AA?3@ 100087a8     halsurf.obj
 0001:00007880       ??_C@_1HM@PNODLLBE@?$AA?$FL?$AAD?$AAD?$AAH?$AAA?$AAL?$AA?3?$AAE?$AAR?$AAR?$AA?$FN?$AA?5?$AAH?$AAa?$AAl?$AAU?$AAp?$AAd?$AAa?$AAt?$AAe?$AAO?$AAv?$AAe?$AAr?$AAl?$AAa?$AAy?$AA?$CI?$AA?$CJ?$AA?5?$AA?3@ 10008880     halsurf.obj
 0001:00007900       ??_C@_1JE@CCGPOAJB@?$AA?$FL?$AAD?$AAD?$AAH?$AAA?$AAL?$AA?3?$AAE?$AAR?$AAR?$AA?$FN?$AA?5?$AAH?$AAa?$AAl?$AAU?$AAp?$AAd?$AAa?$AAt?$AAe?$AAO?$AAv?$AAe?$AAr?$AAl?$AAa?$AAy?$AA?$CI?$AA?$CJ?$AA?5?$AA?3@ 10008900     halsurf.obj
 0001:00007998       ??_C@_1FO@OPAPOFPE@?$AA?$FL?$AAD?$AAI?$AAS?$AAP?$AAD?$AAR?$AAV?$AA?$FN?$AA?5?$AA?9?$AA?9?$AAS?$AA3?$AAC?$AA6?$AA4?$AA1?$AA0?$AAD?$AAi?$AAs?$AAp?$AA?3?$AA?3?$AAD?$AAe?$AAv?$AAO?$AAu?$AAt?$AAp@ 10008998     tvcontrol.obj
 0001:000079f8       ??_C@_1JK@ENKMGHEI@?$AA?$FL?$AAD?$AAI?$AAS?$AAP?$AAD?$AAR?$AAV?$AA?3?$AAE?$AAR?$AAR?$AA?$FN?$AA?5?$AAD?$AAe?$AAv?$AAO?$AAu?$AAt?$AAp?$AAu?$AAt?$AAE?$AAn?$AAa?$AAb?$AAl?$AAe?$AAT?$AAV?$AA?$CI@ 100089f8     tvcontrol.obj
 0001:00007a98       ??_C@_1JM@HPPOGMIG@?$AA?$FL?$AAD?$AAI?$AAS?$AAP?$AAD?$AAR?$AAV?$AA?3?$AAE?$AAR?$AAR?$AA?$FN?$AA?5?$AAD?$AAe?$AAv?$AAO?$AAu?$AAt?$AAp?$AAu?$AAt?$AAE?$AAn?$AAa?$AAb?$AAl?$AAe?$AAT?$AAV?$AA?$CI@ 10008a98     tvcontrol.obj
 0001:00007b38       ??_C@_1KG@JJANOJGI@?$AA?$FL?$AAD?$AAI?$AAS?$AAP?$AAD?$AAR?$AAV?$AA?3?$AAE?$AAR?$AAR?$AA?$FN?$AA?5?$AAD?$AAe?$AAv?$AAO?$AAu?$AAt?$AAp?$AAu?$AAt?$AAE?$AAn?$AAa?$AAb?$AAl?$AAe?$AAT?$AAV?$AA?$CI@ 10008b38     tvcontrol.obj
 0001:00007be0       ??_C@_1JI@FBCAPPIH@?$AA?$FL?$AAD?$AAI?$AAS?$AAP?$AAD?$AAR?$AAV?$AA?3?$AAE?$AAR?$AAR?$AA?$FN?$AA?5?$AAD?$AAe?$AAv?$AAO?$AAu?$AAt?$AAp?$AAu?$AAt?$AAE?$AAn?$AAa?$AAb?$AAl?$AAe?$AAT?$AAV?$AA?$CI@ 10008be0     tvcontrol.obj
 0001:00007c78       ??_C@_1HM@KCPOHJBA@?$AA?$FL?$AAD?$AAI?$AAS?$AAP?$AAD?$AAR?$AAV?$AA?3?$AAE?$AAR?$AAR?$AA?$FN?$AA?5?$AAD?$AAe?$AAv?$AAO?$AAu?$AAt?$AAp?$AAu?$AAt?$AAE?$AAn?$AAa?$AAb?$AAl?$AAe?$AAT?$AAV?$AA?$CI@ 10008c78     tvcontrol.obj
 0001:00007cf8       ??_C@_1JI@PPEFLBHF@?$AA?$FL?$AAD?$AAI?$AAS?$AAP?$AAD?$AAR?$AAV?$AA?3?$AAE?$AAR?$AAR?$AA?$FN?$AA?5?$AAD?$AAe?$AAv?$AAO?$AAu?$AAt?$AAp?$AAu?$AAt?$AAE?$AAn?$AAa?$AAb?$AAl?$AAe?$AAT?$AAV?$AA?$CI@ 10008cf8     tvcontrol.obj
 0001:00007d90       ??_C@_1KC@NGICEGIF@?$AA?$FL?$AAD?$AAI?$AAS?$AAP?$AAD?$AAR?$AAV?$AA?3?$AAE?$AAR?$AAR?$AA?$FN?$AA?5?$AAD?$AAe?$AAv?$AAO?$AAu?$AAt?$AAp?$AAu?$AAt?$AAE?$AAn?$AAa?$AAb?$AAl?$AAe?$AAT?$AAV?$AA?$CI@ 10008d90     tvcontrol.obj
 0001:00007e38       ??_C@_1KC@PMLJNHEC@?$AA?$FL?$AAD?$AAI?$AAS?$AAP?$AAD?$AAR?$AAV?$AA?3?$AAE?$AAR?$AAR?$AA?$FN?$AA?5?$AAD?$AAe?$AAv?$AAO?$AAu?$AAt?$AAp?$AAu?$AAt?$AAE?$AAn?$AAa?$AAb?$AAl?$AAe?$AAT?$AAV?$AA?$CI@ 10008e38     tvcontrol.obj
 0001:00007ee0       ??_C@_1JE@GFEFJPJM@?$AA?$FL?$AAD?$AAI?$AAS?$AAP?$AAD?$AAR?$AAV?$AA?3?$AAE?$AAR?$AAR?$AA?$FN?$AA?5?$AAD?$AAe?$AAv?$AAO?$AAu?$AAt?$AAp?$AAu?$AAt?$AAE?$AAn?$AAa?$AAb?$AAl?$AAe?$AAT?$AAV?$AA?$CI@ 10008ee0     tvcontrol.obj
 0001:00007f78       ??_C@_1JO@DMDFEJHB@?$AA?$FL?$AAD?$AAI?$AAS?$AAP?$AAD?$AAR?$AAV?$AA?3?$AAE?$AAR?$AAR?$AA?$FN?$AA?5?$AAD?$AAe?$AAv?$AAO?$AAu?$AAt?$AAp?$AAu?$AAt?$AAE?$AAn?$AAa?$AAb?$AAl?$AAe?$AAT?$AAV?$AA?$CI@ 10008f78     tvcontrol.obj
 0001:00008018       ??_C@_1FO@IDOFENBH@?$AA?$FL?$AAD?$AAI?$AAS?$AAP?$AAD?$AAR?$AAV?$AA?$FN?$AA?5?$AA?$CL?$AA?$CL?$AAS?$AA3?$AAC?$AA6?$AA4?$AA1?$AA0?$AAD?$AAi?$AAs?$AAp?$AA?3?$AA?3?$AAD?$AAe?$AAv?$AAO?$AAu?$AAt?$AAp@ 10009018     tvcontrol.obj
 0001:00008078       ??_C@_1GA@DCELCFJ@?$AA?$FL?$AAD?$AAI?$AAS?$AAP?$AAD?$AAR?$AAV?$AA?$FN?$AA?5?$AA?9?$AA?9?$AAS?$AA3?$AAC?$AA6?$AA4?$AA1?$AA0?$AAD?$AAi?$AAs?$AAp?$AA?3?$AA?3?$AAD?$AAe?$AAv?$AAO?$AAu?$AAt?$AAp@ 10009078     tvcontrol.obj
 0001:000080d8       ??_C@_1JM@HOOHAPGD@?$AA?$FL?$AAD?$AAI?$AAS?$AAP?$AAD?$AAR?$AAV?$AA?3?$AAE?$AAR?$AAR?$AA?$FN?$AA?5?$AAD?$AAe?$AAv?$AAO?$AAu?$AAt?$AAp?$AAu?$AAt?$AAD?$AAi?$AAs?$AAa?$AAb?$AAl?$AAe?$AAT?$AAV@ 100090d8     tvcontrol.obj
 0001:00008178       ??_C@_1KA@KBICLPBB@?$AA?$FL?$AAD?$AAI?$AAS?$AAP?$AAD?$AAR?$AAV?$AA?3?$AAE?$AAR?$AAR?$AA?$FN?$AA?5?$AAD?$AAe?$AAv?$AAO?$AAu?$AAt?$AAp?$AAu?$AAt?$AAD?$AAi?$AAs?$AAa?$AAb?$AAl?$AAe?$AAT?$AAV@ 10009178     tvcontrol.obj
 0001:00008218       ??_C@_1GA@KOHKFFEG@?$AA?$FL?$AAD?$AAI?$AAS?$AAP?$AAD?$AAR?$AAV?$AA?$FN?$AA?5?$AA?$CL?$AA?$CL?$AAS?$AA3?$AAC?$AA6?$AA4?$AA1?$AA0?$AAD?$AAi?$AAs?$AAp?$AA?3?$AA?3?$AAD?$AAe?$AAv?$AAO?$AAu?$AAt?$AAp@ 10009218     tvcontrol.obj
 0001:00008278       ??_C@_1GE@MCLFJDLK@?$AA?$FL?$AAD?$AAI?$AAS?$AAP?$AAD?$AAR?$AAV?$AA?$FN?$AA?5?$AA?9?$AA?9?$AAS?$AA3?$AAC?$AA6?$AA4?$AA1?$AA0?$AAD?$AAi?$AAs?$AAp?$AA?3?$AA?3?$AAD?$AAe?$AAv?$AAO?$AAu?$AAt?$AAp@ 10009278     tvcontrol.obj
 0001:000082e0       ??_C@_1KM@FPNCLDKF@?$AA?$FL?$AAD?$AAI?$AAS?$AAP?$AAD?$AAR?$AAV?$AA?3?$AAE?$AAR?$AAR?$AA?$FN?$AA?5?$AAD?$AAe?$AAv?$AAO?$AAu?$AAt?$AAp?$AAu?$AAt?$AAE?$AAn?$AAa?$AAb?$AAl?$AAe?$AAT?$AAV?$AAD@ 100092e0     tvcontrol.obj
 0001:00008390       ??_C@_1KC@DLBFIFP@?$AA?$FL?$AAD?$AAI?$AAS?$AAP?$AAD?$AAR?$AAV?$AA?3?$AAE?$AAR?$AAR?$AA?$FN?$AA?5?$AAD?$AAe?$AAv?$AAO?$AAu?$AAt?$AAp?$AAu?$AAt?$AAE?$AAn?$AAa?$AAb?$AAl?$AAe?$AAT?$AAV?$AAD@ 10009390     tvcontrol.obj
 0001:00008438       ??_C@_1KI@PFBGAEID@?$AA?$FL?$AAD?$AAI?$AAS?$AAP?$AAD?$AAR?$AAV?$AA?3?$AAE?$AAR?$AAR?$AA?$FN?$AA?5?$AAD?$AAe?$AAv?$AAO?$AAu?$AAt?$AAp?$AAu?$AAt?$AAE?$AAn?$AAa?$AAb?$AAl?$AAe?$AAT?$AAV?$AAD@ 10009438     tvcontrol.obj
 0001:000084e0       ??_C@_1MK@NLEEJPEP@?$AA?$FL?$AAD?$AAI?$AAS?$AAP?$AAD?$AAR?$AAV?$AA?3?$AAE?$AAR?$AAR?$AA?$FN?$AA?5?$AAD?$AAe?$AAv?$AAO?$AAu?$AAt?$AAp?$AAu?$AAt?$AAE?$AAn?$AAa?$AAb?$AAl?$AAe?$AAT?$AAV?$AAD@ 100094e0     tvcontrol.obj
 0001:000085b0       ??_C@_1GE@OKDNLNNJ@?$AA?$FL?$AAD?$AAI?$AAS?$AAP?$AAD?$AAR?$AAV?$AA?$FN?$AA?5?$AA?$CL?$AA?$CL?$AAS?$AA3?$AAC?$AA6?$AA4?$AA1?$AA0?$AAD?$AAi?$AAs?$AAp?$AA?3?$AA?3?$AAD?$AAe?$AAv?$AAO?$AAu?$AAt?$AAp@ 100095b0     tvcontrol.obj
 0001:00008618       ??_C@_1GG@DKMPIDKK@?$AA?$FL?$AAD?$AAI?$AAS?$AAP?$AAD?$AAR?$AAV?$AA?$FN?$AA?5?$AA?9?$AA?9?$AAS?$AA3?$AAC?$AA6?$AA4?$AA1?$AA0?$AAD?$AAi?$AAs?$AAp?$AA?3?$AA?3?$AAD?$AAe?$AAv?$AAO?$AAu?$AAt?$AAp@ 10009618     tvcontrol.obj
 0001:00008680       ??_C@_1KC@IKFJGGA@?$AA?$FL?$AAD?$AAI?$AAS?$AAP?$AAD?$AAR?$AAV?$AA?3?$AAE?$AAR?$AAR?$AA?$FN?$AA?5?$AAD?$AAe?$AAv?$AAO?$AAu?$AAt?$AAp?$AAu?$AAt?$AAD?$AAi?$AAs?$AAa?$AAb?$AAl?$AAe?$AAT?$AAV@ 10009680     tvcontrol.obj
 0001:00008728       ??_C@_1GG@KIMJJOIJ@?$AA?$FL?$AAD?$AAI?$AAS?$AAP?$AAD?$AAR?$AAV?$AA?$FN?$AA?5?$AA?$CL?$AA?$CL?$AAS?$AA3?$AAC?$AA6?$AA4?$AA1?$AA0?$AAD?$AAi?$AAs?$AAp?$AA?3?$AA?3?$AAD?$AAe?$AAv?$AAO?$AAu?$AAt?$AAp@ 10009728     tvcontrol.obj
 0001:00008790       ??_C@_1KG@MNNNIHBA@?$AA?$FL?$AAD?$AAI?$AAS?$AAP?$AAD?$AAR?$AAV?$AA?3?$AAE?$AAR?$AAR?$AA?$FN?$AA?5?$AAD?$AAe?$AAv?$AAS?$AAe?$AAt?$AAT?$AAV?$AAD?$AAM?$AAA?$AAB?$AAu?$AAf?$AAf?$AAe?$AAr?$AA?$CI@ 10009790     tvcontrol.obj
 0001:00008838       ??_C@_1GG@HHEBDOBH@?$AA?$FL?$AAD?$AAI?$AAS?$AAP?$AAD?$AAR?$AAV?$AA?$FN?$AA?5?$AA?9?$AA?9?$AAS?$AA3?$AAC?$AA6?$AA4?$AA1?$AA0?$AAD?$AAi?$AAs?$AAp?$AA?3?$AA?3?$AAD?$AAe?$AAv?$AAU?$AAp?$AAd?$AAa@ 10009838     tvcontrol.obj
 0001:000088a0       ??_C@_1JM@NKOFOBHH@?$AA?$FL?$AAD?$AAI?$AAS?$AAP?$AAD?$AAR?$AAV?$AA?3?$AAE?$AAR?$AAR?$AA?$FN?$AA?5?$AAS?$AA3?$AAC?$AA6?$AA4?$AA1?$AA0?$AAD?$AAi?$AAs?$AAp?$AA?3?$AA?3?$AAD?$AAe?$AAv?$AAU?$AAp@ 100098a0     tvcontrol.obj
[...]
 0001:00049208       swscanf                    1004a208 f   corelib1:COREDLL.dll
 0001:00049218       __C_specific_handler       1004a218 f   corelib1:COREDLL.dll
 0001:00049228       memcpy                     1004a228 f   corelib1:COREDLL.dll
 0001:00049238       memset                     1004a238 f   corelib1:COREDLL.dll
 0001:00049248       __rt_udiv                  1004a248 f   corelib1:COREDLL.dll
 0001:00049258       __rt_sdiv                  1004a258 f   corelib1:COREDLL.dll
 0001:00049268       memcmp                     1004a268 f   corelib1:COREDLL.dll
 0001:00049278       _purecall                  1004a278 f   corelib1:COREDLL.dll
 0001:00049288       abs                        1004a288 f   corelib1:COREDLL.dll
 0001:00049298       malloc                     1004a298 f   corelib1:COREDLL.dll
 0001:000492a8       free                       1004a2a8 f   corelib1:COREDLL.dll
 0001:000492b8       memmove                    1004a2b8 f   corelib1:COREDLL.dll
 0001:000492c8       _XcptFilter                1004a2c8 f   corelib1:COREDLL.dll
 0001:000492d8       __security_gen_cookie2     1004a2d8 f   corelib1:COREDLL.dll
 0001:000492e8       __report_gsfailure         1004a2e8 f   corelib1:COREDLL.dll
 0001:000492f8       DeleteCriticalSection      1004a2f8 f   coredll:COREDLL.dll
 0001:00049308       InterlockedExchange        1004a308 f   coredll:COREDLL.dll
 0001:00049318       TerminateProcess           1004a318 f   coredll:COREDLL.dll
 0001:000494c0       __IMPORT_DESCRIPTOR_COREDLL 1004a4c0     coredll:COREDLL.dll
 0001:000494d4       __IMPORT_DESCRIPTOR_CEDDK  1004a4d4     ceddk:CEDDK.dll
 0001:000494e8       __NULL_IMPORT_DESCRIPTOR   1004a4e8     coredll:COREDLL.dll
 0002:00000000       memfill                    1004b000     2d_accel_lib:memfill.obj
 0002:00000110       memor                      1004b110     2d_accel_lib:memor.obj
 0002:00000728       memand                     1004b728     2d_accel_lib:memand.obj
 0002:00000d44       memnotsrcorf               1004bd44     2d_accel_lib:memnotsrcorf.obj
 0002:000010f4       memnotsrcorb               1004c0f4     2d_accel_lib:memnotsrcorb.obj
 0002:0000149c       memeorf                    1004c49c     2d_accel_lib:memeorf.obj
 0002:000017b0       memeorb                    1004c7b0     2d_accel_lib:memeorb.obj
 0002:00001ac0       memnot                     1004cac0     2d_accel_lib:memnot.obj
 0002:00001bf4       memeorfill                 1004cbf4     2d_accel_lib:memeorfill.obj
 0002:00001d60       memnotdstandf              1004cd60     2d_accel_lib:memnotdstandf.obj
 0002:00002110       memnotdstandb              1004d110     2d_accel_lib:memnotdstandb.obj
 0002:000024bc       memfillwr                  1004d4bc     2d_accel_lib:memfillwr.obj
 0002:00002604       memnotorf                  1004d604     2d_accel_lib:memnotorf.obj
 0002:000029b4       memnotorb                  1004d9b4     2d_accel_lib:memnotorb.obj
 0002:00002d60       memnotsrcf                 1004dd60     2d_accel_lib:memnotsrcf.obj
 0002:00003024       memnotsrcb                 1004e024     2d_accel_lib:memnotsrcb.obj
 0002:000032e4       memsrccopy                 1004e2e4     2d_accel_lib:memsrccopy.obj
 0002:00003874       memsrccopy480              1004e874     2d_accel_lib:memsrccopy480.obj
 0002:00003980       memsrccopy240              1004e980     2d_accel_lib:memsrccopy240.obj
 0003:00000000       __imp_MmMapIoSpace         1004f000     ceddk:CEDDK.dll
 0003:00000004       __imp_MmUnmapIoSpace       1004f004     ceddk:CEDDK.dll
 0003:00000008       \177CEDDK_NULL_THUNK_DATA  1004f008     ceddk:CEDDK.dll
 0003:0000000c       __imp_RegQueryValueExW     1004f00c     coredll:COREDLL.dll
 0003:00000010       __imp_RegOpenKeyExW        1004f010     coredll:COREDLL.dll
 0003:00000014       __imp_GetLastError         1004f014     coredll:COREDLL.dll
 0003:00000018       __imp_VirtualCopy          1004f018     coredll:COREDLL.dll
 0003:0000001c       __imp_VirtualAlloc         1004f01c     coredll:COREDLL.dll
 0003:00000020       __imp_DeviceIoControl      1004f020     coredll:COREDLL.dll
 0003:00000024       __imp_CreateFileW          1004f024     coredll:COREDLL.dll
 0003:00000028       __imp_LeaveCriticalSection 1004f028     coredll:COREDLL.dll
 0003:0000002c       __imp_DevicePowerNotify    1004f02c     coredll:COREDLL.dll
 0003:00000030       __imp_EnterCriticalSection 1004f030     coredll:COREDLL.dll
 0003:00000034       __imp_AdvertiseInterface   1004f034     coredll:COREDLL.dll
 0003:00000038       __imp_GetModuleFileNameW   1004f038     coredll:COREDLL.dll
 0003:0000003c       __imp_CeCloseCallerBuffer  1004f03c     coredll:COREDLL.dll
 0003:00000040       __imp_SetLastError         1004f040     coredll:COREDLL.dll
 0003:00000044       __imp_CeOpenCallerBuffer   1004f044     coredll:COREDLL.dll
 0003:00000048       __imp_CloseHandle          1004f048     coredll:COREDLL.dll
 0003:0000004c       __imp_VirtualFree          1004f04c     coredll:COREDLL.dll
 0003:00000050       __imp_KernelIoControl      1004f050     coredll:COREDLL.dll
 0003:00000054       __imp_InitializeCriticalSection 1004f054     coredll:COREDLL.dll
 0003:00000058       __imp_CopyRect             1004f058     coredll:COREDLL.dll
 0003:0000005c       __imp_CacheRangeFlush      1004f05c     coredll:COREDLL.dll
 0003:00000060       __imp_RegCloseKey          1004f060     coredll:COREDLL.dll
 0003:00000064       __imp___GetUserKData       1004f064     coredll:COREDLL.dll
 0003:00000068       __imp_FreePhysMem          1004f068     coredll:COREDLL.dll
 0003:0000006c       __imp_VirtualFreeEx        1004f06c     coredll:COREDLL.dll
 0003:00000070       __imp_GetDirectCallerProcessId 1004f070     coredll:COREDLL.dll
 0003:00000074       __imp_VirtualAllocCopyEx   1004f074     coredll:COREDLL.dll
 0003:00000078       __imp_AllocPhysMem         1004f078     coredll:COREDLL.dll
 0003:0000007c       __imp_DisableThreadLibraryCalls 1004f07c     coredll:COREDLL.dll
 0003:00000080       __imp_LocalAlloc           1004f080     coredll:COREDLL.dll
 0003:00000084       __imp_LocalFree            1004f084     coredll:COREDLL.dll
 0003:00000088       __imp_LocalReAlloc         1004f088     coredll:COREDLL.dll
 0003:0000008c       __imp_RegSetValueExW       1004f08c     coredll:COREDLL.dll
 0003:00000090       __imp_RegCreateKeyExW      1004f090     coredll:COREDLL.dll
 0003:00000094       __imp_CeSetExtendedPdata   1004f094     coredll:COREDLL.dll
 0003:00000098       __imp_RemoteLocalFree      1004f098     coredll:COREDLL.dll
 0003:0000009c       __imp_RemoteLocalAlloc     1004f09c     coredll:COREDLL.dll
 0003:000000a0       __imp_MulDiv               1004f0a0     coredll:COREDLL.dll
 0003:000000a4       __imp_InterruptDone        1004f0a4     coredll:COREDLL.dll
 0003:000000a8       __imp_WaitForSingleObject  1004f0a8     coredll:COREDLL.dll
 0003:000000ac       __imp_InterruptInitialize  1004f0ac     coredll:COREDLL.dll
 0003:000000b0       __imp_CreateEventW         1004f0b0     coredll:COREDLL.dll
 0003:000000b4       __imp_InterruptDisable     1004f0b4     coredll:COREDLL.dll
 0003:000000b8       __imp_KernelLibIoControl   1004f0b8     coredll:COREDLL.dll
 0003:000000bc       __imp_LockPages            1004f0bc     coredll:COREDLL.dll
 0003:000000c0       __imp_NKDbgPrintfW         1004f0c0     coredll:COREDLL.dll
 0003:000000c4       __imp_??2@YAPAXI@Z         1004f0c4     corelib1:COREDLL.dll
 0003:000000c8       __imp_??3@YAXPAX@Z         1004f0c8     corelib1:COREDLL.dll
 0003:000000cc       __imp_swscanf              1004f0cc     corelib1:COREDLL.dll
 0003:000000d0       __imp___C_specific_handler 1004f0d0     corelib1:COREDLL.dll
 0003:000000d4       __imp_memcpy               1004f0d4     corelib1:COREDLL.dll
 0003:000000d8       __imp_memset               1004f0d8     corelib1:COREDLL.dll
 0003:000000dc       __imp___rt_udiv            1004f0dc     corelib1:COREDLL.dll
 0003:000000e0       __imp___rt_sdiv            1004f0e0     corelib1:COREDLL.dll
 0003:000000e4       __imp_memcmp               1004f0e4     corelib1:COREDLL.dll
 0003:000000e8       __imp__purecall            1004f0e8     corelib1:COREDLL.dll
 0003:000000ec       __imp_abs                  1004f0ec     corelib1:COREDLL.dll
 0003:000000f0       __imp_malloc               1004f0f0     corelib1:COREDLL.dll
 0003:000000f4       __imp_free                 1004f0f4     corelib1:COREDLL.dll
 0003:000000f8       __imp___divs               1004f0f8     corelib1:COREDLL.dll
 0003:000000fc       __imp___itos               1004f0fc     corelib1:COREDLL.dll
 0003:00000100       __imp___adds               1004f100     corelib1:COREDLL.dll
 0003:00000104       __imp___stod               1004f104     corelib1:COREDLL.dll
 0003:00000108       __imp_pow                  1004f108     corelib1:COREDLL.dll
 0003:0000010c       __imp___dtos               1004f10c     corelib1:COREDLL.dll
 0003:00000110       __imp___muls               1004f110     corelib1:COREDLL.dll
 0003:00000114       __imp___subs               1004f114     corelib1:COREDLL.dll
 0003:00000118       __imp___stou               1004f118     corelib1:COREDLL.dll
 0003:0000011c       __imp___utos               1004f11c     corelib1:COREDLL.dll
 0003:00000120       __imp___rt_sdiv64by64      1004f120     corelib1:COREDLL.dll
 0003:00000124       __imp_memmove              1004f124     corelib1:COREDLL.dll
 0003:00000128       __imp__XcptFilter          1004f128     corelib1:COREDLL.dll
 0003:0000012c       __imp___security_gen_cookie2 1004f12c     corelib1:COREDLL.dll
 0003:00000130       __imp___report_gsfailure   1004f130     corelib1:COREDLL.dll
 0003:00000134       __imp_DeleteCriticalSection 1004f134     coredll:COREDLL.dll
 0003:00000138       __imp_InterlockedExchange  1004f138     coredll:COREDLL.dll
 0003:0000013c       __imp_TerminateProcess     1004f13c     coredll:COREDLL.dll
 0003:00000140       \177COREDLL_NULL_THUNK_DATA 1004f140     coredll:COREDLL.dll
 0003:00000148       ?_rgbIdentity@@3PAUtagPALETTEENTRY@@A 1004f148     display_main.obj
 0003:00000548       dpCurSettings              1004f548     display_main.obj
 0003:0000098c       ?gBitMasks16@@3PAKA        1004f98c     dispmode.obj
 0003:00000998       ?gBitMasks32@@3PAKA        1004f998     dispmode.obj
 0003:000009a8       ?cbDDCallbacks@@3U_DDHAL_DDCALLBACKS@@A 1004f9a8     halcaps.obj
 0003:000009c4       ?cbDDSurfaceCallbacks@@3U_DDHAL_DDSURFACECALLBACKS@@A 1004f9c4     halcaps.obj
 0003:000009f4       ?MiscellaneousCallbacks@@3U_DDHAL_DDMISCELLANEOUSCALLBACKS@@A 1004f9f4     halcaps.obj
 0003:00000a04       ?ColorControlCallbacks@@3U_DDHAL_DDCOLORCONTROLCALLBACKS@@A 1004fa04     halcaps.obj
 0003:00000a18       ?SupportedFourCCs@@3PAU_FourCCDescription@@A 1004fa18     halcaps.obj
 0003:00000ac4       ?gaMix@@3PAEA              1004fac4     2d_accel_lib:ddi_if.obj
 0003:00000f10       ?pfnDrvAlphaBlend@@3P6AHPAU_SURFOBJ@@0PAU_CLIPOBJ@@PAU_XLATEOBJ@@PAU_RECTL@@3PAUtagBLENDOBJ@@@ZA 1004ff10     gpe:drvalphablend.obj
 0003:00000f18       ?pfnDrvGradientFill@@3P6AHPAU_SURFOBJ@@PAU_CLIPOBJ@@PAU_XLATEOBJ@@PAU_TRIVERTEX@@KPAXKPAU_RECTL@@PAU_POINTL@@K@ZA 1004ff18     gpe:rdrvgradfill.obj
 0003:00000f20       ?gulDither32@@3PAKA        1004ff20     gpe:rdrvgradfill.obj
 0003:00000f60       ?gDitherMatrix16x16Halftone@@3PAEA 1004ff60     gpe:rdrvgradfill.obj
 0003:00001060       ?gDitherMatrix16x16Default@@3PAEA 10050060     gpe:rdrvgradfill.obj
 0003:00001160       ?vTranslateIdentity@@3PAEA 10050160     gpe:rdrvgradfill.obj
 0003:00001260       ?DefaultSaturationTable@@3PAEA 10050260     gpe:rdrvgradfill.obj
 0003:000013e0       ?Saturation16_5@@3PAEA     100503e0     gpe:rdrvgradfill.obj
 0003:00001420       ?Saturation16_6@@3PAEA     10050420     gpe:rdrvgradfill.obj
 0003:000014a0       ?gulGamma@@3KA             100504a0     gpe:rctblt.obj
 0003:000014a4       ?szGamma@@3PAGA            100504a4     gpe:rctblt.obj
 0003:000014c8       ?szGammaValue@@3PAGA       100504c8     gpe:rctblt.obj
 0003:000014e0       ?alAlpha@@3PAJA            100504e0     gpe:rctblt.obj
 0003:00001500       ?ajGammaCT_10@@3PAEA       10050500     gpe:rctblt.obj
 0003:00001600       ?ajGammaCT_11@@3PAEA       10050600     gpe:rctblt.obj
 0003:00001700       ?ajGammaInvCT_11@@3PAEA    10050700     gpe:rctblt.obj
 0003:00001800       ?ajGammaCT_12@@3PAEA       10050800     gpe:rctblt.obj
 0003:00001900       ?ajGammaInvCT_12@@3PAEA    10050900     gpe:rctblt.obj
 0003:00001a00       ?ajGammaCT_13@@3PAEA       10050a00     gpe:rctblt.obj
 0003:00001b00       ?ajGammaInvCT_13@@3PAEA    10050b00     gpe:rctblt.obj
 0003:00001c00       ?ajGammaCT_14@@3PAEA       10050c00     gpe:rctblt.obj
 0003:00001d00       ?ajGammaInvCT_14@@3PAEA    10050d00     gpe:rctblt.obj
 0003:00001e00       ?ajGammaCT_15@@3PAEA       10050e00     gpe:rctblt.obj
 0003:00001f00       ?ajGammaInvCT_15@@3PAEA    10050f00     gpe:rctblt.obj
 0003:00002000       ?ajGammaCT_16@@3PAEA       10051000     gpe:rctblt.obj
 0003:00002100       ?ajGammaInvCT_16@@3PAEA    10051100     gpe:rctblt.obj
 0003:00002200       ?ajGammaCT_17@@3PAEA       10051200     gpe:rctblt.obj
 0003:00002300       ?ajGammaInvCT_17@@3PAEA    10051300     gpe:rctblt.obj
 0003:00002400       ?ajGammaCT_18@@3PAEA       10051400     gpe:rctblt.obj
 0003:00002500       ?ajGammaInvCT_18@@3PAEA    10051500     gpe:rctblt.obj
 0003:00002600       ?ajGammaCT_19@@3PAEA       10051600     gpe:rctblt.obj
 0003:00002700       ?ajGammaInvCT_19@@3PAEA    10051700     gpe:rctblt.obj
 0003:00002800       ?ajGammaCT_20@@3PAEA       10051800     gpe:rctblt.obj
 0003:00002900       ?ajGammaInvCT_20@@3PAEA    10051900     gpe:rctblt.obj
 0003:00002a00       ?ajGammaCT_21@@3PAEA       10051a00     gpe:rctblt.obj
 0003:00002b00       ?ajGammaInvCT_21@@3PAEA    10051b00     gpe:rctblt.obj
 0003:00002c00       ?ajGammaCT_22@@3PAEA       10051c00     gpe:rctblt.obj
 0003:00002d00       ?ajGammaInvCT_22@@3PAEA    10051d00     gpe:rctblt.obj
 0003:00002e00       ?gaOutTable@@3PAU_F_RGB@@A 10051e00     gpe:rctblt.obj
 0003:00002fd0       ?g_pdwAnyBltPCode@@3PAKA   10051fd0     gpe:genblt.obj
 0003:0000c658       __security_cookie          1005b658     corelib0:seccinit.obj
 0003:0000c65c       __security_cookie_complement 1005b65c     corelib0:seccinit.obj
 0003:0000c660       ?gGPE@@3PAVDDGPE@@A        1005b660     display_main.obj
 0003:0000c664       ?oldSrcSurf@@3PAVGPESurf@@A 1005b664     blt.obj
 0003:0000c668       ?gpScratchSurf@@3PAVDDGPESurf@@A 1005b668     blt.obj
 0003:0000c670       ?g_pGPE@@3PAVDDGPE@@A      1005b670     halcaps.obj
 0003:0000c674       ?g_pDDrawPrimarySurface@@3PAVDDGPESurf@@A 1005b674     halcaps.obj
 0003:0000c678       ?g_pVideoMemory@@3PAEA     1005b678     halcaps.obj
 0003:0000c67c       ?g_nVideoMemorySize@@3KA   1005b67c     halcaps.obj
 0003:0000c680       __@@_PchSym_@00@UdrmxvGAAUkozgulinUgvmybgvmGEBAPnoxUhixUwirevihUwrhkozbUwrhkozbPwieUlyqUzineErUivgzroUkivxlnkOlyq@s3c6410_disp 1005b680     precomp.obj
 0003:0000c684       PATHOBJ_vGetBounds         1005b684     2d_accel_lib:ddi_if.obj
 0003:0000c688       PATHOBJ_bEnum              1005b688     2d_accel_lib:ddi_if.obj
 0003:0000c68c       PALOBJ_cGetColors          1005b68c     2d_accel_lib:ddi_if.obj
 0003:0000c690       CLIPOBJ_bEnum              1005b690     2d_accel_lib:ddi_if.obj
 0003:0000c694       EngGetPaletteFromPool      1005b694     2d_accel_lib:ddi_if.obj
 0003:0000c698       EngAddPaletteToPool        1005b698     2d_accel_lib:ddi_if.obj
 0003:0000c69c       BRUSHOBJ_pvAllocRbrush     1005b69c     2d_accel_lib:ddi_if.obj
 0003:0000c6a0       BRUSHOBJ_pvGetRbrush       1005b6a0     2d_accel_lib:ddi_if.obj
 0003:0000c6a4       CLIPOBJ_cEnumStart         1005b6a4     2d_accel_lib:ddi_if.obj
 0003:0000c6a8       XLATEOBJ_cGetPalette       1005b6a8     2d_accel_lib:ddi_if.obj
 0003:0000c6ac       PATHOBJ_vEnumStart         1005b6ac     2d_accel_lib:ddi_if.obj
 0003:0000c6b0       EngCreatePalette           1005b6b0     2d_accel_lib:ddi_if.obj
 0003:0000c6b4       EngCreateDeviceSurface     1005b6b4     2d_accel_lib:ddi_if.obj
 0003:0000c6b8       EngDeleteSurface           1005b6b8     2d_accel_lib:ddi_if.obj
 0003:0000c6bc       EngCreateDeviceBitmap      1005b6bc     2d_accel_lib:ddi_if.obj
 0003:0000c6c0       EngReleasePooledPalette    1005b6c0     2d_accel_lib:ddi_if.obj
 0003:0000c6c4       pfnGetGPEPerCard           1005b6c4     2d_accel_lib:ddi_if.obj
 0003:0000c6c8       g_hmodDisplayDll           1005b6c8     2d_accel_lib:ddi_if.obj
 0003:0000c6cc       ?g_pxlo@@3PAU_XLATEOBJ@@A  1005b6cc     2d_accel_lib:ddi_if.obj
 0003:0000c6e0       ?gMaskedConverter@@3PAVMaskColorConverter@@A 1005b6e0     2d_accel_lib:swconvrt.obj
 0003:0000c870       ?gLookupConverter@@3PAVLookupColorConverter@@A 1005b870     2d_accel_lib:swconvrt.obj
 0003:0000d8c0       ?gMonoConverter@@3PAVMonoColorConverter@@A 1005c8c0     2d_accel_lib:swconvrt.obj
 0003:0000d8e8       ?gMaskedLRU@@3VLRU@@A      1005c8e8     2d_accel_lib:swconvrt.obj
 0003:0000d8fc       ?gLookupLRU@@3VLRU@@A      1005c8fc     2d_accel_lib:swconvrt.obj
 0003:0000d910       ?gMonoLRU@@3VLRU@@A        1005c910     2d_accel_lib:swconvrt.obj
 0003:0000d924       ?gGroupLRU@@3VLRU@@A       1005c924     2d_accel_lib:swconvrt.obj
 0003:0000d938       ?gGroupConverter@@3PAVGroupColorConverter@@A 1005c938     2d_accel_lib:swconvrt.obj
 0003:0000e7a8       ?pfnGetAAMaskBits@@3P6AXPAK00@ZA 1005d7a8     gpe:aablt.obj
 0003:0000e7f4       ?gbHateMmx@@3HA            1005d7f4     gpe:rctblt.obj
 0003:0000ec68       ?g_BltFnPData@@3U_xpdata@@A 1005dc68     gpe:genblt.obj
 0003:0000ecf0       ?g_CpuFuncs@@3UGenBltCpuFuncs@@A 1005dcf0     gpe:genblt.obj
 0003:0000ed0c       ?g_pPCodeRegisters@@3PAUPCodeRegisters_t@@A 1005dd0c     gpe:genblt.obj
 0003:0000ed10       ?g_BltClock@@3KA           1005dd10     gpe:genblt.obj
 0003:0000ed14       ?g_fUseFastBlt@@3HA        1005dd14     gpe:FastBlt.obj
 0003:00010540       _exitflag                  1005f540     corelib0:cexit.obj
 0003:00010544       __onexitend                1005f544     <common>
 0003:00010548       __onexitbegin              1005f548     <common>
 0003:0001054c       g_pcsExit                  1005f54c     <common>
 0003:00010550       _pRawDllMain               1005f550     <common>

 entry point at        0001:00048f24

 Static symbols

 0001:00038a88       ?GetAAMaskInfo@@YAXH@Z     10039a88 f   gpe:aablt.obj
 0001:00038be8       ?InitGamma@@YAXXZ          10039be8 f   gpe:aablt.obj
 0001:000395e0       ?MDiv64@@YA_J_J00@Z        1003a5e0 f   gpe:rdrvgradfill.obj
 0001:0003b380       ?RectFillBlt@@YAHPAU_SURFOBJ@@PAU_DRVGRADIENTRECTDATA@@P6AXPAVGPESurf@@1@Z@Z 1003c380 f   gpe:rdrvgradfill.obj
 0001:0003b54c       ?GFGetShift@@YAXKPAK0@Z    1003c54c f   gpe:rdrvgradfill.obj
 0001:0003bdf4       ?GetNearestIndex@@YAKK@Z   1003cdf4 f   gpe:rctblt.obj
 0001:0003c7e8       ?vGetBlendInfo@@YAXKKPAVGPESurf@@PAU_BLENDINFO@@@Z 1003d7e8 f   gpe:rctblt.obj
 0001:00047508       ?FillHelCaps@@YAXPAU_DDCAPS@@@Z 10048508 f   ddgpe:ddhinit.obj
 0001:00048e28       _DllMainCRTStartupHelper   10049e28 f   corelib0:pegdmain.obj
 0001:00049068       doexit                     1004a068 f   corelib0:cexit.obj
 0001:00049328       ??__EgMaskedLRU@@YAXXZ     1004a328 f   2d_accel_lib:swconvrt.obj
 0001:00049340       ??__EgGroupLRU@@YAXXZ      1004a340 f   2d_accel_lib:swconvrt.obj
 0001:00049358       ??__EgMonoLRU@@YAXXZ       1004a358 f   2d_accel_lib:swconvrt.obj
 0001:00049370       ??__EgLookupLRU@@YAXXZ     1004a370 f   2d_accel_lib:swconvrt.obj
 0001:00049388       ??__EgGroupConverter@@YAXXZ 1004a388 f   2d_accel_lib:swconvrt.obj
