 SsapMp4Parser

 Timestamp is 5125cd5c (Thu Feb 21 15:31:40 2013)

 Preferred load address is 10000000

 Start         Length     Name                   Class
 0001:00000000 00000004H .CRT$XCA                CODE
 0001:00000004 00000004H .CRT$XCZ                CODE
 0001:00000008 00000004H .CRT$XIA                CODE
 0001:0000000c 00000004H .CRT$XIZ                CODE
 0001:00000010 00000004H .CRT$XPA                CODE
 0001:00000014 00000004H .CRT$XPZ                CODE
 0001:00000018 00000004H .CRT$XTA                CODE
 0001:0000001c 00000004H .CRT$XTZ                CODE
 0001:00000020 0000646cH .rdata                  CODE
 0001:0000648c 0000002aH .rdata$debug            CODE
 0001:000064b8 0001f830H .text                   CODE
 0001:00025ce8 000001d4H .xdata                  CODE
 0001:00025ebc 00000054H .xdata$x                CODE
 0001:00025f10 0000003cH .idata$2                CODE
 0001:00025f4c 00000014H .idata$3                CODE
 0001:00025f60 000001bcH .idata$4                CODE
 0001:0002611c 000000aaH .idata$6                CODE
 0001:000261d0 000000a9H .edata                  CODE
 0002:00000000 000001bcH .idata$5                DATA
 0002:000001c0 000003d8H .data                   DATA
 0002:00000598 00000154H .bss                    DATA
 0003:00000000 00001b60H .pdata                  DATA
 0004:00000000 00000058H .rsrc$01                DATA
 0004:00000060 000003b8H .rsrc$02                DATA

  Address         Publics by Value              Rva+Base       Lib:Object

 0000:00000000       ___safe_se_handler_table   00000000     <absolute>
 0000:00000000       ___safe_se_handler_count   00000000     <absolute>
 0001:00000000       __xc_a                     10001000     corelib0:crt0init.obj
 0001:00000004       __xc_z                     10001004     corelib0:crt0init.obj
 0001:00000008       __xi_a                     10001008     corelib0:crt0init.obj
 0001:0000000c       __xi_z                     1000100c     corelib0:crt0init.obj
 0001:00000010       __xp_a                     10001010     corelib0:crt0init.obj
 0001:00000014       __xp_z                     10001014     corelib0:crt0init.obj
 0001:00000018       __xt_a                     10001018     corelib0:crt0init.obj
 0001:0000001c       __xt_z                     1000101c     corelib0:crt0init.obj
 0001:0000003c       ??_7CMP4ParserFilter@@6BCUnknown@@@ 1000103c     fSsapMp4Parser.obj
 0001:00000060       ??_7CMP4ParserFilter@@6BIBaseFilter@@@ 10001060     fSsapMp4Parser.obj
 0001:0000009c       ??_7CMP4ParserFilter@@6BIAMovieSetup@@@ 1000109c     fSsapMp4Parser.obj
 0001:000000b0       ??_7CMP4ParserFilter@@6B@  100010b0     fSsapMp4Parser.obj
 0001:000000c8       ??_C@_1JG@GOMFEOBK@?$AA?6?$AA?$FL?$AAC?$AAM?$AAP?$AA4?$AAP?$AAa?$AAr?$AAs?$AAe?$AAr?$AAF?$AAi?$AAl?$AAt?$AAe?$AAr?$AA?3?$AA?3?$AAG?$AAe?$AAt?$AAA?$AAu?$AAd?$AAi?$AAo?$AAF?$AAr?$AAa?$AAm@ 100010c8     fSsapMp4Parser.obj
 0001:00000160       ??_C@_1EO@HBNMFJOD@?$AA?$FL?$AAS?$AAS?$AAA?$AAP?$AA?5?$AAM?$AAP?$AA4?$AAP?$AAa?$AAr?$AAs?$AAe?$AAr?$AA?$FN?$AAu?$AAn?$AAs?$AAu?$AAp?$AAp?$AAo?$AAr?$AAt?$AAe?$AAd?$AA?5?$AAf?$AAi?$AAl?$AAe@ 10001160     fSsapMp4Parser.obj
 0001:000001b0       ??_C@_1JG@KGMJAACJ@?$AA?6?$AA?$FL?$AAC?$AAM?$AAP?$AA4?$AAP?$AAa?$AAr?$AAs?$AAe?$AAr?$AAF?$AAi?$AAl?$AAt?$AAe?$AAr?$AA?3?$AA?3?$AAG?$AAe?$AAt?$AAV?$AAi?$AAd?$AAe?$AAo?$AAF?$AAr?$AAa?$AAm@ 100011b0     fSsapMp4Parser.obj
 0001:00000248       ??_C@_0EL@NGJHKMNA@?6?5m_audio_trId?5?$DN?5?$CFd?0?5m_audio_dur@ 10001248     fSsapMp4Parser.obj
 0001:00000294       ??_C@_0BM@PDMAPGKD@?6?5?$CB?$CB?5Unknown?5Audio?5?$CI?$CFs?$CJ?5?$CB?$CB?6?$AA@ 10001294     fSsapMp4Parser.obj
 0001:000002b0       ??_C@_04FJDDEBJM@samr?$AA@ 100012b0     fSsapMp4Parser.obj
 0001:000002b8       ??_C@_04GMMEAMCI@mp4a?$AA@ 100012b8     fSsapMp4Parser.obj
 0001:000002c0       ??_C@_04ENKOJJDK@soun?$AA@ 100012c0     fSsapMp4Parser.obj
 0001:000002c8       ??_C@_04FPBHNLJE@avc1?$AA@ 100012c8     fSsapMp4Parser.obj
 0001:000002d0       ??_C@_04JAAFOMF@s263?$AA@  100012d0     fSsapMp4Parser.obj
 0001:000002d8       ??_C@_04GJEHIILO@mp4v?$AA@ 100012d8     fSsapMp4Parser.obj
 0001:000002e0       ??_C@_1CI@IIDCMBHN@?$AA?6?$AA?5?$AAM?$AAP?$AA4?$AAR?$AAe?$AAa?$AAd?$AA?5?$AAs?$AAu?$AAc?$AAc?$AAe?$AAe?$AAd?$AA?4?$AA?4?$AA?$AA@ 100012e0     fSsapMp4Parser.obj
 0001:00000308       ??_C@_04FODFFJBK@vide?$AA@ 10001308     fSsapMp4Parser.obj
 0001:00000310       ??_C@_1FI@JAOLDIML@?$AA?6?$AA?$CI?$AAC?$AAM?$AAP?$AA4?$AAP?$AAa?$AAr?$AAs?$AAe?$AAr?$AAF?$AAi?$AAl?$AAt?$AAe?$AAr?$AA?3?$AA?3?$AAC?$AAh?$AAe?$AAc?$AAk?$AAF?$AAi?$AAl?$AAe?$AA?$CJ?$AA?5?$AAf@ 10001310     fSsapMp4Parser.obj
 0001:00000368       ??_C@_1BE@BIEIDALF@?$AAA?$AAu?$AAd?$AAi?$AAo?$AA?5?$AAO?$AAu?$AAt?$AA?$AA@ 10001368     fSsapMp4Parser.obj
 0001:0000037c       ??_C@_0CB@NIJEHGGJ@?6?$FLVIDEO?$FN?5MPEG4?0?5profile?5?$DN?50x?$CF02X@ 1000137c     fSsapMp4Parser.obj
 0001:000003a0       ??_C@_1BE@BGFIJDM@?$AAV?$AAi?$AAd?$AAe?$AAo?$AA?5?$AAO?$AAu?$AAt?$AA?$AA@ 100013a0     fSsapMp4Parser.obj
 0001:000003b4       ??_C@_0CB@OCHBBDPH@?6?$FLVIDEO?$FN?5H?4264?0?5profile?5?$DN?50x?$CF02X@ 100013b4     fSsapMp4Parser.obj
 0001:000003d8       ??_7CMP4ParserVideoOp@@6B@ 100013d8     fSsapMp4Parser_VideoOp.obj
 0001:000003f8       ??_7CMP4ParserVideoOp@@6BCUnknown@@CSourceStream@@@ 100013f8     fSsapMp4Parser_VideoOp.obj
 0001:00000458       ??_7CMP4ParserVideoOp@@6BIPin@@@ 10001458     fSsapMp4Parser_VideoOp.obj
 0001:000004a0       ??_7CMP4ParserVideoOp@@6BIQualityControl@@@ 100014a0     fSsapMp4Parser_VideoOp.obj
 0001:000004b8       ??_7CMP4ParserVideoOp@@6BIMediaSeeking@@@ 100014b8     fSsapMp4Parser_VideoOp.obj
 0001:00000514       ??_7CMP4ParserVideoOp@@6BCUnknown@@CSourceSeeking@@@ 10001514     fSsapMp4Parser_VideoOp.obj
 0001:00000524       ??_7CMP4ParserAudioOp@@6B@ 10001524     fSsapMp4Parser_AudioOp.obj
 0001:00000540       ??_7CMP4ParserAudioOp@@6BCUnknown@@CSourceStream@@@ 10001540     fSsapMp4Parser_AudioOp.obj
 0001:000005a0       ??_7CMP4ParserAudioOp@@6BIPin@@@ 100015a0     fSsapMp4Parser_AudioOp.obj
 0001:000005e8       ??_7CMP4ParserAudioOp@@6BIQualityControl@@@ 100015e8     fSsapMp4Parser_AudioOp.obj
 0001:00000600       ??_7CMP4ParserAudioOp@@6BIMediaSeeking@@@ 10001600     fSsapMp4Parser_AudioOp.obj
 0001:0000065c       ??_7CMP4ParserAudioOp@@6BCUnknown@@CSourceSeeking@@@ 1000165c     fSsapMp4Parser_AudioOp.obj
 0001:0000066c       ??_C@_1CO@HACJIAN@?$AAS?$AAS?$AAA?$AAP?$AA?5?$AAM?$AAP?$AA4?$AA?5?$AAP?$AAa?$AAr?$AAs?$AAe?$AAr?$AA?5?$AAF?$AAi?$AAl?$AAt?$AAe?$AAr?$AA?$AA@ 1000166c     SsapMp4Parser.obj
 0001:0000069c       ??_C@_1M@PFCMLKBL@?$AAI?$AAn?$AAp?$AAu?$AAt?$AA?$AA@ 1000169c     SsapMp4Parser.obj
 0001:000006a8       ??_C@_1O@GJMACMBA@?$AAO?$AAu?$AAt?$AAp?$AAu?$AAt?$AA?$AA@ 100016a8     SsapMp4Parser.obj
 0001:000006b8       CLSID_SSAP_MP4Parser_Filter 100016b8     SsapMp4Parser.obj
 0001:000006c8       MEDIASUBTYPE_m4v           100016c8     SsapMp4Parser.obj
 0001:000006d8       MEDIASUBTYPE_h264raw       100016d8     SsapMp4Parser.obj
 0001:000006e8       MEDIASUBTYPE_m4a           100016e8     SsapMp4Parser.obj
 0001:000006f8       MEDIASUBTYPE_EAACPLUS      100016f8     SsapMp4Parser.obj
 0001:00000708       MEDIASUBTYPE_AmrDec        10001708     SsapMp4Parser.obj
 0001:00000760       ??_7CSourceStream@@6B@     10001760     strmbase:source.obj
 0001:00000780       ??_7CSourceStream@@6BCUnknown@@@ 10001780     strmbase:source.obj
 0001:000007e0       ??_7CSourceStream@@6BIPin@@@ 100017e0     strmbase:source.obj
 0001:00000828       ??_7CSourceStream@@6BIQualityControl@@@ 10001828     strmbase:source.obj
 0001:0000083c       ??_7CSource@@6BCUnknown@@@ 1000183c     strmbase:source.obj
 0001:00000860       ??_7CSource@@6BIBaseFilter@@@ 10001860     strmbase:source.obj
 0001:0000089c       ??_7CSource@@6BIAMovieSetup@@@ 1000189c     strmbase:source.obj
 0001:000008b0       ??_7CEnumPins@@6B@         100018b0     strmbase:amfilter.obj
 0001:000008d0       ??_7CEnumMediaTypes@@6B@   100018d0     strmbase:amfilter.obj
 0001:0000090c       ??_7INonDelegatingUnknown@@6B@ 1000190c     strmbase:combase.obj
 0001:00000918       ??_C@_19FJLFNNLC@?$AAI?$AAd?$AAl?$AAe?$AA?$AA@ 10001918     strmbase:wxutil.obj
 0001:00000924       ??_C@_1BE@BCJNBPJM@?$AAA?$AAb?$AAo?$AAv?$AAe?$AAI?$AAd?$AAl?$AAe?$AA?$AA@ 10001924     strmbase:wxutil.obj
 0001:00000938       ??_C@_1O@PKLLGLAH@?$AAL?$AAo?$AAw?$AAe?$AAs?$AAt?$AA?$AA@ 10001938     strmbase:wxutil.obj
 0001:00000948       ??_C@_1BC@FECANNIO@?$AAC?$AAr?$AAi?$AAt?$AAi?$AAc?$AAa?$AAl?$AA?$AA@ 10001948     strmbase:wxutil.obj
 0001:0000095c       ??_C@_1BI@LOHGIKIA@?$AAB?$AAe?$AAl?$AAo?$AAw?$AAN?$AAo?$AAr?$AAm?$AAa?$AAl?$AA?$AA@ 1000195c     strmbase:wxutil.obj
 0001:00000974       ??_C@_1O@PFKKKDLL@?$AAN?$AAo?$AAr?$AAm?$AAa?$AAl?$AA?$AA@ 10001974     strmbase:wxutil.obj
 0001:00000984       ??_C@_1BI@JLDPAPCK@?$AAA?$AAb?$AAo?$AAv?$AAe?$AAN?$AAo?$AAr?$AAm?$AAa?$AAl?$AA?$AA@ 10001984     strmbase:wxutil.obj
 0001:0000099c       ??_C@_1BA@DLIIKAO@?$AAH?$AAi?$AAg?$AAh?$AAe?$AAs?$AAt?$AA?$AA@ 1000199c     strmbase:wxutil.obj
 0001:000009b0       ??_C@_1FK@HIMLFALB@?$AAS?$AAO?$AAF?$AAT?$AAW?$AAA?$AAR?$AAE?$AA?2?$AAM?$AAi?$AAc?$AAr?$AAo?$AAs?$AAo?$AAf?$AAt?$AA?2?$AAD?$AAi?$AAr?$AAe?$AAc?$AAt?$AAS?$AAh?$AAo?$AAw?$AA?2?$AAT?$AAh@ 100019b0     strmbase:wxutil.obj
 0001:00000a0c       ??_C@_15KNBIKKIN@?$AA?$CF?$AAd?$AA?$AA@ 10001a0c     strmbase:wxutil.obj
 0001:00000a14       ??_C@_1BO@NMEHGCBD@?$AAT?$AAh?$AAr?$AAe?$AAa?$AAd?$AAi?$AAn?$AAg?$AAM?$AAo?$AAd?$AAe?$AAl?$AA?$AA@ 10001a14     strmbase:dllsetup.obj
 0001:00000a34       ??_C@_17CNPHIMPH@?$AA?$CF?$AAl?$AAs?$AA?$AA@ 10001a34     strmbase:dllsetup.obj
 0001:00000a3c       ??_C@_1BE@OFBGLCML@?$AAC?$AAL?$AAS?$AAI?$AAD?$AA?2?$AA?$CF?$AAl?$AAs?$AA?$AA@ 10001a3c     strmbase:dllsetup.obj
 0001:00000a50       ??_C@_11LOCGONAA@?$AA?$AA@ 10001a50     strmbase:dllsetup.obj
 0001:00000a54       ??_C@_1BO@MNKPAJEP@?$AAI?$AAn?$AAp?$AAr?$AAo?$AAc?$AAS?$AAe?$AAr?$AAv?$AAe?$AAr?$AA3?$AA2?$AA?$AA@ 10001a54     strmbase:dllsetup.obj
 0001:00000a74       ??_C@_19OBNAGCDI@?$AAB?$AAo?$AAt?$AAh?$AA?$AA@ 10001a74     strmbase:dllsetup.obj
 0001:00000a80       ??_7CClassFactory@@6B@     10001a80     strmbase:dllentry.obj
 0001:00000a94       ??_C@_1BA@HABJOAEE@?$AAU?$AAN?$AAK?$AAN?$AAO?$AAW?$AAN?$AA?$AA@ 10001a94     strmbase:amvideo.obj
 0001:00000aa4       ??_C@_1BA@LBOLBFDJ@?$AAO?$AAv?$AAe?$AAr?$AAl?$AAa?$AAy?$AA?$AA@ 10001aa4     strmbase:amvideo.obj
 0001:00000ab4       ??_C@_1O@BHCPCHJF@?$AAR?$AAG?$AAB?$AA?5?$AA3?$AA2?$AA?$AA@ 10001ab4     strmbase:amvideo.obj
 0001:00000ac4       ??_C@_1O@PJBIKLOM@?$AAR?$AAG?$AAB?$AA?5?$AA2?$AA4?$AA?$AA@ 10001ac4     strmbase:amvideo.obj
 0001:00000ad4       ??_C@_1CC@CHFLHMKC@?$AAR?$AAG?$AAB?$AA?5?$AA5?$AA5?$AA5?$AA?5?$AA?$CI?$AA1?$AA6?$AA?5?$AAb?$AAi?$AAt?$AA?$CJ?$AA?$AA@ 10001ad4     strmbase:amvideo.obj
 0001:00000af8       ??_C@_1CC@HPEFNFIK@?$AAR?$AAG?$AAB?$AA?5?$AA5?$AA6?$AA5?$AA?5?$AA?$CI?$AA1?$AA6?$AA?5?$AAb?$AAi?$AAt?$AA?$CJ?$AA?$AA@ 10001af8     strmbase:amvideo.obj
 0001:00000b1c       ??_C@_1M@HBIHPBDC@?$AAR?$AAG?$AAB?$AA?5?$AA8?$AA?$AA@ 10001b1c     strmbase:amvideo.obj
 0001:00000b28       ??_C@_1BA@EJHANBOO@?$AAR?$AAG?$AAB?$AA?5?$AAV?$AAG?$AAA?$AA?$AA@ 10001b28     strmbase:amvideo.obj
 0001:00000b38       ??_C@_1BO@BGHCKFGI@?$AAR?$AAG?$AAB?$AA?5?$AAM?$AAo?$AAn?$AAo?$AAc?$AAh?$AAr?$AAo?$AAm?$AAe?$AA?$AA@ 10001b38     strmbase:amvideo.obj
 0001:00000b58       ?bits555@@3QBKB            10001b58     strmbase:amvideo.obj
 0001:00000b64       ?bits565@@3QBKB            10001b64     strmbase:amvideo.obj
 0001:00000b70       ?bits888@@3QBKB            10001b70     strmbase:amvideo.obj
 0001:00000bec       IID_IPin                   10001bec     strmiids:strmif_i.obj
 0001:00000bfc       IID_IEnumPins              10001bfc     strmiids:strmif_i.obj
 0001:00000c0c       IID_IEnumMediaTypes        10001c0c     strmiids:strmif_i.obj
 0001:00000c1c       IID_IFilterGraph           10001c1c     strmiids:strmif_i.obj
 0001:00000c2c       IID_IEnumFilters           10001c2c     strmiids:strmif_i.obj
 0001:00000c3c       IID_IMediaFilter           10001c3c     strmiids:strmif_i.obj
 0001:00000c4c       IID_IBaseFilter            10001c4c     strmiids:strmif_i.obj
 0001:00000c5c       IID_IReferenceClock        10001c5c     strmiids:strmif_i.obj
 0001:00000c6c       IID_IReferenceClock2       10001c6c     strmiids:strmif_i.obj
 0001:00000c7c       IID_IMediaSample           10001c7c     strmiids:strmif_i.obj
 0001:00000c8c       IID_IMediaSample2          10001c8c     strmiids:strmif_i.obj
 0001:00000c9c       IID_IMemAllocator          10001c9c     strmiids:strmif_i.obj
 0001:00000cac       IID_IMemAllocator2         10001cac     strmiids:strmif_i.obj
 0001:00000cbc       IID_IMemInputPin           10001cbc     strmiids:strmif_i.obj
 0001:00000ccc       IID_IAMovieSetup           10001ccc     strmiids:strmif_i.obj
 0001:00000cdc       IID_IMediaSeeking          10001cdc     strmiids:strmif_i.obj
 0001:00000cec       IID_IAudioRenderer         10001cec     strmiids:strmif_i.obj
 0001:00000cfc       IID_IAudioRendererWaveOut  10001cfc     strmiids:strmif_i.obj
 0001:00000d0c       IID_IEnumRegFilters        10001d0c     strmiids:strmif_i.obj
 0001:00000d1c       IID_IFilterMapper          10001d1c     strmiids:strmif_i.obj
 0001:00000d2c       IID_IQualityControl        10001d2c     strmiids:strmif_i.obj
 0001:00000d3c       IID_IOverlayNotify         10001d3c     strmiids:strmif_i.obj
 0001:00000d4c       IID_IOverlay               10001d4c     strmiids:strmif_i.obj
 0001:00000d5c       IID_IMediaEventSink        10001d5c     strmiids:strmif_i.obj
 0001:00000d6c       IID_IFileSourceFilter      10001d6c     strmiids:strmif_i.obj
 0001:00000d7c       IID_IFileSinkFilter        10001d7c     strmiids:strmif_i.obj
 0001:00000d8c       IID_IFileSinkFilter2       10001d8c     strmiids:strmif_i.obj
 0001:00000d9c       IID_IFileAsyncIO           10001d9c     strmiids:strmif_i.obj
 0001:00000dac       IID_IGraphBuilder          10001dac     strmiids:strmif_i.obj
 0001:00000dbc       IID_ICaptureGraphBuilder   10001dbc     strmiids:strmif_i.obj
 0001:00000dcc       IID_IAMCopyCaptureFileProgress 10001dcc     strmiids:strmif_i.obj
 0001:00000ddc       IID_ICaptureGraphBuilder2  10001ddc     strmiids:strmif_i.obj
 0001:00000dec       IID_IFilterGraph2          10001dec     strmiids:strmif_i.obj
 0001:00000dfc       IID_IStreamBuilder         10001dfc     strmiids:strmif_i.obj
 0001:00000e0c       IID_IAsyncReader           10001e0c     strmiids:strmif_i.obj
 0001:00000e1c       IID_IGraphVersion          10001e1c     strmiids:strmif_i.obj
 0001:00000e2c       IID_IResourceConsumer      10001e2c     strmiids:strmif_i.obj
 0001:00000e3c       IID_IResourceManager       10001e3c     strmiids:strmif_i.obj
 0001:00000e4c       IID_IDistributorNotify     10001e4c     strmiids:strmif_i.obj
 0001:00000e5c       IID_IAMStreamControl       10001e5c     strmiids:strmif_i.obj
 0001:00000e6c       IID_ISeekingPassThru       10001e6c     strmiids:strmif_i.obj
 0001:00000e7c       IID_IAMStreamConfig        10001e7c     strmiids:strmif_i.obj
 0001:00000e8c       IID_IConfigInterleaving    10001e8c     strmiids:strmif_i.obj
 0001:00000e9c       IID_IConfigAviMux          10001e9c     strmiids:strmif_i.obj
 0001:00000eac       IID_IAMVideoCompression    10001eac     strmiids:strmif_i.obj
 0001:00000ebc       IID_IAMDroppedFrames       10001ebc     strmiids:strmif_i.obj
 0001:00000ecc       IID_IAMBufferNegotiation   10001ecc     strmiids:strmif_i.obj
 0001:00000edc       IID_IAMVideoProcAmp        10001edc     strmiids:strmif_i.obj
 0001:00000eec       IID_IAMCameraControl       10001eec     strmiids:strmif_i.obj
 0001:00000efc       IID_IAMVideoControl        10001efc     strmiids:strmif_i.obj
 0001:00000f0c       IID_IAMCrossbar            10001f0c     strmiids:strmif_i.obj
 0001:00000f1c       IID_IAMTuner               10001f1c     strmiids:strmif_i.obj
 0001:00000f2c       IID_IAMTunerNotification   10001f2c     strmiids:strmif_i.obj
 0001:00000f3c       IID_IAMTVTuner             10001f3c     strmiids:strmif_i.obj
 0001:00000f4c       IID_IKsPropertySet         10001f4c     strmiids:strmif_i.obj
 0001:00000f5c       IID_IMediaPropertyBag      10001f5c     strmiids:strmif_i.obj
 0001:00000f6c       IID_IPersistMediaPropertyBag 10001f6c     strmiids:strmif_i.obj
 0001:00000f7c       IID_IAMPhysicalPinInfo     10001f7c     strmiids:strmif_i.obj
 0001:00000f8c       IID_IAMExtDevice           10001f8c     strmiids:strmif_i.obj
 0001:00000f9c       IID_IAMExtTransport        10001f9c     strmiids:strmif_i.obj
 0001:00000fac       IID_IAMTimecodeReader      10001fac     strmiids:strmif_i.obj
 0001:00000fbc       IID_IAMTimecodeGenerator   10001fbc     strmiids:strmif_i.obj
 0001:00000fcc       IID_IAMTimecodeDisplay     10001fcc     strmiids:strmif_i.obj
 0001:00000fdc       IID_IAMDevMemoryAllocator  10001fdc     strmiids:strmif_i.obj
 0001:00000fec       IID_IAMDevMemoryControl    10001fec     strmiids:strmif_i.obj
 0001:00000ffc       IID_IAMStreamSelect        10001ffc     strmiids:strmif_i.obj
 0001:0000100c       IID_IAMResourceControl     1000200c     strmiids:strmif_i.obj
 0001:0000101c       IID_IAMClockAdjust         1000201c     strmiids:strmif_i.obj
 0001:0000102c       IID_IAMFilterMiscFlags     1000202c     strmiids:strmif_i.obj
 0001:0000103c       IID_IAMAudioRendererStats  1000203c     strmiids:strmif_i.obj
 0001:0000104c       IID_IAMVideoRendererMode   1000204c     strmiids:strmif_i.obj
 0001:0000105c       IID_ILanguageSelection     1000205c     strmiids:strmif_i.obj
 0001:0000106c       IID_IImageSinkFilter       1000206c     strmiids:strmif_i.obj
 0001:0000107c       IID_ISmartTee              1000207c     strmiids:strmif_i.obj
 0001:0000108c       IID_IBuffering             1000208c     strmiids:strmif_i.obj
 0001:0000109c       IID_IAMCertifiedOutputProtection 1000209c     strmiids:strmif_i.obj
 0001:000010ac       IID_IVideoFrameStep        100020ac     strmiids:strmif_i.obj
 0001:000010bc       IID_IDvdControl            100020bc     strmiids:strmif_i.obj
 0001:000010cc       IID_IDvdInfo               100020cc     strmiids:strmif_i.obj
 0001:000010dc       IID_IDvdCmd                100020dc     strmiids:strmif_i.obj
 0001:000010ec       IID_IDvdState              100020ec     strmiids:strmif_i.obj
 0001:000010fc       IID_IDvdControl2           100020fc     strmiids:strmif_i.obj
 0001:0000110c       IID_IDvdInfo2              1000210c     strmiids:strmif_i.obj
 0001:0000111c       IID_IDvdGraphBuilder       1000211c     strmiids:strmif_i.obj
 0001:0000112c       IID_IDDrawExclModeVideo    1000212c     strmiids:strmif_i.obj
 0001:0000113c       IID_IDDrawExclModeVideoCallback 1000213c     strmiids:strmif_i.obj
 0001:0000114c       LIBID_QuartzTypeLib        1000214c     strmiids:strmguid.obj
 0001:0000115c       IID_IAMCollection          1000215c     strmiids:strmguid.obj
 0001:0000116c       IID_IMediaControl          1000216c     strmiids:strmguid.obj
 0001:0000117c       IID_IMediaEvent            1000217c     strmiids:strmguid.obj
 0001:0000118c       IID_IMediaEventEx          1000218c     strmiids:strmguid.obj
 0001:0000119c       IID_IMediaPosition         1000219c     strmiids:strmguid.obj
 0001:000011ac       IID_IBasicAudio            100021ac     strmiids:strmguid.obj
 0001:000011bc       IID_IVideoWindow           100021bc     strmiids:strmguid.obj
 0001:000011cc       IID_IBasicVideo            100021cc     strmiids:strmguid.obj
 0001:000011dc       IID_IBasicVideo2           100021dc     strmiids:strmguid.obj
 0001:000011ec       IID_IDeferredCommand       100021ec     strmiids:strmguid.obj
 0001:000011fc       IID_IQueueCommand          100021fc     strmiids:strmguid.obj
 0001:0000120c       CLSID_FilgraphManager      1000220c     strmiids:strmguid.obj
 0001:0000121c       IID_IFilterInfo            1000221c     strmiids:strmguid.obj
 0001:0000122c       IID_IRegFilterInfo         1000222c     strmiids:strmguid.obj
 0001:0000123c       IID_IMediaTypeInfo         1000223c     strmiids:strmguid.obj
 0001:0000124c       IID_IPinInfo               1000224c     strmiids:strmguid.obj
 0001:0000125c       MEDIASUBTYPE_None          1000225c     strmiids:strmguid.obj
 0001:0000126c       MEDIATYPE_Video            1000226c     strmiids:strmguid.obj
 0001:0000127c       MEDIATYPE_Audio            1000227c     strmiids:strmguid.obj
 0001:0000128c       MEDIATYPE_VideoBuffered    1000228c     strmiids:strmguid.obj
 0001:0000129c       MEDIATYPE_AudioBuffered    1000229c     strmiids:strmguid.obj
 0001:000012ac       MEDIATYPE_Text             100022ac     strmiids:strmguid.obj
 0001:000012bc       MEDIATYPE_Midi             100022bc     strmiids:strmguid.obj
 0001:000012cc       MEDIATYPE_Stream           100022cc     strmiids:strmguid.obj
 0001:000012dc       MEDIATYPE_Interleaved      100022dc     strmiids:strmguid.obj
 0001:000012ec       MEDIATYPE_File             100022ec     strmiids:strmguid.obj
 0001:000012fc       MEDIATYPE_ScriptCommand    100022fc     strmiids:strmguid.obj
 0001:0000130c       MEDIATYPE_AUXLine21Data    1000230c     strmiids:strmguid.obj
 0001:0000131c       MEDIATYPE_Timecode         1000231c     strmiids:strmguid.obj
 0001:0000132c       MEDIATYPE_LMRT             1000232c     strmiids:strmguid.obj
 0001:0000133c       MEDIATYPE_URL_STREAM       1000233c     strmiids:strmguid.obj
 0001:0000134c       MEDIASUBTYPE_YVU9          1000234c     strmiids:strmguid.obj
 0001:0000135c       MEDIASUBTYPE_Y411          1000235c     strmiids:strmguid.obj
 0001:0000136c       MEDIASUBTYPE_Y41P          1000236c     strmiids:strmguid.obj
 0001:0000137c       MEDIASUBTYPE_YUY2          1000237c     strmiids:strmguid.obj
 0001:0000138c       MEDIASUBTYPE_YVYU          1000238c     strmiids:strmguid.obj
 0001:0000139c       MEDIASUBTYPE_UYVY          1000239c     strmiids:strmguid.obj
 0001:000013ac       MEDIASUBTYPE_Y211          100023ac     strmiids:strmguid.obj
 0001:000013bc       MEDIASUBTYPE_YV12          100023bc     strmiids:strmguid.obj
 0001:000013cc       MEDIASUBTYPE_YV16          100023cc     strmiids:strmguid.obj
 0001:000013dc       MEDIASUBTYPE_IUYV          100023dc     strmiids:strmguid.obj
 0001:000013ec       MEDIASUBTYPE_NV12          100023ec     strmiids:strmguid.obj
 0001:000013fc       MEDIASUBTYPE_I420          100023fc     strmiids:strmguid.obj
 0001:0000140c       MEDIASUBTYPE_IYUV          1000240c     strmiids:strmguid.obj
 0001:0000141c       MEDIASUBTYPE_CLJR          1000241c     strmiids:strmguid.obj
 0001:0000142c       MEDIASUBTYPE_IF09          1000242c     strmiids:strmguid.obj
 0001:0000143c       MEDIASUBTYPE_CPLA          1000243c     strmiids:strmguid.obj
 0001:0000144c       MEDIASUBTYPE_MJPG          1000244c     strmiids:strmguid.obj
 0001:0000145c       MEDIASUBTYPE_TVMJ          1000245c     strmiids:strmguid.obj
 0001:0000146c       MEDIASUBTYPE_WAKE          1000246c     strmiids:strmguid.obj
 0001:0000147c       MEDIASUBTYPE_CFCC          1000247c     strmiids:strmguid.obj
 0001:0000148c       MEDIASUBTYPE_IJPG          1000248c     strmiids:strmguid.obj
 0001:0000149c       MEDIASUBTYPE_Plum          1000249c     strmiids:strmguid.obj
 0001:000014ac       MEDIASUBTYPE_DVCS          100024ac     strmiids:strmguid.obj
 0001:000014bc       MEDIASUBTYPE_DVSD          100024bc     strmiids:strmguid.obj
 0001:000014cc       MEDIASUBTYPE_MDVF          100024cc     strmiids:strmguid.obj
 0001:000014dc       MEDIASUBTYPE_RGB1          100024dc     strmiids:strmguid.obj
 0001:000014ec       MEDIASUBTYPE_RGB4          100024ec     strmiids:strmguid.obj
 0001:000014fc       MEDIASUBTYPE_RGB8          100024fc     strmiids:strmguid.obj
 0001:0000150c       MEDIASUBTYPE_RGB565        1000250c     strmiids:strmguid.obj
 0001:0000151c       MEDIASUBTYPE_RGB555        1000251c     strmiids:strmguid.obj
 0001:0000152c       MEDIASUBTYPE_RGB24         1000252c     strmiids:strmguid.obj
 0001:0000153c       MEDIASUBTYPE_RGB32         1000253c     strmiids:strmguid.obj
 0001:0000154c       MEDIASUBTYPE_Overlay       1000254c     strmiids:strmguid.obj
 0001:0000155c       MEDIASUBTYPE_MPEG1Packet   1000255c     strmiids:strmguid.obj
 0001:0000156c       MEDIASUBTYPE_MPEG1Payload  1000256c     strmiids:strmguid.obj
 0001:0000157c       MEDIASUBTYPE_MPEG1AudioPayload 1000257c     strmiids:strmguid.obj
 0001:0000158c       MEDIATYPE_MPEG1SystemStream 1000258c     strmiids:strmguid.obj
 0001:0000159c       MEDIASUBTYPE_MPEG1System   1000259c     strmiids:strmguid.obj
 0001:000015ac       MEDIASUBTYPE_MPEG1VideoCD  100025ac     strmiids:strmguid.obj
 0001:000015bc       MEDIASUBTYPE_MPEG1Video    100025bc     strmiids:strmguid.obj
 0001:000015cc       MEDIASUBTYPE_MPEG1Audio    100025cc     strmiids:strmguid.obj
 0001:000015dc       MEDIASUBTYPE_Avi           100025dc     strmiids:strmguid.obj
 0001:000015ec       MEDIASUBTYPE_Asf           100025ec     strmiids:strmguid.obj
 0001:000015fc       MEDIASUBTYPE_QTMovie       100025fc     strmiids:strmguid.obj
 0001:0000160c       MEDIASUBTYPE_QTRpza        1000260c     strmiids:strmguid.obj
 0001:0000161c       MEDIASUBTYPE_QTSmc         1000261c     strmiids:strmguid.obj
 0001:0000162c       MEDIASUBTYPE_QTRle         1000262c     strmiids:strmguid.obj
 0001:0000163c       MEDIASUBTYPE_QTJpeg        1000263c     strmiids:strmguid.obj
 0001:0000164c       MEDIASUBTYPE_PCMAudio_Obsolete 1000264c     strmiids:strmguid.obj
 0001:0000165c       MEDIASUBTYPE_PCM           1000265c     strmiids:strmguid.obj
 0001:0000166c       MEDIASUBTYPE_WAVE          1000266c     strmiids:strmguid.obj
 0001:0000167c       MEDIASUBTYPE_AU            1000267c     strmiids:strmguid.obj
 0001:0000168c       MEDIASUBTYPE_AIFF          1000268c     strmiids:strmguid.obj
 0001:0000169c       MEDIASUBTYPE_dvsd          1000269c     strmiids:strmguid.obj
 0001:000016ac       MEDIASUBTYPE_dvhd          100026ac     strmiids:strmguid.obj
 0001:000016bc       MEDIASUBTYPE_dvsl          100026bc     strmiids:strmguid.obj
 0001:000016cc       MEDIASUBTYPE_Line21_BytePair 100026cc     strmiids:strmguid.obj
 0001:000016dc       MEDIASUBTYPE_Line21_GOPPacket 100026dc     strmiids:strmguid.obj
 0001:000016ec       MEDIASUBTYPE_Line21_VBIRawData 100026ec     strmiids:strmguid.obj
 0001:000016fc       MEDIASUBTYPE_DssVideo      100026fc     strmiids:strmguid.obj
 0001:0000170c       MEDIASUBTYPE_DssAudio      1000270c     strmiids:strmguid.obj
 0001:0000171c       MEDIASUBTYPE_VPVideo       1000271c     strmiids:strmguid.obj
 0001:0000172c       MEDIASUBTYPE_VPVBI         1000272c     strmiids:strmguid.obj
 0001:0000173c       IID_IAMCutListElement      1000273c     strmiids:strmguid.obj
 0001:0000174c       IID_IAMFileCutListElement  1000274c     strmiids:strmguid.obj
 0001:0000175c       IID_IAMVideoCutListElement 1000275c     strmiids:strmguid.obj
 0001:0000176c       IID_IAMAudioCutListElement 1000276c     strmiids:strmguid.obj
 0001:0000177c       CLSID_CutListSource        1000277c     strmiids:strmguid.obj
 0001:0000178c       IID_IStandardCutList       1000278c     strmiids:strmguid.obj
 0001:0000179c       IID_IFileClip              1000279c     strmiids:strmguid.obj
 0001:000017ac       IID_ICutListGraphBuilder   100027ac     strmiids:strmguid.obj
 0001:000017bc       CLSID_CutListGraphBuilder  100027bc     strmiids:strmguid.obj
 0001:000017cc       CLSID_SimpleCutList        100027cc     strmiids:strmguid.obj
 0001:000017dc       CLSID_VideoFileClip        100027dc     strmiids:strmguid.obj
 0001:000017ec       CLSID_AudioFileClip        100027ec     strmiids:strmguid.obj
 0001:000017fc       CLSID_CutListCacheMemory   100027fc     strmiids:strmguid.obj
 0001:0000180c       CLSID_VideoCapture         1000280c     strmiids:strmguid.obj
 0001:0000181c       CLSID_CaptureGraphBuilder  1000281c     strmiids:strmguid.obj
 0001:0000182c       CLSID_ProtoFilterGraph     1000282c     strmiids:strmguid.obj
 0001:0000183c       CLSID_SystemClock          1000283c     strmiids:strmguid.obj
 0001:0000184c       CLSID_FilterMapper         1000284c     strmiids:strmguid.obj
 0001:0000185c       CLSID_FilterGraph          1000285c     strmiids:strmguid.obj
 0001:0000186c       CLSID_FilterGraphNoThread  1000286c     strmiids:strmguid.obj
 0001:0000187c       CLSID_MPEG1Doc             1000287c     strmiids:strmguid.obj
 0001:0000188c       CLSID_VideoCDSource        1000288c     strmiids:strmguid.obj
 0001:0000189c       CLSID_VideoCDProxy         1000289c     strmiids:strmguid.obj
 0001:000018ac       CLSID_VideoCDManager       100028ac     strmiids:strmguid.obj
 0001:000018bc       CLSID_GenericStreamer      100028bc     strmiids:strmguid.obj
 0001:000018cc       CLSID_FileSource           100028cc     strmiids:strmguid.obj
 0001:000018dc       CLSID_MPEG1PacketPlayer    100028dc     strmiids:strmguid.obj
 0001:000018ec       CLSID_MPEG1Splitter        100028ec     strmiids:strmguid.obj
 0001:000018fc       CLSID_MPEG2Splitter        100028fc     strmiids:strmguid.obj
 0001:0000190c       CLSID_CMpegVideoCodec      1000290c     strmiids:strmguid.obj
 0001:0000191c       CLSID_CMpegAudioCodec      1000291c     strmiids:strmguid.obj
 0001:0000192c       CLSID_Mp3Dec               1000292c     strmiids:strmguid.obj
 0001:0000193c       CLSID_MjpegDec             1000293c     strmiids:strmguid.obj
 0001:0000194c       CLSID_TextRender           1000294c     strmiids:strmguid.obj
 0001:0000195c       CLSID_WAVEParser           1000295c     strmiids:strmguid.obj
 0001:0000196c       CLSID_MIDIParser           1000296c     strmiids:strmguid.obj
 0001:0000197c       CLSID_DMFilter             1000297c     strmiids:strmguid.obj
 0001:0000198c       CLSID_InfTee               1000298c     strmiids:strmguid.obj
 0001:0000199c       CLSID_AviSplitter          1000299c     strmiids:strmguid.obj
 0001:000019ac       CLSID_AviReader            100029ac     strmiids:strmguid.obj
 0001:000019bc       CLSID_VfwCapture           100029bc     strmiids:strmguid.obj
 0001:000019cc       CLSID_CaptureProperties    100029cc     strmiids:strmguid.obj
 0001:000019dc       CLSID_FGControl            100029dc     strmiids:strmguid.obj
 0001:000019ec       CLSID_MOVReader            100029ec     strmiids:strmguid.obj
 0001:000019fc       CLSID_QuickTimeParser      100029fc     strmiids:strmguid.obj
 0001:00001a0c       CLSID_QTDec                10002a0c     strmiids:strmguid.obj
 0001:00001a1c       CLSID_AVIDoc               10002a1c     strmiids:strmguid.obj
 0001:00001a2c       CLSID_AVIDocWriter         10002a2c     strmiids:strmguid.obj
 0001:00001a3c       CLSID_VideoRenderer        10002a3c     strmiids:strmguid.obj
 0001:00001a4c       CLSID_Colour               10002a4c     strmiids:strmguid.obj
 0001:00001a5c       CLSID_Dither               10002a5c     strmiids:strmguid.obj
 0001:00001a6c       CLSID_ModexRenderer        10002a6c     strmiids:strmguid.obj
 0001:00001a7c       CLSID_AudioRender          10002a7c     strmiids:strmguid.obj
 0001:00001a8c       CLSID_AudioProperties      10002a8c     strmiids:strmguid.obj
 0001:00001a9c       CLSID_DSoundRender         10002a9c     strmiids:strmguid.obj
 0001:00001aac       CLSID_AudioCapture         10002aac     strmiids:strmguid.obj
 0001:00001abc       CLSID_AudioInputMixerProperties 10002abc     strmiids:strmguid.obj
 0001:00001acc       CLSID_AVIDec               10002acc     strmiids:strmguid.obj
 0001:00001adc       CLSID_AVIDraw              10002adc     strmiids:strmguid.obj
 0001:00001aec       CLSID_ACMWrapper           10002aec     strmiids:strmguid.obj
 0001:00001afc       CLSID_AsyncReader          10002afc     strmiids:strmguid.obj
 0001:00001b0c       CLSID_URLReader            10002b0c     strmiids:strmguid.obj
 0001:00001b1c       CLSID_PersistMonikerPID    10002b1c     strmiids:strmguid.obj
 0001:00001b2c       CLSID_AMovie               10002b2c     strmiids:strmguid.obj
 0001:00001b3c       CLSID_AVICo                10002b3c     strmiids:strmguid.obj
 0001:00001b4c       CLSID_FileWriter           10002b4c     strmiids:strmguid.obj
 0001:00001b5c       CLSID_AviDest              10002b5c     strmiids:strmguid.obj
 0001:00001b6c       CLSID_AsfMux               10002b6c     strmiids:strmguid.obj
 0001:00001b7c       CLSID_AviMuxProptyPage     10002b7c     strmiids:strmguid.obj
 0001:00001b8c       CLSID_AviMuxProptyPage1    10002b8c     strmiids:strmguid.obj
 0001:00001b9c       CLSID_AVIMIDIRender        10002b9c     strmiids:strmguid.obj
 0001:00001bac       CLSID_DVVideoCodec         10002bac     strmiids:strmguid.obj
 0001:00001bbc       CLSID_DVVideoEnc           10002bbc     strmiids:strmguid.obj
 0001:00001bcc       CLSID_DVSplitter           10002bcc     strmiids:strmguid.obj
 0001:00001bdc       CLSID_DVMux                10002bdc     strmiids:strmguid.obj
 0001:00001bec       CLSID_SeekingPassThru      10002bec     strmiids:strmguid.obj
 0001:00001bfc       CLSID_Line21Decoder        10002bfc     strmiids:strmguid.obj
 0001:00001c0c       CLSID_OverlayMixer         10002c0c     strmiids:strmguid.obj
 0001:00001c1c       CLSID_VBISurfaces          10002c1c     strmiids:strmguid.obj
 0001:00001c2c       CLSID_VBIDataRenderer      10002c2c     strmiids:strmguid.obj
 0001:00001c3c       CLSID_SystemDeviceEnum     10002c3c     strmiids:strmguid.obj
 0001:00001c4c       CLSID_CDeviceMoniker       10002c4c     strmiids:strmguid.obj
 0001:00001c5c       CLSID_VideoInputDeviceCategory 10002c5c     strmiids:strmguid.obj
 0001:00001c6c       CLSID_CVidCapClassManager  10002c6c     strmiids:strmguid.obj
 0001:00001c7c       CLSID_LegacyAmFilterCategory 10002c7c     strmiids:strmguid.obj
 0001:00001c8c       CLSID_CQzFilterClassManager 10002c8c     strmiids:strmguid.obj
 0001:00001c9c       CLSID_VideoCompressorCategory 10002c9c     strmiids:strmguid.obj
 0001:00001cac       CLSID_CIcmCoClassManager   10002cac     strmiids:strmguid.obj
 0001:00001cbc       CLSID_AudioCompressorCategory 10002cbc     strmiids:strmguid.obj
 0001:00001ccc       CLSID_CAcmCoClassManager   10002ccc     strmiids:strmguid.obj
 0001:00001cdc       CLSID_AudioInputDeviceCategory 10002cdc     strmiids:strmguid.obj
 0001:00001cec       CLSID_CWaveinClassManager  10002cec     strmiids:strmguid.obj
 0001:00001cfc       CLSID_AudioRendererCategory 10002cfc     strmiids:strmguid.obj
 0001:00001d0c       CLSID_CWaveOutClassManager 10002d0c     strmiids:strmguid.obj
 0001:00001d1c       CLSID_MidiRendererCategory 10002d1c     strmiids:strmguid.obj
 0001:00001d2c       CLSID_CMidiOutClassManager 10002d2c     strmiids:strmguid.obj
 0001:00001d3c       CLSID_TransmitCategory     10002d3c     strmiids:strmguid.obj
 0001:00001d4c       CLSID_DeviceControlCategory 10002d4c     strmiids:strmguid.obj
 0001:00001d5c       CLSID_ActiveMovieCategories 10002d5c     strmiids:strmguid.obj
 0001:00001d6c       CLSID_DVDHWDecodersCategory 10002d6c     strmiids:strmguid.obj
 0001:00001d7c       CLSID_FilterMapper2        10002d7c     strmiids:strmguid.obj
 0001:00001d8c       CLSID_MemoryAllocator      10002d8c     strmiids:strmguid.obj
 0001:00001d9c       CLSID_MediaPropertyBag     10002d9c     strmiids:strmguid.obj
 0001:00001dac       CLSID_DvdGraphBuilder      10002dac     strmiids:strmguid.obj
 0001:00001dbc       CLSID_DVDNavigator         10002dbc     strmiids:strmguid.obj
 0001:00001dcc       CLSID_SmartTee             10002dcc     strmiids:strmguid.obj
 0001:00001ddc       CLSID_DMOWrapperFilter     10002ddc     strmiids:strmguid.obj
 0001:00001dec       CLSID_WMVDec               10002dec     strmiids:strmguid.obj
 0001:00001dfc       CLSID_BufferingFilter      10002dfc     strmiids:strmguid.obj
 0001:00001e0c       FORMAT_None                10002e0c     strmiids:strmguid.obj
 0001:00001e1c       FORMAT_VideoInfo           10002e1c     strmiids:strmguid.obj
 0001:00001e2c       FORMAT_VideoInfo2          10002e2c     strmiids:strmguid.obj
 0001:00001e3c       FORMAT_WaveFormatEx        10002e3c     strmiids:strmguid.obj
 0001:00001e4c       FORMAT_MPEGVideo           10002e4c     strmiids:strmguid.obj
 0001:00001e5c       FORMAT_MPEGStreams         10002e5c     strmiids:strmguid.obj
 0001:00001e6c       FORMAT_DvInfo              10002e6c     strmiids:strmguid.obj
 0001:00001e7c       CLSID_DirectDrawProperties 10002e7c     strmiids:strmguid.obj
 0001:00001e8c       CLSID_PerformanceProperties 10002e8c     strmiids:strmguid.obj
 0001:00001e9c       CLSID_QualityProperties    10002e9c     strmiids:strmguid.obj
 0001:00001eac       IID_IBaseVideoMixer        10002eac     strmiids:strmguid.obj
 0001:00001ebc       IID_IDirectDrawVideo       10002ebc     strmiids:strmguid.obj
 0001:00001ecc       IID_IQualProp              10002ecc     strmiids:strmguid.obj
 0001:00001edc       CLSID_VPObject             10002edc     strmiids:strmguid.obj
 0001:00001eec       IID_IVPObject              10002eec     strmiids:strmguid.obj
 0001:00001efc       IID_IVPControl             10002efc     strmiids:strmguid.obj
 0001:00001f0c       CLSID_VPVBIObject          10002f0c     strmiids:strmguid.obj
 0001:00001f1c       IID_IVPVBIObject           10002f1c     strmiids:strmguid.obj
 0001:00001f2c       IID_IVPConfig              10002f2c     strmiids:strmguid.obj
 0001:00001f3c       IID_IVPNotify              10002f3c     strmiids:strmguid.obj
 0001:00001f4c       IID_IVPNotify2             10002f4c     strmiids:strmguid.obj
 0001:00001f5c       IID_IVPVBIConfig           10002f5c     strmiids:strmguid.obj
 0001:00001f6c       IID_IVPVBINotify           10002f6c     strmiids:strmguid.obj
 0001:00001f7c       IID_IMixerPinConfig        10002f7c     strmiids:strmguid.obj
 0001:00001f8c       IID_IMixerPinConfig2       10002f8c     strmiids:strmguid.obj
 0001:00001f9c       CLSID_ModexProperties      10002f9c     strmiids:strmguid.obj
 0001:00001fac       IID_IFullScreenVideo       10002fac     strmiids:strmguid.obj
 0001:00001fbc       IID_IFullScreenVideoEx     10002fbc     strmiids:strmguid.obj
 0001:00001fcc       CLSID_DVDecPropertiesPage  10002fcc     strmiids:strmguid.obj
 0001:00001fdc       CLSID_DVEncPropertiesPage  10002fdc     strmiids:strmguid.obj
 0001:00001fec       CLSID_DVMuxPropertyPage    10002fec     strmiids:strmguid.obj
 0001:00001ffc       IID_IAMDirectSound         10002ffc     strmiids:strmguid.obj
 0001:0000200c       IID_IMpegAudioDecoder      1000300c     strmiids:strmguid.obj
 0001:0000201c       IID_IAMLine21Decoder       1000301c     strmiids:strmguid.obj
 0001:0000202c       FORMAT_AnalogVideo         1000302c     strmiids:strmguid.obj
 0001:0000203c       MEDIATYPE_AnalogVideo      1000303c     strmiids:strmguid.obj
 0001:0000204c       MEDIASUBTYPE_AnalogVideo_NTSC_M 1000304c     strmiids:strmguid.obj
 0001:0000205c       MEDIASUBTYPE_AnalogVideo_PAL_B 1000305c     strmiids:strmguid.obj
 0001:0000206c       MEDIASUBTYPE_AnalogVideo_PAL_D 1000306c     strmiids:strmguid.obj
 0001:0000207c       MEDIASUBTYPE_AnalogVideo_PAL_G 1000307c     strmiids:strmguid.obj
 0001:0000208c       MEDIASUBTYPE_AnalogVideo_PAL_H 1000308c     strmiids:strmguid.obj
 0001:0000209c       MEDIASUBTYPE_AnalogVideo_PAL_I 1000309c     strmiids:strmguid.obj
 0001:000020ac       MEDIASUBTYPE_AnalogVideo_PAL_M 100030ac     strmiids:strmguid.obj
 0001:000020bc       MEDIASUBTYPE_AnalogVideo_PAL_N 100030bc     strmiids:strmguid.obj
 0001:000020cc       MEDIASUBTYPE_AnalogVideo_SECAM_B 100030cc     strmiids:strmguid.obj
 0001:000020dc       MEDIASUBTYPE_AnalogVideo_SECAM_D 100030dc     strmiids:strmguid.obj
 0001:000020ec       MEDIASUBTYPE_AnalogVideo_SECAM_G 100030ec     strmiids:strmguid.obj
 0001:000020fc       MEDIASUBTYPE_AnalogVideo_SECAM_H 100030fc     strmiids:strmguid.obj
 0001:0000210c       MEDIASUBTYPE_AnalogVideo_SECAM_K 1000310c     strmiids:strmguid.obj
 0001:0000211c       MEDIASUBTYPE_AnalogVideo_SECAM_K1 1000311c     strmiids:strmguid.obj
 0001:0000212c       MEDIASUBTYPE_AnalogVideo_SECAM_L 1000312c     strmiids:strmguid.obj
 0001:0000213c       MEDIATYPE_AnalogAudio      1000313c     strmiids:strmguid.obj
 0001:0000214c       MEDIATYPE_MPEG2_PACK       1000314c     strmiids:strmguid.obj
 0001:0000215c       MEDIATYPE_MPEG2_PES        1000315c     strmiids:strmguid.obj
 0001:0000216c       MEDIASUBTYPE_MPEG2_VIDEO   1000316c     strmiids:strmguid.obj
 0001:0000217c       FORMAT_MPEG2_VIDEO         1000317c     strmiids:strmguid.obj
 0001:0000218c       FORMAT_VIDEOINFO2          1000318c     strmiids:strmguid.obj
 0001:0000219c       MEDIASUBTYPE_MPEG2_PROGRAM 1000319c     strmiids:strmguid.obj
 0001:000021ac       MEDIASUBTYPE_MPEG2_TRANSPORT 100031ac     strmiids:strmguid.obj
 0001:000021bc       MEDIASUBTYPE_MPEG2_AUDIO   100031bc     strmiids:strmguid.obj
 0001:000021cc       MEDIASUBTYPE_DOLBY_AC3     100031cc     strmiids:strmguid.obj
 0001:000021dc       MEDIASUBTYPE_DVD_SUBPICTURE 100031dc     strmiids:strmguid.obj
 0001:000021ec       MEDIASUBTYPE_DVD_LPCM_AUDIO 100031ec     strmiids:strmguid.obj
 0001:000021fc       MEDIATYPE_DVD_ENCRYPTED_PACK 100031fc     strmiids:strmguid.obj
 0001:0000220c       MEDIATYPE_DVD_NAVIGATION   1000320c     strmiids:strmguid.obj
 0001:0000221c       MEDIASUBTYPE_DVD_NAVIGATION_PCI 1000321c     strmiids:strmguid.obj
 0001:0000222c       MEDIASUBTYPE_DVD_NAVIGATION_DSI 1000322c     strmiids:strmguid.obj
 0001:0000223c       MEDIASUBTYPE_DVD_NAVIGATION_PROVIDER 1000323c     strmiids:strmguid.obj
 0001:0000224c       FORMAT_MPEG2Video          1000324c     strmiids:strmguid.obj
 0001:0000225c       FORMAT_DolbyAC3            1000325c     strmiids:strmguid.obj
 0001:0000226c       FORMAT_MPEG2Audio          1000326c     strmiids:strmguid.obj
 0001:0000227c       FORMAT_DVD_LPCMAudio       1000327c     strmiids:strmguid.obj
 0001:0000228c       AM_KSPROPSETID_AC3         1000328c     strmiids:strmguid.obj
 0001:0000229c       AM_KSPROPSETID_DvdSubPic   1000329c     strmiids:strmguid.obj
 0001:000022ac       AM_KSPROPSETID_CopyProt    100032ac     strmiids:strmguid.obj
 0001:000022bc       AM_KSPROPSETID_TSRateChange 100032bc     strmiids:strmguid.obj
 0001:000022cc       AM_KSPROPSETID_RendererPosition 100032cc     strmiids:strmguid.obj
 0001:000022dc       AM_KSCATEGORY_CAPTURE      100032dc     strmiids:strmguid.obj
 0001:000022ec       AM_KSCATEGORY_RENDER       100032ec     strmiids:strmguid.obj
 0001:000022fc       AM_KSCATEGORY_DATACOMPRESSOR 100032fc     strmiids:strmguid.obj
 0001:0000230c       AM_KSCATEGORY_AUDIO        1000330c     strmiids:strmguid.obj
 0001:0000231c       AM_KSCATEGORY_VIDEO        1000331c     strmiids:strmguid.obj
 0001:0000232c       AM_KSCATEGORY_TVTUNER      1000332c     strmiids:strmguid.obj
 0001:0000233c       AM_KSCATEGORY_CROSSBAR     1000333c     strmiids:strmguid.obj
 0001:0000234c       AM_KSCATEGORY_TVAUDIO      1000334c     strmiids:strmguid.obj
 0001:0000235c       AM_KSCATEGORY_VBICODEC     1000335c     strmiids:strmguid.obj
 0001:0000236c       AM_KSCATEGORY_SPLITTER     1000336c     strmiids:strmguid.obj
 0001:0000237c       IID_IKsInterfaceHandler    1000337c     strmiids:strmguid.obj
 0001:0000238c       IID_IKsDataTypeHandler     1000338c     strmiids:strmguid.obj
 0001:0000239c       IID_IKsPin                 1000339c     strmiids:strmguid.obj
 0001:000023ac       IID_IKsControl             100033ac     strmiids:strmguid.obj
 0001:000023bc       IID_IKsPinFactory          100033bc     strmiids:strmguid.obj
 0001:000023cc       AM_INTERFACESETID_Standard 100033cc     strmiids:strmguid.obj
 0001:000023dc       TIME_FORMAT_NONE           100033dc     strmiids:strmguid.obj
 0001:000023ec       TIME_FORMAT_FRAME          100033ec     strmiids:strmguid.obj
 0001:000023fc       TIME_FORMAT_BYTE           100033fc     strmiids:strmguid.obj
 0001:0000240c       TIME_FORMAT_SAMPLE         1000340c     strmiids:strmguid.obj
 0001:0000241c       TIME_FORMAT_FIELD          1000341c     strmiids:strmguid.obj
 0001:0000242c       TIME_FORMAT_MEDIA_TIME     1000342c     strmiids:strmguid.obj
 0001:0000243c       AMPROPSETID_Pin            1000343c     strmiids:strmguid.obj
 0001:0000244c       PIN_CATEGORY_CAPTURE       1000344c     strmiids:strmguid.obj
 0001:0000245c       PIN_CATEGORY_PREVIEW       1000345c     strmiids:strmguid.obj
 0001:0000246c       PIN_CATEGORY_ANALOGVIDEOIN 1000346c     strmiids:strmguid.obj
 0001:0000247c       PIN_CATEGORY_VBI           1000347c     strmiids:strmguid.obj
 0001:0000248c       PIN_CATEGORY_VIDEOPORT     1000348c     strmiids:strmguid.obj
 0001:0000249c       PIN_CATEGORY_NABTS         1000349c     strmiids:strmguid.obj
 0001:000024ac       PIN_CATEGORY_EDS           100034ac     strmiids:strmguid.obj
 0001:000024bc       PIN_CATEGORY_TELETEXT      100034bc     strmiids:strmguid.obj
 0001:000024cc       PIN_CATEGORY_CC            100034cc     strmiids:strmguid.obj
 0001:000024dc       PIN_CATEGORY_STILL         100034dc     strmiids:strmguid.obj
 0001:000024ec       PIN_CATEGORY_TIMECODE      100034ec     strmiids:strmguid.obj
 0001:000024fc       PIN_CATEGORY_VIDEOPORT_VBI 100034fc     strmiids:strmguid.obj
 0001:0000250c       LOOK_UPSTREAM_ONLY         1000350c     strmiids:strmguid.obj
 0001:0000251c       LOOK_DOWNSTREAM_ONLY       1000351c     strmiids:strmguid.obj
 0001:0000252c       CLSID_TVTunerFilterPropertyPage 1000352c     strmiids:strmguid.obj
 0001:0000253c       CLSID_CrossbarFilterPropertyPage 1000353c     strmiids:strmguid.obj
 0001:0000254c       CLSID_TVAudioFilterPropertyPage 1000354c     strmiids:strmguid.obj
 0001:0000255c       CLSID_VideoProcAmpPropertyPage 1000355c     strmiids:strmguid.obj
 0001:0000256c       CLSID_CameraControlPropertyPage 1000356c     strmiids:strmguid.obj
 0001:0000257c       CLSID_AnalogVideoDecoderPropertyPage 1000357c     strmiids:strmguid.obj
 0001:0000258c       CLSID_VideoStreamConfigPropertyPage 1000358c     strmiids:strmguid.obj
 0001:0000259c       IID_IIPDVDec               1000359c     strmiids:strmguid.obj
 0001:000025ac       CLSID_OverlayMixer2        100035ac     strmiids:strmguid.obj
 0001:000025bc       CLSID_ScriptCommandRenderer 100035bc     strmiids:strmguid.obj
 0001:000025cc       IID_IScriptCommandRenderer 100035cc     strmiids:strmguid.obj
 0001:000025dc       CLSID_FileRend             100035dc     strmiids:strmguid.obj
 0001:000025ec       CLSID_MultFile             100035ec     strmiids:strmguid.obj
 0001:000025fc       CLSID_ASFWriter            100035fc     strmiids:strmguid.obj
 0001:0000260c       CLSID_IMGSinkFilter        1000360c     strmiids:strmguid.obj
 0001:0000261c       AM_KSPROPSETID_FrameStep   1000361c     strmiids:strmguid.obj
 0001:0000262c       IID_IAMOpenProgress        1000362c     strmiids:strmguid.obj
 0001:0000263c       LIBID_QuartzNetTypeLib     1000363c     strmiids:strmguid.obj
 0001:0000264c       IID_IAMNetShowConfig       1000364c     strmiids:strmguid.obj
 0001:0000265c       IID_IAMChannelInfo         1000365c     strmiids:strmguid.obj
 0001:0000266c       IID_IAMNetworkStatus       1000366c     strmiids:strmguid.obj
 0001:0000267c       IID_IAMExtendedSeeking     1000367c     strmiids:strmguid.obj
 0001:0000268c       IID_IAMNetShowExProps      1000368c     strmiids:strmguid.obj
 0001:0000269c       IID_IAMExtendedErrorInfo   1000369c     strmiids:strmguid.obj
 0001:000026ac       IID_IAMMediaContent        100036ac     strmiids:strmguid.obj
 0001:000026bc       IID_IAMMediaContent2       100036bc     strmiids:strmguid.obj
 0001:000026cc       IID_IAMMediaContentEx      100036cc     strmiids:strmguid.obj
 0001:000026dc       IID_IAMNetShowPreroll      100036dc     strmiids:strmguid.obj
 0001:000026ec       IID_IDShowPlugin           100036ec     strmiids:strmguid.obj
 0001:000026fc       IID_IAMSecureMediaContent  100036fc     strmiids:strmguid.obj
 0001:0000270c       GUID_NULL                  1000370c     uuid:cguid_i_guid0.obj
 0001:0000271c       IID_IUnknown               1000371c     uuid:unknwn_i_guid0.obj
 0001:0000272c       IID_IPersist               1000372c     uuid:objidl_i_guid11.obj
 0001:0000273c       IID_IClassFactory          1000373c     uuid:unknwn_i_guid1.obj
 0001:0000274c       ??_C@_04NPKLNGDP@hint?$AA@ 1000374c     libmp4v2:mp4.obj
 0001:00002754       ??_C@_04LFAPDBEK@sdsm?$AA@ 10003754     libmp4v2:mp4.obj
 0001:0000275c       ??_C@_04BABPELMJ@odsm?$AA@ 1000375c     libmp4v2:mp4.obj
 0001:00002764       ??_C@_04EHKNILFL@isom?$AA@ 10003764     libmp4v2:mp4file.obj
 0001:0000276c       ??_C@_04PNFCACLP@mp42?$AA@ 1000376c     libmp4v2:mp4file.obj
 0001:00002774       ??_C@_0N@PFKNHKOI@MP4Array?3?3?$FL?$FN?$AA@ 10003774     libmp4v2:mp4file.obj
 0001:00002784       ??_C@_0P@OOGGJHOL@index?5?$CFu?5of?5?$CFu?$AA@ 10003784     libmp4v2:mp4file.obj
 0001:00002794       ??_C@_0BB@EANACFGA@MP4Array?3?3Insert?$AA@ 10003794     libmp4v2:mp4file.obj
 0001:000027a8       ??_C@_0BB@POCEOLJC@MP4Array?3?3Delete?$AA@ 100037a8     libmp4v2:mp4file.obj
 0001:000027bc       ??_C@_0BG@EBEPIBCJ@property?5is?5read?9only?$AA@ 100037bc     libmp4v2:mp4file.obj
 0001:000027d4       ??_C@_06ODACHPEO@failed?$AA@ 100037d4     libmp4v2:mp4file.obj
 0001:000027dc       ??_C@_07JAIFHLEA@MP4Open?$AA@ 100037dc     libmp4v2:mp4file.obj
 0001:000027e4       ??_C@_09HMDBELEC@?6?$FL?$CFs?$FN?5?5?$CFs?$AA@ 100037e4     libmp4v2:mp4file.obj
 0001:000027f0       ??_C@_04LIAPHEDB@free?$AA@ 100037f0     libmp4v2:mp4file.obj
 0001:000027f5       ??_C@_00CNPNBAHC@?$AA@     100037f5     libmp4v2:mp4file.obj
 0001:000027f8       ??_C@_0BJ@EMPIDLDI@type?5mismatch?5?9?5property?$AA@ 100037f8     libmp4v2:mp4file.obj
 0001:00002814       ??_C@_0BB@KFAHBAEJ@no?5such?5property?$AA@ 10003814     libmp4v2:mp4file.obj
 0001:00002828       ??_C@_0BN@NOBDBIAN@MP4File?3?3FindIntegerProperty?$AA@ 10003828     libmp4v2:mp4file.obj
 0001:00002848       ??_C@_0P@GMFOICML@?6?$FL?$CFs?$FN?5?5?$CFs?5?9?5?$CFs?$AA@ 10003848     libmp4v2:mp4file.obj
 0001:00002858       ??_C@_0BL@HHJKIGIH@MP4File?3?3FindBytesProperty?$AA@ 10003858     libmp4v2:mp4file.obj
 0001:00002874       ??_C@_02EGCJHIOB@id?$AA@   10003874     libmp4v2:mp4file.obj
 0001:00002878       ??_C@_0L@IHEKEDEO@entryCount?$AA@ 10003878     libmp4v2:mp4file.obj
 0001:00002884       ??_C@_04LPONJHON@ftyp?$AA@ 10003884     libmp4v2:mp4file.obj
 0001:0000288c       ??_C@_0BK@HCJDMECJ@Track?5id?5?$CFd?5doesn?8t?5exist?$AA@ 1000388c     libmp4v2:mp4file.obj
 0001:000028a8       ??_C@_0P@IIBKHLCN@FindTrackIndex?$AA@ 100038a8     libmp4v2:mp4file.obj
 0001:000028b8       ??_C@_0P@GJNNAGFN@?6?$FL?$CFs?$FN?5?5?$CFs?5?9?5?$CFd?$AA@ 100038b8     libmp4v2:mp4file.obj
 0001:000028c8       ??_C@_0BH@LEMDKOOF@Track?5id?5doesn?8t?5exist?$AA@ 100038c8     libmp4v2:mp4file.obj
 0001:000028e0       ??_C@_0BC@OHLMKBOG@FindTrakAtomIndex?$AA@ 100038e0     libmp4v2:mp4file.obj
 0001:000028f4       ??_C@_0O@KIONLKAD@moov?4trak?$FL?$CFu?$FN?$AA@ 100038f4     libmp4v2:mp4file.obj
 0001:00002904       ??_C@_0BB@LIKOBADF@moov?4trak?$FL?$CFu?$FN?4?$CFs?$AA@ 10003904     libmp4v2:mp4file.obj
 0001:00002918       ??_C@_0CO@MOLOBHGF@track?5?$CFd?5has?5more?5than?51?5child?5a@ 10003918     libmp4v2:mp4file.obj
 0001:00002948       ??_C@_0BE@BCMAKEEG@mdia?4minf?4stbl?4stsd?$AA@ 10003948     libmp4v2:mp4file.obj
 0001:0000295c       ??_C@_0BD@LALMCPGN@mdia?4mdhd?4duration?$AA@ 1000395c     libmp4v2:mp4file.obj
 0001:00002970       ??_C@_0DJ@JDFFMCCI@mdia?4minf?4stbl?4stsd?4?$CK?4?$CK?4esds?4dec@ 10003970     libmp4v2:mp4file.obj
 0001:000029ac       ??_C@_0DH@HNKOEJOM@mdia?4minf?4stbl?4stsd?4?$CK?4esds?4decCo@ 100039ac     libmp4v2:mp4file.obj
 0001:000029e8       ??_C@_0EH@KCHEJPDF@mdia?4minf?4stbl?4stsd?4?$CK?$FL0?$FN?4?$CK?4esds?4@ 100039e8     libmp4v2:mp4file.obj
 0001:00002a30       ??_C@_0EF@KIGGNDIN@mdia?4minf?4stbl?4stsd?4?$CK?$FL0?$FN?4esds?4de@ 10003a30     libmp4v2:mp4file.obj
 0001:00002a78       ??_C@_0DB@JPGMIHON@mdia?4minf?4stbl?4stsd?4?$CK?$FL0?$FN?4avcC?4le@ 10003a78     libmp4v2:mp4file.obj
 0001:00002aac       ??_C@_0CP@NDMDJKIL@avcC?4pictureEntries?4pictureParam@ 10003aac     libmp4v2:mp4file.obj
 0001:00002adc       ??_C@_0CO@KACNMIOC@avcC?4pictureEntries?4pictureParam@ 10003adc     libmp4v2:mp4file.obj
 0001:00002b0c       ??_C@_0BP@GCFJNJGL@avcC?4numOfPictureParameterSets?$AA@ 10003b0c     libmp4v2:mp4file.obj
 0001:00002b2c       ??_C@_0DB@FGKPIKKP@avcC?4sequenceEntries?4sequencePar@ 10003b2c     libmp4v2:mp4file.obj
 0001:00002b60       ??_C@_0DA@KJANDELA@avcC?4sequenceEntries?4sequencePar@ 10003b60     libmp4v2:mp4file.obj
 0001:00002b90       ??_C@_0BO@NPGILKON@mdia?4minf?4stbl?4stsd?4avc1?4avcC?$AA@ 10003b90     libmp4v2:mp4file.obj
 0001:00002bb0       ??_C@_0CA@NGCFBHCO@avcC?4numOfSequenceParameterSets?$AA@ 10003bb0     libmp4v2:mp4file.obj
 0001:00002bd0       ??_C@_09HEIHLBDJ@mediaTime?$AA@ 10003bd0     libmp4v2:mp4file.obj
 0001:00002bdc       ??_C@_0BA@FEHFLAJE@segmentDuration?$AA@ 10003bdc     libmp4v2:mp4file.obj
 0001:00002bec       ??_C@_09CNIEPEIJ@mediaRate?$AA@ 10003bec     libmp4v2:mp4file.obj
 0001:00002bf8       ??_C@_0CF@BLJADCPO@Warning?3?5multiple?5OD?5tracks?5pres@ 10003bf8     libmp4v2:mp4file.obj
 0001:00002c20       ??_C@_0BC@GADPEMKN@trak?4tkhd?4trackId?$AA@ 10003c20     libmp4v2:mp4file.obj
 0001:00002c34       ??_C@_0BL@OBBKGDO@trak?4mdia?4hdlr?4handlerType?$AA@ 10003c34     libmp4v2:mp4file.obj
 0001:00002c50       ??_C@_0BL@NFFIDCHP@moov?4mvhd?4modificationTime?$AA@ 10003c50     libmp4v2:mp4file.obj
 0001:00002c6c       ??_C@_0BE@LAGBLNBN@moov?4mvhd?4timeScale?$AA@ 10003c6c     libmp4v2:mp4file.obj
 0001:00002c80       ??_C@_0BD@CFNKDOHB@moov?4mvhd?4duration?$AA@ 10003c80     libmp4v2:mp4file.obj
 0001:00002c94       ??_C@_04BNJABJKM@url?5?$AA@ 10003c94     libmp4v2:mp4file.obj
 0001:00002c9c       ??_C@_0CD@OKNEPNBB@mdia?4minf?4stbl?4stsd?4?$CK?4damr?4modeS@ 10003c9c     libmp4v2:mp4file.obj
 0001:00002cc0       ??_C@_04BNEAOCG@moov?$AA@  10003cc0     libmp4v2:mp4file.obj
 0001:00002cc8       ??_C@_0BJ@IOKNPBFM@trak?4mdia?4mdhd?4timeScale?$AA@ 10003cc8     libmp4v2:mp4file.obj
 0001:00002ce4       ??_C@_04DLKFDFIB@trak?$AA@ 10003ce4     libmp4v2:mp4file.obj
 0001:00002cec       ??_C@_04JBMGNKCL@nmhd?$AA@ 10003cec     libmp4v2:mp4file.obj
 0001:00002cf4       ??_C@_04BEDAHMPL@mp4s?$AA@ 10003cf4     libmp4v2:mp4file.obj
 0001:00002cfc       ??_C@_04CEAHFGL@sawb?$AA@  10003cfc     libmp4v2:mp4file.obj
 0001:00002d04       ??_C@_04JLGIJBI@smhd?$AA@  10003d04     libmp4v2:mp4file.obj
 0001:00002d0c       ??_C@_04DIKLEFGC@schm?$AA@ 10003d0c     libmp4v2:mp4file.obj
 0001:00002d14       ??_C@_04FMMHIAGG@schi?$AA@ 10003d14     libmp4v2:mp4file.obj
 0001:00002d1c       ??_C@_04IDONCOG@iKMS?$AA@  10003d1c     libmp4v2:mp4file.obj
 0001:00002d24       ??_C@_04EFIHHNKI@iSFM?$AA@ 10003d24     libmp4v2:mp4file.obj
 0001:00002d2c       ??_C@_04IFIBFPHA@enca?$AA@ 10003d2c     libmp4v2:mp4file.obj
 0001:00002d34       ??_C@_04KGAGGBGI@cntl?$AA@ 10003d34     libmp4v2:mp4file.obj
 0001:00002d3c       ??_C@_04CMBCJJJD@href?$AA@ 10003d3c     libmp4v2:mp4file.obj
 0001:00002d44       ??_C@_04MBFGAGGI@vmhd?$AA@ 10003d44     libmp4v2:mp4file.obj
 0001:00002d4c       ??_C@_04IAACNLOG@encv?$AA@ 10003d4c     libmp4v2:mp4file.obj
 0001:00002d54       ??_C@_04NCPAEPLO@bitr?$AA@ 10003d54     libmp4v2:mp4file.obj
 0001:00002d5c       ??_C@_04BOIGCPIL@hmhd?$AA@ 10003d5c     libmp4v2:mp4file.obj
 0001:00002d64       ??_C@_04JPOHMAHE@rtp?5?$AA@ 10003d64     libmp4v2:mp4file.obj
 0001:00002d6c       ??_C@_02JDPG@rb?$AA@       10003d6c     libmp4v2:mp4file.obj
 0001:00002d70       ??_C@_15JJPIMNBO@?$AAr?$AAb?$AA?$AA@ 10003d70     libmp4v2:mp4file.obj
 0001:00002d78       ??_C@_04IFHGLDEC@iods?$AA@ 10003d78     libmp4v2:mp4file.obj
 0001:00002d80       ??_C@_04OOHNMGKP@mdat?$AA@ 10003d80     libmp4v2:mp4file.obj
 0001:00002d88       ??_C@_04DLBGLKG@skip?$AA@  10003d88     libmp4v2:mp4file.obj
 0001:00002d90       ??_7MP4Track@@6B@          10003d90     libmp4v2:mp4track.obj
 0001:00002d98       ??_C@_0BD@NFBGAMBA@GetSampleStscIndex?$AA@ 10003d98     libmp4v2:mp4track.obj
 0001:00002dac       ??_C@_0BF@ONCFCGFM@No?5data?5chunks?5exist?$AA@ 10003dac     libmp4v2:mp4track.obj
 0001:00002dc4       ??_C@_02CBLDBPFN@?1?1?$AA@ 10003dc4     libmp4v2:mp4track.obj
 0001:00002dc8       ??_C@_05BOPHDICO@file?3?$AA@ 10003dc8     libmp4v2:mp4track.obj
 0001:00002dd0       ??_C@_0P@HNBNPHBN@dref?5url?5?$DN?5?$CFs?6?$AA@ 10003dd0     libmp4v2:mp4track.obj
 0001:00002de0       ??_C@_0L@JJDMNELB@?$CK?4location?$AA@ 10003de0     libmp4v2:mp4track.obj
 0001:00002dec       ??_C@_0BJ@IOIMAOOB@trak?4mdia?4minf?4dinf?4dref?$AA@ 10003dec     libmp4v2:mp4track.obj
 0001:00002e08       ??_C@_0O@DMFACLHJ@GetSampleFile?$AA@ 10003e08     libmp4v2:mp4track.obj
 0001:00002e18       ??_C@_0BD@DAPCBOMJ@invalid?5stsd?5entry?$AA@ 10003e18     libmp4v2:mp4track.obj
 0001:00002e2c       ??_C@_0BJ@DIJINCFJ@trak?4mdia?4minf?4stbl?4stsd?$AA@ 10003e2c     libmp4v2:mp4track.obj
 0001:00002e48       ??_C@_0BF@EAEPAILB@?$CK?4dataReferenceIndex?$AA@ 10003e48     libmp4v2:mp4track.obj
 0001:00002e60       ??_C@_0BJ@BDOEGALA@MP4Track?3?3GetSampleTimes?$AA@ 10003e60     libmp4v2:mp4track.obj
 0001:00002e7c       ??_C@_0BH@EJJDOGEI@sample?5id?5out?5of?5range?$AA@ 10003e7c     libmp4v2:mp4track.obj
 0001:00002e94       ??_C@_0BN@IKFDDJEJ@MP4Track?3?3GetSampleCttsIndex?$AA@ 10003e94     libmp4v2:mp4track.obj
 0001:00002eb4       ??_C@_0BA@FJOGINAL@elst?4entryCount?$AA@ 10003eb4     libmp4v2:mp4track.obj
 0001:00002ec4       ??_C@_0BH@JMIPPDFI@elst?4entries?4mediaTime?$AA@ 10003ec4     libmp4v2:mp4track.obj
 0001:00002edc       ??_C@_0BN@NHKLMOLF@elst?4entries?4segmentDuration?$AA@ 10003edc     libmp4v2:mp4track.obj
 0001:00002efc       ??_C@_0BH@MFIMLGOI@elst?4entries?4mediaRate?$AA@ 10003efc     libmp4v2:mp4track.obj
 0001:00002f14       ??_C@_0BG@OIEMEDEC@elst?4entries?4reserved?$AA@ 10003f14     libmp4v2:mp4track.obj
 0001:00002f2c       ??_C@_0P@DCPJKPEI@trak?4edts?4elst?$AA@ 10003f2c     libmp4v2:mp4track.obj
 0001:00002f3c       ??_C@_0BD@FFCMCD@MP4Track?3?3MP4Track?$AA@ 10003f3c     libmp4v2:mp4track.obj
 0001:00002f50       ??_C@_0O@FOFDKCIE@invalid?5track?$AA@ 10003f50     libmp4v2:mp4track.obj
 0001:00002f60       ??_C@_0CO@HDCKALOC@trak?4mdia?4minf?4stbl?4stss?4entries@ 10003f60     libmp4v2:mp4track.obj
 0001:00002f90       ??_C@_0CE@FEDELBAC@trak?4mdia?4minf?4stbl?4stss?4entryCo@ 10003f90     libmp4v2:mp4track.obj
 0001:00002fb4       ??_C@_0CN@DPBIPHKO@trak?4mdia?4minf?4stbl?4ctts?4entries@ 10003fb4     libmp4v2:mp4track.obj
 0001:00002fe4       ??_C@_0CO@CHKLKAB@trak?4mdia?4minf?4stbl?4ctts?4entries@ 10003fe4     libmp4v2:mp4track.obj
 0001:00003014       ??_C@_0CE@DBPJBLMC@trak?4mdia?4minf?4stbl?4stts?4entryCo@ 10004014     libmp4v2:mp4track.obj
 0001:00003038       ??_C@_0CN@GHAPNAMA@trak?4mdia?4minf?4stbl?4stts?4entries@ 10004038     libmp4v2:mp4track.obj
 0001:00003068       ??_C@_0CN@DLKPCAHO@trak?4mdia?4minf?4stbl?4stts?4entries@ 10004068     libmp4v2:mp4track.obj
 0001:00003098       ??_C@_0CE@NHNOCFFM@trak?4mdia?4minf?4stbl?4ctts?4entryCo@ 10004098     libmp4v2:mp4track.obj
 0001:000030bc       ??_C@_0CE@CNGBLIEC@trak?4mdia?4minf?4stbl?4co64?4entryCo@ 100040bc     libmp4v2:mp4track.obj
 0001:000030e0       ??_C@_0CN@LIMCGINP@trak?4mdia?4minf?4stbl?4co64?4entries@ 100040e0     libmp4v2:mp4track.obj
 0001:00003110       ??_C@_0CN@GJLIJDOH@trak?4mdia?4minf?4stbl?4stco?4entries@ 10004110     libmp4v2:mp4track.obj
 0001:00003140       ??_C@_0BD@KAFFIKIM@trak?4tkhd?4duration?$AA@ 10004140     libmp4v2:mp4track.obj
 0001:00003154       ??_C@_0BI@IHOBKEJG@trak?4mdia?4mdhd?4duration?$AA@ 10004154     libmp4v2:mp4track.obj
 0001:0000316c       ??_C@_0BL@PDOMMBLI@trak?4tkhd?4modificationTime?$AA@ 1000416c     libmp4v2:mp4track.obj
 0001:00003188       ??_C@_0CA@HDKPAMON@trak?4mdia?4mdhd?4modificationTime?$AA@ 10004188     libmp4v2:mp4track.obj
 0001:000031a8       ??_C@_0CE@PEFENNOG@trak?4mdia?4minf?4stbl?4stsz?4sampleS@ 100041a8     libmp4v2:mp4track.obj
 0001:000031cc       ??_C@_0CF@NKGOKHOO@trak?4mdia?4minf?4stbl?4stsz?4sampleC@ 100041cc     libmp4v2:mp4track.obj
 0001:000031f4       ??_C@_0CM@PHCAFLLO@trak?4mdia?4minf?4stbl?4stsz?4entries@ 100041f4     libmp4v2:mp4track.obj
 0001:00003220       ??_C@_0CE@OADDBHNI@trak?4mdia?4minf?4stbl?4stsc?4entryCo@ 10004220     libmp4v2:mp4track.obj
 0001:00003244       ??_C@_0CM@PLDKBCJE@trak?4mdia?4minf?4stbl?4stsc?4entries@ 10004244     libmp4v2:mp4track.obj
 0001:00003270       ??_C@_0DB@LKCPGLCH@trak?4mdia?4minf?4stbl?4stsc?4entries@ 10004270     libmp4v2:mp4track.obj
 0001:000032a4       ??_C@_0DI@LJLNFHFI@trak?4mdia?4minf?4stbl?4stsc?4entries@ 100042a4     libmp4v2:mp4track.obj
 0001:000032dc       ??_C@_0CN@EKNLNFMB@trak?4mdia?4minf?4stbl?4stsc?4entries@ 100042dc     libmp4v2:mp4track.obj
 0001:0000330c       ??_C@_0CE@BMDLJCEP@trak?4mdia?4minf?4stbl?4stco?4entryCo@ 1000430c     libmp4v2:mp4track.obj
 0001:00003330       ??_C@_0EC@KEPDPFEO@WriteChunk?3?5track?5?$CFu?5offset?50x?$CFI@ 10004330     libmp4v2:mp4track.obj
 0001:00003374       ??_C@_0DK@HLGNMNCL@trak?4mdia?4minf?4stbl?4stsd?4?$CK?4esds?4@ 10004374     libmp4v2:mp4track.obj
 0001:000033b0       ??_C@_0DK@MHHMEINN@trak?4mdia?4minf?4stbl?4stsd?4?$CK?4esds?4@ 100043b0     libmp4v2:mp4track.obj
 0001:000033ec       ??_C@_0DM@HBOHAGHB@trak?4mdia?4minf?4stbl?4stsd?4?$CK?4esds?4@ 100043ec     libmp4v2:mp4track.obj
 0001:00003428       ??_C@_04FEPINIAN@ctts?$AA@ 10004428     libmp4v2:mp4track.obj
 0001:00003430       ??_C@_04DBFHFJAK@stss?$AA@ 10004430     libmp4v2:mp4track.obj
 0001:00003438       ??_C@_0BO@LHIALGAP@ReadSample?3?5?5isSyncSample?5?$CFu?6?$AA@ 10004438     libmp4v2:mp4track.obj
 0001:00003458       ??_C@_0CE@KFIFIAGE@ReadSample?3?5?5renderingOffset?5?$CFI6@ 10004458     libmp4v2:mp4track.obj
 0001:0000347c       ??_C@_0CJ@LMOMEOIJ@ReadSample?3?5?5start?5?$CFI64u?5duratio@ 1000447c     libmp4v2:mp4track.obj
 0001:000034a8       ??_C@_0DK@LCBNBOMO@ReadSample?3?5track?5?$CFu?5id?5?$CFu?5offse@ 100044a8     libmp4v2:mp4track.obj
 0001:000034e4       ??_C@_0BL@ECFNAPCN@sample?5buffer?5is?5too?5small?$AA@ 100044e4     libmp4v2:mp4track.obj
 0001:00003500       ??_C@_0CK@DNFJOGJM@sample?5is?5located?5in?5an?5inaccess@ 10004500     libmp4v2:mp4track.obj
 0001:0000352c       ??_C@_0BF@IKAIMEJD@MP4Track?3?3ReadSample?$AA@ 1000452c     libmp4v2:mp4track.obj
 0001:00003544       ??_C@_0BI@FCHHJCOE@sample?5id?5can?8t?5be?5zero?$AA@ 10004544     libmp4v2:mp4track.obj
 0001:00003560       ??_C@_07IOCBFGJI@URLFlag?$AA@ 10004560     libmp4v2:isma.obj
 0001:00003568       ??_C@_03BBJMCFKE@URL?$AA@  10004568     libmp4v2:isma.obj
 0001:0000356c       ??_C@_04JLCIEDNJ@ESID?$AA@ 1000456c     libmp4v2:isma.obj
 0001:00003574       ??_C@_0BD@BENLGGEP@objectDescriptorId?$AA@ 10004574     libmp4v2:isma.obj
 0001:00003588       ??_C@_05FKGAENE@esIds?$AA@ 10004588     libmp4v2:isma.obj
 0001:00003590       ??_C@_08KECFNPOL@refIndex?$AA@ 10004590     libmp4v2:isma.obj
 0001:0000359c       ??_C@_0BE@MGLIKDK@audioProfileLevelId?$AA@ 1000459c     libmp4v2:isma.obj
 0001:000035b0       ??_C@_0BF@JCGEGHAL@visualProfileLevelId?$AA@ 100045b0     libmp4v2:isma.obj
 0001:000035c8       ??_C@_0BB@OOGGMNLJ@ODProfileLevelId?$AA@ 100045c8     libmp4v2:isma.obj
 0001:000035dc       ??_C@_0BE@JDIOBHAM@sceneProfileLevelId?$AA@ 100045dc     libmp4v2:isma.obj
 0001:000035f0       ??_C@_0BH@BIEHKHDF@graphicsProfileLevelId?$AA@ 100045f0     libmp4v2:isma.obj
 0001:00003608       ??_C@_03DCFNIELN@?$CF?$CKc?$AA@ 10004608     libmp4v2:mp4util.obj
 0001:0000360c       ??_C@_01EEMJAFIK@?6?$AA@   1000460c     libmp4v2:mp4util.obj
 0001:00003610       ??_C@_05CNDJFPDP@?$CF02x?5?$AA@ 10004610     libmp4v2:mp4util.obj
 0001:00003618       ??_C@_02GLFAOOJA@?$FL?4?$AA@ 10004618     libmp4v2:mp4util.obj
 0001:0000361c       ??_C@_02GMHACPFF@?$CFu?$AA@ 1000461c     libmp4v2:mp4util.obj
 0001:00003620       ??_C@_0P@JGCDAGDG@MP4ConvertTime?$AA@ 10004620     libmp4v2:mp4util.obj
 0001:00003630       ??_C@_0BB@OMEBCKB@division?5by?5zero?$AA@ 10004630     libmp4v2:mp4util.obj
 0001:00003644       ??_C@_0CH@DMNMOIMK@Attempt?5to?5normalize?5?$CFs?5did?5not?5@ 10004644     libmp4v2:mp4util.obj
 0001:0000366c       ??_C@_02ECKEAEFD@od?$AA@   1000466c     libmp4v2:mp4util.obj
 0001:00003670       ??_C@_04NEEJAJOB@bifs?$AA@ 10004670     libmp4v2:mp4util.obj
 0001:00003678       ??_C@_05ELCCFCFH@scene?$AA@ 10004678     libmp4v2:mp4util.obj
 0001:00003680       ??_C@_05KNIAAKIP@audio?$AA@ 10004680     libmp4v2:mp4util.obj
 0001:00003688       ??_C@_05MHNANJII@sound?$AA@ 10004688     libmp4v2:mp4util.obj
 0001:00003690       ??_C@_05BPFJLLEL@video?$AA@ 10004690     libmp4v2:mp4util.obj
 0001:00003698       ??_C@_08KEPHKCPD@SynthPop?$AA@ 10004698     libmp4v2:mp4meta.obj
 0001:000036a4       ??_C@_04IMCHLCED@JPop?$AA@ 100046a4     libmp4v2:mp4meta.obj
 0001:000036ac       ??_C@_05LCJADBKB@Anime?$AA@ 100046ac     libmp4v2:mp4meta.obj
 0001:000036b4       ??_C@_0N@MAEFEGK@Thrash?5Metal?$AA@ 100046b4     libmp4v2:mp4meta.obj
 0001:000036c4       ??_C@_05DLNELOKM@Salsa?$AA@ 100046c4     libmp4v2:mp4meta.obj
 0001:000036cc       ??_C@_08EHKNMNPK@Merengue?$AA@ 100046cc     libmp4v2:mp4meta.obj
 0001:000036d8       ??_C@_0P@GGLFOLPK@Christian?5Rock?$AA@ 100046d8     libmp4v2:mp4meta.obj
 0001:000036e8       ??_C@_0P@MICLGFLM@Contemporary?5C?$AA@ 100046e8     libmp4v2:mp4meta.obj
 0001:000036f8       ??_C@_09OIHDMKNE@Crossover?$AA@ 100046f8     libmp4v2:mp4meta.obj
 0001:00003704       ??_C@_0M@JNFPBAKG@Black?5Metal?$AA@ 10004704     libmp4v2:mp4meta.obj
 0001:00003710       ??_C@_0M@NEOMPHCK@Heavy?5Metal?$AA@ 10004710     libmp4v2:mp4meta.obj
 0001:0000371c       ??_C@_0BC@PFEMLEJB@Christian?5Gangsta?$AA@ 1000471c     libmp4v2:mp4meta.obj
 0001:00003730       ??_C@_04BFFABJBP@Beat?$AA@ 10004730     libmp4v2:mp4meta.obj
 0001:00003738       ??_C@_0L@HKANPOAD@Polsk?5Punk?$AA@ 10004738     libmp4v2:mp4meta.obj
 0001:00003744       ??_C@_09GPAKMJHI@NegerPunk?$AA@ 10004744     libmp4v2:mp4meta.obj
 0001:00003750       ??_C@_07OICMGNA@BritPop?$AA@ 10004750     libmp4v2:mp4meta.obj
 0001:00003758       ??_C@_05KLKAMDMN@Indie?$AA@ 10004758     libmp4v2:mp4meta.obj
 0001:00003760       ??_C@_06PBJGDPBN@Terror?$AA@ 10004760     libmp4v2:mp4meta.obj
 0001:00003768       ??_C@_08HKEHKPDB@Hardcore?$AA@ 10004768     libmp4v2:mp4meta.obj
 0001:00003774       ??_C@_0L@BNPLLMBL@Club?5House?$AA@ 10004774     libmp4v2:mp4meta.obj
 0001:00003780       ??_C@_0M@NPGHKLH@Drum?5?$CG?5Bass?$AA@ 10004780     libmp4v2:mp4meta.obj
 0001:0000378c       ??_C@_03OHBFJGJM@Goa?$AA@  1000478c     libmp4v2:mp4meta.obj
 0001:00003790       ??_C@_0L@LLLHEFCL@Dance?5Hall?$AA@ 10004790     libmp4v2:mp4meta.obj
 0001:0000379c       ??_C@_0L@LAEGMFKC@Euro?9House?$AA@ 1000479c     libmp4v2:mp4meta.obj
 0001:000037a8       ??_C@_09IKHCEMFI@A?5capella?$AA@ 100047a8     libmp4v2:mp4meta.obj
 0001:000037b4       ??_C@_09ODFCHLIF@Drum?5Solo?$AA@ 100047b4     libmp4v2:mp4meta.obj
 0001:000037c0       ??_C@_09LJCHIEBA@Punk?5Rock?$AA@ 100047c0     libmp4v2:mp4meta.obj
 0001:000037cc       ??_C@_04MNAABDPM@Duet?$AA@ 100047cc     libmp4v2:mp4meta.obj
 0001:000037d4       ??_C@_09NOJFLNHA@Freestyle?$AA@ 100047d4     libmp4v2:mp4meta.obj
 0001:000037e0       ??_C@_0O@NBAHAMNI@Rhythmic?5Soul?$AA@ 100047e0     libmp4v2:mp4meta.obj
 0001:000037f0       ??_C@_0N@BBLJBJNI@Power?5Ballad?$AA@ 100047f0     libmp4v2:mp4meta.obj
 0001:00003800       ??_C@_06BHBJEFGN@Ballad?$AA@ 10004800     libmp4v2:mp4meta.obj
 0001:00003808       ??_C@_08ODOIKEAG@Folklore?$AA@ 10004808     libmp4v2:mp4meta.obj
 0001:00003814       ??_C@_05JOIMBAIO@Samba?$AA@ 10004814     libmp4v2:mp4meta.obj
 0001:0000381c       ??_C@_05JHEGALN@Tango?$AA@ 1000481c     libmp4v2:mp4meta.obj
 0001:00003824       ??_C@_04FCIPMBFO@Club?$AA@ 10004824     libmp4v2:mp4meta.obj
 0001:0000382c       ??_C@_08BCJKABMD@Slow?5Jam?$AA@ 1000482c     libmp4v2:mp4meta.obj
 0001:00003838       ??_C@_06LGIFNCAO@Satire?$AA@ 10004838     libmp4v2:mp4meta.obj
 0001:00003840       ??_C@_0M@BDIBAHFD@Porn?5Groove?$AA@ 10004840     libmp4v2:mp4meta.obj
 0001:0000384c       ??_C@_06MOKNPJA@Primus?$AA@ 1000484c     libmp4v2:mp4meta.obj
 0001:00003854       ??_C@_0L@BMCAJHGC@Booty?5Bass?$AA@ 10004854     libmp4v2:mp4meta.obj
 0001:00003860       ??_C@_08HGMGMDPB@Symphony?$AA@ 10004860     libmp4v2:mp4meta.obj
 0001:0000386c       ??_C@_06DIKKNAE@Sonata?$AA@ 1000486c     libmp4v2:mp4meta.obj
 0001:00003874       ??_C@_0O@HPFNKIBK@Chamber?5Music?$AA@ 10004874     libmp4v2:mp4meta.obj
 0001:00003884       ??_C@_05GOIKOHMD@Opera?$AA@ 10004884     libmp4v2:mp4meta.obj
 0001:0000388c       ??_C@_07KBEDDHIP@Chanson?$AA@ 1000488c     libmp4v2:mp4meta.obj
 0001:00003894       ??_C@_06MBBDLFLA@Speech?$AA@ 10004894     libmp4v2:mp4meta.obj
 0001:0000389c       ??_C@_06DEMGCIL@Humour?$AA@ 1000489c     libmp4v2:mp4meta.obj
 0001:000038a4       ??_C@_08PLJDJOCM@Acoustic?$AA@ 100048a4     libmp4v2:mp4meta.obj
 0001:000038b0       ??_C@_0P@OGJNDFNF@Easy?5Listening?$AA@ 100048b0     libmp4v2:mp4meta.obj
 0001:000038c0       ??_C@_06HPKLMKFH@Chorus?$AA@ 100048c0     libmp4v2:mp4meta.obj
 0001:000038c8       ??_C@_08INPKNPNL@Big?5Band?$AA@ 100048c8     libmp4v2:mp4meta.obj
 0001:000038d4       ??_C@_09DOKHDNBN@Slow?5Rock?$AA@ 100048d4     libmp4v2:mp4meta.obj
 0001:000038e0       ??_C@_0P@FPGGCDAB@Symphonic?5Rock?$AA@ 100048e0     libmp4v2:mp4meta.obj
 0001:000038f0       ??_C@_0BB@BMPGIMDB@Psychedelic?5Rock?$AA@ 100048f0     libmp4v2:mp4meta.obj
 0001:00003904       ??_C@_0BB@GCFDGKOP@Progressive?5Rock?$AA@ 10004904     libmp4v2:mp4meta.obj
 0001:00003918       ??_C@_0M@IELMFHHK@Gothic?5Rock?$AA@ 10004918     libmp4v2:mp4meta.obj
 0001:00003924       ??_C@_0L@MJHGFLKD@Avantgarde?$AA@ 10004924     libmp4v2:mp4meta.obj
 0001:00003930       ??_C@_09EGIPCOAF@Bluegrass?$AA@ 10004930     libmp4v2:mp4meta.obj
 0001:0000393c       ??_C@_06POAALEMA@Celtic?$AA@ 1000493c     libmp4v2:mp4meta.obj
 0001:00003944       ??_C@_07NDAADGHD@Revival?$AA@ 10004944     libmp4v2:mp4meta.obj
 0001:0000394c       ??_C@_05MKNAELPL@Latin?$AA@ 1000494c     libmp4v2:mp4meta.obj
 0001:00003954       ??_C@_05NIBALHLG@Bebob?$AA@ 10004954     libmp4v2:mp4meta.obj
 0001:0000395c       ??_C@_0M@CEPBINCO@Fast?9Fusion?$AA@ 1000495c     libmp4v2:mp4meta.obj
 0001:00003968       ??_C@_05KBAOLLBJ@Swing?$AA@ 10004968     libmp4v2:mp4meta.obj
 0001:00003970       ??_C@_0O@OLFCHJHJ@National?5Folk?$AA@ 10004970     libmp4v2:mp4meta.obj
 0001:00003980       ??_C@_09BJAKAIPI@Folk?1Rock?$AA@ 10004980     libmp4v2:mp4meta.obj
 0001:0000398c       ??_C@_04EKOPMCHG@Folk?$AA@ 1000498c     libmp4v2:mp4meta.obj
 0001:00003994       ??_C@_09KBCOACPM@Hard?5Rock?$AA@ 10004994     libmp4v2:mp4meta.obj
 0001:000039a0       ??_C@_0M@IIAEDJCA@Rock?5?$CG?5Roll?$AA@ 100049a0     libmp4v2:mp4meta.obj
 0001:000039ac       ??_C@_07CGEPLPCE@Musical?$AA@ 100049ac     libmp4v2:mp4meta.obj
 0001:000039b4       ??_C@_05POEPDAA@Retro?$AA@ 100049b4     libmp4v2:mp4meta.obj
 0001:000039bc       ??_C@_05BAEFIAKL@Polka?$AA@ 100049bc     libmp4v2:mp4meta.obj
 0001:000039c4       ??_C@_09KCHNDMFC@Acid?5Jazz?$AA@ 100049c4     libmp4v2:mp4meta.obj
 0001:000039d0       ??_C@_09BPKAFLAF@Acid?5Punk?$AA@ 100049d0     libmp4v2:mp4meta.obj
 0001:000039dc       ??_C@_06HGLDOOOH@Tribal?$AA@ 100049dc     libmp4v2:mp4meta.obj
 0001:000039e4       ??_C@_05LPLFCCKI@Lo?9Fi?$AA@ 100049e4     libmp4v2:mp4meta.obj
 0001:000039ec       ??_C@_07EFCJIPGP@Trailer?$AA@ 100049ec     libmp4v2:mp4meta.obj
 0001:000039f4       ??_C@_09LJJPFGGK@Showtunes?$AA@ 100049f4     libmp4v2:mp4meta.obj
 0001:00003a00       ??_C@_04LAGCIPCP@Rave?$AA@ 10004a00     libmp4v2:mp4meta.obj
 0001:00003a08       ??_C@_0M@CEHNINAD@Psychadelic?$AA@ 10004a08     libmp4v2:mp4meta.obj
 0001:00003a14       ??_C@_08PIJBHODF@New?5Wave?$AA@ 10004a14     libmp4v2:mp4meta.obj
 0001:00003a20       ??_C@_07DFBJIPEL@Cabaret?$AA@ 10004a20     libmp4v2:mp4meta.obj
 0001:00003a28       ??_C@_0BA@CLMIBMOP@Native?5American?$AA@ 10004a28     libmp4v2:mp4meta.obj
 0001:00003a38       ??_C@_06LDDNPE@Jungle?$AA@ 10004a38     libmp4v2:mp4meta.obj
 0001:00003a40       ??_C@_08DHOPNGPJ@Pop?1Funk?$AA@ 10004a40     libmp4v2:mp4meta.obj
 0001:00003a4c       ??_C@_0O@CMBOEJC@Christian?5Rap?$AA@ 10004a4c     libmp4v2:mp4meta.obj
 0001:00003a5c       ??_C@_06OJGPGEOE@Top?540?$AA@ 10004a5c     libmp4v2:mp4meta.obj
 0001:00003a64       ??_C@_07NLDMPMFM@Gangsta?$AA@ 10004a64     libmp4v2:mp4meta.obj
 0001:00003a6c       ??_C@_04HAPBPEGD@Cult?$AA@ 10004a6c     libmp4v2:mp4meta.obj
 0001:00003a74       ??_C@_06DCKLOHGE@Comedy?$AA@ 10004a74     libmp4v2:mp4meta.obj
 0001:00003a7c       ??_C@_0O@KFCFCIGH@Southern?5Rock?$AA@ 10004a7c     libmp4v2:mp4meta.obj
 0001:00003a8c       ??_C@_05MMFIBGEF@Dream?$AA@ 10004a8c     libmp4v2:mp4meta.obj
 0001:00003a94       ??_C@_09PDIMAOAM@Eurodance?$AA@ 10004a94     libmp4v2:mp4meta.obj
 0001:00003aa0       ??_C@_08EGAHBEGH@Pop?9Folk?$AA@ 10004aa0     libmp4v2:mp4meta.obj
 0001:00003aac       ??_C@_0L@CHKMIMGG@Electronic?$AA@ 10004aac     libmp4v2:mp4meta.obj
 0001:00003ab8       ??_C@_0BC@HKAKJIIF@Techno?9Industrial?$AA@ 10004ab8     libmp4v2:mp4meta.obj
 0001:00003acc       ??_C@_08BPJDAAFN@Darkwave?$AA@ 10004acc     libmp4v2:mp4meta.obj
 0001:00003ad8       ??_C@_06OBILIHNB@Gothic?$AA@ 10004ad8     libmp4v2:mp4meta.obj
 0001:00003ae0       ??_C@_06JPHOEBPP@Ethnic?$AA@ 10004ae0     libmp4v2:mp4meta.obj
 0001:00003ae8       ??_C@_0BC@HBBFDJBD@Instrumental?5Rock?$AA@ 10004ae8     libmp4v2:mp4meta.obj
 0001:00003afc       ??_C@_0BB@LFDKKLIN@Instrumental?5Pop?$AA@ 10004afc     libmp4v2:mp4meta.obj
 0001:00003b10       ??_C@_0L@KJEEODLG@Meditative?$AA@ 10004b10     libmp4v2:mp4meta.obj
 0001:00003b1c       ??_C@_05OMHELODH@Space?$AA@ 10004b1c     libmp4v2:mp4meta.obj
 0001:00003b24       ??_C@_04JJGPMDMB@Punk?$AA@ 10004b24     libmp4v2:mp4meta.obj
 0001:00003b2c       ??_C@_04LOFJNELM@Soul?$AA@ 10004b2c     libmp4v2:mp4meta.obj
 0001:00003b34       ??_C@_04MKNBGPJB@Bass?$AA@ 10004b34     libmp4v2:mp4meta.obj
 0001:00003b3c       ??_C@_0L@NJCGEDAH@AlternRock?$AA@ 10004b3c     libmp4v2:mp4meta.obj
 0001:00003b48       ??_C@_05GIBOCELO@Noise?$AA@ 10004b48     libmp4v2:mp4meta.obj
 0001:00003b50       ??_C@_06EIIEMBBK@Gospel?$AA@ 10004b50     libmp4v2:mp4meta.obj
 0001:00003b58       ??_C@_0L@FEFCBAGD@Sound?5Clip?$AA@ 10004b58     libmp4v2:mp4meta.obj
 0001:00003b64       ??_C@_04IBBNLEM@Game?$AA@  10004b64     libmp4v2:mp4meta.obj
 0001:00003b6c       ??_C@_05KEIICPIE@House?$AA@ 10004b6c     libmp4v2:mp4meta.obj
 0001:00003b74       ??_C@_04DDEKHPPK@Acid?$AA@ 10004b74     libmp4v2:mp4meta.obj
 0001:00003b7c       ??_C@_0N@FJCNDAAI@Instrumental?$AA@ 10004b7c     libmp4v2:mp4meta.obj
 0001:00003b8c       ??_C@_09KCDEIEAL@Classical?$AA@ 10004b8c     libmp4v2:mp4meta.obj
 0001:00003b98       ??_C@_06NOFDHFLJ@Trance?$AA@ 10004b98     libmp4v2:mp4meta.obj
 0001:00003ba0       ??_C@_06FOAOBEBC@Fusion?$AA@ 10004ba0     libmp4v2:mp4meta.obj
 0001:00003ba8       ??_C@_09IJAEMLMO@Jazz?$CLFunk?$AA@ 10004ba8     libmp4v2:mp4meta.obj
 0001:00003bb4       ??_C@_05CGEGIIHL@Vocal?$AA@ 10004bb4     libmp4v2:mp4meta.obj
 0001:00003bbc       ??_C@_08MGHEAHLN@Trip?9Hop?$AA@ 10004bbc     libmp4v2:mp4meta.obj
 0001:00003bc8       ??_C@_07EBHHCJEE@Ambient?$AA@ 10004bc8     libmp4v2:mp4meta.obj
 0001:00003bd0       ??_C@_0M@LPAFHLOI@Euro?9Techno?$AA@ 10004bd0     libmp4v2:mp4meta.obj
 0001:00003bdc       ??_C@_0L@JMHFNCF@Soundtrack?$AA@ 10004bdc     libmp4v2:mp4meta.obj
 0001:00003be8       ??_C@_06DIJHLFMF@Pranks?$AA@ 10004be8     libmp4v2:mp4meta.obj
 0001:00003bf0       ??_C@_0M@EPABKDJI@Death?5Metal?$AA@ 10004bf0     libmp4v2:mp4meta.obj
 0001:00003bfc       ??_C@_03DPGHPOII@Ska?$AA@  10004bfc     libmp4v2:mp4meta.obj
 0001:00003c00       ??_C@_0M@GIKKCPNF@Alternative?$AA@ 10004c00     libmp4v2:mp4meta.obj
 0001:00003c0c       ??_C@_0L@BLDOBJBN@Industrial?$AA@ 10004c0c     libmp4v2:mp4meta.obj
 0001:00003c18       ??_C@_06GNBMDAPP@Techno?$AA@ 10004c18     libmp4v2:mp4meta.obj
 0001:00003c20       ??_C@_04NENDLEAJ@Rock?$AA@ 10004c20     libmp4v2:mp4meta.obj
 0001:00003c28       ??_C@_06FCJMBMOE@Reggae?$AA@ 10004c28     libmp4v2:mp4meta.obj
 0001:00003c30       ??_C@_03NJJFDPCL@Rap?$AA@  10004c30     libmp4v2:mp4meta.obj
 0001:00003c34       ??_C@_03EBDAPABP@R?$CGB?$AA@ 10004c34     libmp4v2:mp4meta.obj
 0001:00003c38       ??_C@_03HJACNKKK@Pop?$AA@  10004c38     libmp4v2:mp4meta.obj
 0001:00003c3c       ??_C@_05BBOGGNLJ@Other?$AA@ 10004c3c     libmp4v2:mp4meta.obj
 0001:00003c44       ??_C@_06MPHEKAMK@Oldies?$AA@ 10004c44     libmp4v2:mp4meta.obj
 0001:00003c4c       ??_C@_07NOBIPMGJ@New?5Age?$AA@ 10004c4c     libmp4v2:mp4meta.obj
 0001:00003c54       ??_C@_05MICJANKE@Metal?$AA@ 10004c54     libmp4v2:mp4meta.obj
 0001:00003c5c       ??_C@_04CELCKEJG@Jazz?$AA@ 10004c5c     libmp4v2:mp4meta.obj
 0001:00003c64       ??_C@_07HOOMJDLF@Hip?9Hop?$AA@ 10004c64     libmp4v2:mp4meta.obj
 0001:00003c6c       ??_C@_06BKAMGKHE@Grunge?$AA@ 10004c6c     libmp4v2:mp4meta.obj
 0001:00003c74       ??_C@_04HGMPKBOD@Funk?$AA@ 10004c74     libmp4v2:mp4meta.obj
 0001:00003c7c       ??_C@_05JPKIAOHJ@Disco?$AA@ 10004c7c     libmp4v2:mp4meta.obj
 0001:00003c84       ??_C@_05PHEECCHA@Dance?$AA@ 10004c84     libmp4v2:mp4meta.obj
 0001:00003c8c       ??_C@_07HAAJMFIA@Country?$AA@ 10004c8c     libmp4v2:mp4meta.obj
 0001:00003c94       ??_C@_0N@HMGLJNH@Classic?5Rock?$AA@ 10004c94     libmp4v2:mp4meta.obj
 0001:00003ca4       ??_C@_05EGIABMCH@Blues?$AA@ 10004ca4     libmp4v2:mp4meta.obj
 0001:00003cac       ??_C@_04ECGLBLOI@?9?9?9?9?$AA@ 10004cac     libmp4v2:mp4meta.obj
 0001:00003cb4       ??_C@_04EKFHHOAL@tmpo?$AA@ 10004cb4     libmp4v2:mp4meta.obj
 0001:00003cbc       ??_C@_04CDOHBOH@cpil?$AA@  10004cbc     libmp4v2:mp4meta.obj
 0001:00003cc4       ??_C@_04GFFMBMI@?$KJnam?$AA@ 10004cc4     libmp4v2:mp4meta.obj
 0001:00003ccc       ??_C@_04KOCEGNOM@?$KJwrt?$AA@ 10004ccc     libmp4v2:mp4meta.obj
 0001:00003cd4       ??_C@_04NBHGFOAC@?$KJalb?$AA@ 10004cd4     libmp4v2:mp4meta.obj
 0001:00003cdc       ??_C@_04NGKNKIND@?$KJART?$AA@ 10004cdc     libmp4v2:mp4meta.obj
 0001:00003ce4       ??_C@_04BFJDJLL@?$KJtoo?$AA@ 10004ce4     libmp4v2:mp4meta.obj
 0001:00003cec       ??_C@_04GGCFEJGJ@?$KJcmt?$AA@ 10004cec     libmp4v2:mp4meta.obj
 0001:00003cf4       ??_C@_04EHEGPGPJ@?$KJday?$AA@ 10004cf4     libmp4v2:mp4meta.obj
 0001:00003cfc       ??_C@_04ELEFEEBC@trkn?$AA@ 10004cfc     libmp4v2:mp4meta.obj
 0001:00003d04       ??_C@_04MDPPAFID@disk?$AA@ 10004d04     libmp4v2:mp4meta.obj
 0001:00003d0c       ??_C@_04FHHJHFFN@?$KJgen?$AA@ 10004d0c     libmp4v2:mp4meta.obj
 0001:00003d14       ??_C@_04IGMJAAFD@gnre?$AA@ 10004d14     libmp4v2:mp4meta.obj
 0001:00003d1c       ??_C@_04MJHPONLM@covr?$AA@ 10004d1c     libmp4v2:mp4meta.obj
 0001:00003d24       ??_7MP4Property@@6B@       10004d24     libmp4v2:mp4property.obj
 0001:00003d4c       ??_C@_0BK@BMBMLHHP@FindProperty?3?5matched?5?$CFs?6?$AA@ 10004d4c     libmp4v2:mp4property.obj
 0001:00003d68       ??_C@_0BC@EEEIMDAK@?$CFs?5?$DN?5?$CFu?5?$CI0x?$CF02x?$CJ?6?$AA@ 10004d68     libmp4v2:mp4property.obj
[...]
 0001:0002525c       ??0MP4MaxAURateQosQualifier@@QAA@XZ 1002625c f   libmp4v2:qosqualifiers.obj
 0001:000252b4       ??_EMP4MaxAURateQosQualifier@@UAAPAXI@Z 100262b4 f i libmp4v2:qosqualifiers.obj
 0001:000252b4       ??_GMP4MaxAURateQosQualifier@@UAAPAXI@Z 100262b4 f i libmp4v2:qosqualifiers.obj
 0001:000252dc       ??_GMP4UnknownQosQualifier@@UAAPAXI@Z 100262dc f i libmp4v2:qosqualifiers.obj
 0001:000252dc       ??_EMP4UnknownQosQualifier@@UAAPAXI@Z 100262dc f i libmp4v2:qosqualifiers.obj
 0001:00025304       ?CreateDescriptor@MP4QosQualifierProperty@@MAAPAVMP4Descriptor@@E@Z 10026304 f   libmp4v2:qosqualifiers.obj
 0001:00025428       htonl                      10026428 f   ws2:WS2.dll
 0001:00025438       DllMain                    10026438 f   corelib0:dllmain.obj
 0001:00025554       _DllMainCRTStartup         10026554 f   corelib0:pegdmain.obj
 0001:00025584       __GSHandlerCheckCommon     10026584 f   corelib0:gshandler.obj
 0001:000255c0       __GSHandlerCheck           100265c0 f   corelib0:gshandler.obj
 0001:000255e4       __security_init_cookie     100265e4 f   corelib0:seccinit.obj
 0001:00025640       __security_check_cookie    10026640 f   corelib0:armsecgs.obj
 0001:00025654       __gsfailure                10026654 f   corelib0:armsecgs.obj
 0001:00025698       __GSHandlerCheck_SEH       10026698 f   corelib0:gshandlerseh.obj
 0001:000257e4       _cexit                     100267e4 f   corelib0:cexit.obj
 0001:00025800       _initterm                  10026800 f   corelib0:crt0dat.obj
 0001:00025834       _cinit                     10026834 f   corelib0:crt0dat.obj
 0001:00025868       __utod                     10026868 f   corelib1:COREDLL.dll
 0001:00025878       free                       10026878 f   corelib1:COREDLL.dll
 0001:00025888       ??3@YAXPAX@Z               10026888 f   corelib1:COREDLL.dll
 0001:00025898       memcmp                     10026898 f   corelib1:COREDLL.dll
 0001:000258a8       memcpy                     100268a8 f   corelib1:COREDLL.dll
 0001:000258b8       wcslen                     100268b8 f   corelib1:COREDLL.dll
 0001:000258c8       __divd                     100268c8 f   corelib1:COREDLL.dll
 0001:000258d8       printf                     100268d8 f   corelib1:COREDLL.dll
 0001:000258e8       malloc                     100268e8 f   corelib1:COREDLL.dll
 0001:000258f8       strcmp                     100268f8 f   corelib1:COREDLL.dll
 0001:00025908       memset                     10026908 f   corelib1:COREDLL.dll
 0001:00025918       ??2@YAPAXI@Z               10026918 f   corelib1:COREDLL.dll
 0001:00025928       wcscpy                     10026928 f   corelib1:COREDLL.dll
 0001:00025938       __utos                     10026938 f   corelib1:COREDLL.dll
 0001:00025948       __divs                     10026948 f   corelib1:COREDLL.dll
 0001:00025958       __muls                     10026958 f   corelib1:COREDLL.dll
 0001:00025968       __stou                     10026968 f   corelib1:COREDLL.dll
 0001:00025978       __i64tod                   10026978 f   corelib1:COREDLL.dll
 0001:00025988       __dtoi64                   10026988 f   corelib1:COREDLL.dll
 0001:00025998       __muld                     10026998 f   corelib1:COREDLL.dll
 0001:000259a8       __rt_sdiv64by64            100269a8 f   corelib1:COREDLL.dll
 0001:000259b8       __led                      100269b8 f   corelib1:COREDLL.dll
 0001:000259c8       _purecall                  100269c8 f   corelib1:COREDLL.dll
 0001:000259d8       __rt_udiv64by64            100269d8 f   corelib1:COREDLL.dll
 0001:000259e8       memmove                    100269e8 f   corelib1:COREDLL.dll
 0001:000259f8       __CxxThrowException        100269f8 f   corelib1:COREDLL.dll
 0001:00025a08       ??_7type_info@@6B@         10026a08 f   corelib1:COREDLL.dll
 0001:00025a18       __C_specific_handler       10026a18 f   corelib1:COREDLL.dll
 0001:00025a28       fprintf                    10026a28 f   corelib1:COREDLL.dll
 0001:00025a38       _getstdfilex               10026a38 f   corelib1:COREDLL.dll
 0001:00025a48       sprintf                    10026a48 f   corelib1:COREDLL.dll
 0001:00025a58       strlen                     10026a58 f   corelib1:COREDLL.dll
 0001:00025a68       _stricmp                   10026a68 f   corelib1:COREDLL.dll
 0001:00025a78       strcpy                     10026a78 f   corelib1:COREDLL.dll
 0001:00025a88       realloc                    10026a88 f   corelib1:COREDLL.dll
 0001:00025a98       fclose                     10026a98 f   corelib1:COREDLL.dll
 0001:00025aa8       ftell                      10026aa8 f   corelib1:COREDLL.dll
 0001:00025ab8       fseek                      10026ab8 f   corelib1:COREDLL.dll
 0001:00025ac8       fopen                      10026ac8 f   corelib1:COREDLL.dll
 0001:00025ad8       _wfopen                    10026ad8 f   corelib1:COREDLL.dll
 0001:00025ae8       _snprintf                  10026ae8 f   corelib1:COREDLL.dll
 0001:00025af8       __itos                     10026af8 f   corelib1:COREDLL.dll
 0001:00025b08       strchr                     10026b08 f   corelib1:COREDLL.dll
 0001:00025b18       strncmp                    10026b18 f   corelib1:COREDLL.dll
 0001:00025b28       __rt_udiv                  10026b28 f   corelib1:COREDLL.dll
 0001:00025b38       ceil                       10026b38 f   corelib1:COREDLL.dll
 0001:00025b48       __dtou                     10026b48 f   corelib1:COREDLL.dll
 0001:00025b58       __CxxFrameHandler3         10026b58 f   corelib1:COREDLL.dll
 0001:00025b68       tolower                    10026b68 f   corelib1:COREDLL.dll
 0001:00025b78       sscanf                     10026b78 f   corelib1:COREDLL.dll
 0001:00025b88       strncpy                    10026b88 f   corelib1:COREDLL.dll
 0001:00025b98       __addd                     10026b98 f   corelib1:COREDLL.dll
 0001:00025ba8       __dtou64                   10026ba8 f   corelib1:COREDLL.dll
 0001:00025bb8       fflush                     10026bb8 f   corelib1:COREDLL.dll
 0001:00025bc8       __stod                     10026bc8 f   corelib1:COREDLL.dll
 0001:00025bd8       fputs                      10026bd8 f   corelib1:COREDLL.dll
 0001:00025be8       _isctype                   10026be8 f   corelib1:COREDLL.dll
 0001:00025bf8       fgetpos                    10026bf8 f   corelib1:COREDLL.dll
 0001:00025c08       fsetpos                    10026c08 f   corelib1:COREDLL.dll
 0001:00025c18       feof                       10026c18 f   corelib1:COREDLL.dll
 0001:00025c28       fread                      10026c28 f   corelib1:COREDLL.dll
 0001:00025c38       fwrite                     10026c38 f   corelib1:COREDLL.dll
 0001:00025c48       __adds                     10026c48 f   corelib1:COREDLL.dll
 0001:00025c58       __ges                      10026c58 f   corelib1:COREDLL.dll
 0001:00025c68       __subs                     10026c68 f   corelib1:COREDLL.dll
 0001:00025c78       vprintf                    10026c78 f   corelib1:COREDLL.dll
 0001:00025c88       _XcptFilter                10026c88 f   corelib1:COREDLL.dll
 0001:00025c98       __security_gen_cookie2     10026c98 f   corelib1:COREDLL.dll
 0001:00025ca8       __report_gsfailure         10026ca8 f   corelib1:COREDLL.dll
 0001:00025cb8       GetSystemTime              10026cb8 f   coredll:COREDLL.dll
 0001:00025cc8       RaiseException             10026cc8 f   coredll:COREDLL.dll
 0001:00025cd8       TerminateProcess           10026cd8 f   coredll:COREDLL.dll
 0001:00025ebc       _TI2PAVMP4Error@@          10026ebc     libmp4v2:mp4.obj
 0001:00025ecc       _CTA2PAVMP4Error@@         10026ecc     libmp4v2:mp4.obj
 0001:00025ed8       _CT??_R0PAVMP4Error@@@84   10026ed8     libmp4v2:mp4.obj
 0001:00025ef4       _CT??_R0PAX@84             10026ef4     libmp4v2:mp4.obj
 0001:00025f10       __IMPORT_DESCRIPTOR_ole32  10026f10     ole32:ole32.dll
 0001:00025f24       __IMPORT_DESCRIPTOR_COREDLL 10026f24     coredll:COREDLL.dll
 0001:00025f38       __IMPORT_DESCRIPTOR_WS2    10026f38     ws2:WS2.dll
 0001:00025f4c       __NULL_IMPORT_DESCRIPTOR   10026f4c     ole32:ole32.dll
 0002:00000000       __imp___divs               10028000     corelib1:COREDLL.dll
 0002:00000004       __imp_TerminateProcess     10028004     coredll:COREDLL.dll
 0002:00000008       __imp_RaiseException       10028008     coredll:COREDLL.dll
 0002:0000000c       __imp_GetSystemTime        1002800c     coredll:COREDLL.dll
 0002:00000010       __imp_EnterCriticalSection 10028010     coredll:COREDLL.dll
 0002:00000014       __imp_LeaveCriticalSection 10028014     coredll:COREDLL.dll
 0002:00000018       __imp_NKDbgPrintfW         10028018     coredll:COREDLL.dll
 0002:0000001c       __imp_InitializeCriticalSection 1002801c     coredll:COREDLL.dll
 0002:00000020       __imp_DeleteCriticalSection 10028020     coredll:COREDLL.dll
 0002:00000024       __imp_GetTickCount         10028024     coredll:COREDLL.dll
 0002:00000028       __imp_CloseHandle          10028028     coredll:COREDLL.dll
 0002:0000002c       __imp_WaitForSingleObject  1002802c     coredll:COREDLL.dll
 0002:00000030       __imp_InterlockedExchange  10028030     coredll:COREDLL.dll
 0002:00000034       __imp_Sleep                10028034     coredll:COREDLL.dll
 0002:00000038       __imp_InterlockedIncrement 10028038     coredll:COREDLL.dll
 0002:0000003c       __imp_InterlockedDecrement 1002803c     coredll:COREDLL.dll
 0002:00000040       __imp_FreeLibrary          10028040     coredll:COREDLL.dll
 0002:00000044       __imp_RegCloseKey          10028044     coredll:COREDLL.dll
 0002:00000048       __imp_RegQueryValueExW     10028048     coredll:COREDLL.dll
 0002:0000004c       __imp_RegOpenKeyExW        1002804c     coredll:COREDLL.dll
 0002:00000050       __imp_CeSetThreadPriority  10028050     coredll:COREDLL.dll
 0002:00000054       __imp_CreateEventW         10028054     coredll:COREDLL.dll
 0002:00000058       __imp_EventModify          10028058     coredll:COREDLL.dll
 0002:0000005c       __imp_wsprintfW            1002805c     coredll:COREDLL.dll
 0002:00000060       __imp_GetLastError         10028060     coredll:COREDLL.dll
 0002:00000064       __imp_CreateThread         10028064     coredll:COREDLL.dll
 0002:00000068       __imp_RegDeleteKeyW        10028068     coredll:COREDLL.dll
 0002:0000006c       __imp_RegEnumKeyExW        1002806c     coredll:COREDLL.dll
 0002:00000070       __imp_RegSetValueExW       10028070     coredll:COREDLL.dll
 0002:00000074       __imp_RegCreateKeyExW      10028074     coredll:COREDLL.dll
 0002:00000078       __imp_GetModuleFileNameW   10028078     coredll:COREDLL.dll
 0002:0000007c       __imp_DisableThreadLibraryCalls 1002807c     coredll:COREDLL.dll
 0002:00000080       __imp___report_gsfailure   10028080     corelib1:COREDLL.dll
 0002:00000084       __imp___security_gen_cookie2 10028084     corelib1:COREDLL.dll
 0002:00000088       __imp__XcptFilter          10028088     corelib1:COREDLL.dll
 0002:0000008c       __imp___utod               1002808c     corelib1:COREDLL.dll
 0002:00000090       __imp_free                 10028090     corelib1:COREDLL.dll
 0002:00000094       __imp_??3@YAXPAX@Z         10028094     corelib1:COREDLL.dll
 0002:00000098       __imp_memcmp               10028098     corelib1:COREDLL.dll
 0002:0000009c       __imp_memcpy               1002809c     corelib1:COREDLL.dll
 0002:000000a0       __imp_wcslen               100280a0     corelib1:COREDLL.dll
 0002:000000a4       __imp___divd               100280a4     corelib1:COREDLL.dll
 0002:000000a8       __imp_printf               100280a8     corelib1:COREDLL.dll
 0002:000000ac       __imp_malloc               100280ac     corelib1:COREDLL.dll
 0002:000000b0       __imp_strcmp               100280b0     corelib1:COREDLL.dll
 0002:000000b4       __imp_memset               100280b4     corelib1:COREDLL.dll
 0002:000000b8       __imp_??2@YAPAXI@Z         100280b8     corelib1:COREDLL.dll
 0002:000000bc       __imp_wcscpy               100280bc     corelib1:COREDLL.dll
 0002:000000c0       __imp___utos               100280c0     corelib1:COREDLL.dll
 0002:000000c4       __imp___muls               100280c4     corelib1:COREDLL.dll
 0002:000000c8       __imp___stou               100280c8     corelib1:COREDLL.dll
 0002:000000cc       __imp___i64tod             100280cc     corelib1:COREDLL.dll
 0002:000000d0       __imp___dtoi64             100280d0     corelib1:COREDLL.dll
 0002:000000d4       __imp___muld               100280d4     corelib1:COREDLL.dll
 0002:000000d8       __imp___rt_sdiv64by64      100280d8     corelib1:COREDLL.dll
 0002:000000dc       __imp___led                100280dc     corelib1:COREDLL.dll
 0002:000000e0       __imp__purecall            100280e0     corelib1:COREDLL.dll
 0002:000000e4       __imp___rt_udiv64by64      100280e4     corelib1:COREDLL.dll
 0002:000000e8       __imp_memmove              100280e8     corelib1:COREDLL.dll
 0002:000000ec       __imp___CxxThrowException  100280ec     corelib1:COREDLL.dll
 0002:000000f0       __imp_??_7type_info@@6B@   100280f0     corelib1:COREDLL.dll
 0002:000000f4       __imp___C_specific_handler 100280f4     corelib1:COREDLL.dll
 0002:000000f8       __imp_fprintf              100280f8     corelib1:COREDLL.dll
 0002:000000fc       __imp__getstdfilex         100280fc     corelib1:COREDLL.dll
 0002:00000100       __imp_sprintf              10028100     corelib1:COREDLL.dll
 0002:00000104       __imp_strlen               10028104     corelib1:COREDLL.dll
 0002:00000108       __imp__stricmp             10028108     corelib1:COREDLL.dll
 0002:0000010c       __imp_strcpy               1002810c     corelib1:COREDLL.dll
 0002:00000110       __imp_realloc              10028110     corelib1:COREDLL.dll
 0002:00000114       __imp_fclose               10028114     corelib1:COREDLL.dll
 0002:00000118       __imp_ftell                10028118     corelib1:COREDLL.dll
 0002:0000011c       __imp_fseek                1002811c     corelib1:COREDLL.dll
 0002:00000120       __imp_fopen                10028120     corelib1:COREDLL.dll
 0002:00000124       __imp__wfopen              10028124     corelib1:COREDLL.dll
 0002:00000128       __imp__snprintf            10028128     corelib1:COREDLL.dll
 0002:0000012c       __imp___itos               1002812c     corelib1:COREDLL.dll
 0002:00000130       __imp_strchr               10028130     corelib1:COREDLL.dll
 0002:00000134       __imp_strncmp              10028134     corelib1:COREDLL.dll
 0002:00000138       __imp___rt_udiv            10028138     corelib1:COREDLL.dll
 0002:0000013c       __imp_ceil                 1002813c     corelib1:COREDLL.dll
 0002:00000140       __imp___dtou               10028140     corelib1:COREDLL.dll
 0002:00000144       __imp___CxxFrameHandler3   10028144     corelib1:COREDLL.dll
 0002:00000148       __imp_tolower              10028148     corelib1:COREDLL.dll
 0002:0000014c       __imp_sscanf               1002814c     corelib1:COREDLL.dll
 0002:00000150       __imp_strncpy              10028150     corelib1:COREDLL.dll
 0002:00000154       __imp___addd               10028154     corelib1:COREDLL.dll
 0002:00000158       __imp___dtou64             10028158     corelib1:COREDLL.dll
 0002:0000015c       __imp_fflush               1002815c     corelib1:COREDLL.dll
 0002:00000160       __imp___stod               10028160     corelib1:COREDLL.dll
 0002:00000164       __imp_fputs                10028164     corelib1:COREDLL.dll
 0002:00000168       __imp__isctype             10028168     corelib1:COREDLL.dll
 0002:0000016c       __imp_fgetpos              1002816c     corelib1:COREDLL.dll
 0002:00000170       __imp_fsetpos              10028170     corelib1:COREDLL.dll
 0002:00000174       __imp_feof                 10028174     corelib1:COREDLL.dll
 0002:00000178       __imp_fread                10028178     corelib1:COREDLL.dll
 0002:0000017c       __imp_fwrite               1002817c     corelib1:COREDLL.dll
 0002:00000180       __imp___adds               10028180     corelib1:COREDLL.dll
 0002:00000184       __imp___ges                10028184     corelib1:COREDLL.dll
 0002:00000188       __imp___subs               10028188     corelib1:COREDLL.dll
 0002:0000018c       __imp_vprintf              1002818c     corelib1:COREDLL.dll
 0002:00000190       \177COREDLL_NULL_THUNK_DATA 10028190     coredll:COREDLL.dll
 0002:00000194       __imp_htonl                10028194     ws2:WS2.dll
 0002:00000198       \177WS2_NULL_THUNK_DATA    10028198     ws2:WS2.dll
 0002:0000019c       __imp_StringFromGUID2      1002819c     ole32:ole32.dll
 0002:000001a0       __imp_CoInitializeEx       100281a0     ole32:ole32.dll
 0002:000001a4       __imp_CoFreeUnusedLibraries 100281a4     ole32:ole32.dll
 0002:000001a8       __imp_CoUninitialize       100281a8     ole32:ole32.dll
 0002:000001ac       __imp_CoCreateInstance     100281ac     ole32:ole32.dll
 0002:000001b0       __imp_CoTaskMemFree        100281b0     ole32:ole32.dll
 0002:000001b4       __imp_CoTaskMemAlloc       100281b4     ole32:ole32.dll
 0002:000001b8       \177ole32_NULL_THUNK_DATA  100281b8     ole32:ole32.dll
 0002:000001c4       ?g_Templates@@3PAVCFactoryTemplate@@A 100281c4     SsapMp4Parser.obj
 0002:000001d8       ?g_cTemplates@@3HA         100281d8     SsapMp4Parser.obj
 0002:000001fc       ??_R0PAVMP4Error@@@8       100281fc     libmp4v2:mp4.obj
 0002:00000214       ??_R0PAX@8                 10028214     libmp4v2:mp4.obj
 0002:00000224       ?brandsWithIods@@3PAPADA   10028224     libmp4v2:mp4file.obj
 0002:00000590       __security_cookie          10028590     corelib0:seccinit.obj
 0002:00000594       __security_cookie_complement 10028594     corelib0:seccinit.obj
 0002:00000598       ?hlibOLEAut32@@3PAUHINSTANCE__@@A 10028598     strmbase:combase.obj
 0002:0000059c       ?m_cObjects@CBaseObject@@0JA 1002859c     strmbase:combase.obj
 0002:000005b0       ?g_osInfo@@3U_OSVERSIONINFOW@@A 100285b0     strmbase:dllentry.obj
 0002:000006c4       ?g_amPlatform@@3KA         100286c4     strmbase:dllentry.obj
 0002:000006c8       ?g_hInst@@3PAUHINSTANCE__@@A 100286c8     strmbase:dllentry.obj
 0002:000006cc       ?m_cLocked@CClassFactory@@0HA 100286cc     strmbase:dllentry.obj
 0002:000006d0       __@@_PchSym_@00@UbaprjuvUkfyorxUwrivxgcUhwpUhznkovhUwhsldUyzhvxozhhvhUsvzwvwUlyqUzineErUivgzroUhgivznhOlyq@strmbase 100286d0     strmbase:streams.obj
 0002:000006da       _exitflag                  100286da     corelib0:cexit.obj
 0002:000006dc       __onexitend                100286dc     <common>
 0002:000006e0       __onexitbegin              100286e0     <common>
 0002:000006e4       g_pcsExit                  100286e4     <common>
 0002:000006e8       _pRawDllMain               100286e8     <common>

 entry point at        0001:00025554

 Static symbols

 0001:000064b8       num_bits                   100074b8 f   get_videoinfo.obj
 0001:00006750       read_bits                  10007750 f   get_videoinfo.obj
 0001:000067d8       ue_v                       100077d8 f   get_videoinfo.obj
 0001:00007350       ?GetVideoStreamHeader@@YAHPAXIHPAEPAH@Z 10008350 f   fSsapMp4Parser.obj
 0001:00007580       ?GetVideoProfileAndSize@@YAHPAXIHPAH11@Z 10008580 f   fSsapMp4Parser.obj
 0001:0000cd44       ?EnsureThreadPriorityLevels@@YAXXZ 1000dd44 f   strmbase:wxutil.obj
 0001:0001554c       __catch$43565              1001654c f   libmp4v2:mp4property.obj
 0001:0002308c       ?MP4Printf@@YAXPBDZZ       1002408c f   libmp4v2:atom_dref.obj
 0001:00025458       _DllMainCRTStartupHelper   10026458 f   corelib0:pegdmain.obj
 0001:000256e8       doexit                     100266e8 f   corelib0:cexit.obj
