 libGLESv1_CM

 Timestamp is 4a236f3b (Mon Jun 01 15:03:39 2009)

 Preferred load address is 10000000

 Start         Length     Name                   Class
 0001:00000000 00000004H .CRT$XCA                CODE
 0001:00000004 00000004H .CRT$XCZ                CODE
 0001:00000008 00000004H .CRT$XIA                CODE
 0001:0000000c 00000004H .CRT$XIZ                CODE
 0001:00000010 00000004H .CRT$XPA                CODE
 0001:00000014 00000004H .CRT$XPZ                CODE
 0001:00000018 00000004H .CRT$XTA                CODE
 0001:0000001c 00000004H .CRT$XTZ                CODE
 0001:00000020 0001003aH .rdata                  CODE
 0001:0001005c 00000029H .rdata$debug            CODE
 0001:000100a0 0005aa8cH .text                   CODE
 0001:0006ab2c 00000020H .xdata                  CODE
 0001:0006ab4c 00000028H .idata$2                CODE
 0001:0006ab74 00000014H .idata$3                CODE
 0001:0006ab88 00000164H .idata$4                CODE
 0001:0006acec 00000114H .idata$6                CODE
 0001:0006ae00 00000ea1H .edata                  CODE
 0002:00000000 00000164H .idata$5                DATA
 0002:00000168 000001a8H .data                   DATA
 0002:00000310 00003f6cH .bss                    DATA
 0003:00000000 00001d60H .pdata                  DATA

  Address         Publics by Value              Rva+Base       Lib:Object

 0000:00000000       ___safe_se_handler_count   00000000     <absolute>
 0000:00000000       ___safe_se_handler_table   00000000     <absolute>
 0001:00000000       __xc_a                     10001000     corelib0:crt0init.obj
 0001:00000004       __xc_z                     10001004     corelib0:crt0init.obj
 0001:00000008       __xi_a                     10001008     corelib0:crt0init.obj
 0001:0000000c       __xi_z                     1000100c     corelib0:crt0init.obj
 0001:00000010       __xp_a                     10001010     corelib0:crt0init.obj
 0001:00000014       __xp_z                     10001014     corelib0:crt0init.obj
 0001:00000018       __xt_a                     10001018     corelib0:crt0init.obj
 0001:0000001c       __xt_z                     1000101c     corelib0:crt0init.obj
 0001:0000009c       maxInt                     1000109c     glgets.obj
 0001:000000a0       ??_C@_0BL@ILKAPFNP@1?41?5?$CIlib?5version?511?402?434?$CJ?$AA@ 100010a0     glgets.obj
 0001:000000ec       ??_C@_1CA@GFMDGHEP@?$AAg?$AAl?$AAP?$AAo?$AAi?$AAn?$AAt?$AAS?$AAi?$AAz?$AAe?$AA?5?$AA?5?$AA?$AN?$AA?6?$AA?$AA@ 100010ec     glmisc.obj
 0001:0000012c       ??_C@_1BM@LEAJJAKB@?$AAg?$AAl?$AAC?$AAo?$AAl?$AAo?$AAr?$AA4?$AAx?$AA?5?$AA?5?$AA?$AN?$AA?6?$AA?$AA@ 1000112c     glvertex.obj
 0001:00000148       ??_C@_1DE@BIJDKBDJ@?$AAg?$AAl?$AAP?$AAo?$AAi?$AAn?$AAt?$AAS?$AAi?$AAz?$AAe?$AAP?$AAo?$AAi?$AAn?$AAt?$AAe?$AAr?$AAO?$AAE?$AAS?$AA?5?$AA?5?$AA?$AN?$AA?6?$AA?$AA@ 10001148     glvertex.obj
 0001:0000017c       ??_C@_1DI@JMNKHAKJ@?$AAg?$AAl?$AAM?$AAa?$AAt?$AAr?$AAi?$AAx?$AAI?$AAn?$AAd?$AAe?$AAx?$AAP?$AAo?$AAi?$AAn?$AAt?$AAe?$AAr?$AAO?$AAE?$AAS?$AA?5?$AA?5?$AA?$AN?$AA?6?$AA?$AA@ 1000117c     glvertex.obj
 0001:000001b4       ??_C@_1CO@MJCJFMKL@?$AAg?$AAl?$AAW?$AAe?$AAi?$AAg?$AAh?$AAt?$AAP?$AAo?$AAi?$AAn?$AAt?$AAe?$AAr?$AAO?$AAE?$AAS?$AA?5?$AA?5?$AA?$AN?$AA?6?$AA?$AA@ 100011b4     glvertex.obj
 0001:000001f8       ??_C@_0DEL@LCNHHIDN@?6?$CD?9?9?9?9?9?9?9?9?9?9?9?9?9?9?9?9?9?9?9?9?9?9?9?9?9?9?9?9?9?9@ 100011f8     loadshader.obj
 0001:00000548       ??_C@_0COJ@CJGPLELN@?$CD?9?9?9?9?9?9?9?9?9?9?9?9?9?9?9?9?9?9?9?9?9?9?9?9?9?9?9?9?9?9?9@ 10001548     loadshader.obj
 0001:00000838       ??_C@_0CGP@NLAODEMN@?6?$CD?9?9?9?9?9?9?9?9?9?9?9?9?9?9?9?9?9?9?9?9?9?9?9?9?9?9?9?9?9?9@ 10001838     loadshader.obj
 0001:00000aa8       ??_C@_0CAO@ONIDFEMA@?6?$CD?9?9?9?9?9?9?9?9?9?9?9?9?9?9?9?9?9?9?9?9?9?9?9?9?9?9?9?9?9?9@ 10001aa8     loadshader.obj
 0001:00000cb8       ??_C@_0CAG@JPCGNMAK@?6?$CD?9?9?9?9?9?9?9?9?9?9?9?9?9?9?9?9?9?9?9?9?9?9?9?9?9?9?9?9?9?9@ 10001cb8     loadshader.obj
 0001:00000ec0       ??_C@_0DMK@BIODDKOF@?6?$CD?9?9?9?9?9?9?9?9?9?9?9?9?9?9?9?9?9?9?9?9?9?9?9?9?9?9?9?9?9?9@ 10001ec0     loadshader.obj
 0001:00001290       ??_C@_0CGIG@GIDKBAH@?1?1Joydeep?6uniform?5mat4?5ModelView@ 10002290     loadshader.obj
 0001:00003918       ??_C@_0DGJA@LBFNFIHH@?$CDifdef?5GL_ES?6precision?5highp?5flo@ 10004918     loadshader.obj
 0001:0000c0cc       ATTRIB_LOC_Vertex          1000d0cc     loadshader.obj
 0001:0000c0d0       ATTRIB_LOC_Color           1000d0d0     loadshader.obj
 0001:0000c0d4       ATTRIB_LOC_Normal          1000d0d4     loadshader.obj
 0001:0000c0d8       ATTRIB_LOC_MultiTexCoord   1000d0d8     loadshader.obj
 0001:0000c0e0       ATTRIB_LOC_PointSize       1000d0e0     loadshader.obj
 0001:0000c0e4       ??_C@_0BA@PFLEPDB@ModelViewMatrix?$AA@ 1000d0e4     loadshader.obj
 0001:0000c0f4       ??_C@_0BK@DEBBPGHA@ModelViewProjectionMatrix?$AA@ 1000d0f4     loadshader.obj
 0001:0000c110       ??_C@_0BB@JKLCLJEP@TextureMatrix?$FL0?$FN?$AA@ 1000d110     loadshader.obj
 0001:0000c124       ??_C@_0BB@JLHANDHI@TextureMatrix?$FL1?$FN?$AA@ 1000d124     loadshader.obj
 0001:0000c138       ??_C@_0N@CINNHGPB@NormalMatrix?$AA@ 1000d138     loadshader.obj
 0001:0000c148       ??_C@_0N@EOOMJPOC@PointEnabled?$AA@ 1000d148     loadshader.obj
 0001:0000c158       ??_C@_0L@GFLKIJDA@Point?4size?$AA@ 1000d158     loadshader.obj
 0001:0000c164       ??_C@_0O@DAJIKKAD@Point?4sizeMin?$AA@ 1000d164     loadshader.obj
 0001:0000c174       ??_C@_0O@CCBDEOGM@Point?4sizeMax?$AA@ 1000d174     loadshader.obj
 0001:0000c184       ??_C@_0BI@ENLIDIIG@Point?4fadeThresholdSize?$AA@ 1000d184     loadshader.obj
 0001:0000c19c       ??_C@_0CC@EPHADOFI@Point?4distanceConstantAttenuatio@ 1000d19c     loadshader.obj
 0001:0000c1c0       ??_C@_0CA@EEMCNAPA@Point?4distanceLinearAttenuation?$AA@ 1000d1c0     loadshader.obj
 0001:0000c1e0       ??_C@_0CD@BHGCIFHO@Point?4distanceQuadraticAttenuati@ 1000d1e0     loadshader.obj
 0001:0000c204       ??_C@_0BL@NCMFIFNC@FrontNBackMaterial?4ambient?$AA@ 1000d204     loadshader.obj
 0001:0000c220       ??_C@_0BL@GAJFDOMO@FrontNBackMaterial?4diffuse?$AA@ 1000d220     loadshader.obj
 0001:0000c23c       ??_C@_0BM@KELGAAHO@FrontNBackMaterial?4specular?$AA@ 1000d23c     loadshader.obj
 0001:0000c258       ??_C@_0BF@CAIJNBPG@colorMaterialEnabled?$AA@ 1000d258     loadshader.obj
 0001:0000c270       ??_C@_0BN@BCBPDIAI@FrontNBackMaterial?4shininess?$AA@ 1000d270     loadshader.obj
 0001:0000c290       ??_C@_0BH@CPLBGOOP@LightSource?$FL0?$FN?4ambient?$AA@ 1000d290     loadshader.obj
 0001:0000c2a8       ??_C@_0BH@JNOBNFPD@LightSource?$FL0?$FN?4diffuse?$AA@ 1000d2a8     loadshader.obj
 0001:0000c2c0       ??_C@_0BI@PMCDDIIE@LightSource?$FL0?$FN?4specular?$AA@ 1000d2c0     loadshader.obj
 0001:0000c2d8       ??_C@_0BI@CDPHAEIB@LightSource?$FL0?$FN?4position?$AA@ 1000d2d8     loadshader.obj
 0001:0000c2f0       ??_C@_0BN@HPADNILK@LightSource?$FL0?$FN?4spotDirection?$AA@ 1000d2f0     loadshader.obj
 0001:0000c310       ??_C@_0BM@OOPNHDPO@LightSource?$FL0?$FN?4spotExponent?$AA@ 1000d310     loadshader.obj
 0001:0000c32c       ??_C@_0BK@OFJIEGG@LightSource?$FL0?$FN?4spotCutoff?$AA@ 1000d32c     loadshader.obj
 0001:0000c348       ??_C@_0BN@LJOOLJKM@LightSource?$FL0?$FN?4spotCosCutoff?$AA@ 1000d348     loadshader.obj
 0001:0000c368       ??_C@_0CD@BHFFMBFJ@LightSource?$FL0?$FN?4constantAttenuati@ 1000d368     loadshader.obj
 0001:0000c38c       ??_C@_0CB@EFLDLFJA@LightSource?$FL0?$FN?4linearAttenuation@ 1000d38c     loadshader.obj
 0001:0000c3b0       ??_C@_0CE@GADNJABH@LightSource?$FL0?$FN?4quadraticAttenuat@ 1000d3b0     loadshader.obj
 0001:0000c3d4       ??_C@_0BN@JLDIPBNJ@LightSource?$FL0?$FN?4isDirectional?$AA@ 1000d3d4     loadshader.obj
 0001:0000c3f4       ??_C@_0BH@OODPLBCP@LightSource?$FL1?$FN?4ambient?$AA@ 1000d3f4     loadshader.obj
 0001:0000c40c       ??_C@_0BH@FMGPAKDD@LightSource?$FL1?$FN?4diffuse?$AA@ 1000d40c     loadshader.obj
 0001:0000c424       ??_C@_0BI@GHIGHEOL@LightSource?$FL1?$FN?4specular?$AA@ 1000d424     loadshader.obj
 0001:0000c43c       ??_C@_0BI@LIFCEIOO@LightSource?$FL1?$FN?4position?$AA@ 1000d43c     loadshader.obj
 0001:0000c454       ??_C@_0BN@PIKFBDPJ@LightSource?$FL1?$FN?4spotDirection?$AA@ 1000d454     loadshader.obj
 0001:0000c474       ??_C@_0BM@EAJFOCGP@LightSource?$FL1?$FN?4spotExponent?$AA@ 1000d474     loadshader.obj
 0001:0000c490       ??_C@_0BK@JDFGGFBA@LightSource?$FL1?$FN?4spotCutoff?$AA@ 1000d490     loadshader.obj
 0001:0000c4ac       ??_C@_0BN@DOEIHCOP@LightSource?$FL1?$FN?4spotCosCutoff?$AA@ 1000d4ac     loadshader.obj
 0001:0000c4cc       ??_C@_0CD@IMCGCLIN@LightSource?$FL1?$FN?4constantAttenuati@ 1000d4cc     loadshader.obj
 0001:0000c4f0       ??_C@_0CB@NKGJDGAO@LightSource?$FL1?$FN?4linearAttenuation@ 1000d4f0     loadshader.obj
 0001:0000c514       ??_C@_0CE@OBBIPFDA@LightSource?$FL1?$FN?4quadraticAttenuat@ 1000d514     loadshader.obj
 0001:0000c538       ??_C@_0BN@BMJODKJK@LightSource?$FL1?$FN?4isDirectional?$AA@ 1000d538     loadshader.obj
 0001:0000c558       ??_C@_0BH@HHNNNHCO@LightSource?$FL2?$FN?4ambient?$AA@ 1000d558     loadshader.obj
 0001:0000c570       ??_C@_0BH@MFINGMDC@LightSource?$FL2?$FN?4diffuse?$AA@ 1000d570     loadshader.obj
 0001:0000c588       ??_C@_0BI@BABIKGBL@LightSource?$FL2?$FN?4specular?$AA@ 1000d588     loadshader.obj
 0001:0000c5a0       ??_C@_0BI@MPMMJKBO@LightSource?$FL2?$FN?4position?$AA@ 1000d5a0     loadshader.obj
 0001:0000c5b8       ??_C@_0BN@KLDPEIHN@LightSource?$FL2?$FN?4spotDirection?$AA@ 1000d5b8     loadshader.obj
 0001:0000c5d8       ??_C@_0BM@GJFNFGJN@LightSource?$FL2?$FN?4spotExponent?$AA@ 1000d5d8     loadshader.obj
 0001:0000c5f4       ??_C@_0BK@OPDHEAML@LightSource?$FL2?$FN?4spotCutoff?$AA@ 1000d5f4     loadshader.obj
 0001:0000c610       ??_C@_0BN@GNNCCJGL@LightSource?$FL2?$FN?4spotCosCutoff?$AA@ 1000d610     loadshader.obj
 0001:0000c630       ??_C@_0CD@PKMDBCLA@LightSource?$FL2?$FN?4constantAttenuati@ 1000d630     loadshader.obj
 0001:0000c654       ??_C@_0CB@KBHHLEON@LightSource?$FL2?$FN?4linearAttenuation@ 1000d654     loadshader.obj
 0001:0000c678       ??_C@_0CE@LJAGFMBI@LightSource?$FL2?$FN?4quadraticAttenuat@ 1000d678     loadshader.obj
 0001:0000c69c       ??_C@_0BN@EPAEGBBO@LightSource?$FL2?$FN?4isDirectional?$AA@ 1000d69c     loadshader.obj
 0001:0000c6bc       ??_C@_0BH@LGFDAIOO@LightSource?$FL3?$FN?4ambient?$AA@ 1000d6bc     loadshader.obj
 0001:0000c6d4       ??_C@_0BH@EADLDPC@LightSource?$FL3?$FN?4diffuse?$AA@ 1000d6d4     loadshader.obj
 0001:0000c6ec       ??_C@_0BI@ILLNOKHE@LightSource?$FL3?$FN?4specular?$AA@ 1000d6ec     loadshader.obj
 0001:0000c704       ??_C@_0BI@FEGJNGHB@LightSource?$FL3?$FN?4position?$AA@ 1000d704     loadshader.obj
 0001:0000c71c       ??_C@_0BN@CMJJIDDO@LightSource?$FL3?$FN?4spotDirection?$AA@ 1000d71c     loadshader.obj
 0001:0000c73c       ??_C@_0BM@MHDFMHAM@LightSource?$FL3?$FN?4spotExponent?$AA@ 1000d73c     loadshader.obj
 0001:0000c758       ??_C@_0BK@HCDIKBLN@LightSource?$FL3?$FN?4spotCutoff?$AA@ 1000d758     loadshader.obj
 0001:0000c774       ??_C@_0BN@OKHEOCCI@LightSource?$FL3?$FN?4spotCosCutoff?$AA@ 1000d774     loadshader.obj
 0001:0000c794       ??_C@_0CD@GBLAPIGE@LightSource?$FL3?$FN?4constantAttenuati@ 1000d794     loadshader.obj
 0001:0000c7b8       ??_C@_0CB@DOKNDHHD@LightSource?$FL3?$FN?4linearAttenuation@ 1000d7b8     loadshader.obj
 0001:0000c7dc       ??_C@_0CE@DICDDJDP@LightSource?$FL3?$FN?4quadraticAttenuat@ 1000d7dc     loadshader.obj
 0001:0000c800       ??_C@_0BN@MIKCKKFN@LightSource?$FL3?$FN?4isDirectional?$AA@ 1000d800     loadshader.obj
 0001:0000c820       ??_C@_0BH@JPGIBNGN@LightSource?$FL4?$FN?4ambient?$AA@ 1000d820     loadshader.obj
 0001:0000c838       ??_C@_0BH@CNDIKGHB@LightSource?$FL4?$FN?4diffuse?$AA@ 1000d838     loadshader.obj
 0001:0000c850       ??_C@_0BI@PPCFADPL@LightSource?$FL4?$FN?4specular?$AA@ 1000d850     loadshader.obj
 0001:0000c868       ??_C@_0BI@CAPBDPPO@LightSource?$FL4?$FN?4position?$AA@ 1000d868     loadshader.obj
 0001:0000c880       ??_C@_0BN@MALPPHF@LightSource?$FL4?$FN?4spotDirection?$AA@ 1000d880     loadshader.obj
 0001:0000c8a0       ??_C@_0BM@DKMMDPHJ@LightSource?$FL4?$FN?4spotExponent?$AA@ 1000d8a0     loadshader.obj
 0001:0000c8bc       ??_C@_0BK@BHPFALHN@LightSource?$FL4?$FN?4spotCutoff?$AA@ 1000d8bc     loadshader.obj
 0001:0000c8d8       ??_C@_0BN@MKOGJOGD@LightSource?$FL4?$FN?4spotCosCutoff?$AA@ 1000d8d8     loadshader.obj
 0001:0000c8f8       ??_C@_0CD@BHAJGAMK@LightSource?$FL4?$FN?4constantAttenuati@ 1000d8f8     loadshader.obj
 0001:0000c91c       ??_C@_0CB@FHEKLBCL@LightSource?$FL4?$FN?4linearAttenuation@ 1000d91c     loadshader.obj
 0001:0000c940       ??_C@_0CE@JDLAOEI@LightSource?$FL4?$FN?4quadraticAttenuat@ 1000d940     loadshader.obj
 0001:0000c964       ??_C@_0BN@OIDANGBG@LightSource?$FL4?$FN?4isDirectional?$AA@ 1000d964     loadshader.obj
 0001:0000c984       ??_C@_0BH@FOOGMCKN@LightSource?$FL5?$FN?4ambient?$AA@ 1000d984     loadshader.obj
 0001:0000c99c       ??_C@_0BH@OMLGHJLB@LightSource?$FL5?$FN?4diffuse?$AA@ 1000d99c     loadshader.obj
 0001:0000c9b4       ??_C@_0BI@GEIAEPJE@LightSource?$FL5?$FN?4specular?$AA@ 1000d9b4     loadshader.obj
 0001:0000c9cc       ??_C@_0BI@LLFEHDJB@LightSource?$FL5?$FN?4position?$AA@ 1000d9cc     loadshader.obj
 0001:0000c9e4       ??_C@_0BN@ILKNDEDG@LightSource?$FL5?$FN?4spotDirection?$AA@ 1000d9e4     loadshader.obj
 0001:0000ca04       ??_C@_0BM@JEKEKOOI@LightSource?$FL5?$FN?4spotExponent?$AA@ 1000da04     loadshader.obj
 0001:0000ca20       ??_C@_0BK@IKPKOKAL@LightSource?$FL5?$FN?4spotCutoff?$AA@ 1000da20     loadshader.obj
 0001:0000ca3c       ??_C@_0BN@ENEAFFCA@LightSource?$FL5?$FN?4spotCosCutoff?$AA@ 1000da3c     loadshader.obj
 0001:0000ca5c       ??_C@_0CD@IMHKIKBO@LightSource?$FL5?$FN?4constantAttenuati@ 1000da5c     loadshader.obj
 0001:0000ca80       ??_C@_0CB@MIJADCLF@LightSource?$FL5?$FN?4linearAttenuation@ 1000da80     loadshader.obj
 0001:0000caa4       ??_C@_0CE@IIBOGLGP@LightSource?$FL5?$FN?4quadraticAttenuat@ 1000daa4     loadshader.obj
 0001:0000cac8       ??_C@_0BN@GPJGBNFF@LightSource?$FL5?$FN?4isDirectional?$AA@ 1000dac8     loadshader.obj
 0001:0000cae8       ??_C@_0BH@MHAEKEKM@LightSource?$FL6?$FN?4ambient?$AA@ 1000dae8     loadshader.obj
 0001:0000cb00       ??_C@_0BH@HFFEBPLA@LightSource?$FL6?$FN?4diffuse?$AA@ 1000db00     loadshader.obj
 0001:0000cb18       ??_C@_0BI@BDBOJNGE@LightSource?$FL6?$FN?4specular?$AA@ 1000db18     loadshader.obj
 0001:0000cb30       ??_C@_0BI@MMMKKBGB@LightSource?$FL6?$FN?4position?$AA@ 1000db30     loadshader.obj
 0001:0000cb48       ??_C@_0BN@NIDHGPLC@LightSource?$FL6?$FN?4spotDirection?$AA@ 1000db48     loadshader.obj
 0001:0000cb68       ??_C@_0BM@LNGMBKBK@LightSource?$FL6?$FN?4spotExponent?$AA@ 1000db68     loadshader.obj
 0001:0000cb84       ??_C@_0BK@PGJLMPNA@LightSource?$FL6?$FN?4spotCutoff?$AA@ 1000db84     loadshader.obj
 0001:0000cba0       ??_C@_0BN@BONKAOKE@LightSource?$FL6?$FN?4spotCosCutoff?$AA@ 1000dba0     loadshader.obj
 0001:0000cbc0       ??_C@_0CD@PKJPLDCD@LightSource?$FL6?$FN?4constantAttenuati@ 1000dbc0     loadshader.obj
 0001:0000cbe4       ??_C@_0CB@LDIOLAFG@LightSource?$FL6?$FN?4linearAttenuation@ 1000dbe4     loadshader.obj
 0001:0000cc08       ??_C@_0CE@NAAAMCEH@LightSource?$FL6?$FN?4quadraticAttenuat@ 1000dc08     loadshader.obj
 0001:0000cc2c       ??_C@_0BN@DMAMEGNB@LightSource?$FL6?$FN?4isDirectional?$AA@ 1000dc2c     loadshader.obj
 0001:0000cc4c       ??_C@_0BH@GIKHLGM@LightSource?$FL7?$FN?4ambient?$AA@ 1000dc4c     loadshader.obj
 0001:0000cc64       ??_C@_0BH@LENKMAHA@LightSource?$FL7?$FN?4diffuse?$AA@ 1000dc64     loadshader.obj
 0001:0000cc7c       ??_C@_0BI@IILLNBAL@LightSource?$FL7?$FN?4specular?$AA@ 1000dc7c     loadshader.obj
 0001:0000cc94       ??_C@_0BI@FHGPONAO@LightSource?$FL7?$FN?4position?$AA@ 1000dc94     loadshader.obj
 0001:0000ccac       ??_C@_0BN@FPJBKEPB@LightSource?$FL7?$FN?4spotDirection?$AA@ 1000dcac     loadshader.obj
 0001:0000cccc       ??_C@_0BM@BDAEILIL@LightSource?$FL7?$FN?4spotExponent?$AA@ 1000dccc     loadshader.obj
 0001:0000cce8       ??_C@_0BK@GLJECOKG@LightSource?$FL7?$FN?4spotCutoff?$AA@ 1000dce8     loadshader.obj
 0001:0000cd04       ??_C@_0BN@JJHMMFOH@LightSource?$FL7?$FN?4spotCosCutoff?$AA@ 1000dd04     loadshader.obj
 0001:0000cd24       ??_C@_0CD@GBOMFJPH@LightSource?$FL7?$FN?4constantAttenuati@ 1000dd24     loadshader.obj
 0001:0000cd48       ??_C@_0CB@CMFEDDMI@LightSource?$FL7?$FN?4linearAttenuation@ 1000dd48     loadshader.obj
 0001:0000cd6c       ??_C@_0CE@FBCFKHGA@LightSource?$FL7?$FN?4quadraticAttenuat@ 1000dd6c     loadshader.obj
 0001:0000cd90       ??_C@_0BN@LLKKINJC@LightSource?$FL7?$FN?4isDirectional?$AA@ 1000dd90     loadshader.obj
 0001:0000cdb0       ??_C@_0BA@EMJOMJGG@LightingEnabled?$AA@ 1000ddb0     loadshader.obj
 0001:0000cdc0       ??_C@_0N@GDEBJOMP@numLightUsed?$AA@ 1000ddc0     loadshader.obj
 0001:0000cdd0       ??_C@_0CH@GALICACJ@FrontNBackLightModelProduct?4scen@ 1000ddd0     loadshader.obj
 0001:0000cdf8       ??_C@_0BA@FEOBDIEN@TexEnv?$FL0?$FN?4color?$AA@ 1000ddf8     loadshader.obj
 0001:0000ce08       ??_C@_0P@MKKIHDLF@TexEnv?$FL0?$FN?4mode?$AA@ 1000de08     loadshader.obj
 0001:0000ce18       ??_C@_0BF@BCNHCCGJ@TexEnv?$FL0?$FN?4combineRgb?$AA@ 1000de18     loadshader.obj
 0001:0000ce30       ??_C@_0BH@FDPPJNJD@TexEnv?$FL0?$FN?4combineAlpha?$AA@ 1000de30     loadshader.obj
 0001:0000ce48       ??_C@_0BE@IFELGIFH@TexEnv?$FL0?$FN?4srcRgb?$FL0?$FN?$AA@ 1000de48     loadshader.obj
 0001:0000ce5c       ??_C@_0BE@IEIJACGA@TexEnv?$FL0?$FN?4srcRgb?$FL1?$FN?$AA@ 1000de5c     loadshader.obj
 0001:0000ce70       ??_C@_0BE@IGMPLMDJ@TexEnv?$FL0?$FN?4srcRgb?$FL2?$FN?$AA@ 1000de70     loadshader.obj
 0001:0000ce84       ??_C@_0BG@HHNECJK@TexEnv?$FL0?$FN?4srcAlpha?$FL0?$FN?$AA@ 1000de84     loadshader.obj
 0001:0000ce9c       ??_C@_0BG@GLPCIKN@TexEnv?$FL0?$FN?4srcAlpha?$FL1?$FN?$AA@ 1000de9c     loadshader.obj
 0001:0000ceb4       ??_C@_0BG@EPJJGPE@TexEnv?$FL0?$FN?4srcAlpha?$FL2?$FN?$AA@ 1000deb4     loadshader.obj
 0001:0000cecc       ??_C@_0BI@BHEKPFN@TexEnv?$FL0?$FN?4operandRgb?$FL0?$FN?$AA@ 1000decc     loadshader.obj
 0001:0000cee4       ??_C@_0BI@LGMFGK@TexEnv?$FL0?$FN?4operandRgb?$FL1?$FN?$AA@ 1000dee4     loadshader.obj
 0001:0000cefc       ??_C@_0BI@CPAHLDD@TexEnv?$FL0?$FN?4operandRgb?$FL2?$FN?$AA@ 1000defc     loadshader.obj
 0001:0000cf14       ??_C@_0BK@PIJCHJDM@TexEnv?$FL0?$FN?4operandAlpha?$FL0?$FN?$AA@ 1000df14     loadshader.obj
 0001:0000cf30       ??_C@_0BK@PJFABDAL@TexEnv?$FL0?$FN?4operandAlpha?$FL1?$FN?$AA@ 1000df30     loadshader.obj
 0001:0000cf4c       ??_C@_0BK@PLBGKNFC@TexEnv?$FL0?$FN?4operandAlpha?$FL2?$FN?$AA@ 1000df4c     loadshader.obj
 0001:0000cf68       ??_C@_0BD@HEFEACCM@TexEnv?$FL0?$FN?4rgbScale?$AA@ 1000df68     loadshader.obj
 0001:0000cf7c       ??_C@_0BF@MIACBIJI@TexEnv?$FL0?$FN?4alphaScale?$AA@ 1000df7c     loadshader.obj
 0001:0000cf94       ??_C@_0BA@EDJKCMAO@TexEnv?$FL1?$FN?4color?$AA@ 1000df94     loadshader.obj
 0001:0000cfa4       ??_C@_0P@GACHDCL@TexEnv?$FL1?$FN?4mode?$AA@ 1000dfa4     loadshader.obj
 0001:0000cfb4       ??_C@_0BF@IPNIMDBP@TexEnv?$FL1?$FN?4combineRgb?$AA@ 1000dfb4     loadshader.obj
 0001:0000cfcc       ??_C@_0BH@PNJHAMAC@TexEnv?$FL1?$FN?4combineAlpha?$AA@ 1000dfcc     loadshader.obj
 0001:0000cfe4       ??_C@_0BE@FINNLBNC@TexEnv?$FL1?$FN?4srcRgb?$FL0?$FN?$AA@ 1000dfe4     loadshader.obj
 0001:0000cff8       ??_C@_0BE@FJBPNLOF@TexEnv?$FL1?$FN?4srcRgb?$FL1?$FN?$AA@ 1000dff8     loadshader.obj
 0001:0000d00c       ??_C@_0BE@FLFJGFLM@TexEnv?$FL1?$FN?4srcRgb?$FL2?$FN?$AA@ 1000e00c     loadshader.obj
 0001:0000d020       ??_C@_0BG@LOIGJJHC@TexEnv?$FL1?$FN?4srcAlpha?$FL0?$FN?$AA@ 1000e020     loadshader.obj
 0001:0000d038       ??_C@_0BG@LPEEPDEF@TexEnv?$FL1?$FN?4srcAlpha?$FL1?$FN?$AA@ 1000e038     loadshader.obj
 0001:0000d050       ??_C@_0BG@LNACENBM@TexEnv?$FL1?$FN?4srcAlpha?$FL2?$FN?$AA@ 1000e050     loadshader.obj
 0001:0000d068       ??_C@_0BI@IGNCGEBO@TexEnv?$FL1?$FN?4operandRgb?$FL0?$FN?$AA@ 1000e068     loadshader.obj
 0001:0000d080       ??_C@_0BI@IHBAAOCJ@TexEnv?$FL1?$FN?4operandRgb?$FL1?$FN?$AA@ 1000e080     loadshader.obj
 0001:0000d098       ??_C@_0BI@IFFGLAHA@TexEnv?$FL1?$FN?4operandRgb?$FL2?$FN?$AA@ 1000e098     loadshader.obj
 0001:0000d0b0       ??_C@_0BK@CPHAPJGE@TexEnv?$FL1?$FN?4operandAlpha?$FL0?$FN?$AA@ 1000e0b0     loadshader.obj
 0001:0000d0cc       ??_C@_0BK@COLCJDFD@TexEnv?$FL1?$FN?4operandAlpha?$FL1?$FN?$AA@ 1000e0cc     loadshader.obj
 0001:0000d0e8       ??_C@_0BK@CMPECNAK@TexEnv?$FL1?$FN?4operandAlpha?$FL2?$FN?$AA@ 1000e0e8     loadshader.obj
 0001:0000d104       ??_C@_0BD@OPPBEOED@TexEnv?$FL1?$FN?4rgbScale?$AA@ 1000e104     loadshader.obj
 0001:0000d118       ??_C@_0BF@FFANPJOO@TexEnv?$FL1?$FN?4alphaScale?$AA@ 1000e118     loadshader.obj
 0001:0000d130       ??_C@_0BE@FOKJOEGL@Texture2DEnabled?$FL0?$FN?$AA@ 1000e130     loadshader.obj
 0001:0000d144       ??_C@_0BE@FPGLIOFM@Texture2DEnabled?$FL1?$FN?$AA@ 1000e144     loadshader.obj
 0001:0000d158       ??_C@_0L@JBKKCKMG@TexImages0?$AA@ 1000e158     loadshader.obj
 0001:0000d164       ??_C@_0L@IILBBLIH@TexImages1?$AA@ 1000e164     loadshader.obj
 0001:0000d170       ??_C@_0M@LNIIMMK@Fog?4density?$AA@ 1000e170     loadshader.obj
 0001:0000d17c       ??_C@_07CMPBDGMP@Fog?4end?$AA@ 1000e17c     loadshader.obj
 0001:0000d184       ??_C@_09PDNHAHMC@Fog?4color?$AA@ 1000e184     loadshader.obj
 0001:0000d190       ??_C@_09MAFOAKEK@Fog?4scale?$AA@ 1000e190     loadshader.obj
 0001:0000d19c       ??_C@_08JLLBJNFB@Fog?4mode?$AA@ 1000e19c     loadshader.obj
 0001:0000d1a8       ??_C@_0L@BGLIMCBP@FogEnabled?$AA@ 1000e1a8     loadshader.obj
 0001:0000d1b4       ??_C@_0BL@LIKKPFPK@unable?5to?5allocate?5memeory?$AA@ 1000e1b4     loadshader.obj
 0001:0000d1d0       ??_C@_07KJFPOMFC@?$CFs?3?5?$CFs?6?$AA@ 1000e1d0     loadshader.obj
 0001:0000d1d8       ??_C@_0BD@KAJAFKFC@GL_STACK_UNDERFLOW?$AA@ 1000e1d8     loadshader.obj
 0001:0000d1ec       ??_C@_0BB@JMBJBKGI@GL_OUT_OF_MEMORY?$AA@ 1000e1ec     loadshader.obj
 0001:0000d200       ??_C@_0CB@IHDHGOIH@GL_INVALID_FRAMEBUFFER_OPERATION@ 1000e200     loadshader.obj
 0001:0000d224       ??_C@_0BA@EEBAGKCP@UNKNOWN?5ERROR?$CB?$CB?$AA@ 1000e224     loadshader.obj
 0001:0000d234       ??_C@_0BC@DLCDMCHH@GL_STACK_OVERFLOW?$AA@ 1000e234     loadshader.obj
 0001:0000d248       ??_C@_0BF@NFNGKHIL@GL_INVALID_OPERATION?$AA@ 1000e248     loadshader.obj
 0001:0000d260       ??_C@_0BB@HDIPJELP@GL_INVALID_VALUE?$AA@ 1000e260     loadshader.obj
 0001:0000d274       ??_C@_0BA@LLPLHEDK@GL_INVALID_ENUM?$AA@ 1000e274     loadshader.obj
 0001:0000d284       ??_C@_0BA@GJPIEEAH@?6?5index?5?$DN?5?$CFd?5?6?6?$AA@ 1000e284     loadshader.obj
 0001:0000d294       ??_C@_0BK@BOALBECG@Attrib?5?$CFd?5?$CI?$CFs?$CJ?5?9?$DO?5loc?5?$CFd?6?$AA@ 1000e294     loadshader.obj
 0001:0000d2b0       ??_C@_0BG@JONCAFML@Post?5fs?5attach?5shader?$AA@ 1000e2b0     loadshader.obj
 0001:0000d2c8       ??_C@_0BG@IJIDJMLG@Post?5vs?5attach?5shader?$AA@ 1000e2c8     loadshader.obj
 0001:0000d2e0       ??_C@_0BB@GFNFHDFD@Post?5fs?5bin?5load?$AA@ 1000e2e0     loadshader.obj
 0001:0000d2f4       ??_C@_0BB@GJMNJOKP@Post?5vs?5bin?5load?$AA@ 1000e2f4     loadshader.obj
 0001:0000d308       ??_C@_0P@KNBFPEOF@Post?5prog?5Link?$AA@ 1000e308     loadshader.obj
 0001:0000d318       ??_C@_0BH@IJDALLKP@?6Program?5info?5log?3?6?$CFs?6?$AA@ 1000e318     loadshader.obj
 0001:0000d330       ??_C@_06LEBKBMLE@Vertex?$AA@ 1000e330     loadshader.obj
 0001:0000d338       ??_C@_05PDOBBJNA@Color?$AA@ 1000e338     loadshader.obj
 0001:0000d340       ??_C@_06EFAGIKOH@Normal?$AA@ 1000e340     loadshader.obj
 0001:0000d348       ??_C@_0P@PHLKDOMB@MultiTexCoord0?$AA@ 1000e348     loadshader.obj
 0001:0000d358       ??_C@_0P@OOKBAPIA@MultiTexCoord1?$AA@ 1000e358     loadshader.obj
 0001:0000d368       ??_C@_0N@MCBEMOIG@ATTRIB?5MAP?3?6?$AA@ 1000e368     loadshader.obj
 0001:0000d378       ??_C@_0BE@EPLIGMAK@set?5current?5program?$AA@ 1000e378     loadshader.obj
 0001:0000d3ac       treeSize                   1000e3ac     render.obj
 0001:0000d3b0       totalShaderCount           1000e3b0     render.obj
 0001:0000d3b4       ??_C@_0CH@FAPJMPPA@where?5the?5hell?5is?5the?5memory?5all@ 1000e3b4     render.obj
 0001:0000d3dc       ??_C@_0L@LLHJIHFC@FrontColor?$AA@ 1000e3dc     render.obj
 0001:0000d3e8       ??_C@_0DG@GNMHABAN@GL_OES_matrix_palette?5GL_EXT_tex@ 1000e3e8     render.obj
 0001:0000d420       ??_C@_0DM@HNNOOEDB@ERROR?3?5Sharing?5texture?5object?5wi@ 1000e420     render.obj
 0001:0000d47c       ??_C@_0BC@LBGBAENB@lockGLSharedState?$AA@ 1000e47c     FIMGlib:glCore.obj
 0001:0000d490       ??_C@_0BJ@HNFHCEOA@lockGLSharedTextureState?$AA@ 1000e490     FIMGlib:glCore.obj
 0001:0000d4ac       ??_C@_0BE@MCBGFHJM@unlockGLSharedState?$AA@ 1000e4ac     FIMGlib:glCore.obj
 0001:0000d4c0       ??_C@_0BL@OAOJHJKN@unlockGLSharedTextureState?$AA@ 1000e4c0     FIMGlib:glCore.obj
 0001:0000d4dc       ??_C@_03GJAMENNA@2?40?$AA@ 1000e4dc     FIMGlib:glCore.obj
 0001:0000d4e0       ??_C@_0BE@GBEPIMGC@Samsung?5Electronics?$AA@ 1000e4e0     FIMGlib:glCore.obj
 0001:0000d4f4       ??_C@_04MPAIHFON@FIMG?$AA@ 1000e4f4     FIMGlib:glCore.obj
 0001:0000d500       ??_C@_0LA@KGBKFEEP@OES_read_format?5OES_compressed_p@ 1000e500     FIMGlib:glCore.obj
 0001:0000d5b0       ??_C@_04BOFMJCLK@1?400?$AA@ 1000e5b0     FIMGlib:glCore.obj
 0001:0000d5b8       ??_C@_0L@GDOKCFIG@FimgFinish?$AA@ 1000e5b8     FIMGlib:glCore.obj
 0001:0000d5c4       ??_C@_07NPIGCBB@set_err?$AA@ 1000e5c4     FIMGlib:glCore.obj
 0001:0000d5cc       ??_C@_0DA@PFPHBDGJ@ERROR?3?5ctx?5is?5NULL?3?5?$CFs?5line?3?$CFd?5p@ 1000e5cc     FIMGlib:glCore.obj
 0001:0000d5fc       ??_C@_0BE@LLLCIIOO@glBlendFuncSeparate?$AA@ 1000e5fc     FIMGlib:glCore.obj
 0001:0000d610       ??_C@_0N@CIOACEPJ@OGL2_glClear?$AA@ 1000e610     FIMGlib:glCore.obj
 0001:0000d620       ??_C@_0BC@CDBHDDMD@OGL2_glClearColor?$AA@ 1000e620     FIMGlib:glCore.obj
 0001:0000d634       ??_C@_0BD@GGGMNJEL@OGL2_glClearDepthf?$AA@ 1000e634     FIMGlib:glCore.obj
 0001:0000d648       ??_C@_0BE@DKOBKDBF@OGL2_glClearStencil?$AA@ 1000e648     FIMGlib:glCore.obj
 0001:0000d65c       ??_C@_0BB@CKFLNIEP@OGL2_glColorMask?$AA@ 1000e65c     FIMGlib:glCore.obj
 0001:0000d670       ??_C@_0BA@CECFFDBP@OGL2_glCullFace?$AA@ 1000e670     FIMGlib:glCore.obj
 0001:0000d680       ??_C@_0BB@MFKFMPPH@OGL2_glDepthFunc?$AA@ 1000e680     FIMGlib:glCore.obj
 0001:0000d694       ??_C@_0BB@LBCJIEAF@OGL2_glDepthMask?$AA@ 1000e694     FIMGlib:glCore.obj
 0001:0000d6a8       ??_C@_0BD@KJCJMHBD@OGL2_glDepthRangef?$AA@ 1000e6a8     FIMGlib:glCore.obj
 0001:0000d6bc       ??_C@_0P@HNFBKLME@OGL2_glDisable?$AA@ 1000e6bc     FIMGlib:glCore.obj
 0001:0000d6cc       ??_C@_0CA@OINFBHJO@OGL2_glDisableVertexAttribArray?$AA@ 1000e6cc     FIMGlib:glCore.obj
 0001:0000d6ec       ??_C@_0CA@PMIKCIEO@false?5?$CG?$CG?5?$CCInvalid?5enum?5in?5mode?$CC?$AA@ 1000e6ec     FIMGlib:glCore.obj
 0001:0000d70c       ??_C@_0BJ@JIPMFCIP@?$DO?$DOASSERTION?5FAILED?3?5?$CFs?5?6?$AA@ 1000e70c     FIMGlib:glCore.obj
 0001:0000d728       ??_C@_0O@DFGCGBL@OGL2_glEnable?$AA@ 1000e728     FIMGlib:glCore.obj
 0001:0000d738       ??_C@_0BP@DBIOFFFI@OGL2_glEnableVertexAttribArray?$AA@ 1000e738     FIMGlib:glCore.obj
 0001:0000d758       ??_C@_0BJ@BMNIOHHN@Type?5of?5Sampler?5unknown?6?$AA@ 1000e758     FIMGlib:glCore.obj
 0001:0000d774       ??_C@_08IIGNJOLP@error?5?1n?$AA@ 1000e774     FIMGlib:glCore.obj
 0001:0000d780       ??_C@_0L@JECHCCPJ@stateFlush?$AA@ 1000e780     FIMGlib:glCore.obj
 0001:0000d790       ??_C@_0EB@HECDNPIE@?5the?5value?5of?5the?5texUNit?5is?5gre@ 1000e790     FIMGlib:glCore.obj
 0001:0000d7d4       ??_C@_0CM@DPCLCBLM@?6WARNING?3?5state?5has?5not?5been?5flu@ 1000e7d4     FIMGlib:glCore.obj
 0001:0000d800       ??_C@_0O@NIDOIGOO@OGL2_glFinish?$AA@ 1000e800     FIMGlib:glCore.obj
 0001:0000d810       ??_C@_0N@IHLLGPBA@OGL2_glFlush?$AA@ 1000e810     FIMGlib:glCore.obj
 0001:0000d820       ??_C@_0BB@JKCJOGII@OGL2_glFrontFace?$AA@ 1000e820     FIMGlib:glCore.obj
 0001:0000d834       ??_C@_0BM@IDGBHKLF@OGL2_glGetBufferParameteriv?$AA@ 1000e834     FIMGlib:glCore.obj
 0001:0000d850       ??_C@_0BA@GLHECOKK@OGL2_glGetError?$AA@ 1000e850     FIMGlib:glCore.obj
 0001:0000d860       ??_C@_0BL@NJEPIADH@2?40?5?$CIlib?5version?520?402?424?$CJ?$AA@ 1000e860     FIMGlib:glCore.obj
 0001:0000d87c       ??_C@_0BB@PONEIMJJ@OGL2_glGetString?$AA@ 1000e87c     FIMGlib:glCore.obj
 0001:0000d890       ??_C@_0BC@FNLDMAPG@GetVertexAttribfv?$AA@ 1000e890     FIMGlib:glCore.obj
 0001:0000d8a4       ??_C@_0BP@EIACGFJP@OGL2_glGetVertexAttribPointerv?$AA@ 1000e8a4     FIMGlib:glCore.obj
 0001:0000d8c4       ??_C@_0M@CHHJLPPO@OGL2_glHint?$AA@ 1000e8c4     FIMGlib:glCore.obj
 0001:0000d8d0       ??_C@_0BA@JBCHCOAN@OGL2_glIsBuffer?$AA@ 1000e8d0     FIMGlib:glCore.obj
 0001:0000d8e0       ??_C@_0BB@JMEJFIBK@OGL2_glIsEnabled?$AA@ 1000e8e0     FIMGlib:glCore.obj
 0001:0000d8f4       ??_C@_0BB@DEIDAKEO@OGL2_glLineWidth?$AA@ 1000e8f4     FIMGlib:glCore.obj
 0001:0000d908       ??_C@_0BD@KIFIJBCF@OGL2_glPixelStorei?$AA@ 1000e908     FIMGlib:glCore.obj
 0001:0000d91c       ??_C@_0BF@JDMDGAOO@OGL2_glPolygonOffset?$AA@ 1000e91c     FIMGlib:glCore.obj
 0001:0000d934       ??_C@_0BC@OPPGNJIP@OGL2_glReadPixels?$AA@ 1000e934     FIMGlib:glCore.obj
 0001:0000d948       ??_C@_0BG@DGJBBCJB@OGL2_glSampleCoverage?$AA@ 1000e948     FIMGlib:glCore.obj
 0001:0000d960       ??_C@_0P@PIFCCDJC@OGL2_glScissor?$AA@ 1000e960     FIMGlib:glCore.obj
 0001:0000d970       ??_C@_0BG@FCMNCEIA@glStencilFuncSeparate?$AA@ 1000e970     FIMGlib:glCore.obj
 0001:0000d988       ??_C@_0BG@MMKPIEJI@glStencilMaskSeparate?$AA@ 1000e988     FIMGlib:glCore.obj
 0001:0000d9a0       ??_C@_0BE@GAPLDNGF@glStencilOpSeparate?$AA@ 1000e9a0     FIMGlib:glCore.obj
 0001:0000d9b4       ??_C@_0BE@DPDMCNJK@OGL2_glAlphaFuncEXP?$AA@ 1000e9b4     FIMGlib:glCore.obj
 0001:0000d9c8       ??_C@_0BC@KJLMENOG@OGL2_glLogicOpEXP?$AA@ 1000e9c8     FIMGlib:glCore.obj
 0001:0000d9dc       ??_C@_0BG@ODOPLDOK@OGL2_glVertexAttrib4f?$AA@ 1000e9dc     FIMGlib:glCore.obj
 0001:0000d9f4       ??_C@_0BL@MFMGFAOA@OGL2_glVertexAttribPointer?$AA@ 1000e9f4     FIMGlib:glCore.obj
 0001:0000da10       ??_C@_0BA@JFGMBHIM@OGL2_glViewport?$AA@ 1000ea10     FIMGlib:glCore.obj
 0001:0000da20       ??_C@_0BC@NLHPPBNP@OGL2_glBindBuffer?$AA@ 1000ea20     FIMGlib:glCore.obj
 0001:0000da34       ??_C@_0BC@HFEMBGHB@OGL2_glGenBuffers?$AA@ 1000ea34     FIMGlib:glCore.obj
 0001:0000da48       ??_C@_0BF@PGAOMHCB@OGL2_glBufferSubData?$AA@ 1000ea48     FIMGlib:glCore.obj
 0001:0000da60       ??_C@_0CA@KNJBCHNB@Depth?5Buffer?5is?5allocated?50x?$CFx?6?$AA@ 1000ea60     FIMGlib:glCore.obj
 0001:0000da80       ??_C@_0BE@LDEGHGFI@GLES2SetSurfaceData?$AA@ 1000ea80     FIMGlib:glCore.obj
 0001:0000da94       ??_C@_0DA@IJKLONAE@ERROR?3?5ctx?5is?50?5while?5trying?5to?5@ 1000ea94     FIMGlib:glCore.obj
 0001:0000dac8       ??_C@_0EH@DNDKBPDE@?6WARNING?3?5state?5has?5not?5been?5flu@ 1000eac8     FIMGlib:glCore.obj
 0001:0000db10       ??_C@_0BC@OJHEPABB@OGL2_glDrawArrays?$AA@ 1000eb10     FIMGlib:glCore.obj
 0001:0000db24       ??_C@_0BE@FPILDHCO@OGL2_glDrawElements?$AA@ 1000eb24     FIMGlib:glCore.obj
 0001:0000db38       ??_C@_0BD@OBLEEBOJ@OGL2_glGetBooleanv?$AA@ 1000eb38     FIMGlib:glCore.obj
 0001:0000db4c       ??_C@_0BB@DLBLMBGM@OGL2_glGetFloatv?$AA@ 1000eb4c     FIMGlib:glCore.obj
 0001:0000db60       ??_C@_0BD@NADNIHF@OGL2_glGetIntegerv?$AA@ 1000eb60     FIMGlib:glCore.obj
 0001:0000db74       ??_C@_0BF@KKEJPFLC@OGL2_glDeleteBuffers?$AA@ 1000eb74     FIMGlib:glCore.obj
 0001:0000db8c       ??_C@_0BC@FCNCMOHO@OGL2_glBufferData?$AA@ 1000eb8c     FIMGlib:glCore.obj
 0001:0000dba0       ??_C@_1M@HFJKIAIF@?$AAG?$AAL?$AAE?$AA1?$AA?3?$AA?$AA@ 1000eba0     FIMGlib:glCore.obj
 0001:0000dbac       ??_C@_0BJ@BEPCLIH@SharedState?3?3SharedState?$AA@ 1000ebac     FIMGlib:glCore.obj
 0001:0000dbc8       ??_C@_0GM@LGIMALLH@sharedStateRefCount?5?$DN?$DN?50?5?$CG?$CG?5?$CCThe@ 1000ebc8     FIMGlib:glCore.obj
 0001:0000dc34       ??_C@_0BD@HOGJEGDH@GLES2CreateContext?$AA@ 1000ec34     FIMGlib:glCore.obj
 0001:0000dc48       ??_C@_0BE@PDDFIPGE@GLES2DestroyContext?$AA@ 1000ec48     FIMGlib:glCore.obj
 0001:0000dc5c       ??_C@_0BO@NELGKIEA@ERROR?3?5unexpected?5wrap?5mode?$CB?6?$AA@ 1000ec5c     FIMGlib:glTex.obj
 0001:0000dc7c       ??_C@_0BA@BDEGHOGN@OUT?5OF?5MEMORY?5?6?$AA@ 1000ec7c     FIMGlib:glTex.obj
 0001:0000dc90       ??_C@_0ED@MNEHNKHC@false?5?$CG?$CG?5?$CCsubimage?5called?5but?5me@ 1000ec90     FIMGlib:glTex.obj
 0001:0000dcd8       ??_C@_0EB@FLKGLLEK@false?5?$CG?$CG?5?$CCundetermined?5mimfilter@ 1000ecd8     FIMGlib:glTex.obj
 0001:0000dd20       ??_C@_0FD@HIIPJIAC@pState?9?$DOsharedState?9?$DOsharedState@ 1000ed20     FIMGlib:glTex.obj
 0001:0000dd78       ??_C@_0EO@FAJLEIBN@?5?5?6?5trying?5to?5acqire?5a?5texture?5o@ 1000ed78     FIMGlib:glTex.obj
 0001:0000ddc8       ??_C@_0BH@INCBEKCN@TextureObject?3?3acquire?$AA@ 1000edc8     FIMGlib:glTex.obj
 0001:0000dde0       ??_C@_0EJ@DGEKNMFB@?5zero?5can?5not?5be?5released?5?4?5shou@ 1000ede0     FIMGlib:glTex.obj
 0001:0000de2c       ??_C@_0CL@FDMDEJEE@images?4tex2D?$FLi?$FN?4height?5?$CB?$DN?5currHe@ 1000ee2c     FIMGlib:glTex.obj
 0001:0000de58       ??_C@_0CJ@IMBKCDHE@images?4tex2D?$FLi?$FN?4width?5?$CB?$DN?5currWid@ 1000ee58     FIMGlib:glTex.obj
 0001:0000de88       ??_C@_0EH@GHLCFNKI@images?4tex2D?$FLi?$FN?4internalFormat?5?$CB@ 1000ee88     FIMGlib:glTex.obj
 0001:0000ded0       ??_C@_0CI@GJKLJFML@images?4tex2D?$FLi?$FN?4isUsed?5?$CB?$DN?5GL_TRU@ 1000eed0     FIMGlib:glTex.obj
 0001:0000def8       ??_C@_0CI@KMICNHCO@false?5?$CG?$CG?5?$CCundetermined?5byte?5per?5@ 1000eef8     FIMGlib:glTex.obj
 0001:0000df20       ??_C@_0DP@LCPMFJDD@false?5?$CG?$CG?5?$CCUnhandled?5or?5unexpecte@ 1000ef20     FIMGlib:glTex.obj
 0001:0000df60       ??_C@_0DB@PFDIFNCO@unsupported?5PxFmt?5?5as?5external?5m@ 1000ef60     FIMGlib:glTex.obj
 0001:0000df98       ??_C@_0FA@HJIGNKOB@false?5?$CG?$CG?5?$CCGetPixelSize?$CC?$CG?$CG?5?$CCUnhan@ 1000ef98     FIMGlib:glTex.obj
 0001:0000dfe8       ??_C@_0EI@IMEMPEOD@false?5?$CG?$CG?5?$CCundetermined?5texture?5f@ 1000efe8     FIMGlib:glTex.obj
 0001:0000e030       ??_C@_0EJ@JBFOCFIB@?5should?5not?5have?5reached?5the?5end@ 1000f030     FIMGlib:glTex.obj
 0001:0000e07c       ??_C@_0BN@MJFNGJD@false?5?$CG?$CG?5?$CCUnexpected?5target?$CC?$AA@ 1000f07c     FIMGlib:glTex.obj
 0001:0000e0a0       ??_C@_0GG@GAJEIDMH@false?5?$CG?$CG?5?$CC?5getImageDataLocation?5@ 1000f0a0     FIMGlib:glTex.obj
 0001:0000e108       ??_C@_0DB@LEJKENOA@false?5?$CG?$CG?5?$CC?5unbale?5to?5get?5the?5mem@ 1000f108     FIMGlib:glTex.obj
 0001:0000e13c       ??_C@_0DP@OCOILPAM@false?5?$CG?$CG?5?$CCglCopyTexImage2D?$CC?5?$CG?$CG?5?$CC@ 1000f13c     FIMGlib:glTex.obj
 0001:0000e17c       ??_C@_0BJ@GHICCLGN@OGL2_glGetTexParameteriv?$AA@ 1000f17c     FIMGlib:glTex.obj
 0001:0000e198       ??_C@_0BJ@BGNBDFEN@Unable?5to?5get?5new?5chunk?6?$AA@ 1000f198     FIMGlib:glTex.obj
 0001:0000e1b4       ??_C@_0BC@BBOAEFBB@?6?5image?5compiled?5?$AA@ 1000f1b4     FIMGlib:glTex.obj
 0001:0000e1c8       ??_C@_0BN@BIBMPBGJ@ImageSize?$FLLevel?5?$DN?5?$CFd?$FN?5?$DN?5?$CFd?5?6?$AA@ 1000f1c8     FIMGlib:glTex.obj
 0001:0000e1e8       ??_C@_0BO@DFHJDLGH@offSetSize?$FLLevel?5?$DN?5?$CFd?$FN?5?$DN?5?$CFd?5?6?$AA@ 1000f1e8     FIMGlib:glTex.obj
 0001:0000e208       ??_C@_0O@IILEGFGF@pImgBuf?5?$DN?5?$CFp?6?$AA@ 1000f208     FIMGlib:glTex.obj
 0001:0000e218       ??_C@_0BD@MMHGBKDG@Offsets?$FL?$CFd?$FN?5?$DN?5?$CFd?5?6?$AA@ 1000f218     FIMGlib:glTex.obj
 0001:0000e230       ??_C@_0EA@NNIDJKPC@texObjrefCount?5?$DO?$DN?5?91?5?$CG?$CG?5?$CC?5ref?5co@ 1000f230     FIMGlib:glTex.obj
 0001:0000e270       ??_C@_0BH@HBLINMA@TextureObject?3?3release?$AA@ 1000f270     FIMGlib:glTex.obj
 0001:0000e288       ??_C@_0CC@LMDDFLLE@?$CIprog?5?$CB?$DN?50?$CJ?5?$CG?$CG?5?$CCProg?5ptr?5is?50?$CB?2n@ 1000f288     FIMGlib:glShaderApi.obj
 0001:0000e2ac       ??_C@_0BI@IGGJNIIE@updateCurrentExecutable?$AA@ 1000f2ac     FIMGlib:glShaderApi.obj
 0001:0000e2c4       ?_C@?1??_Nullstr@?$basic_string@DU?$char_traits@D@std@@V?$allocator@D@2@@std@@CAPBDXZ@4DB 1000f2c4     FIMGlib:glShaderApi.obj
 0001:0000e2c8       ??_C@_0EA@KGLFANJ@?$CIshaderIt?9?$DOshaderPtr?5?$CB?$DN?50?$CJ?5?$CG?$CG?5?$CCs@ 1000f2c8     FIMGlib:glShaderApi.obj
 0001:0000e308       ??_C@_0EA@EIHEEDII@?$CIprogIt?9?$DOprogramPtr?5?$CB?$DN?50?$CJ?5?$CG?$CG?5?$CCpr@ 1000f308     FIMGlib:glShaderApi.obj
 0001:0000e348       ??_C@_0BE@CIJFPCFB@OGL2_glAttachShader?$AA@ 1000f348     FIMGlib:glShaderApi.obj
 0001:0000e35c       ??_C@_0DA@ICHPLJAA@?$CIprogIt?9?$DOprogramPtr?5?$CB?$DN?50?$CJ?5?$CG?$CG?5?$CCPr@ 1000f35c     FIMGlib:glShaderApi.obj
 0001:0000e38c       ??_C@_0BK@NJPEAFIC@OGL2_glBindAttribLocation?$AA@ 1000f38c     FIMGlib:glShaderApi.obj
 0001:0000e3a8       ??_C@_0DC@IKCKMKIO@false?5?$CG?$CG?5?$CCShader?5type?5is?5not?5ver@ 1000f3a8     FIMGlib:glShaderApi.obj
 0001:0000e3dc       ??_C@_0BK@LGLPDFNB@OGL2_glGetUniformLocation?$AA@ 1000f3dc     FIMGlib:glShaderApi.obj
 0001:0000e3f8       ??_C@_0CF@FNPLNADD@false?5?$CG?$CG?5?$CCunrecognized?5header?5ty@ 1000f3f8     FIMGlib:glShaderApi.obj
 0001:0000e420       ??_C@_0CE@LEPDCJJJ@Unsupported?5Shader?5binary?5versio@ 1000f420     FIMGlib:glShaderApi.obj
 0001:0000e444       ??_C@_0CI@LFDNOCIC@false?5?$CG?$CG?5?$CCShader?5type?5is?5not?5VS?5@ 1000f444     FIMGlib:glShaderApi.obj
 0001:0000e46c       ??_C@_0DC@NJILBNIO@?$CIshaderIt?$FLi?$FN?9?$DOshaderPtr?$CB?$DN0?$CJ?5?$CG?$CG?5?$CC@ 1000f46c     FIMGlib:glShaderApi.obj
 0001:0000e4a0       ??_C@_0BE@BHNDPJBL@OGL2_glShaderBinary?$AA@ 1000f4a0     FIMGlib:glShaderApi.obj
 0001:0000e4b4       ??_C@_0CN@BOJLNNM@?$CIprogIt?9?$DOprogramPtr?$CB?$DN0?$CJ?5?$CG?$CG?5?$CCprog@ 1000f4b4     FIMGlib:glShaderApi.obj
 0001:0000e4e4       ??_C@_0BJ@GGMIJPMJ@OGL2_glGetProgramInfoLog?$AA@ 1000f4e4     FIMGlib:glShaderApi.obj
 0001:0000e500       ??_C@_0CD@DIFAMDPB@?$CIprog?5?$CB?$DN?50?$CJ?5?$CG?$CG?5?$CCProgramPtr?5is?50?$CB@ 1000f500     FIMGlib:glShaderApi.obj
 0001:0000e524       ??_C@_0O@JNNHKGDJ@setUniformMat?$AA@ 1000f524     FIMGlib:glShaderApi.obj
 0001:0000e538       ??_C@_0EM@JANGHKLJ@false?$CG?$CG?$CCsampler?5entry?5does?5not?5e@ 1000f538     FIMGlib:glShaderApi.obj
 0001:0000e584       ??_C@_0CL@EALMGOB@uniform?4fsRegSet?5?$DN?$DN?5DCL_REGSET_C@ 1000f584     FIMGlib:glShaderApi.obj
 0001:0000e5b0       ??_C@_0CL@ELPBICKK@uniform?4vsRegSet?5?$DN?$DN?5DCL_REGSET_C@ 1000f5b0     FIMGlib:glShaderApi.obj
 0001:0000e5dc       ??_C@_0O@BIEFFKON@setUniformVec?$AA@ 1000f5dc     FIMGlib:glShaderApi.obj
 0001:0000e5ec       ??_C@_0BB@FNCPMMJC@OGL2_glUniform1i?$AA@ 1000f5ec     FIMGlib:glShaderApi.obj
 0001:0000e600       ??_C@_0BB@NKLHNAFN@OGL2_glUniform1f?$AA@ 1000f600     FIMGlib:glShaderApi.obj
 0001:0000e688       ??_C@_0DD@JAIGAJCH@?$CIoldProgIt?9?$DOprogramPtr?5?$CB?$DN?50?$CJ?5?$CG?$CG?5@ 1000f688     FIMGlib:glShaderApi.obj
 0001:0000e6c0       ??_C@_0FM@CFFOGPKP@?$CIoldProgIt?9?$DOtype?5?$DN?$DN?5PROGRAM?$CJ?5?$CG?$CG?5@ 1000f6c0     FIMGlib:glShaderApi.obj
 0001:0000e720       ??_C@_0GH@MPGLBMAF@?$CIoldProgIt?5?$CB?$DN?5ctx?9?$DOshaderProgNam@ 1000f720     FIMGlib:glShaderApi.obj
 0001:0000e788       ??_C@_0DB@PEGCPIIG@?$CIprogIt?9?$DOprogramPtr?5?$CB?$DN?50?$CJ?5?$CG?$CG?5?$CCPr@ 1000f788     FIMGlib:glShaderApi.obj
 0001:0000e7bc       ??_C@_0BC@MNIKDJHJ@OGL2_glUseProgram?$AA@ 1000f7bc     FIMGlib:glShaderApi.obj
 0001:0000e7d0       ??_C@_0BJ@EFFJAFFO@OGL2_glGetAttribLocation?$AA@ 1000f7d0     FIMGlib:glShaderApi.obj
 0001:0000e7ec       ??_C@_0BN@HIAIKLPE@LINK?5FAILED?3?5shader?5missing?6?$AA@ 1000f7ec     FIMGlib:glShaderApi.obj
 0001:0000e80c       ??_C@_0BB@BGPHOOHE@LINK?5SUCCESSFUL?6?$AA@ 1000f80c     FIMGlib:glShaderApi.obj
 0001:0000e820       ??_C@_0CO@MFJIKFHG@LINK?5FAILED?3?5fragment?5shader?5is?5@ 1000f820     FIMGlib:glShaderApi.obj
 0001:0000e850       ??_C@_0CM@BODDCFFN@LINK?5FAILED?3?5vertex?5shader?5is?5no@ 1000f850     FIMGlib:glShaderApi.obj
 0001:0000e87c       ??_C@_0BD@MCJELLDO@OGL2_glLinkProgram?$AA@ 1000f87c     FIMGlib:glShaderApi.obj
 0001:0000e890       ??_C@_0DC@OCLICHKE@?$CIvaryingNum?$CB?$DN0?$CJ?$CG?$CG?$CCvarying?5Num?5?$DN?5@ 1000f890     FIMGlib:glShaderApi.obj
 0001:0000e8c4       ??_C@_0M@LBFKDGNK@gl_Position?$AA@ 1000f8c4     FIMGlib:glShaderApi.obj
 0001:0000e8d0       ??_C@_0BP@OEDHIHPJ@OGL2_glVaryingInterpolationEXP?$AA@ 1000f8d0     FIMGlib:glShaderApi.obj
 0001:0000e8f0       ??_C@_0CC@FOADLKKC@OGL2_glGetVaryingInterpolationEX@ 1000f8f0     FIMGlib:glShaderApi.obj
 0001:0000e914       ??_C@_0BF@MNDJILJD@OGL2_glCreateProgram?$AA@ 1000f914     FIMGlib:glShaderApi.obj
 0001:0000e92c       ??_C@_0BE@JLCIMDJI@OGL2_glCreateShader?$AA@ 1000f92c     FIMGlib:glShaderApi.obj
 0001:0000e940       ??_C@_0DI@HIJNCPHO@?6?$DO?$DOChunk?5Allocator?5ERROR?3?5unable@ 1000f940     FIMGlib:ChunkAlloc.obj
 0001:0000e978       ??_C@_0DB@LDJGNFDH@?6?$DO?$DOChunk?5Allocator?5ERROR?3?5Not?5en@ 1000f978     FIMGlib:ChunkAlloc.obj
 0001:0000e9ac       ??_C@_0DK@BPODHBNN@?6?$DO?$DOChunk?5Allocator?5ERROR?3?5NodeMa@ 1000f9ac     FIMGlib:ChunkAlloc.obj
 0001:0000e9e8       ??_C@_0DH@KMDBIOON@?6?$DO?$DOChunk?5Allocator?5ERROR?3?5FreeNo@ 1000f9e8     FIMGlib:ChunkAlloc.obj
 0001:0000ea20       ??_C@_0DJ@BFGGAOOA@Total?5Texture?5Size?5?$CFd?5Byte?5?$CFd?5KB@ 1000fa20     FIMGlib:ChunkAlloc.obj
 0001:0000ea5c       ??_C@_0DJ@MEDBNKHI@?6?9?9?9?9?9?9?9?9?9?9?9?9?9?9?9?9?9?9?9?9?9?9?9?9?9?9?9?9?9?9?9@ 1000fa5c     FIMGlib:ChunkAlloc.obj
 0001:0000ea98       ??_C@_0DG@MGINMKCH@?6?5?$FL?$CFd?$FN?5use?5flag?3?5?$CFd?0?5start?3?5?$CFd?0?5@ 1000fa98     FIMGlib:ChunkAlloc.obj
 0001:0000ead0       ??_C@_0DI@LAEFCJOH@?6?9?9?9?9?9?9?9?9?9?9?9?9?9?9?9?9?9?9?9?9?9?9?9?9?9?9?9?9?9?9?9@ 1000fad0     FIMGlib:ChunkAlloc.obj
 0001:0000eb08       ??_C@_0CJ@GMJGNECH@?6?$DN?$DN?$DN?$DN?$DN?$DN?$DNChunk?3?3PrintChunkBlckInf@ 1000fb08     FIMGlib:ChunkAlloc.obj
 0001:0000eb34       ??_C@_1BI@LCGMBKLK@?$AAD?$AAy?$AAn?$AAA?$AAl?$AAl?$AAo?$AAc?$AAM?$AAa?$AAx?$AA?$AA@ 1000fb34     FIMGlib:ChunkAlloc.obj
 0001:0000eb4c       ??_C@_1CK@MLHBNBFK@?$AAD?$AAr?$AAi?$AAv?$AAe?$AAr?$AAs?$AA?2?$AAB?$AAu?$AAi?$AAl?$AAt?$AAI?$AAn?$AA?2?$AAF?$AAI?$AAM?$AAG?$AA?$AA@ 1000fb4c     FIMGlib:ChunkAlloc.obj
 0001:0000eb78       ??_C@_0EJ@NIPIBDBI@?6ChunkAlloc?5will?5use?5dynamic?5all@ 1000fb78     FIMGlib:ChunkAlloc.obj
 0001:0000ebc4       ??_C@_0CC@ELIHPLGP@?6?$CB?5Total?5Chunk?5Alloc?5count?5?3?5?$CFd?5@ 1000fbc4     FIMGlib:ChunkAlloc.obj
 0001:0000ebe8       ??_C@_0CB@NJHBJMCE@?$CB?5Total?5Chunk?5Alloc?5size?5?5?3?5?$CFd?5?6@ 1000fbe8     FIMGlib:ChunkAlloc.obj
 0001:0000ec0c       ??_C@_0CG@LHJBCMBJ@?6?$DN?$DN?$DN?$DN?$DN?$DN?$DNDestory?5All?5Chunk?5Block?$DN@ 1000fc0c     FIMGlib:ChunkAlloc.obj
 0001:0000ec34       ??_C@_0DA@BGFOINJK@?6?$FLChunk?5Allocator?$FN?5?$CFd?5blocks?5?$CIbl@ 1000fc34     FIMGlib:ChunkAlloc.obj
 0001:0000ec64       ??_C@_0DK@NJMKAJEH@?6?$DO?$DOChunk?5Allocator?5ERROR?3?5unable@ 1000fc64     FIMGlib:ChunkAlloc.obj
 0001:0000eca0       ??_C@_0CL@GIOHCANO@?6Threre?5is?5no?5more?5s3c?9g3d?5drive@ 1000fca0     FIMGlib:ChunkAlloc.obj
 0001:0000eccc       ??_C@_0CD@NKNJLINF@request?5?$CFd?5Byte?5?$CFd?5KB?5size?5memor@ 1000fccc     FIMGlib:ChunkAlloc.obj
 0001:0000ecf0       ??_C@_0ED@IJAMDENL@?6?$DO?$DOChunk?5Allocator?5ERROR?3?5unable@ 1000fcf0     FIMGlib:ChunkAlloc.obj
 0001:0000ed34       ??_C@_0BK@COIEHILN@?6no?5more?5virtual?5address?6?$AA@ 1000fd34     FIMGlib:ChunkAlloc.obj
 0001:0000ed50       ??_C@_0CG@GDIPGING@?6?$DN?$DN?$DN?$DN?$DN?$DNChunk?3?3InsertChunkBlock?$DN?$DN@ 1000fd50     FIMGlib:ChunkAlloc.obj
 0001:0000ed78       ??_C@_0CC@MNINHABL@don?8t?5found?5chunkblock?5to?5destro@ 1000fd78     FIMGlib:ChunkAlloc.obj
 0001:0000ed9c       ??_C@_0DE@COFACEA@There?5is?5no?5chunkblock?4?5so?5canno@ 1000fd9c     FIMGlib:ChunkAlloc.obj
 0001:0000edd0       ??_C@_0DB@HOILCJDK@?6?$DN?$DN?$DN?$DN?$DN?$DN?$DN?$DN?$DN?$DN?5Chunk?3?3RemoveChunkBl@ 1000fdd0     FIMGlib:ChunkAlloc.obj
 0001:0000ee04       ??_C@_0CN@DPPGOGGH@?6?$DO?$DOChunk?5Allocator?5ERROR?3?5wrong?5@ 1000fe04     FIMGlib:ChunkAlloc.obj
 0001:0000ee34       ??_C@_0CN@GNKDLBLC@?6?$DO?$DOChunk?5Allocator?5ERROR?3?5do?5not@ 1000fe34     FIMGlib:ChunkAlloc.obj
 0001:0000ee64       ??_C@_0DI@HMFLFHHG@?6?$DO?$DOChunk?5Allocator?5ERROR?3?5unable@ 1000fe64     FIMGlib:ChunkAlloc.obj
 0001:0000ee9c       ??_C@_0CB@MGONIAFF@?$CB?5Total?5Chunk?5Alloc?5count?5?3?5?$CFd?5?6@ 1000fe9c     FIMGlib:ChunkAlloc.obj
 0001:0000eec0       ??_C@_0CL@BBAIHGJK@?6?$FLChunkError?$FN?5There?5is?5no?5alloca@ 1000fec0     FIMGlib:ChunkAlloc.obj
 0001:0000eeec       ??_C@_0CE@MBNEODFL@?6?$DN?$DN?$DN?$DN?$DN?$DN?$DN?$DN?$DN?$DN?5Chunk?3?3New?5?$DN?$DN?$DN?$DN?$DN?$DN?$DN?$DN?$DN@ 1000feec     FIMGlib:ChunkAlloc.obj
 0001:0000ef10       ??_C@_0DE@BIDOMMJG@ChunkAlloc?5allocate?5?$CFd?5bytes?5usi@ 1000ff10     FIMGlib:ChunkAlloc.obj
 0001:0000ef44       ??_C@_0DB@CLAOLHJJ@ChunkAlloc?5allocate?5?$CFd?5bytes?5usi@ 1000ff44     FIMGlib:ChunkAlloc.obj
 0001:0000ef78       ??_C@_0CG@LOGLNHNO@pAddr?5?$CFp?5vAddr?5?$CFp?5size?5?$CFd?5Byte?0?5@ 1000ff78     FIMGlib:ChunkAlloc.obj
 0001:0000efa0       ??_C@_0BG@BMGOCJAI@Head?5Node?5?$CFp?0?5Node?5?$CFp?$AA@ 1000ffa0     FIMGlib:ChunkAlloc.obj
 0001:0000efb8       ??_C@_0CP@BPJKMPOE@ChunkAlloc?5free?5?$CFd?5bytes?5from?5Re@ 1000ffb8     FIMGlib:ChunkAlloc.obj
 0001:0000efe8       ??_C@_0CM@BDBEGBFL@ChunkAlloc?5free?5?$CFd?5bytes?5using?5F@ 1000ffe8     FIMGlib:ChunkAlloc.obj
 0001:0000f014       ??_C@_0BO@BFDFHECE@?6?$DN?$DN?$DN?$DN?$DN?$DN?$DN?$DNChunk?3?3Free?$DN?$DN?$DN?$DN?$DN?$DN?$DN?$DN?6?$AA@ 10010014     FIMGlib:ChunkAlloc.obj
 0001:0000f034       ??_C@_1DI@DOMNLBDM@?$AA?$FL?$AAF?$AAI?$AAM?$AAG?$AA?$FN?$AA?5?$AAM?$AAu?$AAt?$AAe?$AAx?$AA?5?$AAi?$AAs?$AA?5?$AAn?$AAo?$AAt?$AA?5?$AAe?$AAx?$AAi?$AAs?$AAt?$AA?4?$AA?6?$AA?$AA@ 10010034     FIMGlib:platform.obj
 0001:0000f06c       ??_C@_1DK@JMHLPDDF@?$AA?$FL?$AAF?$AAI?$AAM?$AAG?$AA?$FN?$AA?5?$AAM?$AAu?$AAt?$AAe?$AAx?$AA?5?$AAa?$AAl?$AAr?$AAe?$AAa?$AAd?$AAy?$AA?5?$AAe?$AAx?$AAi?$AAs?$AAt?$AA?4?$AA?6?$AA?$AA@ 1001006c     FIMGlib:platform.obj
 0001:0000f0a8       ??_C@_1BO@ICIALGBJ@?$AAF?$AAI?$AAM?$AAG?$AA3?$AAD?$AAS?$AAF?$AAR?$AAM?$AAu?$AAt?$AAe?$AAx?$AA?$AA@ 100100a8     FIMGlib:platform.obj
 0001:0000f0c8       ??_C@_09BAACALNO@glfFinish?$AA@ 100100c8     FIMGlib:glFimg.obj
 0001:0000f0d4       ??_C@_0BJ@KDNODOBO@0?$CG?$CG?$CCUnexpected?5logicop?$CB?$CC?$AA@ 100100d4     FIMGlib:glFimg.obj
 0001:0000f0f0       ??_C@_0DO@HNEFJJDH@ERROR?3?5unexpected?5bit?5depth?$CB?5col@ 100100f0     FIMGlib:glFimg.obj
 0001:0000f130       ??_C@_0DO@PCJNAJEP@ERROR?3?5unknown?5pixel?5format?$CB?5col@ 10010130     FIMGlib:glFimg.obj
 0001:0000f170       ??_C@_09NCPHIBLG@indx?5?$DO?$DN?50?$AA@ 10010170     FIMGlib:glFimg.obj
 0001:0000f17c       ??_C@_0BF@CPGGPCCL@WARNING?3?5null?5data?5?6?$AA@ 1001017c     FIMGlib:glFimg.obj
 0001:0000f194       ??_C@_0BJ@NOEPFEPL@first?5?$DO?$DN?50?5?$CG?$CG?5count?5?$DO?$DN?50?$AA@ 10010194     FIMGlib:glFimg.obj
 0001:0000f1b0       ??_C@_0L@OGCHHCEC@count?5?$DO?$DN?50?$AA@ 100101b0     FIMGlib:glFimg.obj
 0001:0000f1c0       ??_C@_0EM@MIOCDDGD@ERROR?3?5unknown?5pixel?5format?$CB?5fra@ 100101c0     FIMGlib:glFimg.obj
 0001:0000f20c       ??_C@_0DP@BJCAKJMA@?$CIfbo?$CB?$DN0?$CJ?5?$CG?$CG?5?$CC?2n?5framebuffList?5ha@ 1001020c     FIMGlib:glFramebufferObject.obj
 0001:0000f250       ??_C@_0GA@PDKNIAKF@?$CIit?$CB?$DN?5framebuffList?4end?$CI?$CJ?$CJ?5?$CG?$CG?5?$CC?2@ 10010250     FIMGlib:glFramebufferObject.obj
 0001:0000f2b0       ??_C@_0CB@NKKPELLE@FBOAttachmentPointState?3?3getInfo@ 100102b0     FIMGlib:glFramebufferObject.obj
 0001:0000f2d4       ??_C@_0CL@OMEOEOBF@false?5?$CG?$CG?5?$CCInvalid?5fbo?5bound?5as?5c@ 100102d4     FIMGlib:glFramebufferObject.obj
 0001:0000f300       ??_C@_0BL@CCMBAAL@Warning?0?5fb?5not?5renderable?$AA@ 10010300     FIMGlib:glFramebufferObject.obj
 0001:0000f31c       ??_C@_09HFBMMMKA@getFBData?$AA@ 1001031c     FIMGlib:glFramebufferObject.obj
 0001:0000f328       ??_C@_0EG@ICPIENJD@ERROR?3?5convertFromDepthStencil?3?5@ 10010328     FIMGlib:pixel.obj
 0001:0000f370       ??_C@_0EC@KGKPAOJ@ERROR?3?5getDepthStencilMask?3?5unkn@ 10010370     FIMGlib:pixel.obj
 0001:0000f3b4       ??_C@_0DI@BMGOBKGD@ERROR?3?5pixelSize?3?5unknown?5destin@ 100103b4     FIMGlib:pixel.obj
 0001:0000f3ec       ??_C@_0CL@OJNPHHNB@ERROR?3?5unknown?5destination?5pixel@ 100103ec     FIMGlib:pixel.obj
 0001:0000f418       ??_C@_0CN@ICEKKODN@ERROR?3?5unknown?5destination?5pixel@ 10010418     FIMGlib:pixel.obj
 0001:0000f448       ??_C@_0CH@EDFNMK@ERROR?3?5unknown?5FRAMEBUFFER?5forma@ 10010448     FIMGlib:pixel.obj
 0001:0000f470       ??_C@_0DI@GNDEAKJB@?6?5the?5format?5passed?5and?5the?5colo@ 10010470     FIMGlib:pixel.obj
 0001:0000f4a8       ??_C@_0DJ@MDKGNGEG@ERROR?3?5unknown?1unsupported?5desti@ 100104a8     FIMGlib:pixel.obj
 0001:0000f4e4       ??_C@_0DE@HBKLCJFC@ERROR?3?5unknown?1unsupported?5sourc@ 100104e4     FIMGlib:pixel.obj
 0001:0000f5fc       ??_C@_00CNPNBAHC@?$AA@     100105fc     FIMGlib:glShader.obj
 0001:0000f600       ??_C@_0BA@IIMFCEJG@GL_SAMPLER_CUBE?$AA@ 10010600     FIMGlib:glShader.obj
 0001:0000f610       ??_C@_0O@DGIMCAEM@GL_SAMPLER_3D?$AA@ 10010610     FIMGlib:glShader.obj
 0001:0000f620       ??_C@_0O@DHEOEKHL@GL_SAMPLER_2D?$AA@ 10010620     FIMGlib:glShader.obj
 0001:0000f630       ??_C@_0O@EEJJKNLO@GL_FLOAT_MAT4?$AA@ 10010630     FIMGlib:glShader.obj
 0001:0000f640       ??_C@_0O@LNIDLHJ@GL_FLOAT_MAT3?$AA@ 10010640     FIMGlib:glShader.obj
 0001:0000f650       ??_C@_0O@BCMDAKDI@GL_FLOAT_MAT2?$AA@ 10010650     FIMGlib:glShader.obj
 0001:0000f660       ??_C@_0N@CJJPMBDC@GL_BOOL_VEC4?$AA@ 10010660     FIMGlib:glShader.obj
 0001:0000f670       ??_C@_0N@GGNOFHPF@GL_BOOL_VEC3?$AA@ 10010670     FIMGlib:glShader.obj
 0001:0000f680       ??_C@_0N@HPMFGGLE@GL_BOOL_VEC2?$AA@ 10010680     FIMGlib:glShader.obj
 0001:0000f690       ??_C@_0M@OCJHHBAN@GL_INT_VEC4?$AA@ 10010690     FIMGlib:glShader.obj
 0001:0000f69c       ??_C@_0M@KNNGOHMK@GL_INT_VEC3?$AA@ 1001069c     FIMGlib:glShader.obj
 0001:0000f6a8       ??_C@_0M@LEMNNGIL@GL_INT_VEC2?$AA@ 100106a8     FIMGlib:glShader.obj
 0001:0000f6b4       ??_C@_07BLIMHPL@GL_BOOL?$AA@ 100106b4     FIMGlib:glShader.obj
 0001:0000f6bc       ??_C@_0O@MFKCCJIP@GL_FLOAT_VEC4?$AA@ 100106bc     FIMGlib:glShader.obj
 0001:0000f6cc       ??_C@_0O@IKODLPEI@GL_FLOAT_VEC3?$AA@ 100106cc     FIMGlib:glShader.obj
 0001:0000f6dc       ??_C@_0O@JDPIIOAJ@GL_FLOAT_VEC2?$AA@ 100106dc     FIMGlib:glShader.obj
 0001:0000f6ec       ??_C@_06GDCJNGFG@GL_INT?$AA@ 100106ec     FIMGlib:glShader.obj
 0001:0000f6f4       ??_C@_08CAFAKAJG@GL_FLOAT?$AA@ 100106f4     FIMGlib:glShader.obj
 0001:0000f700       ??_C@_0BB@JAKEHDNF@numSlotsUsed?$CB?$DN?50?$AA@ 10010700     FIMGlib:glShader.obj
 0001:0000f714       ??_C@_0BJ@JIHGGLOB@0?5?$CG?$CG?5?$CCShaderPtr?5is?50?$CB?$CB?$CB?$CC?$AA@ 10010714     FIMGlib:glShader.obj
 0001:0000f730       ??_C@_0DE@IHGEAFJE@?$CItype?5?$CB?$DN?5INVALID_SHADER?$CJ?$CG?$CG?$CCShade@ 10010730     FIMGlib:glShader.obj
 0001:0000f768       ??_C@_0GG@BBGAONBP@LINK?5ERROR?3?5two?5variables?5in?5a?5V@ 10010768     FIMGlib:glShader.obj
 0001:0000f7d0       ??_C@_0BJ@DOLBABKJ@LINK?5ERROR?3?5FS?5varying?5?$DM?$AA@ 100107d0     FIMGlib:glShader.obj
 0001:0000f7ec       ??_C@_0BJ@IKLGKHHD@LINK?5ERROR?3?5VS?5varying?5?$DM?$AA@ 100107ec     FIMGlib:glShader.obj
 0001:0000f808       ??_C@_0BJ@JAAEOFPE@?$DO?5register?5out?5of?5range?6?$AA@ 10010808     FIMGlib:glShader.obj
 0001:0000f824       ??_C@_0BM@GIBIHBLH@?$CIvsReg?$CB?$DN?91?$CJ?5?$CG?$CG?$CCvsReg?5is?5?91?$CC?$AA@ 10010824     FIMGlib:glShader.obj
 0001:0000f840       ??_C@_0O@MPCJJLAI@gl_PointCoord?$AA@ 10010840     FIMGlib:glShader.obj
 0001:0000f850       ??_C@_0BK@JOJHMMLE@UniformTable?3?3getLocation?$AA@ 10010850     FIMGlib:glShader.obj
 0001:0000f86c       ??_C@_0CK@GDMFNNAB@LINK?5FAILED?3?5type?5mismatch?5for?5v@ 1001086c     FIMGlib:glShader.obj
 0001:0000f898       ??_C@_09PEJBFDKL@?5VStype?3?5?$AA@ 10010898     FIMGlib:glShader.obj
 0001:0000f8a4       ??_C@_09FIFBBBNK@?5FStype?3?5?$AA@ 100108a4     FIMGlib:glShader.obj
 0001:0000f8b0       ??_C@_01EEMJAFIK@?6?$AA@   100108b0     FIMGlib:glShader.obj
 0001:0000f8b4       ??_C@_0DP@DHMFJJHK@LINK?5FAILED?3?5no?5matching?5varying@ 100108b4     FIMGlib:glShader.obj
 0001:0000f8f4       ??_C@_0CC@BPJCDECE@LINK?5FAILED?3?5unknown?5varying?5typ@ 100108f4     FIMGlib:glShader.obj
 0001:0000f918       ??_C@_0DC@FHCAOIIH@FAILED?3?5No?5free?5locations?5found?5@ 10010918     FIMGlib:glShader.obj
 0001:0000f94c       ??_C@_0BE@FMLMHBMM@FAILED?3?5collision?$CB?6?$AA@ 1001094c     FIMGlib:glShader.obj
 0001:0000f960       ??_C@_0CM@CJEDCPCO@LINK?5FAILED?3?5Number?5of?5attribute@ 10010960     FIMGlib:glShader.obj
 0001:0000f98c       ??_C@_0CL@DGJCMKFN@LINK?5FAILED?3?5Overflowing?5attrib?5@ 1001098c     FIMGlib:glShader.obj
 0001:0000f9b8       ??_C@_0FF@KBDMHBGK@?$CI?$CIvsRegIndex?$CLnumSlots?91?$CJ?$DMMAX_VER@ 100109b8     FIMGlib:glShader.obj
 0001:0000fa10       ??_C@_0CF@PNPGEPNP@LINK?5FAILED?3?5Mismatched?5uniform?5@ 10010a10     FIMGlib:glShader.obj
 0001:0000fa38       ??_C@_0DH@IPFAHJAM@false?5?$CG?$CG?5?$CCInternal?5error?3?5var?5st@ 10010a38     FIMGlib:glShader.obj
 0001:0000fa70       ??_C@_0EC@GFEFINEN@LINK?5FAILED?3?5Uniform?5name?5for?5ba@ 10010a70     FIMGlib:glShader.obj
 0001:0000fab4       ??_C@_0BP@KNMFFIPH@false?5?$CG?$CG?5?$CCDuplicate?5var?5name?$CB?$CC?$AA@ 10010ab4     FIMGlib:glShader.obj
 0001:0000fad4       ??_C@_0CK@OIHNAHBH@LINK?5FAILED?3?5Duplicate?5uniform?5n@ 10010ad4     FIMGlib:glShader.obj
 0001:0000fb00       ??_C@_0GC@PBEDHKOE@LINK?5FAILED?3?5Internal?5Error?4?5The@ 10010b00     FIMGlib:glShader.obj
 0001:0000fb68       ??_C@_0HO@GKLCPMAL@?$CIbt?9?$DOregclass?5?$DN?$DN?5DCL_REGSET_CONS@ 10010b68     FIMGlib:glShader.obj
 0001:0000fbe8       ??_C@_0CH@BLPNKILJ@INTERNAL?5ERROR?3?5unknown?5variable@ 10010be8     FIMGlib:glShader.obj
 0001:0000fc10       ??_C@_0EM@IECLALCI@LINK?5FAILED?3?5Uniform?5name?5for?5ar@ 10010c10     FIMGlib:glShader.obj
 0001:0000fc5c       ??_C@_0BF@JOHCDIPF@it?9?$DOsecond?4size?5?$DO?$DN?50?$AA@ 10010c5c     FIMGlib:glShader.obj
 0001:0000fc78       ??_C@_0ED@BPDDNMCA@?$CI?$CIstride?5?$CG?50x3?$CJ?$DN?$DN0?$CJ?5?$CG?$CG?5?$CCSampler?5@ 10010c78     FIMGlib:glShader.obj
 0001:0000fcc0       ??_C@_0HO@FECJAAHH@?$CIat?9?$DOregclass?5?$DN?$DN?5DCL_REGSET_CONS@ 10010cc0     FIMGlib:glShader.obj
 0001:0000fd40       ??_C@_04KBDJOJNB@?$FL?$CFd?$FN?$AA@ 10010d40     FIMGlib:glShader.obj
 0001:0000fd48       ??_C@_0N@IDDEBJCE@gl_PointSize?$AA@ 10010d48     FIMGlib:glShader.obj
 0001:0000fd58       ??_C@_0N@PNLLEOHM@gl_FragCoord?$AA@ 10010d58     FIMGlib:glShader.obj
 0001:0000fd68       ??_C@_0BK@CLBGGFDL@Unsupported?5sampler?5type?6?$AA@ 10010d68     FIMGlib:glShader.obj
 0001:0000fd84       ??_C@_0BH@GGLJICKK@Exceeded?5FS?5samplers?$CB?6?$AA@ 10010d84     FIMGlib:glShader.obj
 0001:0000fd9c       ??_C@_0BH@LLOMG@Exceeded?5VS?5samplers?$CB?6?$AA@ 10010d9c     FIMGlib:glShader.obj
 0001:0000fdb4       ??_C@_0DH@JODFONCE@INTERNAL?5ERROR?3?5TexDim?5var?5gener@ 10010db4     FIMGlib:glShader.obj
 0001:0000fdf0       ??_C@_0EA@GBNJGNKK@INTERNAL?5WARNING?3?5TexDim?5used?5fo@ 10010df0     FIMGlib:glShader.obj
 0001:0000fe30       ??_C@_06KHLBPCON@TexDim?$AA@ 10010e30     FIMGlib:glShader.obj
 0001:0000fe38       ??_C@_0BM@GMAEFOGK@false?5?$CG?$CG?5?$CCunexpected?5sType?$CC?$AA@ 10010e38     FIMGlib:glShader.obj
 0001:0000fe58       ??_C@_0FI@FMLJHEFF@?$CIsType?5?$DN?$DN?5shaderHeaderType?$CIbin?$CJ?$CJ@ 10010e58     FIMGlib:glShader.obj
 0001:0000feb0       ??_C@_0BN@CKGAPEMH@bin?5?$CG?$CG?5?$CCBin?5shaderPtr?5is?50?$CB?$CC?$AA@ 10010eb0     FIMGlib:glShader.obj
 0001:0000fed0       ??_C@_0BI@GPFLAHDO@ProgramVars?3?3insertVars?$AA@ 10010ed0     FIMGlib:glShader.obj
 0001:0000fee8       ??_C@_0BP@KMCANGHO@ShaderProgNameList?3?3freeUnused?$AA@ 10010ee8     FIMGlib:glShader.obj
 0001:0000ff08       ??_C@_0CJ@FNOGMCGA@false?5?$CG?$CG?5?$CCTrying?5to?5attach?5null?5@ 10010f08     FIMGlib:glShader.obj
 0001:0000ff34       ??_C@_0BG@HHMIANB@Program?3?3attachShader?$AA@ 10010f34     FIMGlib:glShader.obj
 0001:0000ff4c       ??_C@_0BN@PEBFNDGC@Unable?5to?5allocate?5?$CFd?5bytes?6?$AA@ 10010f4c     GPIlib:GPI_wince.obj
 0001:0000ff70       ??_C@_0EA@LJKCCKCA@Received?5an?5alloc?5request?5of?5siz@ 10010f70     GPIlib:GPI_wince.obj
 0001:0000ffb0       ??_C@_0BH@FLIKCLHL@Unable?5to?5free?5memory?6?$AA@ 10010fb0     GPIlib:GPI_wince.obj
 0001:0000ffc8       ??_C@_0CI@ODNNEIEG@Unable?5to?5free?5memory?5for?5depth?5@ 10010fc8     GPIlib:GPI_wince.obj
 0001:0000fff0       ??_C@_0DL@FANLJNNA@Unable?5to?5allocate?5?$CFd?5bytes?5for?5@ 10010ff0     GPIlib:GPI_wince.obj
 0001:0001002c       ??_C@_0CO@CDFMBLOB@Unable?5to?5allocate?5?$CFd?5bytes?5for?5@ 1001102c     GPIlib:GPI_wince.obj
 0001:000100a0       InitBufferList             100110a0 f   glbuffer.obj
 0001:00010108       GetBufferIndex             10011108 f   glbuffer.obj
 0001:00010134       GetBufferName              10011134 f   glbuffer.obj
 0001:00010184       GetBufferObject            10011184 f   glbuffer.obj
 0001:000101e0       glBindBuffer               100111e0 f   glbuffer.obj
 0001:00010200       glBufferData               10011200 f   glbuffer.obj
 0001:00010220       glBufferSubData            10011220 f   glbuffer.obj
 0001:00010240       glDeleteBuffers            10011240 f   glbuffer.obj
 0001:00010260       glGenBuffers               10011260 f   glbuffer.obj
 0001:00010280       glIsBuffer                 10011280 f   glbuffer.obj
 0001:000102a0       glGetBufferParameteriv     100112a0 f   glbuffer.obj
 0001:000102c0       glClearColor               100112c0 f   glclear.obj
 0001:000102e0       glClearDepthf              100112e0 f   glclear.obj
 0001:00010300       glClear                    10011300 f   glclear.obj
 0001:00010310       glClearColorx              10011310 f   glclear.obj
 0001:00010384       glClearDepthx              10011384 f   glclear.obj
 0001:000103a0       glClearStencil             100113a0 f   glclear.obj
 0001:000103b0       glClipPlanef               100113b0 f   glclip.obj
 0001:00010448       glGetClipPlanef            10011448 f   glclip.obj
 0001:000104c0       glClipPlanex               100114c0 f   glclip.obj
 0001:0001057c       glGetClipPlanex            1001157c f   glclip.obj
 0001:00010638       InitLight                  10011638 f   glcolor.obj
 0001:000106e0       InitMaterial               100116e0 f   glcolor.obj
 0001:00010748       glLightModelf              10011748 f   glcolor.obj
 0001:000107ac       glLightModelfv             100117ac f   glcolor.obj
 0001:00010848       glLightfv                  10011848 f   glcolor.obj
 0001:00010b00       glColorMask                10011b00 f   glcolor.obj
 0001:00010b10       glFogfv                    10011b10 f   glcolor.obj
 0001:00010cb0       glShadeModel               10011cb0 f   glcolor.obj
 0001:00010ce0       glLightModelx              10011ce0 f   glcolor.obj
 0001:00010d38       glLightModelxv             10011d38 f   glcolor.obj
 0001:00010e00       glLightxv                  10011e00 f   glcolor.obj
 0001:00010fa4       glMaterialfv               10011fa4 f   glcolor.obj
 0001:0001113c       glMaterialxv               1001213c f   glcolor.obj
 0001:0001140c       glFogxv                    1001240c f   glcolor.obj
 0001:000115e0       glLightf                   100125e0 f   glcolor.obj
 0001:00011690       glFogf                     10012690 f   glcolor.obj
 0001:00011724       glLightx                   10012724 f   glcolor.obj
 0001:00011758       glMaterialf                10012758 f   glcolor.obj
 0001:000117c0       glMaterialx                100127c0 f   glcolor.obj
 0001:00011848       glFogx                     10012848 f   glcolor.obj
 0001:000118dc       glDisable                  100128dc f   glenable.obj
 0001:00011cd8       glEnableClientState        10012cd8 f   glenable.obj
 0001:00011de8       glDisableClientState       10012de8 f   glenable.obj
 0001:00011ef8       glEnable                   10012ef8 f   glenable.obj
 0001:000122fc       glIsEnabled                100132fc f   glenable.obj
 0001:00012630       glGetFixedv                10013630 f   glgets.obj
 0001:00012684       glGetFloatv                10013684 f   glgets.obj
 0001:000126d8       glGetLightfv               100136d8 f   glgets.obj
 0001:0001283c       glGetMaterialfv            1001383c f   glgets.obj
 0001:00012958       glGetTexEnvfv              10013958 f   glgets.obj
 0001:000129c0       glGetTexParameterfv        100139c0 f   glgets.obj
 0001:000129d0       glGetBooleanv              100139d0 f   glgets.obj
 0001:00012a24       glGetError                 10013a24 f   glgets.obj
 0001:00012a6c       glGetLightxv               10013a6c f   glgets.obj
 0001:00012d40       glGetMaterialxv            10013d40 f   glgets.obj
 0001:00012d44       glGetPointerv              10013d44 f   glgets.obj
 0001:00012d98       glGetIntegerv              10013d98 f   glgets.obj
 0001:0001322c       glGetString                1001422c f   glgets.obj
 0001:000132b8       glGetTexEnviv              100142b8 f   glgets.obj
 0001:00013308       glGetTexEnvxv              10014308 f   glgets.obj
 0001:00013360       glGetTexParameteriv        10014360 f   glgets.obj
 0001:00013380       glGetTexParameterxv        10014380 f   glgets.obj
 0001:00013390       InverseTranspose           10014390 f   glimplmatrix.obj
 0001:00013644       InverseMatrix33            10014644 f   glimplmatrix.obj
 0001:00013b38       MultMatrix44               10014b38 f   glimplmatrix.obj
 0001:00013bfc       WeightedSum                10014bfc f   glimplmatrix.obj
 0001:00013ce8       MultMatrix4f               10014ce8 f   glimplmatrix.obj
 0001:00014538       InitializeMatrixState      10015538 f   glmatrix.obj
 0001:000145f4       GetCurrentMatrix           100155f4 f   glmatrix.obj
 0001:000146ac       MultMatrices               100156ac f   glmatrix.obj
 0001:000147f0       glMatrixMode               100157f0 f   glmatrix.obj
 0001:00014864       glPopMatrix                10015864 f   glmatrix.obj
 0001:0001495c       glPushMatrix               1001595c f   glmatrix.obj
 0001:00014a98       glRotatef                  10015a98 f   glmatrix.obj
 0001:00014de4       glScalef                   10015de4 f   glmatrix.obj
 0001:00014ed0       glTranslatef               10015ed0 f   glmatrix.obj
 0001:00014fb8       glOrthof                   10015fb8 f   glmatrix.obj
 0001:00015194       glLoadMatrixf              10016194 f   glmatrix.obj
 0001:00015224       glFrustumf                 10016224 f   glmatrix.obj
 0001:00015448       glLoadIdentity             10016448 f   glmatrix.obj
 0001:000154dc       glMultMatrixf              100164dc f   glmatrix.obj
 0001:00015614       glOrthox                   10016614 f   glmatrix.obj
 0001:000156c4       glFrustumx                 100166c4 f   glmatrix.obj
 0001:00015774       glMultMatrixx              10016774 f   glmatrix.obj
 0001:00015874       glTranslatex               10016874 f   glmatrix.obj
 0001:000158cc       glScalex                   100168cc f   glmatrix.obj
 0001:00015924       glRotatex                  10016924 f   glmatrix.obj
 0001:00015998       glLoadMatrixx              10016998 f   glmatrix.obj
 0001:00015a7c       glCurrentPaletteMatrixOES  10016a7c f   glmatrix.obj
 0001:00015ac4       glLoadPaletteFromModelViewMatrixOES 10016ac4 f   glmatrix.obj
 0001:00015b20       glDepthRangef              10016b20 f   glmisc.obj
 0001:00015b30       glDepthRangex              10016b30 f   glmisc.obj
 0001:00015be0       glPolygonOffset            10016be0 f   glmisc.obj
 0001:00015c00       glCullFace                 10016c00 f   glmisc.obj
 0001:00015c20       glFrontFace                10016c20 f   glmisc.obj
 0001:00015c30       glHint                     10016c30 f   glmisc.obj
 0001:00015d40       glPixelStorei              10016d40 f   glmisc.obj
 0001:00015d50       glPolygonOffsetx           10016d50 f   glmisc.obj
 0001:00015d8c       glReadPixels               10016d8c f   glmisc.obj
 0001:00015dc0       glViewport                 10016dc0 f   glmisc.obj
 0001:00015de0       glLineWidth                10016de0 f   glmisc.obj
 0001:00015df0       glPointSize                10016df0 f   glmisc.obj
 0001:00015e2c       glLineWidthx               10016e2c f   glmisc.obj
 0001:00015e48       glPointSizex               10016e48 f   glmisc.obj
 0001:00015e98       glPointParameterf          10016e98 f   glmisc.obj
 0001:00015f34       glPointParameterfv         10016f34 f   glmisc.obj
 0001:0001601c       glPointParameterxv         1001701c f   glmisc.obj
 0001:00016190       glPointParameterx          10017190 f   glmisc.obj
 0001:00016220       glAlphaFunc                10017220 f   glPerFragment.obj
 0001:00016240       glBlendFunc                10017240 f   glPerFragment.obj
 0001:00016250       glAlphaFuncx               10017250 f   glPerFragment.obj
 0001:00016280       glDepthFunc                10017280 f   glPerFragment.obj
 0001:000162a0       glDepthMask                100172a0 f   glPerFragment.obj
 0001:000162c0       glStencilFunc              100172c0 f   glPerFragment.obj
 0001:000162e0       glStencilMask              100172e0 f   glPerFragment.obj
 0001:00016300       glStencilOp                10017300 f   glPerFragment.obj
 0001:00016320       glSampleCoverage           10017320 f   glPerFragment.obj
 0001:00016330       glSampleCoveragex          10017330 f   glPerFragment.obj
 0001:00016360       glScissor                  10017360 f   glPerFragment.obj
 0001:00016380       glLogicOp                  10017380 f   glPerFragment.obj
 0001:00016390       GetTypeSize                10017390 f   glvertex.obj
 0001:000163d8       glColor4f                  100173d8 f   glvertex.obj
 0001:0001644c       glColor4x                  1001744c f   glvertex.obj
 0001:00016524       glColor4ub                 10017524 f   glvertex.obj
 0001:000165f0       glNormal3f                 100175f0 f   glvertex.obj
 0001:0001662c       glNormal3x                 1001762c f   glvertex.obj
 0001:0001669c       glPointSizePointerOES      1001769c f   glvertex.obj
 0001:000167a8       glMatrixIndexPointerOES    100177a8 f   glvertex.obj
 0001:000168cc       glWeightPointerOES         100178cc f   glvertex.obj
 0001:00016a74       hashmap_hash               10017a74 f   hashmap.obj
 0001:00016b30       hashmap_put                10017b30 f   hashmap.obj
 0001:00016c40       hashmap_get                10017c40 f   hashmap.obj
 0001:00016d04       hashmap_new                10017d04 f   hashmap.obj
 0001:00016d80       makeUniformTree            10017d80 f   loadshader.obj
 0001:00017e8c       matTranspose               10018e8c f   loadshader.obj
 0001:00017f24       loadShader2                10018f24 f   loadshader.obj
 0001:000181b4       MultMatrixNor3f            100191b4 f   nmatrix.obj
 0001:0001866c       ShaderInit                 1001966c f   pointer.obj
 0001:000186b4       glVertexPointer            100196b4 f   pointer.obj
 0001:000186f4       glNormalPointer            100196f4 f   pointer.obj
 0001:00018734       glColorPointer             10019734 f   pointer.obj
 0001:00018774       glTexCoordPointer          10019774 f   pointer.obj
 0001:00018800       InitMatrices               10019800 f   render.obj
 0001:00018ab0       setShaderSelectInfo        10019ab0 f   render.obj
 0001:00018b4c       multVector                 10019b4c f   render.obj
 0001:00018c28       addVector                  10019c28 f   render.obj
 0001:00018d0c       UniformsInit               10019d0c f   render.obj
 0001:00019d98       glDrawElements             1001ad98 f   render.obj
 0001:00019ee0       glFinish                   1001aee0 f   render.obj
 0001:00019f00       glFlush                    1001af00 f   render.obj
 0001:00019f10       CopyToFloat                1001af10 f   render.obj
 0001:00019f50       CopyToFixed                1001af50 f   render.obj
 0001:00019fd4       CopyToInt                  1001afd4 f   render.obj
 0001:0001a034       CopyToBool                 1001b034 f   render.obj
 0001:0001a100       CopyToFloatS               1001b100 f   render.obj
 0001:0001a108       CopyToFixedS               1001b108 f   render.obj
 0001:0001a134       CopyToIntS                 1001b134 f   render.obj
 0001:0001a150       CopyToBoolS                1001b150 f   render.obj
 0001:0001a18c       CopyToFloatE               1001b18c f   render.obj
 0001:0001a1c0       CopyToFixedE               1001b1c0 f   render.obj
 0001:0001a1e0       CopyToIntE                 1001b1e0 f   render.obj
 0001:0001a200       CopyToBoolE                1001b200 f   render.obj
 0001:0001a20c       GetStateAttrib             1001b20c f   render.obj
 0001:0001c074       CreateStateGLES11          1001d074 f   render.obj
 0001:0001c2b8       glDrawArrays               1001d2b8 f   render.obj
 0001:0001c3a4       InitTextureList            1001d3a4 f   gltex.obj
 0001:0001c440       glBindTexture              1001d440 f   gltex.obj
 0001:0001c460       glDeleteTextures           1001d460 f   gltex.obj
 0001:0001c480       glGenTextures              1001d480 f   gltex.obj
 0001:0001c4a0       glIsTexture                1001d4a0 f   gltex.obj
 0001:0001c4b0       glActiveTexture            1001d4b0 f   gltex.obj
 0001:0001c520       glMultiTexCoord4f          1001d520 f   gltex.obj
 0001:0001c5e4       glMultiTexCoord4x          1001d5e4 f   gltex.obj
 0001:0001c680       glClientActiveTexture      1001d680 f   gltex.obj
 0001:0001c6a0       glTexEnvfv                 1001d6a0 f   gltex.obj
 0001:0001cc38       glTexEnviv                 1001dc38 f   gltex.obj
 0001:0001d138       glTexEnvxv                 1001e138 f   gltex.obj
 0001:0001d6a0       glTexParameterf            1001e6a0 f   gltex.obj
 0001:0001d6c0       glTexParameteri            1001e6c0 f   gltex.obj
 0001:0001d6d0       glTexParameterx            1001e6d0 f   gltex.obj
 0001:0001d700       glTexParameterfv           1001e700 f   gltex.obj
 0001:0001d720       glTexParameteriv           1001e720 f   gltex.obj
 0001:0001d730       glTexParameterxv           1001e730 f   gltex.obj
 0001:0001d75c       glCopyTexImage2D           1001e75c f   gltex.obj
 0001:0001d794       glCopyTexSubImage2D        1001e794 f   gltex.obj
 0001:0001d7cc       glTexImage2D               1001e7cc f   gltex.obj
 0001:0001d80c       glTexSubImage2D            1001e80c f   gltex.obj
 0001:0001d84c       glCompressedTexImage2D     1001e84c f   gltex.obj
 0001:0001d884       glCompressedTexSubImage2D  1001e884 f   gltex.obj
 0001:0001d8e0       glMapTexture               1001e8e0 f   gltex.obj
 0001:0001d8f0       glUnmapTexture             1001e8f0 f   gltex.obj
 0001:0001d904       glTexEnvf                  1001e904 f   gltex.obj
 0001:0001d968       glTexEnvi                  1001e968 f   gltex.obj
 0001:0001d9cc       glTexEnvx                  1001e9cc f   gltex.obj
 0001:0001da30       GLES11SetSurfaceData       1001ea30 f   eglInterface.obj
 0001:0001da60       GLES11CreateContext        1001ea60 f   eglInterface.obj
 0001:0001da70       GLES11SetContext           1001ea70 f   eglInterface.obj
 0001:0001da88       GLES11DestroyContext       1001ea88 f   eglInterface.obj
 0001:0001dac8       GetGLstate20               1001eac8 f   eglInterface.obj
 0001:0001dae0       ?printf@Plat@@SAHPBDZZ     1001eae0 f i FIMGlib:glCore.obj
 0001:0001db00       ?InitFallBackTexObjects@SharedTextureState@@QAAXXZ 1001eb00 f i FIMGlib:glCore.obj
 0001:0001e024       ?unlockGLSharedTextureState@@YAXPAUOGLState@@@Z 1001f024 f i FIMGlib:glCore.obj
 0001:0001e3a0       ?FimgFinish@@YA?AW4glfError@@PAUOGLState@@@Z 1001f3a0 f   FIMGlib:glCore.obj
 0001:0001e3dc       ?set_err@@YAXI@Z           1001f3dc f   FIMGlib:glCore.obj
 0001:0001e434       ?set_err@@YAXPAUOGLState@@I@Z 1001f434 f   FIMGlib:glCore.obj
 0001:0001e44c       glBlendFuncSeparate        1001f44c f   FIMGlib:glCore.obj
 0001:0001e600       OGL2_glClear               1001f600 f   FIMGlib:glCore.obj
 0001:0001e730       OGL2_glClearColor          1001f730 f   FIMGlib:glCore.obj
 0001:0001e868       OGL2_glClearDepthf         1001f868 f   FIMGlib:glCore.obj
 0001:0001e8f0       OGL2_glClearStencil        1001f8f0 f   FIMGlib:glCore.obj
 0001:0001e93c       OGL2_glColorMask           1001f93c f   FIMGlib:glCore.obj
 0001:0001e9a0       OGL2_glCullFace            1001f9a0 f   FIMGlib:glCore.obj
 0001:0001ea6c       OGL2_glDepthFunc           1001fa6c f   FIMGlib:glCore.obj
 0001:0001eb34       OGL2_glDepthMask           1001fb34 f   FIMGlib:glCore.obj
 0001:0001eb80       OGL2_glDepthRangef         1001fb80 f   FIMGlib:glCore.obj
 0001:0001ec44       OGL2_glDisable             1001fc44 f   FIMGlib:glCore.obj
 0001:0001ee08       OGL2_glDisableVertexAttribArray 1001fe08 f   FIMGlib:glCore.obj
 0001:0001eeb8       ?isDrawVertexCountValid@@YA_NIH@Z 1001feb8 f   FIMGlib:glCore.obj
 0001:0001ef88       OGL2_glEnable              1001ff88 f   FIMGlib:glCore.obj
 0001:0001f14c       OGL2_glEnableVertexAttribArray 1002014c f   FIMGlib:glCore.obj
 0001:0001f1fc       ?stateFlush@@YA_NPAUOGLState@@@Z 100201fc f   FIMGlib:glCore.obj
 0001:0001f478       OGL2_glFinish              10020478 f   FIMGlib:glCore.obj
 0001:0001f4f4       OGL2_glFlush               100204f4 f   FIMGlib:glCore.obj
 0001:0001f568       OGL2_glFrontFace           10020568 f   FIMGlib:glCore.obj
 0001:0001f61c       OGL2_glGetBufferParameteriv 1002061c f   FIMGlib:glCore.obj
 0001:0001f7b4       OGL2_glGetError            100207b4 f   FIMGlib:glCore.obj
 0001:0001f804       OGL2_glGetString           10020804 f   FIMGlib:glCore.obj
 0001:0001f904       ?GetVertexAttribfv@@YAIIIPAM@Z 10020904 f   FIMGlib:glCore.obj
 0001:0001fae0       OGL2_glGetVertexAttribfv   10020ae0 f   FIMGlib:glCore.obj
 0001:0001faf0       OGL2_glGetVertexAttribiv   10020af0 f   FIMGlib:glCore.obj
 0001:0001fb5c       OGL2_glGetVertexAttribPointerv 10020b5c f   FIMGlib:glCore.obj
 0001:0001fc9c       OGL2_glHint                10020c9c f   FIMGlib:glCore.obj
 0001:0001fd98       OGL2_glIsBuffer            10020d98 f   FIMGlib:glCore.obj
 0001:0001fe28       OGL2_glIsEnabled           10020e28 f   FIMGlib:glCore.obj
 0001:0001ffc4       OGL2_glLineWidth           10020fc4 f   FIMGlib:glCore.obj
 0001:00020078       OGL2_glPixelStorei         10021078 f   FIMGlib:glCore.obj
 0001:00020180       OGL2_glPolygonOffset       10021180 f   FIMGlib:glCore.obj
 0001:000201d0       OGL2_glReadPixels          100211d0 f   FIMGlib:glCore.obj
 0001:0002052c       OGL2_glSampleCoverage      1002152c f   FIMGlib:glCore.obj
 0001:000205c0       OGL2_glScissor             100215c0 f   FIMGlib:glCore.obj
 0001:0002068c       glStencilOpSeparate        1002168c f   FIMGlib:glCore.obj
 0001:00020874       OGL2_glAlphaFuncEXP        10021874 f   FIMGlib:glCore.obj
 0001:00020934       OGL2_glLogicOpEXP          10021934 f   FIMGlib:glCore.obj
 0001:000209ec       OGL2_glVertexAttrib4f      100219ec f   FIMGlib:glCore.obj
 0001:00020ab0       OGL2_glVertexAttrib4fv     10021ab0 f   FIMGlib:glCore.obj
 0001:00020b4c       OGL2_glVertexAttribPointer 10021b4c f   FIMGlib:glCore.obj
 0001:00020c70       OGL2_glViewport            10021c70 f   FIMGlib:glCore.obj
 0001:00020d38       OGL2_glBindBuffer          10021d38 f   FIMGlib:glCore.obj
 0001:00020f78       OGL2_glGenBuffers          10021f78 f   FIMGlib:glCore.obj
 0001:00021044       OGL2_glBufferSubData       10022044 f   FIMGlib:glCore.obj
 0001:000211e0       GLES2ChunkNew              100221e0 f   FIMGlib:glCore.obj
 0001:00021228       GLES2ChunkFree             10022228 f   FIMGlib:glCore.obj
 0001:00021248       GLES2DepthNew              10022248 f   FIMGlib:glCore.obj
 0001:000212a0       GLES2DepthFree             100222a0 f   FIMGlib:glCore.obj
 0001:000212b0       ?InitEGLInterfaceFunction@@YAXXZ 100222b0 f   FIMGlib:glCore.obj
 0001:000213dc       ?_Lrotate@?$_Tree@IU?$pair@$$CBIPAURenderbufferObject@@@std@@U_Kfn@?$map@IPAURenderbufferObject@@U?$less@I@std@@V?$allocator@PAURenderbufferObject@@@3@@2@U?$less@I@2@V?$allocator@PAURenderbufferObject@@@2@@std@@IAAXPAU_Node@12@@Z 100223dc f i FIMGlib:glCore.obj
 0001:0002145c       ?_Max@?$_Tree@IU?$pair@$$CBIPAURenderbufferObject@@@std@@U_Kfn@?$map@IPAURenderbufferObject@@U?$less@I@std@@V?$allocator@PAURenderbufferObject@@@3@@2@U?$less@I@2@V?$allocator@PAURenderbufferObject@@@2@@std@@KAPAU_Node@12@PAU312@@Z 1002245c f i FIMGlib:glCore.obj
 0001:00021498       ?_Rrotate@?$_Tree@IU?$pair@$$CBIPAURenderbufferObject@@@std@@U_Kfn@?$map@IPAURenderbufferObject@@U?$less@I@std@@V?$allocator@PAURenderbufferObject@@@3@@2@U?$less@I@2@V?$allocator@PAURenderbufferObject@@@2@@std@@IAAXPAU_Node@12@@Z 10022498 f i FIMGlib:glCore.obj
 0001:00021520       ?_Max@?$_Tree@IU?$pair@$$CBIPAUFramebufferObject@@@std@@U_Kfn@?$map@IPAUFramebufferObject@@U?$less@I@std@@V?$allocator@PAUFramebufferObject@@@3@@2@U?$less@I@2@V?$allocator@PAUFramebufferObject@@@2@@std@@KAPAU_Node@12@PAU312@@Z 10022520 f i FIMGlib:glCore.obj
 0001:0002155c       ?_Max@?$_Tree@IIU_Kfn@?$set@IU?$less@I@std@@V?$allocator@I@2@@std@@U?$less@I@3@V?$allocator@I@3@@std@@KAPAU_Node@12@PAU312@@Z 1002255c f i FIMGlib:glCore.obj
 0001:00021598       ?_Inc@const_iterator@?$_Tree@IU?$pair@$$CBIPAUFramebufferObject@@@std@@U_Kfn@?$map@IPAUFramebufferObject@@U?$less@I@std@@V?$allocator@PAUFramebufferObject@@@3@@2@U?$less@I@2@V?$allocator@PAUFramebufferObject@@@2@@std@@QAAXXZ 10022598 f i FIMGlib:glCore.obj
 0001:0002163c       ?_Inc@const_iterator@?$_Tree@IIU_Kfn@?$set@IU?$less@I@std@@V?$allocator@I@2@@std@@U?$less@I@3@V?$allocator@I@3@@std@@QAAXXZ 1002263c f i FIMGlib:glCore.obj
 0001:000216e0       GLES2SetSurfaceData        100226e0 f   FIMGlib:glCore.obj
 0001:000217b4       OGL2_glBlendFunc           100227b4 f   FIMGlib:glCore.obj
 0001:000217cc       OGL2_glDrawArrays          100227cc f   FIMGlib:glCore.obj
 0001:00021990       OGL2_glDrawElements        10022990 f   FIMGlib:glCore.obj
 0001:00021b68       OGL2_glGetBooleanv         10022b68 f   FIMGlib:glCore.obj
 0001:00022eb4       OGL2_glGetFloatv           10023eb4 f   FIMGlib:glCore.obj
 0001:0002408c       OGL2_glGetIntegerv         1002508c f   FIMGlib:glCore.obj
 0001:000254ec       OGL2_glStencilFunc         100264ec f   FIMGlib:glCore.obj
 0001:000255c0       OGL2_glStencilMask         100265c0 f   FIMGlib:glCore.obj
 0001:00025610       OGL2_glStencilOp           10026610 f   FIMGlib:glCore.obj
 0001:00025634       OGL2_glVertexAttrib1f      10026634 f   FIMGlib:glCore.obj
 0001:0002565c       OGL2_glVertexAttrib3f      1002665c f   FIMGlib:glCore.obj
 0001:0002567c       OGL2_glDeleteBuffers       1002667c f   FIMGlib:glCore.obj
 0001:000257f4       OGL2_glBufferData          100267f4 f   FIMGlib:glCore.obj
 0001:00025a28       ?_Lrotate@?$_Tree@IU?$pair@$$CBIPAUFramebufferObject@@@std@@U_Kfn@?$map@IPAUFramebufferObject@@U?$less@I@std@@V?$allocator@PAUFramebufferObject@@@3@@2@U?$less@I@2@V?$allocator@PAUFramebufferObject@@@2@@std@@IAAXPAU_Node@12@@Z 10026a28 f i FIMGlib:glCore.obj
[...]
 0001:0006a3d8       EnterCriticalSection       1006b3d8 f   coredll:COREDLL.dll
 0001:0006a3e8       LeaveCriticalSection       1006b3e8 f   coredll:COREDLL.dll
 0001:0006a4fc       _DllMainCRTStartup         1006b4fc f   corelib0:pegdmain.obj
 0001:0006a52c       __GSHandlerCheckCommon     1006b52c f   corelib0:gshandler.obj
 0001:0006a568       __GSHandlerCheck           1006b568 f   corelib0:gshandler.obj
 0001:0006a58c       __security_init_cookie     1006b58c f   corelib0:seccinit.obj
 0001:0006a5e8       __security_check_cookie    1006b5e8 f   corelib0:armsecgs.obj
 0001:0006a5fc       __gsfailure                1006b5fc f   corelib0:armsecgs.obj
 0001:0006a708       _cexit                     1006b708 f   corelib0:cexit.obj
 0001:0006a724       _initterm                  1006b724 f   corelib0:crt0dat.obj
 0001:0006a758       _cinit                     1006b758 f   corelib0:crt0dat.obj
 0001:0006a78c       __itos                     1006b78c f   corelib1:COREDLL.dll
 0001:0006a79c       __muls                     1006b79c f   corelib1:COREDLL.dll
 0001:0006a7ac       __stou                     1006b7ac f   corelib1:COREDLL.dll
 0001:0006a7bc       __nes                      1006b7bc f   corelib1:COREDLL.dll
 0001:0006a7cc       __lts                      1006b7cc f   corelib1:COREDLL.dll
 0001:0006a7dc       __stod                     1006b7dc f   corelib1:COREDLL.dll
 0001:0006a7ec       __dtos                     1006b7ec f   corelib1:COREDLL.dll
 0001:0006a7fc       __stoi                     1006b7fc f   corelib1:COREDLL.dll
 0001:0006a80c       __subd                     1006b80c f   corelib1:COREDLL.dll
 0001:0006a81c       __muld                     1006b81c f   corelib1:COREDLL.dll
 0001:0006a82c       __dtoi                     1006b82c f   corelib1:COREDLL.dll
 0001:0006a83c       pow                        1006b83c f   corelib1:COREDLL.dll
 0001:0006a84c       __subs                     1006b84c f   corelib1:COREDLL.dll
 0001:0006a85c       __adds                     1006b85c f   corelib1:COREDLL.dll
 0001:0006a86c       __eqs                      1006b86c f   corelib1:COREDLL.dll
 0001:0006a87c       __divs                     1006b87c f   corelib1:COREDLL.dll
 0001:0006a88c       __ges                      1006b88c f   corelib1:COREDLL.dll
 0001:0006a89c       __ltd                      1006b89c f   corelib1:COREDLL.dll
 0001:0006a8ac       __negs                     1006b8ac f   corelib1:COREDLL.dll
 0001:0006a8bc       malloc                     1006b8bc f   corelib1:COREDLL.dll
 0001:0006a8cc       free                       1006b8cc f   corelib1:COREDLL.dll
 0001:0006a8dc       memcpy                     1006b8dc f   corelib1:COREDLL.dll
 0001:0006a8ec       __divd                     1006b8ec f   corelib1:COREDLL.dll
 0001:0006a8fc       cos                        1006b8fc f   corelib1:COREDLL.dll
 0001:0006a90c       sin                        1006b90c f   corelib1:COREDLL.dll
 0001:0006a91c       sqrt                       1006b91c f   corelib1:COREDLL.dll
 0001:0006a92c       __gts                      1006b92c f   corelib1:COREDLL.dll
 0001:0006a93c       __utos                     1006b93c f   corelib1:COREDLL.dll
 0001:0006a94c       __rt_sdiv                  1006b94c f   corelib1:COREDLL.dll
 0001:0006a95c       __rt_udiv                  1006b95c f   corelib1:COREDLL.dll
 0001:0006a96c       memset                     1006b96c f   corelib1:COREDLL.dll
 0001:0006a97c       printf                     1006b97c f   corelib1:COREDLL.dll
 0001:0006a98c       fflush                     1006b98c f   corelib1:COREDLL.dll
 0001:0006a99c       fprintf                    1006b99c f   corelib1:COREDLL.dll
 0001:0006a9ac       _getstdfilex               1006b9ac f   corelib1:COREDLL.dll
 0001:0006a9bc       sprintf                    1006b9bc f   corelib1:COREDLL.dll
 0001:0006a9cc       ??3@YAXPAX@Z               1006b9cc f   corelib1:COREDLL.dll
 0001:0006a9dc       vprintf                    1006b9dc f   corelib1:COREDLL.dll
 0001:0006a9ec       __les                      1006b9ec f   corelib1:COREDLL.dll
 0001:0006a9fc       ??2@YAPAXI@Z               1006b9fc f   corelib1:COREDLL.dll
 0001:0006aa0c       __addd                     1006ba0c f   corelib1:COREDLL.dll
 0001:0006aa1c       floor                      1006ba1c f   corelib1:COREDLL.dll
 0001:0006aa2c       __itod                     1006ba2c f   corelib1:COREDLL.dll
 0001:0006aa3c       memcmp                     1006ba3c f   corelib1:COREDLL.dll
 0001:0006aa4c       strlen                     1006ba4c f   corelib1:COREDLL.dll
 0001:0006aa5c       memmove                    1006ba5c f   corelib1:COREDLL.dll
 0001:0006aa6c       ?_Xran@std@@YAXXZ          1006ba6c f   corelib1:COREDLL.dll
 0001:0006aa7c       strncpy                    1006ba7c f   corelib1:COREDLL.dll
 0001:0006aa8c       __CxxFrameHandler3         1006ba8c f   corelib1:COREDLL.dll
 0001:0006aa9c       ?_Xlen@std@@YAXXZ          1006ba9c f   corelib1:COREDLL.dll
 0001:0006aaac       __dtou                     1006baac f   corelib1:COREDLL.dll
 0001:0006aabc       strcmp                     1006babc f   corelib1:COREDLL.dll
 0001:0006aacc       strncmp                    1006bacc f   corelib1:COREDLL.dll
 0001:0006aadc       _XcptFilter                1006badc f   corelib1:COREDLL.dll
 0001:0006aaec       __C_specific_handler       1006baec f   corelib1:COREDLL.dll
 0001:0006aafc       __security_gen_cookie2     1006bafc f   corelib1:COREDLL.dll
 0001:0006ab0c       __report_gsfailure         1006bb0c f   corelib1:COREDLL.dll
 0001:0006ab1c       TerminateProcess           1006bb1c f   coredll:COREDLL.dll
 0001:0006ab4c       __IMPORT_DESCRIPTOR_COREDLL 1006bb4c     coredll:COREDLL.dll
 0001:0006ab60       __IMPORT_DESCRIPTOR_libEGL 1006bb60     libEGL:libEGL.dll
 0001:0006ab74       __NULL_IMPORT_DESCRIPTOR   1006bb74     coredll:COREDLL.dll
 0002:00000000       __imp_NKDbgPrintfW         1006d000     coredll:COREDLL.dll
 0002:00000004       __imp___GetUserKData       1006d004     coredll:COREDLL.dll
 0002:00000008       __imp_TlsCall              1006d008     coredll:COREDLL.dll
 0002:0000000c       __imp_CloseHandle          1006d00c     coredll:COREDLL.dll
 0002:00000010       __imp_DeleteCriticalSection 1006d010     coredll:COREDLL.dll
 0002:00000014       __imp_InitializeCriticalSection 1006d014     coredll:COREDLL.dll
 0002:00000018       __imp_TlsSetValue          1006d018     coredll:COREDLL.dll
 0002:0000001c       __imp_DeviceIoControl      1006d01c     coredll:COREDLL.dll
 0002:00000020       __imp_CreateFileW          1006d020     coredll:COREDLL.dll
 0002:00000024       __imp_RegQueryValueExW     1006d024     coredll:COREDLL.dll
 0002:00000028       __imp_RegOpenKeyExW        1006d028     coredll:COREDLL.dll
 0002:0000002c       __imp_GetLastError         1006d02c     coredll:COREDLL.dll
 0002:00000030       __imp_CreateMutexW         1006d030     coredll:COREDLL.dll
 0002:00000034       __imp_WaitForSingleObject  1006d034     coredll:COREDLL.dll
 0002:00000038       __imp_ReleaseMutex         1006d038     coredll:COREDLL.dll
 0002:0000003c       __imp_EnterCriticalSection 1006d03c     coredll:COREDLL.dll
 0002:00000040       __imp_LeaveCriticalSection 1006d040     coredll:COREDLL.dll
 0002:00000044       __imp___report_gsfailure   1006d044     corelib1:COREDLL.dll
 0002:00000048       __imp___security_gen_cookie2 1006d048     corelib1:COREDLL.dll
 0002:0000004c       __imp___C_specific_handler 1006d04c     corelib1:COREDLL.dll
 0002:00000050       __imp__XcptFilter          1006d050     corelib1:COREDLL.dll
 0002:00000054       __imp_strncmp              1006d054     corelib1:COREDLL.dll
 0002:00000058       __imp_strcmp               1006d058     corelib1:COREDLL.dll
 0002:0000005c       __imp___dtou               1006d05c     corelib1:COREDLL.dll
 0002:00000060       __imp_?_Xlen@std@@YAXXZ    1006d060     corelib1:COREDLL.dll
 0002:00000064       __imp___CxxFrameHandler3   1006d064     corelib1:COREDLL.dll
 0002:00000068       __imp___itos               1006d068     corelib1:COREDLL.dll
 0002:0000006c       __imp___muls               1006d06c     corelib1:COREDLL.dll
 0002:00000070       __imp___stou               1006d070     corelib1:COREDLL.dll
 0002:00000074       __imp___nes                1006d074     corelib1:COREDLL.dll
 0002:00000078       __imp___lts                1006d078     corelib1:COREDLL.dll
 0002:0000007c       __imp___stod               1006d07c     corelib1:COREDLL.dll
 0002:00000080       __imp___dtos               1006d080     corelib1:COREDLL.dll
 0002:00000084       __imp___stoi               1006d084     corelib1:COREDLL.dll
 0002:00000088       __imp___subd               1006d088     corelib1:COREDLL.dll
 0002:0000008c       __imp___muld               1006d08c     corelib1:COREDLL.dll
 0002:00000090       __imp___dtoi               1006d090     corelib1:COREDLL.dll
 0002:00000094       __imp_pow                  1006d094     corelib1:COREDLL.dll
 0002:00000098       __imp___subs               1006d098     corelib1:COREDLL.dll
 0002:0000009c       __imp___adds               1006d09c     corelib1:COREDLL.dll
 0002:000000a0       __imp___eqs                1006d0a0     corelib1:COREDLL.dll
 0002:000000a4       __imp___divs               1006d0a4     corelib1:COREDLL.dll
 0002:000000a8       __imp___ges                1006d0a8     corelib1:COREDLL.dll
 0002:000000ac       __imp___ltd                1006d0ac     corelib1:COREDLL.dll
 0002:000000b0       __imp___negs               1006d0b0     corelib1:COREDLL.dll
 0002:000000b4       __imp_malloc               1006d0b4     corelib1:COREDLL.dll
 0002:000000b8       __imp_free                 1006d0b8     corelib1:COREDLL.dll
 0002:000000bc       __imp_memcpy               1006d0bc     corelib1:COREDLL.dll
 0002:000000c0       __imp___divd               1006d0c0     corelib1:COREDLL.dll
 0002:000000c4       __imp_cos                  1006d0c4     corelib1:COREDLL.dll
 0002:000000c8       __imp_sin                  1006d0c8     corelib1:COREDLL.dll
 0002:000000cc       __imp_sqrt                 1006d0cc     corelib1:COREDLL.dll
 0002:000000d0       __imp___gts                1006d0d0     corelib1:COREDLL.dll
 0002:000000d4       __imp___utos               1006d0d4     corelib1:COREDLL.dll
 0002:000000d8       __imp___rt_sdiv            1006d0d8     corelib1:COREDLL.dll
 0002:000000dc       __imp___rt_udiv            1006d0dc     corelib1:COREDLL.dll
 0002:000000e0       __imp_memset               1006d0e0     corelib1:COREDLL.dll
 0002:000000e4       __imp_printf               1006d0e4     corelib1:COREDLL.dll
 0002:000000e8       __imp_fflush               1006d0e8     corelib1:COREDLL.dll
 0002:000000ec       __imp_fprintf              1006d0ec     corelib1:COREDLL.dll
 0002:000000f0       __imp__getstdfilex         1006d0f0     corelib1:COREDLL.dll
 0002:000000f4       __imp_sprintf              1006d0f4     corelib1:COREDLL.dll
 0002:000000f8       __imp_??3@YAXPAX@Z         1006d0f8     corelib1:COREDLL.dll
 0002:000000fc       __imp_vprintf              1006d0fc     corelib1:COREDLL.dll
 0002:00000100       __imp___les                1006d100     corelib1:COREDLL.dll
 0002:00000104       __imp_??2@YAPAXI@Z         1006d104     corelib1:COREDLL.dll
 0002:00000108       __imp___addd               1006d108     corelib1:COREDLL.dll
 0002:0000010c       __imp_floor                1006d10c     corelib1:COREDLL.dll
 0002:00000110       __imp___itod               1006d110     corelib1:COREDLL.dll
 0002:00000114       __imp_memcmp               1006d114     corelib1:COREDLL.dll
 0002:00000118       __imp_strlen               1006d118     corelib1:COREDLL.dll
 0002:0000011c       __imp_memmove              1006d11c     corelib1:COREDLL.dll
 0002:00000120       __imp_?_Xran@std@@YAXXZ    1006d120     corelib1:COREDLL.dll
 0002:00000124       __imp_strncpy              1006d124     corelib1:COREDLL.dll
 0002:00000128       __imp_TerminateProcess     1006d128     coredll:COREDLL.dll
 0002:0000012c       \177COREDLL_NULL_THUNK_DATA 1006d12c     coredll:COREDLL.dll
 0002:00000130       __imp_pfnGLES2SetSurfaceData 1006d130     libEGL:libEGL.dll
 0002:00000134       __imp_pfnGLES2CreateContext 1006d134     libEGL:libEGL.dll
 0002:00000138       __imp_pfnGLES2SetContext   1006d138     libEGL:libEGL.dll
 0002:0000013c       __imp_pfnGLES2DestroyContext 1006d13c     libEGL:libEGL.dll
 0002:00000140       __imp_pfnGLES2BindTexImage 1006d140     libEGL:libEGL.dll
 0002:00000144       __imp_pfnGLES2ReleaseTexImage 1006d144     libEGL:libEGL.dll
 0002:00000148       __imp_pfnGLESChunkNew      1006d148     libEGL:libEGL.dll
 0002:0000014c       __imp_pfnGLESChunkFree     1006d14c     libEGL:libEGL.dll
 0002:00000150       __imp_pfnGLESDepthNew      1006d150     libEGL:libEGL.dll
 0002:00000154       __imp_pfnGLESDepthFree     1006d154     libEGL:libEGL.dll
 0002:00000158       __imp_pfnglFlush           1006d158     libEGL:libEGL.dll
 0002:0000015c       __imp_pfnglFinish          1006d15c     libEGL:libEGL.dll
 0002:00000160       \177libEGL_NULL_THUNK_DATA 1006d160     libEGL:libEGL.dll
 0002:00000168       texPalFormats              1006d168     glgets.obj
 0002:000001b0       shaderInfoUnifInfo         1006d1b0     loadshader.obj
 0002:000001c0       iMap                       1006d1c0     render.obj
 0002:000002d0       ?validRBformats@@3PAUPixelFormatInfo@@A 1006d2d0     FIMGlib:glFramebufferObject.obj
 0002:00000308       __security_cookie          1006d308     corelib0:seccinit.obj
 0002:0000030c       __security_cookie_complement 1006d30c     corelib0:seccinit.obj
 0002:000041d8       g_ProcessTlsCtx11          100711d8     eglInterface.obj
 0002:000041dc       ?gTLSIndex@@3HA            100711dc     FIMGlib:glCore.obj
 0002:000041e0       g_hFIMG                    100711e0     FIMGlib:glCore.obj
 0002:000041e4       gFimgBase                  100711e4     FIMGlib:glCore.obj
 0002:000041f4       ?_Nil@?$_Tree@IU?$pair@$$CBIPAURenderbufferObject@@@std@@U_Kfn@?$map@IPAURenderbufferObject@@U?$less@I@std@@V?$allocator@PAURenderbufferObject@@@3@@2@U?$less@I@2@V?$allocator@PAURenderbufferObject@@@2@@std@@1PAU_Node@12@A 100711f4     FIMGlib:glCore.obj
 0002:000041f8       ?_Nil@?$_Tree@IU?$pair@$$CBIPAUFramebufferObject@@@std@@U_Kfn@?$map@IPAUFramebufferObject@@U?$less@I@std@@V?$allocator@PAUFramebufferObject@@@3@@2@U?$less@I@2@V?$allocator@PAUFramebufferObject@@@2@@std@@1PAU_Node@12@A 100711f8     FIMGlib:glCore.obj
 0002:000041fc       ?_Nil@?$_Tree@IIU_Kfn@?$set@IU?$less@I@std@@V?$allocator@I@2@@std@@U?$less@I@3@V?$allocator@I@3@@std@@1PAU_Node@12@A 100711fc     FIMGlib:glCore.obj
 0002:00004200       ?_Nilrefs@?$_Tree@IU?$pair@$$CBIPAURenderbufferObject@@@std@@U_Kfn@?$map@IPAURenderbufferObject@@U?$less@I@std@@V?$allocator@PAURenderbufferObject@@@3@@2@U?$less@I@2@V?$allocator@PAURenderbufferObject@@@2@@std@@1IA 10071200     FIMGlib:glCore.obj
 0002:00004204       ?_Nilrefs@?$_Tree@IIU_Kfn@?$set@IU?$less@I@std@@V?$allocator@I@2@@std@@U?$less@I@3@V?$allocator@I@3@@std@@1IA 10071204     FIMGlib:glCore.obj
 0002:00004208       ?_Nilrefs@?$_Tree@IU?$pair@$$CBIPAUFramebufferObject@@@std@@U_Kfn@?$map@IPAUFramebufferObject@@U?$less@I@std@@V?$allocator@PAUFramebufferObject@@@3@@2@U?$less@I@2@V?$allocator@PAUFramebufferObject@@@2@@std@@1IA 10071208     FIMGlib:glCore.obj
 0002:0000420c       ?_Nil@?$_Tree@V?$basic_string@DU?$char_traits@D@std@@V?$allocator@D@2@@std@@U?$pair@$$CBV?$basic_string@DU?$char_traits@D@std@@V?$allocator@D@2@@std@@UNameInfo@@@2@U_Kfn@?$map@V?$basic_string@DU?$char_traits@D@std@@V?$allocator@D@2@@std@@UNameInfo@@U?$less@V?$basic_string@DU?$char_traits@D@std@@V?$allocator@D@2@@std@@@2@V?$allocator@UNameInfo@@@2@@2@U?$less@V?$basic_string@DU?$char_traits@D@std@@V?$allocator@D@2@@std@@@2@V?$allocator@UNameInfo@@@2@@std@@1PAU_Node@12@A 1007120c     FIMGlib:glShaderApi.obj
 0002:00004210       ?customMemAlloc@@3P6AHHPAPAX0@ZA 10071210     FIMGlib:memext.obj
 0002:00004214       ?customMemFree@@3P6AHPAX0@ZA 10071214     FIMGlib:memext.obj
 0002:00004218       ?pCA@@3PAVChunkAlloc@@A    10071218     FIMGlib:ChunkAlloc.obj
 0002:0000421c       ?g_iDynSize@@3IA           1007121c     FIMGlib:ChunkAlloc.obj
 0002:00004220       ?gles20_context_mutex@@3UCRITICAL_SECTION@@A 10071220     FIMGlib:platform.obj
 0002:00004234       ?gles20_fimg_mutex@@3UCRITICAL_SECTION@@A 10071234     FIMGlib:platform.obj
 0002:00004248       ?gles20_chunkalloc_mutex@@3UCRITICAL_SECTION@@A 10071248     FIMGlib:platform.obj
 0002:00004260       ?_Nil@?$_Tree@V?$basic_string@DU?$char_traits@D@std@@V?$allocator@D@2@@std@@U?$pair@$$CBV?$basic_string@DU?$char_traits@D@std@@V?$allocator@D@2@@std@@H@2@U_Kfn@?$map@V?$basic_string@DU?$char_traits@D@std@@V?$allocator@D@2@@std@@HU?$less@V?$basic_string@DU?$char_traits@D@std@@V?$allocator@D@2@@std@@@2@V?$allocator@H@2@@2@U?$less@V?$basic_string@DU?$char_traits@D@std@@V?$allocator@D@2@@std@@@2@V?$allocator@H@2@@std@@1PAU_Node@12@A 10071260     FIMGlib:glShader.obj
 0002:00004264       ?_Nilrefs@?$_Tree@V?$basic_string@DU?$char_traits@D@std@@V?$allocator@D@2@@std@@U?$pair@$$CBV?$basic_string@DU?$char_traits@D@std@@V?$allocator@D@2@@std@@UNameInfo@@@2@U_Kfn@?$map@V?$basic_string@DU?$char_traits@D@std@@V?$allocator@D@2@@std@@UNameInfo@@U?$less@V?$basic_string@DU?$char_traits@D@std@@V?$allocator@D@2@@std@@@2@V?$allocator@UNameInfo@@@2@@2@U?$less@V?$basic_string@DU?$char_traits@D@std@@V?$allocator@D@2@@std@@@2@V?$allocator@UNameInfo@@@2@@std@@1IA 10071264     FIMGlib:glShader.obj
 0002:00004268       ?_Nilrefs@?$_Tree@V?$basic_string@DU?$char_traits@D@std@@V?$allocator@D@2@@std@@U?$pair@$$CBV?$basic_string@DU?$char_traits@D@std@@V?$allocator@D@2@@std@@H@2@U_Kfn@?$map@V?$basic_string@DU?$char_traits@D@std@@V?$allocator@D@2@@std@@HU?$less@V?$basic_string@DU?$char_traits@D@std@@V?$allocator@D@2@@std@@@2@V?$allocator@H@2@@2@U?$less@V?$basic_string@DU?$char_traits@D@std@@V?$allocator@D@2@@std@@@2@V?$allocator@H@2@@std@@1IA 10071268     FIMGlib:glShader.obj
 0002:0000426c       _exitflag                  1007126c     corelib0:cexit.obj
 0002:00004270       __onexitend                10071270     <common>
 0002:00004274       __onexitbegin              10071274     <common>
 0002:00004278       _pRawDllMain               10071278     <common>

 entry point at        0001:0006a4fc

 Static symbols

 0001:00016d84       ?GetUniformsLocation@@YAXHI@Z 10017d84 f   loadshader.obj
 0001:00017d1c       ?checkGLerror@@YAXPBD@Z    10018d1c f   loadshader.obj
 0001:0001e068       ?set_default_values@@YAXPAUOGLState@@@Z 1001f068 f   FIMGlib:glCore.obj
 0001:00027c60       ?deleteTexImage@@YAXPAVTextureObject@@@Z 10028c60 f   FIMGlib:glTex.obj
 0001:00028fbc       ?checkTextureFormat@@YAIPAUOGLState@@II@Z 10029fbc f   FIMGlib:glTex.obj
 0001:00029504       ?CheckFormatConversion@@YAEIIPAI@Z 1002a504 f   FIMGlib:glTex.obj
 0001:0002963c       ?s3tcCompressedTex@@YA_NAAIIHHH@Z 1002a63c f   FIMGlib:glTex.obj
 0001:0002fa38       __catch$55156              10030a38 f i FIMGlib:glShaderApi.obj
 0001:00033380       ?StencilAction@@YA?AW4FGL_StencilActTag@@I@Z 10034380 f   FIMGlib:glFimg.obj
 0001:00033440       ?BlendFunc@@YA?AW4FGL_BlendFuncTag@@I@Z 10034440 f   FIMGlib:glFimg.obj
 0001:00033594       ?LogicOp@@YA?AW4FGL_LogicalOpTag@@I@Z 10034594 f   FIMGlib:glFimg.obj
 0001:000336f8       ?AttribType@@YA?AW4FGL_AttribDataTypeTag@@IE@Z 100346f8 f   FIMGlib:glFimg.obj
 0001:00060ebc       ?extractBaseNameAndOffset@@YAPBDPADHPAH1PBD@Z 10061ebc f   FIMGlib:glShader.obj
 0001:0006a400       _DllMainCRTStartupHelper   1006b400 f   corelib0:pegdmain.obj
 0001:0006a640       doexit                     1006b640 f   corelib0:cexit.obj
